2025-10-21 07:57:12,171 - INFO - 
==================== 实验配置 ====================
2025-10-21 07:57:12,172 - INFO - 种子: 2023
2025-10-21 07:57:12,172 - INFO - 融合方法: pmdf
2025-10-21 07:57:12,172 - INFO - 模态组合: ['ask', 'face']
2025-10-21 07:57:12,172 - INFO - 批次大小: 32
2025-10-21 07:57:12,173 - INFO - 训练轮数: 1000
2025-10-21 07:57:12,173 - INFO - 学习率: 0.001
2025-10-21 07:57:12,173 - INFO - 早停轮数: 100
2025-10-21 07:57:12,173 - INFO - K折交叉验证: 5
2025-10-21 07:57:12,173 - INFO - 损失函数: MultiClassFocalLossWithAlpha
2025-10-21 07:57:12,173 - INFO - 优化器: Adam (
Parameter Group 0
    amsgrad: False
    betas: (0.5, 0.999)
    capturable: False
    decoupled_weight_decay: False
    differentiable: False
    eps: 1e-08
    foreach: None
    fused: None
    lr: 0.001
    maximize: False
    weight_decay: 0
)
2025-10-21 07:57:12,173 - INFO - 设备: cpu
2025-10-21 07:57:12,174 - INFO - =================================================

2025-10-21 07:57:12,174 - INFO - 
----- 第 1/5 折 -----
2025-10-21 07:57:12,249 - INFO - 训练设备: cpu | 融合方法: pmdf | 模态组合: ['ask', 'face']
2025-10-21 07:57:14,418 - INFO - Epoch 1: train_loss=0.1075, train_acc=0.3492, dev_loss=0.0666, dev_acc=0.3180, time=2.2s
2025-10-21 07:57:16,623 - INFO - Epoch 2: train_loss=0.0665, train_acc=0.3954, dev_loss=0.0655, dev_acc=0.3180, time=2.2s
2025-10-21 07:57:18,770 - INFO - Epoch 3: train_loss=0.0637, train_acc=0.4108, dev_loss=0.0663, dev_acc=0.3180, time=2.1s
2025-10-21 07:57:21,025 - INFO - Epoch 4: train_loss=0.0698, train_acc=0.3831, dev_loss=3.2021, dev_acc=0.4147, time=2.3s
2025-10-21 07:57:23,287 - INFO - Epoch 5: train_loss=0.0691, train_acc=0.4015, dev_loss=0.2005, dev_acc=0.4147, time=2.2s
2025-10-21 07:57:25,640 - INFO - Epoch 6: train_loss=0.0638, train_acc=0.4246, dev_loss=0.1763, dev_acc=0.4147, time=2.4s
2025-10-21 07:57:27,852 - INFO - Epoch 7: train_loss=0.0634, train_acc=0.3985, dev_loss=0.6887, dev_acc=0.4147, time=2.2s
2025-10-21 07:57:29,984 - INFO - Epoch 8: train_loss=0.0639, train_acc=0.3892, dev_loss=0.1867, dev_acc=0.4101, time=2.1s
2025-10-21 07:57:32,184 - INFO - Epoch 9: train_loss=0.0629, train_acc=0.4077, dev_loss=0.3122, dev_acc=0.4147, time=2.2s
2025-10-21 07:57:34,400 - INFO - Epoch 10: train_loss=0.0630, train_acc=0.4000, dev_loss=0.2134, dev_acc=0.4147, time=2.2s
2025-10-21 07:57:36,730 - INFO - Epoch 11: train_loss=0.0624, train_acc=0.4092, dev_loss=0.1093, dev_acc=0.2857, time=2.3s
2025-10-21 07:57:38,964 - INFO - Epoch 12: train_loss=0.0630, train_acc=0.4108, dev_loss=0.6844, dev_acc=0.2673, time=2.2s
2025-10-21 07:57:41,197 - INFO - Epoch 13: train_loss=0.0624, train_acc=0.4262, dev_loss=0.3827, dev_acc=0.4147, time=2.2s
2025-10-21 07:57:43,303 - INFO - Epoch 14: train_loss=0.0626, train_acc=0.4000, dev_loss=0.3959, dev_acc=0.4147, time=2.1s
2025-10-21 07:57:45,633 - INFO - Epoch 15: train_loss=0.0620, train_acc=0.4138, dev_loss=0.1707, dev_acc=0.4147, time=2.3s
2025-10-21 07:57:47,959 - INFO - Epoch 16: train_loss=0.0613, train_acc=0.4292, dev_loss=0.0720, dev_acc=0.2995, time=2.3s
2025-10-21 07:57:50,383 - INFO - Epoch 17: train_loss=0.0624, train_acc=0.4077, dev_loss=1.6390, dev_acc=0.2673, time=2.4s
2025-10-21 07:57:52,627 - INFO - Epoch 18: train_loss=0.0625, train_acc=0.4338, dev_loss=0.1084, dev_acc=0.4147, time=2.2s
2025-10-21 07:57:54,800 - INFO - Epoch 19: train_loss=0.0620, train_acc=0.4015, dev_loss=0.3690, dev_acc=0.4147, time=2.2s
2025-10-21 07:57:57,045 - INFO - Epoch 20: train_loss=0.0614, train_acc=0.4323, dev_loss=0.4538, dev_acc=0.4147, time=2.2s
2025-10-21 07:57:59,435 - INFO - Epoch 21: train_loss=0.0618, train_acc=0.4046, dev_loss=0.6204, dev_acc=0.4147, time=2.4s
2025-10-21 07:58:02,585 - INFO - Epoch 22: train_loss=0.0626, train_acc=0.4046, dev_loss=0.1404, dev_acc=0.4147, time=3.1s
2025-10-21 07:58:05,298 - INFO - Epoch 23: train_loss=0.0619, train_acc=0.4277, dev_loss=0.0877, dev_acc=0.3272, time=2.7s
2025-10-21 07:58:07,928 - INFO - Epoch 24: train_loss=0.0617, train_acc=0.4215, dev_loss=0.0768, dev_acc=0.4147, time=2.6s
2025-10-21 07:58:10,991 - INFO - Epoch 25: train_loss=0.0615, train_acc=0.4200, dev_loss=0.0798, dev_acc=0.4147, time=3.1s
2025-10-21 07:58:14,032 - INFO - Epoch 26: train_loss=0.0615, train_acc=0.4092, dev_loss=0.0915, dev_acc=0.3456, time=3.0s
2025-10-21 07:58:16,748 - INFO - Epoch 27: train_loss=0.0618, train_acc=0.4215, dev_loss=0.0789, dev_acc=0.4147, time=2.7s
2025-10-21 07:58:19,320 - INFO - Epoch 28: train_loss=0.0620, train_acc=0.4215, dev_loss=0.0718, dev_acc=0.4147, time=2.6s
2025-10-21 07:58:22,433 - INFO - Epoch 29: train_loss=0.0612, train_acc=0.4246, dev_loss=0.0635, dev_acc=0.4101, time=3.1s
2025-10-21 07:58:25,395 - INFO - Epoch 30: train_loss=0.0613, train_acc=0.4231, dev_loss=0.0647, dev_acc=0.4009, time=3.0s
2025-10-21 07:58:28,167 - INFO - Epoch 31: train_loss=0.0623, train_acc=0.4108, dev_loss=0.0681, dev_acc=0.4055, time=2.8s
2025-10-21 07:58:30,701 - INFO - Epoch 32: train_loss=0.0619, train_acc=0.4323, dev_loss=0.0651, dev_acc=0.3917, time=2.5s
2025-10-21 07:58:33,946 - INFO - Epoch 33: train_loss=0.0614, train_acc=0.4292, dev_loss=0.0732, dev_acc=0.2857, time=3.2s
2025-10-21 07:58:36,494 - INFO - Epoch 34: train_loss=0.0617, train_acc=0.4231, dev_loss=0.0800, dev_acc=0.2903, time=2.5s
2025-10-21 07:58:39,030 - INFO - Epoch 35: train_loss=0.0611, train_acc=0.4431, dev_loss=0.0683, dev_acc=0.4101, time=2.5s
2025-10-21 07:58:41,463 - INFO - Epoch 36: train_loss=0.0614, train_acc=0.4292, dev_loss=0.0646, dev_acc=0.3963, time=2.4s
2025-10-21 07:58:44,338 - INFO - Epoch 37: train_loss=0.0612, train_acc=0.4246, dev_loss=0.0662, dev_acc=0.4055, time=2.9s
2025-10-21 07:58:47,030 - INFO - Epoch 38: train_loss=0.0613, train_acc=0.4154, dev_loss=0.0824, dev_acc=0.2811, time=2.7s
2025-10-21 07:58:49,600 - INFO - Epoch 39: train_loss=0.0614, train_acc=0.4200, dev_loss=0.0840, dev_acc=0.4147, time=2.6s
2025-10-21 07:58:52,124 - INFO - Epoch 40: train_loss=0.0610, train_acc=0.4154, dev_loss=0.0826, dev_acc=0.4147, time=2.5s
2025-10-21 07:58:54,617 - INFO - Epoch 41: train_loss=0.0616, train_acc=0.4231, dev_loss=0.0813, dev_acc=0.4009, time=2.5s
2025-10-21 07:58:57,462 - INFO - Epoch 42: train_loss=0.0608, train_acc=0.4185, dev_loss=0.0691, dev_acc=0.4009, time=2.8s
2025-10-21 07:59:00,010 - INFO - Epoch 43: train_loss=0.0614, train_acc=0.4323, dev_loss=0.3203, dev_acc=0.4147, time=2.5s
2025-10-21 07:59:03,037 - INFO - Epoch 44: train_loss=0.0610, train_acc=0.4308, dev_loss=0.0621, dev_acc=0.4194, time=3.0s
2025-10-21 07:59:07,165 - INFO - Epoch 45: train_loss=0.0605, train_acc=0.4400, dev_loss=0.0752, dev_acc=0.3594, time=4.1s
2025-10-21 07:59:10,411 - INFO - Epoch 46: train_loss=0.0612, train_acc=0.4400, dev_loss=0.0761, dev_acc=0.4147, time=3.2s
2025-10-21 07:59:13,482 - INFO - Epoch 47: train_loss=0.0617, train_acc=0.4231, dev_loss=0.1051, dev_acc=0.4147, time=3.1s
2025-10-21 07:59:16,229 - INFO - Epoch 48: train_loss=0.0612, train_acc=0.4262, dev_loss=0.4112, dev_acc=0.4147, time=2.7s
2025-10-21 07:59:18,787 - INFO - Epoch 49: train_loss=0.0605, train_acc=0.4415, dev_loss=0.1887, dev_acc=0.4147, time=2.6s
2025-10-21 07:59:21,926 - INFO - Epoch 50: train_loss=0.0603, train_acc=0.4415, dev_loss=0.0927, dev_acc=0.2857, time=3.1s
2025-10-21 07:59:24,737 - INFO - Epoch 51: train_loss=0.0603, train_acc=0.4262, dev_loss=0.1331, dev_acc=0.4055, time=2.8s
2025-10-21 07:59:27,418 - INFO - Epoch 52: train_loss=0.0616, train_acc=0.4215, dev_loss=0.1063, dev_acc=0.4147, time=2.7s
2025-10-21 07:59:29,890 - INFO - Epoch 53: train_loss=0.0611, train_acc=0.4338, dev_loss=0.0665, dev_acc=0.4147, time=2.5s
2025-10-21 07:59:32,955 - INFO - Epoch 54: train_loss=0.0610, train_acc=0.4338, dev_loss=0.1904, dev_acc=0.4147, time=3.1s
2025-10-21 07:59:35,755 - INFO - Epoch 55: train_loss=0.0611, train_acc=0.4462, dev_loss=0.1416, dev_acc=0.2719, time=2.8s
2025-10-21 07:59:38,499 - INFO - Epoch 56: train_loss=0.0615, train_acc=0.4415, dev_loss=0.1697, dev_acc=0.4147, time=2.7s
2025-10-21 07:59:40,962 - INFO - Epoch 57: train_loss=0.0599, train_acc=0.4323, dev_loss=0.1253, dev_acc=0.2719, time=2.5s
2025-10-21 07:59:44,013 - INFO - Epoch 58: train_loss=0.0608, train_acc=0.4231, dev_loss=0.0836, dev_acc=0.4147, time=3.1s
2025-10-21 07:59:46,806 - INFO - Epoch 59: train_loss=0.0604, train_acc=0.4400, dev_loss=0.0708, dev_acc=0.4147, time=2.8s
2025-10-21 07:59:49,505 - INFO - Epoch 60: train_loss=0.0602, train_acc=0.4554, dev_loss=0.1202, dev_acc=0.4147, time=2.7s
2025-10-21 07:59:52,028 - INFO - Epoch 61: train_loss=0.0602, train_acc=0.4323, dev_loss=0.0749, dev_acc=0.3594, time=2.5s
2025-10-21 07:59:55,032 - INFO - Epoch 62: train_loss=0.0610, train_acc=0.4446, dev_loss=0.2177, dev_acc=0.4147, time=3.0s
2025-10-21 07:59:57,889 - INFO - Epoch 63: train_loss=0.0604, train_acc=0.4262, dev_loss=0.1130, dev_acc=0.4147, time=2.9s
2025-10-21 08:00:00,527 - INFO - Epoch 64: train_loss=0.0594, train_acc=0.4600, dev_loss=0.0789, dev_acc=0.2903, time=2.6s
2025-10-21 08:00:03,014 - INFO - Epoch 65: train_loss=0.0603, train_acc=0.4262, dev_loss=0.0651, dev_acc=0.3963, time=2.5s
2025-10-21 08:00:05,802 - INFO - Epoch 66: train_loss=0.0603, train_acc=0.4354, dev_loss=0.1033, dev_acc=0.2719, time=2.8s
2025-10-21 08:00:08,376 - INFO - Epoch 67: train_loss=0.0604, train_acc=0.4246, dev_loss=0.1051, dev_acc=0.4147, time=2.6s
2025-10-21 08:00:10,949 - INFO - Epoch 68: train_loss=0.0600, train_acc=0.4262, dev_loss=0.0825, dev_acc=0.2995, time=2.6s
2025-10-21 08:00:13,362 - INFO - Epoch 69: train_loss=0.0609, train_acc=0.4508, dev_loss=0.0680, dev_acc=0.4147, time=2.4s
2025-10-21 08:00:15,983 - INFO - Epoch 70: train_loss=0.0597, train_acc=0.4369, dev_loss=0.0742, dev_acc=0.4147, time=2.6s
2025-10-21 08:00:18,793 - INFO - Epoch 71: train_loss=0.0602, train_acc=0.4431, dev_loss=0.0666, dev_acc=0.4055, time=2.8s
2025-10-21 08:00:21,343 - INFO - Epoch 72: train_loss=0.0611, train_acc=0.4415, dev_loss=0.0686, dev_acc=0.3779, time=2.5s
2025-10-21 08:00:23,869 - INFO - Epoch 73: train_loss=0.0617, train_acc=0.4323, dev_loss=0.0650, dev_acc=0.4055, time=2.5s
2025-10-21 08:00:26,440 - INFO - Epoch 74: train_loss=0.0599, train_acc=0.4508, dev_loss=0.0725, dev_acc=0.2903, time=2.6s
2025-10-21 08:00:29,334 - INFO - Epoch 75: train_loss=0.0607, train_acc=0.4262, dev_loss=0.0673, dev_acc=0.3917, time=2.9s
2025-10-21 08:00:32,169 - INFO - Epoch 76: train_loss=0.0600, train_acc=0.4431, dev_loss=0.0642, dev_acc=0.3779, time=2.8s
2025-10-21 08:00:34,930 - INFO - Epoch 77: train_loss=0.0600, train_acc=0.4462, dev_loss=0.0637, dev_acc=0.4240, time=2.8s
2025-10-21 08:00:37,366 - INFO - Epoch 78: train_loss=0.0596, train_acc=0.4538, dev_loss=0.0640, dev_acc=0.4055, time=2.4s
2025-10-21 08:00:40,142 - INFO - Epoch 79: train_loss=0.0602, train_acc=0.4477, dev_loss=0.0632, dev_acc=0.3917, time=2.8s
2025-10-21 08:00:42,786 - INFO - Epoch 80: train_loss=0.0608, train_acc=0.4477, dev_loss=0.0660, dev_acc=0.4147, time=2.6s
2025-10-21 08:00:45,387 - INFO - Epoch 81: train_loss=0.0609, train_acc=0.4308, dev_loss=0.0626, dev_acc=0.4009, time=2.6s
2025-10-21 08:00:47,881 - INFO - Epoch 82: train_loss=0.0603, train_acc=0.4415, dev_loss=0.0664, dev_acc=0.4147, time=2.5s
2025-10-21 08:00:50,515 - INFO - Epoch 83: train_loss=0.0602, train_acc=0.4369, dev_loss=0.0633, dev_acc=0.4055, time=2.6s
2025-10-21 08:00:53,196 - INFO - Epoch 84: train_loss=0.0598, train_acc=0.4338, dev_loss=0.0629, dev_acc=0.3917, time=2.7s
2025-10-21 08:00:55,720 - INFO - Epoch 85: train_loss=0.0599, train_acc=0.4385, dev_loss=0.0618, dev_acc=0.4055, time=2.5s
2025-10-21 08:00:58,274 - INFO - Epoch 86: train_loss=0.0605, train_acc=0.4431, dev_loss=0.0628, dev_acc=0.4147, time=2.6s
2025-10-21 08:01:00,714 - INFO - Epoch 87: train_loss=0.0605, train_acc=0.4262, dev_loss=0.0640, dev_acc=0.3687, time=2.4s
2025-10-21 08:01:03,439 - INFO - Epoch 88: train_loss=0.0603, train_acc=0.4477, dev_loss=0.0630, dev_acc=0.4101, time=2.7s
2025-10-21 08:01:06,310 - INFO - Epoch 89: train_loss=0.0600, train_acc=0.4431, dev_loss=0.0637, dev_acc=0.3963, time=2.9s
2025-10-21 08:01:09,135 - INFO - Epoch 90: train_loss=0.0607, train_acc=0.4431, dev_loss=0.0632, dev_acc=0.4009, time=2.8s
2025-10-21 08:01:11,603 - INFO - Epoch 91: train_loss=0.0599, train_acc=0.4385, dev_loss=0.0628, dev_acc=0.4055, time=2.5s
2025-10-21 08:01:14,299 - INFO - Epoch 92: train_loss=0.0602, train_acc=0.4538, dev_loss=0.0630, dev_acc=0.4147, time=2.7s
2025-10-21 08:01:17,048 - INFO - Epoch 93: train_loss=0.0601, train_acc=0.4508, dev_loss=0.0629, dev_acc=0.4147, time=2.7s
2025-10-21 08:01:19,573 - INFO - Epoch 94: train_loss=0.0597, train_acc=0.4492, dev_loss=0.0629, dev_acc=0.3871, time=2.5s
2025-10-21 08:01:22,163 - INFO - Epoch 95: train_loss=0.0605, train_acc=0.4308, dev_loss=0.0629, dev_acc=0.4009, time=2.6s
2025-10-21 08:01:24,675 - INFO - Epoch 96: train_loss=0.0610, train_acc=0.4538, dev_loss=0.0632, dev_acc=0.4009, time=2.5s
2025-10-21 08:01:27,395 - INFO - Epoch 97: train_loss=0.0597, train_acc=0.4169, dev_loss=0.0627, dev_acc=0.4009, time=2.7s
2025-10-21 08:01:30,087 - INFO - Epoch 98: train_loss=0.0598, train_acc=0.4308, dev_loss=0.0628, dev_acc=0.3963, time=2.7s
2025-10-21 08:01:32,602 - INFO - Epoch 99: train_loss=0.0606, train_acc=0.4385, dev_loss=0.0627, dev_acc=0.4194, time=2.5s
2025-10-21 08:01:35,138 - INFO - Epoch 100: train_loss=0.0600, train_acc=0.4431, dev_loss=0.0629, dev_acc=0.4101, time=2.5s
2025-10-21 08:01:37,908 - INFO - Epoch 101: train_loss=0.0599, train_acc=0.4554, dev_loss=0.0632, dev_acc=0.3871, time=2.8s
2025-10-21 08:01:40,566 - INFO - Epoch 102: train_loss=0.0608, train_acc=0.4431, dev_loss=0.0630, dev_acc=0.3963, time=2.7s
2025-10-21 08:01:43,065 - INFO - Epoch 103: train_loss=0.0597, train_acc=0.4369, dev_loss=0.0629, dev_acc=0.4055, time=2.5s
2025-10-21 08:01:45,808 - INFO - Epoch 104: train_loss=0.0601, train_acc=0.4215, dev_loss=0.0630, dev_acc=0.4055, time=2.7s
2025-10-21 08:01:48,649 - INFO - Epoch 105: train_loss=0.0599, train_acc=0.4415, dev_loss=0.0631, dev_acc=0.4055, time=2.8s
2025-10-21 08:01:51,643 - INFO - Epoch 106: train_loss=0.0600, train_acc=0.4431, dev_loss=0.0629, dev_acc=0.3963, time=3.0s
2025-10-21 08:01:54,401 - INFO - Epoch 107: train_loss=0.0615, train_acc=0.4492, dev_loss=0.0630, dev_acc=0.4055, time=2.8s
2025-10-21 08:01:57,151 - INFO - Epoch 108: train_loss=0.0595, train_acc=0.4400, dev_loss=0.0631, dev_acc=0.4101, time=2.7s
2025-10-21 08:01:59,882 - INFO - Epoch 109: train_loss=0.0605, train_acc=0.4446, dev_loss=0.0629, dev_acc=0.3871, time=2.7s
2025-10-21 08:02:02,407 - INFO - Epoch 110: train_loss=0.0601, train_acc=0.4369, dev_loss=0.0631, dev_acc=0.4009, time=2.5s
2025-10-21 08:02:04,925 - INFO - Epoch 111: train_loss=0.0603, train_acc=0.4400, dev_loss=0.0629, dev_acc=0.3963, time=2.5s
2025-10-21 08:02:07,894 - INFO - Epoch 112: train_loss=0.0608, train_acc=0.4385, dev_loss=0.0630, dev_acc=0.4009, time=3.0s
2025-10-21 08:02:10,565 - INFO - Epoch 113: train_loss=0.0593, train_acc=0.4723, dev_loss=0.0627, dev_acc=0.4101, time=2.7s
2025-10-21 08:02:13,074 - INFO - Epoch 114: train_loss=0.0597, train_acc=0.4446, dev_loss=0.0630, dev_acc=0.4194, time=2.5s
2025-10-21 08:02:15,594 - INFO - Epoch 115: train_loss=0.0605, train_acc=0.4169, dev_loss=0.0631, dev_acc=0.3917, time=2.5s
2025-10-21 08:02:18,092 - INFO - Epoch 116: train_loss=0.0606, train_acc=0.4415, dev_loss=0.0631, dev_acc=0.4009, time=2.5s
2025-10-21 08:02:20,902 - INFO - Epoch 117: train_loss=0.0597, train_acc=0.4508, dev_loss=0.0630, dev_acc=0.4101, time=2.8s
2025-10-21 08:02:23,499 - INFO - Epoch 118: train_loss=0.0603, train_acc=0.4477, dev_loss=0.0630, dev_acc=0.4009, time=2.6s
2025-10-21 08:02:26,092 - INFO - Epoch 119: train_loss=0.0595, train_acc=0.4554, dev_loss=0.0630, dev_acc=0.4055, time=2.6s
2025-10-21 08:02:28,539 - INFO - Epoch 120: train_loss=0.0604, train_acc=0.4462, dev_loss=0.0630, dev_acc=0.4009, time=2.4s
2025-10-21 08:02:31,237 - INFO - Epoch 121: train_loss=0.0605, train_acc=0.4308, dev_loss=0.0630, dev_acc=0.4055, time=2.7s
2025-10-21 08:02:33,950 - INFO - Epoch 122: train_loss=0.0610, train_acc=0.4262, dev_loss=0.0630, dev_acc=0.4147, time=2.7s
2025-10-21 08:02:36,563 - INFO - Epoch 123: train_loss=0.0604, train_acc=0.4477, dev_loss=0.0631, dev_acc=0.4009, time=2.6s
2025-10-21 08:02:39,150 - INFO - Epoch 124: train_loss=0.0606, train_acc=0.4400, dev_loss=0.0630, dev_acc=0.4055, time=2.6s
2025-10-21 08:02:41,650 - INFO - Epoch 125: train_loss=0.0606, train_acc=0.4369, dev_loss=0.0630, dev_acc=0.3963, time=2.5s
2025-10-21 08:02:44,381 - INFO - Epoch 126: train_loss=0.0606, train_acc=0.4308, dev_loss=0.0631, dev_acc=0.3963, time=2.7s
2025-10-21 08:02:47,026 - INFO - Epoch 127: train_loss=0.0600, train_acc=0.4477, dev_loss=0.0631, dev_acc=0.3871, time=2.6s
2025-10-21 08:02:49,630 - INFO - Epoch 128: train_loss=0.0606, train_acc=0.4200, dev_loss=0.0631, dev_acc=0.4055, time=2.6s
2025-10-21 08:02:52,199 - INFO - Epoch 129: train_loss=0.0604, train_acc=0.4385, dev_loss=0.0630, dev_acc=0.4009, time=2.6s
2025-10-21 08:02:54,892 - INFO - Epoch 130: train_loss=0.0602, train_acc=0.4338, dev_loss=0.0631, dev_acc=0.3963, time=2.7s
2025-10-21 08:02:57,631 - INFO - Epoch 131: train_loss=0.0602, train_acc=0.4415, dev_loss=0.0630, dev_acc=0.3963, time=2.7s
2025-10-21 08:03:00,213 - INFO - Epoch 132: train_loss=0.0600, train_acc=0.4462, dev_loss=0.0630, dev_acc=0.4009, time=2.6s
2025-10-21 08:03:02,904 - INFO - Epoch 133: train_loss=0.0607, train_acc=0.4323, dev_loss=0.0631, dev_acc=0.3917, time=2.7s
2025-10-21 08:03:05,592 - INFO - Epoch 134: train_loss=0.0610, train_acc=0.4262, dev_loss=0.0630, dev_acc=0.3963, time=2.7s
2025-10-21 08:03:08,419 - INFO - Epoch 135: train_loss=0.0599, train_acc=0.4231, dev_loss=0.0631, dev_acc=0.3917, time=2.8s
2025-10-21 08:03:11,090 - INFO - Epoch 136: train_loss=0.0594, train_acc=0.4415, dev_loss=0.0629, dev_acc=0.4055, time=2.7s
2025-10-21 08:03:13,624 - INFO - Epoch 137: train_loss=0.0607, train_acc=0.4323, dev_loss=0.0628, dev_acc=0.3963, time=2.5s
2025-10-21 08:03:16,163 - INFO - Epoch 138: train_loss=0.0610, train_acc=0.4338, dev_loss=0.0629, dev_acc=0.3917, time=2.5s
2025-10-21 08:03:18,864 - INFO - Epoch 139: train_loss=0.0604, train_acc=0.4323, dev_loss=0.0631, dev_acc=0.4009, time=2.7s
2025-10-21 08:03:21,636 - INFO - Epoch 140: train_loss=0.0606, train_acc=0.4492, dev_loss=0.0629, dev_acc=0.4055, time=2.8s
2025-10-21 08:03:24,190 - INFO - Epoch 141: train_loss=0.0601, train_acc=0.4354, dev_loss=0.0631, dev_acc=0.3963, time=2.6s
2025-10-21 08:03:26,827 - INFO - Epoch 142: train_loss=0.0602, train_acc=0.4523, dev_loss=0.0631, dev_acc=0.3963, time=2.6s
2025-10-21 08:03:29,326 - INFO - Epoch 143: train_loss=0.0598, train_acc=0.4477, dev_loss=0.0631, dev_acc=0.3963, time=2.5s
2025-10-21 08:03:32,253 - INFO - Epoch 144: train_loss=0.0604, train_acc=0.4538, dev_loss=0.0630, dev_acc=0.4147, time=2.9s
2025-10-21 08:03:34,891 - INFO - Epoch 145: train_loss=0.0606, train_acc=0.4338, dev_loss=0.0630, dev_acc=0.4055, time=2.6s
2025-10-21 08:03:37,428 - INFO - Epoch 146: train_loss=0.0604, train_acc=0.4308, dev_loss=0.0631, dev_acc=0.4009, time=2.5s
2025-10-21 08:03:39,896 - INFO - Epoch 147: train_loss=0.0603, train_acc=0.4354, dev_loss=0.0630, dev_acc=0.3917, time=2.5s
2025-10-21 08:03:42,529 - INFO - Epoch 148: train_loss=0.0602, train_acc=0.4400, dev_loss=0.0629, dev_acc=0.4101, time=2.6s
2025-10-21 08:03:45,278 - INFO - Epoch 149: train_loss=0.0607, train_acc=0.4523, dev_loss=0.0629, dev_acc=0.4055, time=2.7s
2025-10-21 08:03:47,766 - INFO - Epoch 150: train_loss=0.0601, train_acc=0.4462, dev_loss=0.0629, dev_acc=0.4055, time=2.5s
2025-10-21 08:03:50,371 - INFO - Epoch 151: train_loss=0.0600, train_acc=0.4554, dev_loss=0.0630, dev_acc=0.4101, time=2.6s
2025-10-21 08:03:52,928 - INFO - Epoch 152: train_loss=0.0604, train_acc=0.4369, dev_loss=0.0629, dev_acc=0.3963, time=2.6s
2025-10-21 08:03:55,854 - INFO - Epoch 153: train_loss=0.0604, train_acc=0.4492, dev_loss=0.0630, dev_acc=0.3963, time=2.9s
2025-10-21 08:03:58,729 - INFO - Epoch 154: train_loss=0.0600, train_acc=0.4400, dev_loss=0.0630, dev_acc=0.3963, time=2.9s
2025-10-21 08:04:01,535 - INFO - Epoch 155: train_loss=0.0605, train_acc=0.4446, dev_loss=0.0631, dev_acc=0.4009, time=2.8s
2025-10-21 08:04:04,009 - INFO - Epoch 156: train_loss=0.0606, train_acc=0.4477, dev_loss=0.0630, dev_acc=0.4101, time=2.5s
2025-10-21 08:04:06,983 - INFO - Epoch 157: train_loss=0.0602, train_acc=0.4446, dev_loss=0.0631, dev_acc=0.4009, time=3.0s
2025-10-21 08:04:09,848 - INFO - Epoch 158: train_loss=0.0597, train_acc=0.4523, dev_loss=0.0629, dev_acc=0.4055, time=2.9s
2025-10-21 08:04:12,744 - INFO - Epoch 159: train_loss=0.0596, train_acc=0.4354, dev_loss=0.0630, dev_acc=0.4009, time=2.9s
2025-10-21 08:04:15,705 - INFO - Epoch 160: train_loss=0.0607, train_acc=0.4369, dev_loss=0.0631, dev_acc=0.4009, time=3.0s
2025-10-21 08:04:18,311 - INFO - Epoch 161: train_loss=0.0604, train_acc=0.4323, dev_loss=0.0630, dev_acc=0.4055, time=2.6s
2025-10-21 08:04:20,872 - INFO - Epoch 162: train_loss=0.0603, train_acc=0.4446, dev_loss=0.0630, dev_acc=0.3963, time=2.6s
2025-10-21 08:04:23,419 - INFO - Epoch 163: train_loss=0.0597, train_acc=0.4523, dev_loss=0.0631, dev_acc=0.3963, time=2.5s
2025-10-21 08:04:25,971 - INFO - Epoch 164: train_loss=0.0602, train_acc=0.4292, dev_loss=0.0630, dev_acc=0.3871, time=2.6s
2025-10-21 08:04:28,677 - INFO - Epoch 165: train_loss=0.0605, train_acc=0.4431, dev_loss=0.0631, dev_acc=0.4055, time=2.7s
2025-10-21 08:04:31,279 - INFO - Epoch 166: train_loss=0.0600, train_acc=0.4446, dev_loss=0.0631, dev_acc=0.3963, time=2.6s
2025-10-21 08:04:33,919 - INFO - Epoch 167: train_loss=0.0598, train_acc=0.4415, dev_loss=0.0630, dev_acc=0.3871, time=2.6s
2025-10-21 08:04:36,615 - INFO - Epoch 168: train_loss=0.0588, train_acc=0.4415, dev_loss=0.0630, dev_acc=0.4009, time=2.7s
2025-10-21 08:04:39,789 - INFO - Epoch 169: train_loss=0.0602, train_acc=0.4492, dev_loss=0.0630, dev_acc=0.4009, time=3.2s
2025-10-21 08:04:42,572 - INFO - Epoch 170: train_loss=0.0600, train_acc=0.4446, dev_loss=0.0631, dev_acc=0.4009, time=2.8s
2025-10-21 08:04:45,335 - INFO - Epoch 171: train_loss=0.0604, train_acc=0.4369, dev_loss=0.0631, dev_acc=0.4147, time=2.8s
2025-10-21 08:04:47,938 - INFO - Epoch 172: train_loss=0.0613, train_acc=0.4292, dev_loss=0.0631, dev_acc=0.3963, time=2.6s
2025-10-21 08:04:50,371 - INFO - Epoch 173: train_loss=0.0603, train_acc=0.4323, dev_loss=0.0630, dev_acc=0.3963, time=2.4s
2025-10-21 08:04:52,973 - INFO - Epoch 174: train_loss=0.0601, train_acc=0.4446, dev_loss=0.0631, dev_acc=0.4101, time=2.6s
2025-10-21 08:04:56,020 - INFO - Epoch 175: train_loss=0.0600, train_acc=0.4523, dev_loss=0.0632, dev_acc=0.3963, time=3.0s
2025-10-21 08:04:58,732 - INFO - Epoch 176: train_loss=0.0596, train_acc=0.4600, dev_loss=0.0631, dev_acc=0.3871, time=2.7s
2025-10-21 08:05:01,453 - INFO - Epoch 177: train_loss=0.0598, train_acc=0.4415, dev_loss=0.0629, dev_acc=0.3917, time=2.7s
2025-10-21 08:05:01,454 - INFO - 早停触发: 最佳轮次=77, 最佳验证准确率=0.4240
2025-10-21 08:05:01,853 - INFO - 第 1 折测试: 损失=0.0633, 准确率=0.4286, F1=0.3006
2025-10-21 08:05:01,853 - INFO - 
----- 第 2/5 折 -----
2025-10-21 08:05:01,942 - INFO - 训练设备: cpu | 融合方法: pmdf | 模态组合: ['ask', 'face']
2025-10-21 08:05:04,618 - INFO - Epoch 1: train_loss=0.0616, train_acc=0.4462, dev_loss=0.0614, dev_acc=0.4147, time=2.7s
2025-10-21 08:05:07,928 - INFO - Epoch 2: train_loss=0.0618, train_acc=0.4477, dev_loss=0.0616, dev_acc=0.4101, time=3.3s
2025-10-21 08:05:10,577 - INFO - Epoch 3: train_loss=0.0605, train_acc=0.4262, dev_loss=0.0615, dev_acc=0.4101, time=2.6s
2025-10-21 08:05:13,281 - INFO - Epoch 4: train_loss=0.0622, train_acc=0.4262, dev_loss=0.0613, dev_acc=0.4147, time=2.7s
2025-10-21 08:05:15,921 - INFO - Epoch 5: train_loss=0.0616, train_acc=0.4338, dev_loss=0.0616, dev_acc=0.4194, time=2.6s
2025-10-21 08:05:19,143 - INFO - Epoch 6: train_loss=0.0620, train_acc=0.4369, dev_loss=0.0616, dev_acc=0.4147, time=3.2s
2025-10-21 08:05:21,897 - INFO - Epoch 7: train_loss=0.0604, train_acc=0.4138, dev_loss=0.0616, dev_acc=0.4055, time=2.8s
2025-10-21 08:05:24,498 - INFO - Epoch 8: train_loss=0.0607, train_acc=0.4231, dev_loss=0.0615, dev_acc=0.4147, time=2.6s
2025-10-21 08:05:27,513 - INFO - Epoch 9: train_loss=0.0625, train_acc=0.4215, dev_loss=0.0615, dev_acc=0.4147, time=3.0s
2025-10-21 08:05:30,211 - INFO - Epoch 10: train_loss=0.0613, train_acc=0.4185, dev_loss=0.0615, dev_acc=0.4147, time=2.7s
2025-10-21 08:05:32,635 - INFO - Epoch 11: train_loss=0.0614, train_acc=0.4369, dev_loss=0.0615, dev_acc=0.4055, time=2.4s
2025-10-21 08:05:35,242 - INFO - Epoch 12: train_loss=0.0616, train_acc=0.4200, dev_loss=0.0615, dev_acc=0.4101, time=2.6s
2025-10-21 08:05:37,784 - INFO - Epoch 13: train_loss=0.0618, train_acc=0.4323, dev_loss=0.0614, dev_acc=0.4101, time=2.5s
2025-10-21 08:05:40,691 - INFO - Epoch 14: train_loss=0.0610, train_acc=0.4508, dev_loss=0.0615, dev_acc=0.4101, time=2.9s
2025-10-21 08:05:43,304 - INFO - Epoch 15: train_loss=0.0611, train_acc=0.4477, dev_loss=0.0613, dev_acc=0.4055, time=2.6s
2025-10-21 08:05:45,877 - INFO - Epoch 16: train_loss=0.0611, train_acc=0.4354, dev_loss=0.0616, dev_acc=0.4055, time=2.6s
2025-10-21 08:05:48,442 - INFO - Epoch 17: train_loss=0.0620, train_acc=0.4338, dev_loss=0.0614, dev_acc=0.4101, time=2.6s
2025-10-21 08:05:51,143 - INFO - Epoch 18: train_loss=0.0612, train_acc=0.4262, dev_loss=0.0612, dev_acc=0.4194, time=2.7s
2025-10-21 08:05:53,823 - INFO - Epoch 19: train_loss=0.0612, train_acc=0.4477, dev_loss=0.0613, dev_acc=0.4147, time=2.7s
2025-10-21 08:05:56,422 - INFO - Epoch 20: train_loss=0.0613, train_acc=0.4369, dev_loss=0.0612, dev_acc=0.4286, time=2.6s
2025-10-21 08:05:59,016 - INFO - Epoch 21: train_loss=0.0615, train_acc=0.4338, dev_loss=0.0614, dev_acc=0.4055, time=2.6s
2025-10-21 08:06:01,508 - INFO - Epoch 22: train_loss=0.0613, train_acc=0.4369, dev_loss=0.0614, dev_acc=0.4055, time=2.5s
2025-10-21 08:06:04,352 - INFO - Epoch 23: train_loss=0.0608, train_acc=0.4354, dev_loss=0.0613, dev_acc=0.4147, time=2.8s
2025-10-21 08:06:06,954 - INFO - Epoch 24: train_loss=0.0617, train_acc=0.4292, dev_loss=0.0614, dev_acc=0.4055, time=2.6s
2025-10-21 08:06:09,550 - INFO - Epoch 25: train_loss=0.0610, train_acc=0.4323, dev_loss=0.0613, dev_acc=0.4194, time=2.6s
2025-10-21 08:06:12,094 - INFO - Epoch 26: train_loss=0.0610, train_acc=0.4385, dev_loss=0.0614, dev_acc=0.4147, time=2.5s
2025-10-21 08:06:14,806 - INFO - Epoch 27: train_loss=0.0610, train_acc=0.4246, dev_loss=0.0615, dev_acc=0.4240, time=2.7s
2025-10-21 08:06:17,546 - INFO - Epoch 28: train_loss=0.0612, train_acc=0.4231, dev_loss=0.0614, dev_acc=0.4240, time=2.7s
2025-10-21 08:06:20,110 - INFO - Epoch 29: train_loss=0.0617, train_acc=0.4123, dev_loss=0.0614, dev_acc=0.4240, time=2.6s
2025-10-21 08:06:22,654 - INFO - Epoch 30: train_loss=0.0613, train_acc=0.4308, dev_loss=0.0614, dev_acc=0.4009, time=2.5s
2025-10-21 08:06:25,198 - INFO - Epoch 31: train_loss=0.0608, train_acc=0.4354, dev_loss=0.0615, dev_acc=0.3963, time=2.5s
2025-10-21 08:06:28,008 - INFO - Epoch 32: train_loss=0.0618, train_acc=0.4323, dev_loss=0.0616, dev_acc=0.3963, time=2.8s
2025-10-21 08:06:30,663 - INFO - Epoch 33: train_loss=0.0614, train_acc=0.4292, dev_loss=0.0615, dev_acc=0.4194, time=2.7s
2025-10-21 08:06:33,201 - INFO - Epoch 34: train_loss=0.0611, train_acc=0.4154, dev_loss=0.0615, dev_acc=0.4009, time=2.5s
2025-10-21 08:06:35,749 - INFO - Epoch 35: train_loss=0.0623, train_acc=0.4308, dev_loss=0.0614, dev_acc=0.4194, time=2.5s
2025-10-21 08:06:38,305 - INFO - Epoch 36: train_loss=0.0617, train_acc=0.4292, dev_loss=0.0615, dev_acc=0.4009, time=2.6s
2025-10-21 08:06:40,778 - INFO - Epoch 37: train_loss=0.0615, train_acc=0.4431, dev_loss=0.0614, dev_acc=0.4101, time=2.5s
2025-10-21 08:06:42,997 - INFO - Epoch 38: train_loss=0.0612, train_acc=0.4277, dev_loss=0.0614, dev_acc=0.4147, time=2.2s
2025-10-21 08:06:45,156 - INFO - Epoch 39: train_loss=0.0612, train_acc=0.4231, dev_loss=0.0615, dev_acc=0.4147, time=2.2s
2025-10-21 08:06:47,526 - INFO - Epoch 40: train_loss=0.0616, train_acc=0.4323, dev_loss=0.0615, dev_acc=0.4101, time=2.4s
2025-10-21 08:06:50,054 - INFO - Epoch 41: train_loss=0.0613, train_acc=0.4123, dev_loss=0.0615, dev_acc=0.4101, time=2.5s
2025-10-21 08:06:52,453 - INFO - Epoch 42: train_loss=0.0613, train_acc=0.4338, dev_loss=0.0615, dev_acc=0.4147, time=2.4s
2025-10-21 08:06:54,651 - INFO - Epoch 43: train_loss=0.0616, train_acc=0.4446, dev_loss=0.0614, dev_acc=0.4055, time=2.2s
2025-10-21 08:06:56,795 - INFO - Epoch 44: train_loss=0.0605, train_acc=0.4369, dev_loss=0.0614, dev_acc=0.4147, time=2.1s
2025-10-21 08:06:58,981 - INFO - Epoch 45: train_loss=0.0610, train_acc=0.4415, dev_loss=0.0615, dev_acc=0.4147, time=2.2s
2025-10-21 08:07:01,287 - INFO - Epoch 46: train_loss=0.0614, train_acc=0.4092, dev_loss=0.0616, dev_acc=0.4101, time=2.3s
2025-10-21 08:07:03,782 - INFO - Epoch 47: train_loss=0.0611, train_acc=0.4462, dev_loss=0.0613, dev_acc=0.4101, time=2.5s
2025-10-21 08:07:06,022 - INFO - Epoch 48: train_loss=0.0611, train_acc=0.4415, dev_loss=0.0614, dev_acc=0.4194, time=2.2s
2025-10-21 08:07:08,156 - INFO - Epoch 49: train_loss=0.0605, train_acc=0.4277, dev_loss=0.0614, dev_acc=0.4194, time=2.1s
2025-10-21 08:07:10,385 - INFO - Epoch 50: train_loss=0.0613, train_acc=0.4185, dev_loss=0.0613, dev_acc=0.4194, time=2.2s
2025-10-21 08:07:12,684 - INFO - Epoch 51: train_loss=0.0615, train_acc=0.4354, dev_loss=0.0614, dev_acc=0.4055, time=2.3s
2025-10-21 08:07:15,268 - INFO - Epoch 52: train_loss=0.0611, train_acc=0.4123, dev_loss=0.0615, dev_acc=0.4147, time=2.6s
2025-10-21 08:07:17,502 - INFO - Epoch 53: train_loss=0.0618, train_acc=0.4231, dev_loss=0.0615, dev_acc=0.4147, time=2.2s
2025-10-21 08:07:19,614 - INFO - Epoch 54: train_loss=0.0617, train_acc=0.4277, dev_loss=0.0614, dev_acc=0.4194, time=2.1s
2025-10-21 08:07:21,936 - INFO - Epoch 55: train_loss=0.0619, train_acc=0.4092, dev_loss=0.0614, dev_acc=0.4194, time=2.3s
2025-10-21 08:07:25,000 - INFO - Epoch 56: train_loss=0.0610, train_acc=0.4323, dev_loss=0.0615, dev_acc=0.4147, time=3.1s
2025-10-21 08:07:27,610 - INFO - Epoch 57: train_loss=0.0610, train_acc=0.4277, dev_loss=0.0614, dev_acc=0.4055, time=2.6s
2025-10-21 08:07:30,680 - INFO - Epoch 58: train_loss=0.0607, train_acc=0.4492, dev_loss=0.0615, dev_acc=0.4101, time=3.1s
2025-10-21 08:07:33,595 - INFO - Epoch 59: train_loss=0.0607, train_acc=0.4246, dev_loss=0.0614, dev_acc=0.4101, time=2.9s
2025-10-21 08:07:36,666 - INFO - Epoch 60: train_loss=0.0612, train_acc=0.4385, dev_loss=0.0614, dev_acc=0.4101, time=3.1s
2025-10-21 08:07:39,317 - INFO - Epoch 61: train_loss=0.0622, train_acc=0.4277, dev_loss=0.0613, dev_acc=0.4194, time=2.6s
2025-10-21 08:07:42,106 - INFO - Epoch 62: train_loss=0.0619, train_acc=0.4246, dev_loss=0.0615, dev_acc=0.4147, time=2.8s
2025-10-21 08:07:45,090 - INFO - Epoch 63: train_loss=0.0618, train_acc=0.4292, dev_loss=0.0613, dev_acc=0.4101, time=3.0s
2025-10-21 08:07:47,986 - INFO - Epoch 64: train_loss=0.0619, train_acc=0.4215, dev_loss=0.0615, dev_acc=0.4101, time=2.9s
2025-10-21 08:07:50,514 - INFO - Epoch 65: train_loss=0.0620, train_acc=0.4123, dev_loss=0.0616, dev_acc=0.4147, time=2.5s
2025-10-21 08:07:53,480 - INFO - Epoch 66: train_loss=0.0614, train_acc=0.4200, dev_loss=0.0614, dev_acc=0.4101, time=3.0s
2025-10-21 08:07:56,005 - INFO - Epoch 67: train_loss=0.0610, train_acc=0.4231, dev_loss=0.0614, dev_acc=0.4240, time=2.5s
2025-10-21 08:07:58,137 - INFO - Epoch 68: train_loss=0.0620, train_acc=0.4323, dev_loss=0.0615, dev_acc=0.4147, time=2.1s
2025-10-21 08:08:00,408 - INFO - Epoch 69: train_loss=0.0617, train_acc=0.4200, dev_loss=0.0614, dev_acc=0.4101, time=2.3s
2025-10-21 08:08:02,679 - INFO - Epoch 70: train_loss=0.0613, train_acc=0.4292, dev_loss=0.0614, dev_acc=0.4194, time=2.3s
2025-10-21 08:08:05,033 - INFO - Epoch 71: train_loss=0.0611, train_acc=0.4431, dev_loss=0.0616, dev_acc=0.4194, time=2.4s
2025-10-21 08:08:07,370 - INFO - Epoch 72: train_loss=0.0612, train_acc=0.4415, dev_loss=0.0614, dev_acc=0.4240, time=2.3s
2025-10-21 08:08:09,621 - INFO - Epoch 73: train_loss=0.0626, train_acc=0.4169, dev_loss=0.0614, dev_acc=0.4240, time=2.2s
2025-10-21 08:08:11,907 - INFO - Epoch 74: train_loss=0.0620, train_acc=0.4246, dev_loss=0.0616, dev_acc=0.4194, time=2.3s
2025-10-21 08:08:14,143 - INFO - Epoch 75: train_loss=0.0628, train_acc=0.4262, dev_loss=0.0614, dev_acc=0.4147, time=2.2s
2025-10-21 08:08:16,534 - INFO - Epoch 76: train_loss=0.0609, train_acc=0.4246, dev_loss=0.0615, dev_acc=0.3963, time=2.4s
2025-10-21 08:08:18,840 - INFO - Epoch 77: train_loss=0.0608, train_acc=0.4462, dev_loss=0.0615, dev_acc=0.4147, time=2.3s
2025-10-21 08:08:21,072 - INFO - Epoch 78: train_loss=0.0614, train_acc=0.4262, dev_loss=0.0615, dev_acc=0.4194, time=2.2s
2025-10-21 08:08:23,256 - INFO - Epoch 79: train_loss=0.0617, train_acc=0.4246, dev_loss=0.0614, dev_acc=0.4147, time=2.2s
2025-10-21 08:08:25,739 - INFO - Epoch 80: train_loss=0.0613, train_acc=0.4369, dev_loss=0.0613, dev_acc=0.4101, time=2.5s
2025-10-21 08:08:28,439 - INFO - Epoch 81: train_loss=0.0611, train_acc=0.4246, dev_loss=0.0616, dev_acc=0.4101, time=2.7s
2025-10-21 08:08:31,185 - INFO - Epoch 82: train_loss=0.0615, train_acc=0.4231, dev_loss=0.0614, dev_acc=0.4101, time=2.7s
2025-10-21 08:08:33,714 - INFO - Epoch 83: train_loss=0.0612, train_acc=0.4246, dev_loss=0.0616, dev_acc=0.4101, time=2.5s
2025-10-21 08:08:36,282 - INFO - Epoch 84: train_loss=0.0621, train_acc=0.4446, dev_loss=0.0615, dev_acc=0.4286, time=2.6s
2025-10-21 08:08:38,735 - INFO - Epoch 85: train_loss=0.0616, train_acc=0.4231, dev_loss=0.0615, dev_acc=0.4147, time=2.5s
2025-10-21 08:08:41,568 - INFO - Epoch 86: train_loss=0.0606, train_acc=0.4400, dev_loss=0.0614, dev_acc=0.4101, time=2.8s
2025-10-21 08:08:44,566 - INFO - Epoch 87: train_loss=0.0612, train_acc=0.4246, dev_loss=0.0614, dev_acc=0.4286, time=3.0s
2025-10-21 08:08:47,444 - INFO - Epoch 88: train_loss=0.0627, train_acc=0.4231, dev_loss=0.0614, dev_acc=0.4240, time=2.9s
2025-10-21 08:08:50,380 - INFO - Epoch 89: train_loss=0.0612, train_acc=0.4323, dev_loss=0.0615, dev_acc=0.4055, time=2.9s
2025-10-21 08:08:53,096 - INFO - Epoch 90: train_loss=0.0612, train_acc=0.4385, dev_loss=0.0614, dev_acc=0.4055, time=2.7s
2025-10-21 08:08:55,709 - INFO - Epoch 91: train_loss=0.0614, train_acc=0.4431, dev_loss=0.0615, dev_acc=0.4147, time=2.6s
2025-10-21 08:08:58,349 - INFO - Epoch 92: train_loss=0.0624, train_acc=0.4385, dev_loss=0.0615, dev_acc=0.4101, time=2.6s
2025-10-21 08:09:00,916 - INFO - Epoch 93: train_loss=0.0618, train_acc=0.4338, dev_loss=0.0614, dev_acc=0.4101, time=2.6s
2025-10-21 08:09:03,714 - INFO - Epoch 94: train_loss=0.0610, train_acc=0.4385, dev_loss=0.0615, dev_acc=0.4286, time=2.8s
2025-10-21 08:09:06,403 - INFO - Epoch 95: train_loss=0.0615, train_acc=0.4369, dev_loss=0.0614, dev_acc=0.4055, time=2.7s
2025-10-21 08:09:08,888 - INFO - Epoch 96: train_loss=0.0604, train_acc=0.4385, dev_loss=0.0613, dev_acc=0.4055, time=2.5s
2025-10-21 08:09:11,470 - INFO - Epoch 97: train_loss=0.0613, train_acc=0.4415, dev_loss=0.0615, dev_acc=0.4147, time=2.6s
2025-10-21 08:09:14,094 - INFO - Epoch 98: train_loss=0.0621, train_acc=0.4338, dev_loss=0.0615, dev_acc=0.4147, time=2.6s
2025-10-21 08:09:16,839 - INFO - Epoch 99: train_loss=0.0615, train_acc=0.4277, dev_loss=0.0614, dev_acc=0.4147, time=2.7s
2025-10-21 08:09:19,397 - INFO - Epoch 100: train_loss=0.0615, train_acc=0.4492, dev_loss=0.0614, dev_acc=0.4147, time=2.6s
2025-10-21 08:09:22,004 - INFO - Epoch 101: train_loss=0.0621, train_acc=0.4231, dev_loss=0.0616, dev_acc=0.4147, time=2.6s
2025-10-21 08:09:24,501 - INFO - Epoch 102: train_loss=0.0610, train_acc=0.4246, dev_loss=0.0615, dev_acc=0.4055, time=2.5s
2025-10-21 08:09:27,098 - INFO - Epoch 103: train_loss=0.0618, train_acc=0.4077, dev_loss=0.0613, dev_acc=0.4240, time=2.6s
2025-10-21 08:09:29,823 - INFO - Epoch 104: train_loss=0.0612, train_acc=0.4308, dev_loss=0.0614, dev_acc=0.4194, time=2.7s
2025-10-21 08:09:32,366 - INFO - Epoch 105: train_loss=0.0608, train_acc=0.4400, dev_loss=0.0615, dev_acc=0.4194, time=2.5s
2025-10-21 08:09:34,889 - INFO - Epoch 106: train_loss=0.0614, train_acc=0.4354, dev_loss=0.0615, dev_acc=0.4101, time=2.5s
2025-10-21 08:09:37,428 - INFO - Epoch 107: train_loss=0.0622, train_acc=0.4323, dev_loss=0.0614, dev_acc=0.4055, time=2.5s
2025-10-21 08:09:40,183 - INFO - Epoch 108: train_loss=0.0615, train_acc=0.4462, dev_loss=0.0614, dev_acc=0.4194, time=2.8s
2025-10-21 08:09:42,830 - INFO - Epoch 109: train_loss=0.0606, train_acc=0.4446, dev_loss=0.0613, dev_acc=0.4194, time=2.6s
2025-10-21 08:09:45,413 - INFO - Epoch 110: train_loss=0.0616, train_acc=0.4323, dev_loss=0.0613, dev_acc=0.4055, time=2.6s
2025-10-21 08:09:48,083 - INFO - Epoch 111: train_loss=0.0627, train_acc=0.4385, dev_loss=0.0615, dev_acc=0.4101, time=2.7s
2025-10-21 08:09:50,955 - INFO - Epoch 112: train_loss=0.0608, train_acc=0.4492, dev_loss=0.0613, dev_acc=0.4147, time=2.9s
2025-10-21 08:09:53,610 - INFO - Epoch 113: train_loss=0.0611, train_acc=0.4477, dev_loss=0.0615, dev_acc=0.4194, time=2.7s
2025-10-21 08:09:56,116 - INFO - Epoch 114: train_loss=0.0608, train_acc=0.4492, dev_loss=0.0614, dev_acc=0.4147, time=2.5s
2025-10-21 08:09:58,637 - INFO - Epoch 115: train_loss=0.0616, train_acc=0.4354, dev_loss=0.0614, dev_acc=0.4009, time=2.5s
2025-10-21 08:10:01,156 - INFO - Epoch 116: train_loss=0.0612, train_acc=0.4138, dev_loss=0.0615, dev_acc=0.4055, time=2.5s
2025-10-21 08:10:03,875 - INFO - Epoch 117: train_loss=0.0621, train_acc=0.4154, dev_loss=0.0614, dev_acc=0.4055, time=2.7s
2025-10-21 08:10:06,493 - INFO - Epoch 118: train_loss=0.0612, train_acc=0.4431, dev_loss=0.0615, dev_acc=0.4101, time=2.6s
2025-10-21 08:10:09,215 - INFO - Epoch 119: train_loss=0.0626, train_acc=0.4431, dev_loss=0.0615, dev_acc=0.4009, time=2.7s
2025-10-21 08:10:12,217 - INFO - Epoch 120: train_loss=0.0618, train_acc=0.4431, dev_loss=0.0616, dev_acc=0.4194, time=3.0s
2025-10-21 08:10:12,218 - INFO - 早停触发: 最佳轮次=20, 最佳验证准确率=0.4286
2025-10-21 08:10:12,612 - INFO - 第 2 折测试: 损失=0.0603, 准确率=0.4654, F1=0.3860
2025-10-21 08:10:12,614 - INFO - 
----- 第 3/5 折 -----
2025-10-21 08:10:12,705 - INFO - 训练设备: cpu | 融合方法: pmdf | 模态组合: ['ask', 'face']
2025-10-21 08:10:15,258 - INFO - Epoch 1: train_loss=0.0608, train_acc=0.4400, dev_loss=0.0625, dev_acc=0.4194, time=2.6s
2025-10-21 08:10:17,965 - INFO - Epoch 2: train_loss=0.0611, train_acc=0.4400, dev_loss=0.0626, dev_acc=0.4055, time=2.7s
2025-10-21 08:10:20,543 - INFO - Epoch 3: train_loss=0.0605, train_acc=0.4338, dev_loss=0.0626, dev_acc=0.4055, time=2.6s
2025-10-21 08:10:23,188 - INFO - Epoch 4: train_loss=0.0599, train_acc=0.4354, dev_loss=0.0626, dev_acc=0.4055, time=2.6s
2025-10-21 08:10:25,694 - INFO - Epoch 5: train_loss=0.0611, train_acc=0.4215, dev_loss=0.0626, dev_acc=0.4240, time=2.5s
2025-10-21 08:10:28,158 - INFO - Epoch 6: train_loss=0.0613, train_acc=0.4323, dev_loss=0.0626, dev_acc=0.4101, time=2.4s
2025-10-21 08:10:30,713 - INFO - Epoch 7: train_loss=0.0610, train_acc=0.4292, dev_loss=0.0626, dev_acc=0.4101, time=2.6s
2025-10-21 08:10:33,356 - INFO - Epoch 8: train_loss=0.0597, train_acc=0.4477, dev_loss=0.0626, dev_acc=0.4194, time=2.6s
2025-10-21 08:10:35,929 - INFO - Epoch 9: train_loss=0.0611, train_acc=0.4123, dev_loss=0.0626, dev_acc=0.4055, time=2.6s
2025-10-21 08:10:38,466 - INFO - Epoch 10: train_loss=0.0617, train_acc=0.4215, dev_loss=0.0625, dev_acc=0.4055, time=2.5s
2025-10-21 08:10:41,223 - INFO - Epoch 11: train_loss=0.0615, train_acc=0.4308, dev_loss=0.0626, dev_acc=0.4101, time=2.8s
2025-10-21 08:10:44,160 - INFO - Epoch 12: train_loss=0.0606, train_acc=0.4431, dev_loss=0.0625, dev_acc=0.4101, time=2.9s
2025-10-21 08:10:46,764 - INFO - Epoch 13: train_loss=0.0604, train_acc=0.4369, dev_loss=0.0626, dev_acc=0.4101, time=2.6s
2025-10-21 08:10:49,308 - INFO - Epoch 14: train_loss=0.0609, train_acc=0.4154, dev_loss=0.0625, dev_acc=0.4147, time=2.5s
2025-10-21 08:10:51,724 - INFO - Epoch 15: train_loss=0.0606, train_acc=0.4169, dev_loss=0.0625, dev_acc=0.4055, time=2.4s
2025-10-21 08:10:54,415 - INFO - Epoch 16: train_loss=0.0611, train_acc=0.4292, dev_loss=0.0626, dev_acc=0.4055, time=2.7s
2025-10-21 08:10:57,161 - INFO - Epoch 17: train_loss=0.0609, train_acc=0.4400, dev_loss=0.0625, dev_acc=0.4055, time=2.7s
2025-10-21 08:10:59,569 - INFO - Epoch 18: train_loss=0.0617, train_acc=0.4308, dev_loss=0.0627, dev_acc=0.4055, time=2.4s
2025-10-21 08:11:02,080 - INFO - Epoch 19: train_loss=0.0611, train_acc=0.4231, dev_loss=0.0625, dev_acc=0.4101, time=2.5s
2025-10-21 08:11:04,655 - INFO - Epoch 20: train_loss=0.0612, train_acc=0.4385, dev_loss=0.0626, dev_acc=0.4055, time=2.6s
2025-10-21 08:11:07,723 - INFO - Epoch 21: train_loss=0.0613, train_acc=0.4138, dev_loss=0.0627, dev_acc=0.4009, time=3.1s
2025-10-21 08:11:10,281 - INFO - Epoch 22: train_loss=0.0608, train_acc=0.4277, dev_loss=0.0627, dev_acc=0.4055, time=2.6s
2025-10-21 08:11:12,791 - INFO - Epoch 23: train_loss=0.0610, train_acc=0.4446, dev_loss=0.0626, dev_acc=0.4101, time=2.5s
2025-10-21 08:11:15,315 - INFO - Epoch 24: train_loss=0.0618, train_acc=0.4354, dev_loss=0.0625, dev_acc=0.4055, time=2.5s
2025-10-21 08:11:17,966 - INFO - Epoch 25: train_loss=0.0612, train_acc=0.4338, dev_loss=0.0625, dev_acc=0.4286, time=2.7s
2025-10-21 08:11:20,682 - INFO - Epoch 26: train_loss=0.0620, train_acc=0.4323, dev_loss=0.0625, dev_acc=0.4240, time=2.7s
2025-10-21 08:11:23,191 - INFO - Epoch 27: train_loss=0.0604, train_acc=0.4200, dev_loss=0.0627, dev_acc=0.4055, time=2.5s
2025-10-21 08:11:25,823 - INFO - Epoch 28: train_loss=0.0602, train_acc=0.4400, dev_loss=0.0626, dev_acc=0.4055, time=2.6s
2025-10-21 08:11:28,366 - INFO - Epoch 29: train_loss=0.0611, train_acc=0.4323, dev_loss=0.0626, dev_acc=0.3963, time=2.5s
2025-10-21 08:11:31,197 - INFO - Epoch 30: train_loss=0.0614, train_acc=0.4369, dev_loss=0.0626, dev_acc=0.4009, time=2.8s
2025-10-21 08:11:33,832 - INFO - Epoch 31: train_loss=0.0608, train_acc=0.4585, dev_loss=0.0626, dev_acc=0.4055, time=2.6s
2025-10-21 08:11:36,358 - INFO - Epoch 32: train_loss=0.0611, train_acc=0.4292, dev_loss=0.0626, dev_acc=0.4147, time=2.5s
2025-10-21 08:11:38,946 - INFO - Epoch 33: train_loss=0.0603, train_acc=0.4431, dev_loss=0.0625, dev_acc=0.4147, time=2.6s
2025-10-21 08:11:41,774 - INFO - Epoch 34: train_loss=0.0617, train_acc=0.4215, dev_loss=0.0627, dev_acc=0.4055, time=2.8s
2025-10-21 08:11:44,432 - INFO - Epoch 35: train_loss=0.0617, train_acc=0.4262, dev_loss=0.0625, dev_acc=0.4055, time=2.7s
2025-10-21 08:11:46,912 - INFO - Epoch 36: train_loss=0.0607, train_acc=0.4446, dev_loss=0.0626, dev_acc=0.4055, time=2.5s
2025-10-21 08:11:49,454 - INFO - Epoch 37: train_loss=0.0610, train_acc=0.4185, dev_loss=0.0626, dev_acc=0.4055, time=2.5s
2025-10-21 08:11:51,922 - INFO - Epoch 38: train_loss=0.0607, train_acc=0.4354, dev_loss=0.0625, dev_acc=0.4009, time=2.5s
2025-10-21 08:11:54,677 - INFO - Epoch 39: train_loss=0.0615, train_acc=0.4323, dev_loss=0.0626, dev_acc=0.4055, time=2.8s
2025-10-21 08:11:57,273 - INFO - Epoch 40: train_loss=0.0612, train_acc=0.4323, dev_loss=0.0625, dev_acc=0.4194, time=2.6s
2025-10-21 08:11:59,760 - INFO - Epoch 41: train_loss=0.0609, train_acc=0.4462, dev_loss=0.0625, dev_acc=0.4147, time=2.5s
2025-10-21 08:12:02,234 - INFO - Epoch 42: train_loss=0.0610, train_acc=0.4200, dev_loss=0.0626, dev_acc=0.4055, time=2.5s
2025-10-21 08:12:04,739 - INFO - Epoch 43: train_loss=0.0609, train_acc=0.4308, dev_loss=0.0626, dev_acc=0.4055, time=2.5s
2025-10-21 08:12:07,507 - INFO - Epoch 44: train_loss=0.0616, train_acc=0.4369, dev_loss=0.0625, dev_acc=0.4009, time=2.8s
2025-10-21 08:12:10,109 - INFO - Epoch 45: train_loss=0.0602, train_acc=0.4292, dev_loss=0.0626, dev_acc=0.4240, time=2.6s
2025-10-21 08:12:12,607 - INFO - Epoch 46: train_loss=0.0610, train_acc=0.4338, dev_loss=0.0626, dev_acc=0.4147, time=2.5s
2025-10-21 08:12:15,179 - INFO - Epoch 47: train_loss=0.0618, train_acc=0.4400, dev_loss=0.0627, dev_acc=0.4055, time=2.6s
2025-10-21 08:12:18,119 - INFO - Epoch 48: train_loss=0.0612, train_acc=0.4108, dev_loss=0.0625, dev_acc=0.4055, time=2.9s
2025-10-21 08:12:20,741 - INFO - Epoch 49: train_loss=0.0619, train_acc=0.4246, dev_loss=0.0626, dev_acc=0.3963, time=2.6s
2025-10-21 08:12:23,239 - INFO - Epoch 50: train_loss=0.0612, train_acc=0.4277, dev_loss=0.0626, dev_acc=0.4009, time=2.5s
2025-10-21 08:12:25,798 - INFO - Epoch 51: train_loss=0.0613, train_acc=0.4200, dev_loss=0.0626, dev_acc=0.4101, time=2.6s
2025-10-21 08:12:28,468 - INFO - Epoch 52: train_loss=0.0612, train_acc=0.4138, dev_loss=0.0625, dev_acc=0.4101, time=2.7s
2025-10-21 08:12:31,268 - INFO - Epoch 53: train_loss=0.0609, train_acc=0.4446, dev_loss=0.0626, dev_acc=0.4055, time=2.8s
2025-10-21 08:12:33,771 - INFO - Epoch 54: train_loss=0.0610, train_acc=0.4015, dev_loss=0.0625, dev_acc=0.4101, time=2.5s
2025-10-21 08:12:36,389 - INFO - Epoch 55: train_loss=0.0611, train_acc=0.4262, dev_loss=0.0626, dev_acc=0.4055, time=2.6s
2025-10-21 08:12:38,968 - INFO - Epoch 56: train_loss=0.0621, train_acc=0.4108, dev_loss=0.0625, dev_acc=0.4055, time=2.6s
2025-10-21 08:12:41,873 - INFO - Epoch 57: train_loss=0.0615, train_acc=0.4185, dev_loss=0.0625, dev_acc=0.4009, time=2.9s
2025-10-21 08:12:44,459 - INFO - Epoch 58: train_loss=0.0603, train_acc=0.4262, dev_loss=0.0626, dev_acc=0.3963, time=2.6s
2025-10-21 08:12:47,019 - INFO - Epoch 59: train_loss=0.0613, train_acc=0.4154, dev_loss=0.0625, dev_acc=0.4101, time=2.6s
2025-10-21 08:12:49,512 - INFO - Epoch 60: train_loss=0.0608, train_acc=0.4277, dev_loss=0.0625, dev_acc=0.4055, time=2.5s
2025-10-21 08:12:52,311 - INFO - Epoch 61: train_loss=0.0618, train_acc=0.4323, dev_loss=0.0625, dev_acc=0.4055, time=2.8s
2025-10-21 08:12:55,112 - INFO - Epoch 62: train_loss=0.0615, train_acc=0.4108, dev_loss=0.0626, dev_acc=0.4055, time=2.8s
2025-10-21 08:12:57,595 - INFO - Epoch 63: train_loss=0.0610, train_acc=0.4200, dev_loss=0.0627, dev_acc=0.4055, time=2.5s
2025-10-21 08:13:00,267 - INFO - Epoch 64: train_loss=0.0612, train_acc=0.4323, dev_loss=0.0625, dev_acc=0.4147, time=2.7s
2025-10-21 08:13:03,129 - INFO - Epoch 65: train_loss=0.0615, train_acc=0.4385, dev_loss=0.0626, dev_acc=0.4101, time=2.9s
2025-10-21 08:13:06,017 - INFO - Epoch 66: train_loss=0.0612, train_acc=0.4400, dev_loss=0.0625, dev_acc=0.4147, time=2.9s
2025-10-21 08:13:08,735 - INFO - Epoch 67: train_loss=0.0611, train_acc=0.4385, dev_loss=0.0626, dev_acc=0.4101, time=2.7s
2025-10-21 08:13:11,290 - INFO - Epoch 68: train_loss=0.0604, train_acc=0.4369, dev_loss=0.0626, dev_acc=0.4055, time=2.6s
2025-10-21 08:13:13,917 - INFO - Epoch 69: train_loss=0.0614, train_acc=0.4169, dev_loss=0.0625, dev_acc=0.4147, time=2.6s
2025-10-21 08:13:16,396 - INFO - Epoch 70: train_loss=0.0606, train_acc=0.4385, dev_loss=0.0627, dev_acc=0.4009, time=2.5s
2025-10-21 08:13:18,865 - INFO - Epoch 71: train_loss=0.0606, train_acc=0.4292, dev_loss=0.0626, dev_acc=0.4009, time=2.5s
2025-10-21 08:13:21,525 - INFO - Epoch 72: train_loss=0.0604, train_acc=0.4538, dev_loss=0.0626, dev_acc=0.4055, time=2.7s
2025-10-21 08:13:24,141 - INFO - Epoch 73: train_loss=0.0606, train_acc=0.4385, dev_loss=0.0627, dev_acc=0.4101, time=2.6s
2025-10-21 08:13:26,884 - INFO - Epoch 74: train_loss=0.0618, train_acc=0.4215, dev_loss=0.0627, dev_acc=0.4009, time=2.7s
2025-10-21 08:13:29,608 - INFO - Epoch 75: train_loss=0.0610, train_acc=0.4308, dev_loss=0.0626, dev_acc=0.4055, time=2.7s
2025-10-21 08:13:32,303 - INFO - Epoch 76: train_loss=0.0614, train_acc=0.4308, dev_loss=0.0626, dev_acc=0.4055, time=2.7s
2025-10-21 08:13:35,379 - INFO - Epoch 77: train_loss=0.0614, train_acc=0.4585, dev_loss=0.0626, dev_acc=0.4101, time=3.1s
2025-10-21 08:13:38,170 - INFO - Epoch 78: train_loss=0.0612, train_acc=0.4231, dev_loss=0.0625, dev_acc=0.4286, time=2.8s
2025-10-21 08:13:40,784 - INFO - Epoch 79: train_loss=0.0611, train_acc=0.4169, dev_loss=0.0625, dev_acc=0.4147, time=2.6s
2025-10-21 08:13:43,642 - INFO - Epoch 80: train_loss=0.0612, train_acc=0.4446, dev_loss=0.0625, dev_acc=0.4055, time=2.9s
2025-10-21 08:13:46,434 - INFO - Epoch 81: train_loss=0.0608, train_acc=0.4200, dev_loss=0.0626, dev_acc=0.4101, time=2.8s
2025-10-21 08:13:48,985 - INFO - Epoch 82: train_loss=0.0612, train_acc=0.4077, dev_loss=0.0626, dev_acc=0.4055, time=2.5s
2025-10-21 08:13:51,626 - INFO - Epoch 83: train_loss=0.0617, train_acc=0.4292, dev_loss=0.0625, dev_acc=0.4194, time=2.6s
2025-10-21 08:13:54,153 - INFO - Epoch 84: train_loss=0.0612, train_acc=0.4231, dev_loss=0.0626, dev_acc=0.4009, time=2.5s
2025-10-21 08:13:56,992 - INFO - Epoch 85: train_loss=0.0609, train_acc=0.4431, dev_loss=0.0626, dev_acc=0.4055, time=2.8s
2025-10-21 08:13:59,614 - INFO - Epoch 86: train_loss=0.0614, train_acc=0.4277, dev_loss=0.0626, dev_acc=0.4055, time=2.6s
2025-10-21 08:14:02,230 - INFO - Epoch 87: train_loss=0.0603, train_acc=0.4431, dev_loss=0.0626, dev_acc=0.4009, time=2.6s
2025-10-21 08:14:05,106 - INFO - Epoch 88: train_loss=0.0609, train_acc=0.4154, dev_loss=0.0626, dev_acc=0.4009, time=2.9s
2025-10-21 08:14:08,063 - INFO - Epoch 89: train_loss=0.0621, train_acc=0.4185, dev_loss=0.0627, dev_acc=0.4055, time=3.0s
2025-10-21 08:14:10,757 - INFO - Epoch 90: train_loss=0.0609, train_acc=0.4200, dev_loss=0.0626, dev_acc=0.4101, time=2.7s
2025-10-21 08:14:13,313 - INFO - Epoch 91: train_loss=0.0616, train_acc=0.4215, dev_loss=0.0625, dev_acc=0.4055, time=2.6s
2025-10-21 08:14:15,865 - INFO - Epoch 92: train_loss=0.0616, train_acc=0.4308, dev_loss=0.0626, dev_acc=0.4055, time=2.6s
2025-10-21 08:14:18,508 - INFO - Epoch 93: train_loss=0.0616, train_acc=0.4123, dev_loss=0.0626, dev_acc=0.3963, time=2.6s
2025-10-21 08:14:21,290 - INFO - Epoch 94: train_loss=0.0616, train_acc=0.4138, dev_loss=0.0625, dev_acc=0.4147, time=2.8s
2025-10-21 08:14:23,786 - INFO - Epoch 95: train_loss=0.0612, train_acc=0.4108, dev_loss=0.0625, dev_acc=0.4055, time=2.5s
2025-10-21 08:14:26,414 - INFO - Epoch 96: train_loss=0.0606, train_acc=0.4246, dev_loss=0.0625, dev_acc=0.4147, time=2.6s
2025-10-21 08:14:29,033 - INFO - Epoch 97: train_loss=0.0618, train_acc=0.4246, dev_loss=0.0625, dev_acc=0.4147, time=2.6s
2025-10-21 08:14:31,889 - INFO - Epoch 98: train_loss=0.0614, train_acc=0.4108, dev_loss=0.0625, dev_acc=0.4009, time=2.9s
2025-10-21 08:14:34,486 - INFO - Epoch 99: train_loss=0.0609, train_acc=0.4369, dev_loss=0.0627, dev_acc=0.4055, time=2.6s
2025-10-21 08:14:37,099 - INFO - Epoch 100: train_loss=0.0616, train_acc=0.4169, dev_loss=0.0626, dev_acc=0.4055, time=2.6s
2025-10-21 08:14:39,774 - INFO - Epoch 101: train_loss=0.0609, train_acc=0.4323, dev_loss=0.0626, dev_acc=0.4009, time=2.7s
2025-10-21 08:14:42,653 - INFO - Epoch 102: train_loss=0.0614, train_acc=0.4215, dev_loss=0.0626, dev_acc=0.4009, time=2.9s
2025-10-21 08:14:45,324 - INFO - Epoch 103: train_loss=0.0608, train_acc=0.4262, dev_loss=0.0627, dev_acc=0.4009, time=2.7s
2025-10-21 08:14:47,867 - INFO - Epoch 104: train_loss=0.0607, train_acc=0.4308, dev_loss=0.0626, dev_acc=0.4055, time=2.5s
2025-10-21 08:14:50,446 - INFO - Epoch 105: train_loss=0.0606, train_acc=0.4292, dev_loss=0.0626, dev_acc=0.4009, time=2.6s
2025-10-21 08:14:53,148 - INFO - Epoch 106: train_loss=0.0614, train_acc=0.4092, dev_loss=0.0626, dev_acc=0.4101, time=2.7s
2025-10-21 08:14:55,992 - INFO - Epoch 107: train_loss=0.0614, train_acc=0.4154, dev_loss=0.0625, dev_acc=0.4101, time=2.8s
2025-10-21 08:14:58,560 - INFO - Epoch 108: train_loss=0.0614, train_acc=0.4477, dev_loss=0.0625, dev_acc=0.4194, time=2.6s
2025-10-21 08:15:01,151 - INFO - Epoch 109: train_loss=0.0605, train_acc=0.4446, dev_loss=0.0626, dev_acc=0.4101, time=2.6s
2025-10-21 08:15:03,839 - INFO - Epoch 110: train_loss=0.0613, train_acc=0.4277, dev_loss=0.0625, dev_acc=0.4101, time=2.7s
2025-10-21 08:15:06,666 - INFO - Epoch 111: train_loss=0.0612, train_acc=0.4277, dev_loss=0.0626, dev_acc=0.4055, time=2.8s
2025-10-21 08:15:09,236 - INFO - Epoch 112: train_loss=0.0609, train_acc=0.4185, dev_loss=0.0626, dev_acc=0.4009, time=2.6s
2025-10-21 08:15:11,872 - INFO - Epoch 113: train_loss=0.0608, train_acc=0.4385, dev_loss=0.0627, dev_acc=0.4101, time=2.6s
2025-10-21 08:15:14,315 - INFO - Epoch 114: train_loss=0.0613, train_acc=0.4200, dev_loss=0.0626, dev_acc=0.4009, time=2.4s
2025-10-21 08:15:17,011 - INFO - Epoch 115: train_loss=0.0617, train_acc=0.4323, dev_loss=0.0626, dev_acc=0.4101, time=2.7s
2025-10-21 08:15:19,736 - INFO - Epoch 116: train_loss=0.0608, train_acc=0.4323, dev_loss=0.0626, dev_acc=0.4009, time=2.7s
2025-10-21 08:15:22,254 - INFO - Epoch 117: train_loss=0.0611, train_acc=0.4338, dev_loss=0.0625, dev_acc=0.4009, time=2.5s
2025-10-21 08:15:24,825 - INFO - Epoch 118: train_loss=0.0612, train_acc=0.4400, dev_loss=0.0626, dev_acc=0.4101, time=2.6s
2025-10-21 08:15:27,323 - INFO - Epoch 119: train_loss=0.0613, train_acc=0.4246, dev_loss=0.0626, dev_acc=0.4055, time=2.5s
2025-10-21 08:15:30,086 - INFO - Epoch 120: train_loss=0.0611, train_acc=0.4446, dev_loss=0.0626, dev_acc=0.4055, time=2.8s
2025-10-21 08:15:32,645 - INFO - Epoch 121: train_loss=0.0609, train_acc=0.4231, dev_loss=0.0627, dev_acc=0.4101, time=2.6s
2025-10-21 08:15:35,171 - INFO - Epoch 122: train_loss=0.0607, train_acc=0.4246, dev_loss=0.0626, dev_acc=0.4009, time=2.5s
2025-10-21 08:15:37,656 - INFO - Epoch 123: train_loss=0.0620, train_acc=0.4338, dev_loss=0.0626, dev_acc=0.4101, time=2.5s
2025-10-21 08:15:40,171 - INFO - Epoch 124: train_loss=0.0614, train_acc=0.4215, dev_loss=0.0626, dev_acc=0.4101, time=2.5s
2025-10-21 08:15:43,252 - INFO - Epoch 125: train_loss=0.0611, train_acc=0.4338, dev_loss=0.0625, dev_acc=0.4240, time=3.1s
2025-10-21 08:15:43,253 - INFO - 早停触发: 最佳轮次=25, 最佳验证准确率=0.4286
2025-10-21 08:15:43,745 - INFO - 第 3 折测试: 损失=0.0600, 准确率=0.4516, F1=0.3610
2025-10-21 08:15:43,748 - INFO - 
----- 第 4/5 折 -----
2025-10-21 08:15:43,849 - INFO - 训练设备: cpu | 融合方法: pmdf | 模态组合: ['ask', 'face']
2025-10-21 08:15:46,682 - INFO - Epoch 1: train_loss=0.0616, train_acc=0.4369, dev_loss=0.0630, dev_acc=0.3917, time=2.8s
2025-10-21 08:15:50,103 - INFO - Epoch 2: train_loss=0.0610, train_acc=0.4385, dev_loss=0.0631, dev_acc=0.3963, time=3.4s
2025-10-21 08:15:53,828 - INFO - Epoch 3: train_loss=0.0609, train_acc=0.4323, dev_loss=0.0630, dev_acc=0.3871, time=3.7s
2025-10-21 08:15:57,005 - INFO - Epoch 4: train_loss=0.0614, train_acc=0.4492, dev_loss=0.0630, dev_acc=0.3917, time=3.2s
2025-10-21 08:15:59,806 - INFO - Epoch 5: train_loss=0.0611, train_acc=0.4323, dev_loss=0.0630, dev_acc=0.3917, time=2.8s
2025-10-21 08:16:02,468 - INFO - Epoch 6: train_loss=0.0615, train_acc=0.4369, dev_loss=0.0630, dev_acc=0.4055, time=2.7s
2025-10-21 08:16:05,284 - INFO - Epoch 7: train_loss=0.0598, train_acc=0.4538, dev_loss=0.0630, dev_acc=0.3963, time=2.8s
2025-10-21 08:16:08,404 - INFO - Epoch 8: train_loss=0.0605, train_acc=0.4462, dev_loss=0.0629, dev_acc=0.3917, time=3.1s
2025-10-21 08:16:11,159 - INFO - Epoch 9: train_loss=0.0613, train_acc=0.4431, dev_loss=0.0630, dev_acc=0.3963, time=2.8s
2025-10-21 08:16:13,787 - INFO - Epoch 10: train_loss=0.0611, train_acc=0.4308, dev_loss=0.0631, dev_acc=0.3963, time=2.6s
2025-10-21 08:16:16,493 - INFO - Epoch 11: train_loss=0.0618, train_acc=0.4231, dev_loss=0.0630, dev_acc=0.3917, time=2.7s
2025-10-21 08:16:19,249 - INFO - Epoch 12: train_loss=0.0607, train_acc=0.4385, dev_loss=0.0630, dev_acc=0.3917, time=2.8s
2025-10-21 08:16:21,732 - INFO - Epoch 13: train_loss=0.0611, train_acc=0.4415, dev_loss=0.0630, dev_acc=0.3963, time=2.5s
2025-10-21 08:16:24,289 - INFO - Epoch 14: train_loss=0.0604, train_acc=0.4508, dev_loss=0.0630, dev_acc=0.3917, time=2.6s
2025-10-21 08:16:26,911 - INFO - Epoch 15: train_loss=0.0608, train_acc=0.4400, dev_loss=0.0630, dev_acc=0.3871, time=2.6s
2025-10-21 08:16:29,566 - INFO - Epoch 16: train_loss=0.0615, train_acc=0.4462, dev_loss=0.0631, dev_acc=0.3871, time=2.7s
2025-10-21 08:16:32,403 - INFO - Epoch 17: train_loss=0.0606, train_acc=0.4477, dev_loss=0.0630, dev_acc=0.3917, time=2.8s
2025-10-21 08:16:35,141 - INFO - Epoch 18: train_loss=0.0601, train_acc=0.4508, dev_loss=0.0630, dev_acc=0.3963, time=2.7s
2025-10-21 08:16:38,246 - INFO - Epoch 19: train_loss=0.0610, train_acc=0.4246, dev_loss=0.0631, dev_acc=0.3917, time=3.1s
2025-10-21 08:16:41,443 - INFO - Epoch 20: train_loss=0.0608, train_acc=0.4338, dev_loss=0.0630, dev_acc=0.3963, time=3.2s
2025-10-21 08:16:44,185 - INFO - Epoch 21: train_loss=0.0608, train_acc=0.4569, dev_loss=0.0630, dev_acc=0.3871, time=2.7s
2025-10-21 08:16:46,920 - INFO - Epoch 22: train_loss=0.0611, train_acc=0.4523, dev_loss=0.0630, dev_acc=0.4009, time=2.7s
2025-10-21 08:16:49,650 - INFO - Epoch 23: train_loss=0.0604, train_acc=0.4538, dev_loss=0.0630, dev_acc=0.3871, time=2.7s
2025-10-21 08:16:52,429 - INFO - Epoch 24: train_loss=0.0607, train_acc=0.4400, dev_loss=0.0629, dev_acc=0.3917, time=2.8s
2025-10-21 08:16:54,998 - INFO - Epoch 25: train_loss=0.0609, train_acc=0.4400, dev_loss=0.0630, dev_acc=0.3917, time=2.6s
2025-10-21 08:16:57,626 - INFO - Epoch 26: train_loss=0.0602, train_acc=0.4646, dev_loss=0.0629, dev_acc=0.3963, time=2.6s
2025-10-21 08:17:00,136 - INFO - Epoch 27: train_loss=0.0618, train_acc=0.4262, dev_loss=0.0630, dev_acc=0.3963, time=2.5s
2025-10-21 08:17:02,860 - INFO - Epoch 28: train_loss=0.0616, train_acc=0.4585, dev_loss=0.0631, dev_acc=0.3871, time=2.7s
2025-10-21 08:17:05,515 - INFO - Epoch 29: train_loss=0.0610, train_acc=0.4323, dev_loss=0.0629, dev_acc=0.3871, time=2.7s
2025-10-21 08:17:07,998 - INFO - Epoch 30: train_loss=0.0614, train_acc=0.4554, dev_loss=0.0630, dev_acc=0.3871, time=2.5s
2025-10-21 08:17:10,547 - INFO - Epoch 31: train_loss=0.0600, train_acc=0.4338, dev_loss=0.0630, dev_acc=0.3825, time=2.5s
2025-10-21 08:17:13,128 - INFO - Epoch 32: train_loss=0.0613, train_acc=0.4554, dev_loss=0.0631, dev_acc=0.4009, time=2.6s
2025-10-21 08:17:16,011 - INFO - Epoch 33: train_loss=0.0621, train_acc=0.4462, dev_loss=0.0630, dev_acc=0.4055, time=2.9s
2025-10-21 08:17:18,643 - INFO - Epoch 34: train_loss=0.0613, train_acc=0.4446, dev_loss=0.0630, dev_acc=0.4009, time=2.6s
2025-10-21 08:17:21,225 - INFO - Epoch 35: train_loss=0.0615, train_acc=0.4462, dev_loss=0.0630, dev_acc=0.3917, time=2.6s
2025-10-21 08:17:23,859 - INFO - Epoch 36: train_loss=0.0617, train_acc=0.4338, dev_loss=0.0630, dev_acc=0.3917, time=2.6s
2025-10-21 08:17:26,833 - INFO - Epoch 37: train_loss=0.0613, train_acc=0.4154, dev_loss=0.0629, dev_acc=0.3917, time=3.0s
2025-10-21 08:17:29,592 - INFO - Epoch 38: train_loss=0.0611, train_acc=0.4385, dev_loss=0.0630, dev_acc=0.3871, time=2.8s
2025-10-21 08:17:32,190 - INFO - Epoch 39: train_loss=0.0610, train_acc=0.4077, dev_loss=0.0629, dev_acc=0.3917, time=2.6s
2025-10-21 08:17:34,771 - INFO - Epoch 40: train_loss=0.0614, train_acc=0.4538, dev_loss=0.0630, dev_acc=0.4009, time=2.6s
2025-10-21 08:17:37,488 - INFO - Epoch 41: train_loss=0.0613, train_acc=0.4523, dev_loss=0.0629, dev_acc=0.3917, time=2.7s
2025-10-21 08:17:40,283 - INFO - Epoch 42: train_loss=0.0606, train_acc=0.4615, dev_loss=0.0628, dev_acc=0.3917, time=2.8s
2025-10-21 08:17:42,862 - INFO - Epoch 43: train_loss=0.0610, train_acc=0.4323, dev_loss=0.0630, dev_acc=0.3917, time=2.6s
2025-10-21 08:17:45,494 - INFO - Epoch 44: train_loss=0.0606, train_acc=0.4492, dev_loss=0.0630, dev_acc=0.3917, time=2.6s
2025-10-21 08:17:47,992 - INFO - Epoch 45: train_loss=0.0603, train_acc=0.4646, dev_loss=0.0629, dev_acc=0.3963, time=2.5s
2025-10-21 08:17:50,791 - INFO - Epoch 46: train_loss=0.0619, train_acc=0.4462, dev_loss=0.0629, dev_acc=0.3825, time=2.8s
2025-10-21 08:17:53,528 - INFO - Epoch 47: train_loss=0.0604, train_acc=0.4554, dev_loss=0.0630, dev_acc=0.3917, time=2.7s
2025-10-21 08:17:56,156 - INFO - Epoch 48: train_loss=0.0613, train_acc=0.4431, dev_loss=0.0630, dev_acc=0.3917, time=2.6s
2025-10-21 08:17:58,729 - INFO - Epoch 49: train_loss=0.0618, train_acc=0.4538, dev_loss=0.0629, dev_acc=0.4055, time=2.6s
2025-10-21 08:18:01,384 - INFO - Epoch 50: train_loss=0.0613, train_acc=0.4477, dev_loss=0.0630, dev_acc=0.3963, time=2.7s
2025-10-21 08:18:04,129 - INFO - Epoch 51: train_loss=0.0608, train_acc=0.4400, dev_loss=0.0629, dev_acc=0.3917, time=2.7s
2025-10-21 08:18:06,757 - INFO - Epoch 52: train_loss=0.0617, train_acc=0.4415, dev_loss=0.0631, dev_acc=0.3917, time=2.6s
2025-10-21 08:18:09,386 - INFO - Epoch 53: train_loss=0.0607, train_acc=0.4369, dev_loss=0.0629, dev_acc=0.3917, time=2.6s
2025-10-21 08:18:11,951 - INFO - Epoch 54: train_loss=0.0601, train_acc=0.4600, dev_loss=0.0630, dev_acc=0.4009, time=2.6s
2025-10-21 08:18:14,663 - INFO - Epoch 55: train_loss=0.0613, train_acc=0.4338, dev_loss=0.0630, dev_acc=0.3917, time=2.7s
2025-10-21 08:18:17,389 - INFO - Epoch 56: train_loss=0.0602, train_acc=0.4477, dev_loss=0.0631, dev_acc=0.3871, time=2.7s
2025-10-21 08:18:19,978 - INFO - Epoch 57: train_loss=0.0613, train_acc=0.4400, dev_loss=0.0630, dev_acc=0.4009, time=2.6s
2025-10-21 08:18:22,590 - INFO - Epoch 58: train_loss=0.0604, train_acc=0.4246, dev_loss=0.0630, dev_acc=0.3963, time=2.6s
2025-10-21 08:18:25,171 - INFO - Epoch 59: train_loss=0.0612, train_acc=0.4200, dev_loss=0.0630, dev_acc=0.4009, time=2.6s
2025-10-21 08:18:28,039 - INFO - Epoch 60: train_loss=0.0609, train_acc=0.4523, dev_loss=0.0631, dev_acc=0.3871, time=2.9s
2025-10-21 08:18:30,691 - INFO - Epoch 61: train_loss=0.0608, train_acc=0.4477, dev_loss=0.0630, dev_acc=0.3917, time=2.7s
2025-10-21 08:18:33,676 - INFO - Epoch 62: train_loss=0.0607, train_acc=0.4646, dev_loss=0.0630, dev_acc=0.3917, time=3.0s
2025-10-21 08:18:36,973 - INFO - Epoch 63: train_loss=0.0611, train_acc=0.4477, dev_loss=0.0630, dev_acc=0.3917, time=3.3s
2025-10-21 08:18:39,900 - INFO - Epoch 64: train_loss=0.0605, train_acc=0.4523, dev_loss=0.0631, dev_acc=0.3871, time=2.9s
2025-10-21 08:18:42,832 - INFO - Epoch 65: train_loss=0.0610, train_acc=0.4246, dev_loss=0.0630, dev_acc=0.3917, time=2.9s
2025-10-21 08:18:45,488 - INFO - Epoch 66: train_loss=0.0616, train_acc=0.4415, dev_loss=0.0630, dev_acc=0.4194, time=2.7s
2025-10-21 08:18:48,077 - INFO - Epoch 67: train_loss=0.0616, train_acc=0.4308, dev_loss=0.0631, dev_acc=0.3917, time=2.6s
2025-10-21 08:18:50,614 - INFO - Epoch 68: train_loss=0.0613, train_acc=0.4369, dev_loss=0.0630, dev_acc=0.3917, time=2.5s
2025-10-21 08:18:53,266 - INFO - Epoch 69: train_loss=0.0610, train_acc=0.4277, dev_loss=0.0631, dev_acc=0.4101, time=2.7s
2025-10-21 08:18:56,193 - INFO - Epoch 70: train_loss=0.0621, train_acc=0.4246, dev_loss=0.0630, dev_acc=0.3871, time=2.9s
2025-10-21 08:18:58,735 - INFO - Epoch 71: train_loss=0.0608, train_acc=0.4431, dev_loss=0.0629, dev_acc=0.3917, time=2.5s
2025-10-21 08:19:01,334 - INFO - Epoch 72: train_loss=0.0605, train_acc=0.4400, dev_loss=0.0629, dev_acc=0.3963, time=2.6s
2025-10-21 08:19:03,910 - INFO - Epoch 73: train_loss=0.0607, train_acc=0.4431, dev_loss=0.0629, dev_acc=0.4055, time=2.6s
2025-10-21 08:19:06,836 - INFO - Epoch 74: train_loss=0.0612, train_acc=0.4215, dev_loss=0.0630, dev_acc=0.3963, time=2.9s
2025-10-21 08:19:09,826 - INFO - Epoch 75: train_loss=0.0611, train_acc=0.4446, dev_loss=0.0631, dev_acc=0.4009, time=3.0s
2025-10-21 08:19:12,647 - INFO - Epoch 76: train_loss=0.0611, train_acc=0.4292, dev_loss=0.0630, dev_acc=0.3963, time=2.8s
2025-10-21 08:19:16,070 - INFO - Epoch 77: train_loss=0.0620, train_acc=0.4246, dev_loss=0.0630, dev_acc=0.3917, time=3.4s
2025-10-21 08:19:19,060 - INFO - Epoch 78: train_loss=0.0612, train_acc=0.4554, dev_loss=0.0629, dev_acc=0.3917, time=3.0s
2025-10-21 08:19:21,883 - INFO - Epoch 79: train_loss=0.0610, train_acc=0.4446, dev_loss=0.0631, dev_acc=0.3963, time=2.8s
2025-10-21 08:19:24,409 - INFO - Epoch 80: train_loss=0.0610, train_acc=0.4446, dev_loss=0.0629, dev_acc=0.3917, time=2.5s
2025-10-21 08:19:27,296 - INFO - Epoch 81: train_loss=0.0611, train_acc=0.4385, dev_loss=0.0629, dev_acc=0.4194, time=2.9s
2025-10-21 08:19:30,025 - INFO - Epoch 82: train_loss=0.0606, train_acc=0.4338, dev_loss=0.0630, dev_acc=0.4101, time=2.7s
2025-10-21 08:19:32,543 - INFO - Epoch 83: train_loss=0.0612, train_acc=0.4538, dev_loss=0.0629, dev_acc=0.3917, time=2.5s
2025-10-21 08:19:35,100 - INFO - Epoch 84: train_loss=0.0612, train_acc=0.4508, dev_loss=0.0629, dev_acc=0.3917, time=2.6s
2025-10-21 08:19:37,654 - INFO - Epoch 85: train_loss=0.0611, train_acc=0.4369, dev_loss=0.0629, dev_acc=0.3963, time=2.6s
2025-10-21 08:19:40,419 - INFO - Epoch 86: train_loss=0.0604, train_acc=0.4646, dev_loss=0.0629, dev_acc=0.3871, time=2.8s
2025-10-21 08:19:42,977 - INFO - Epoch 87: train_loss=0.0600, train_acc=0.4600, dev_loss=0.0630, dev_acc=0.3917, time=2.6s
2025-10-21 08:19:45,610 - INFO - Epoch 88: train_loss=0.0616, train_acc=0.4185, dev_loss=0.0630, dev_acc=0.3917, time=2.6s
2025-10-21 08:19:47,897 - INFO - Epoch 89: train_loss=0.0599, train_acc=0.4523, dev_loss=0.0630, dev_acc=0.3963, time=2.3s
2025-10-21 08:19:50,292 - INFO - Epoch 90: train_loss=0.0605, train_acc=0.4246, dev_loss=0.0630, dev_acc=0.3917, time=2.4s
2025-10-21 08:19:52,651 - INFO - Epoch 91: train_loss=0.0599, train_acc=0.4431, dev_loss=0.0629, dev_acc=0.3917, time=2.4s
2025-10-21 08:19:54,943 - INFO - Epoch 92: train_loss=0.0606, train_acc=0.4200, dev_loss=0.0629, dev_acc=0.4009, time=2.3s
2025-10-21 08:19:57,133 - INFO - Epoch 93: train_loss=0.0616, train_acc=0.4431, dev_loss=0.0631, dev_acc=0.4055, time=2.2s
2025-10-21 08:19:59,375 - INFO - Epoch 94: train_loss=0.0612, train_acc=0.4292, dev_loss=0.0631, dev_acc=0.4009, time=2.2s
2025-10-21 08:20:01,609 - INFO - Epoch 95: train_loss=0.0614, train_acc=0.4323, dev_loss=0.0631, dev_acc=0.4009, time=2.2s
2025-10-21 08:20:03,932 - INFO - Epoch 96: train_loss=0.0607, train_acc=0.4462, dev_loss=0.0630, dev_acc=0.3917, time=2.3s
2025-10-21 08:20:06,205 - INFO - Epoch 97: train_loss=0.0613, train_acc=0.4415, dev_loss=0.0630, dev_acc=0.3871, time=2.3s
2025-10-21 08:20:08,302 - INFO - Epoch 98: train_loss=0.0605, train_acc=0.4415, dev_loss=0.0630, dev_acc=0.4009, time=2.1s
2025-10-21 08:20:10,584 - INFO - Epoch 99: train_loss=0.0605, train_acc=0.4462, dev_loss=0.0631, dev_acc=0.4009, time=2.3s
2025-10-21 08:20:12,848 - INFO - Epoch 100: train_loss=0.0601, train_acc=0.4462, dev_loss=0.0630, dev_acc=0.3917, time=2.3s
2025-10-21 08:20:15,211 - INFO - Epoch 101: train_loss=0.0607, train_acc=0.4477, dev_loss=0.0631, dev_acc=0.3917, time=2.4s
2025-10-21 08:20:17,615 - INFO - Epoch 102: train_loss=0.0608, train_acc=0.4600, dev_loss=0.0630, dev_acc=0.3963, time=2.4s
2025-10-21 08:20:20,246 - INFO - Epoch 103: train_loss=0.0605, train_acc=0.4523, dev_loss=0.0630, dev_acc=0.3917, time=2.6s
2025-10-21 08:20:22,889 - INFO - Epoch 104: train_loss=0.0611, train_acc=0.4523, dev_loss=0.0629, dev_acc=0.3963, time=2.6s
2025-10-21 08:20:25,451 - INFO - Epoch 105: train_loss=0.0612, train_acc=0.4323, dev_loss=0.0632, dev_acc=0.4055, time=2.6s
2025-10-21 08:20:28,268 - INFO - Epoch 106: train_loss=0.0605, train_acc=0.4569, dev_loss=0.0630, dev_acc=0.3917, time=2.8s
2025-10-21 08:20:30,983 - INFO - Epoch 107: train_loss=0.0606, train_acc=0.4462, dev_loss=0.0630, dev_acc=0.3917, time=2.7s
2025-10-21 08:20:33,584 - INFO - Epoch 108: train_loss=0.0606, train_acc=0.4338, dev_loss=0.0630, dev_acc=0.3917, time=2.6s
2025-10-21 08:20:36,138 - INFO - Epoch 109: train_loss=0.0611, train_acc=0.4415, dev_loss=0.0630, dev_acc=0.3825, time=2.6s
2025-10-21 08:20:38,813 - INFO - Epoch 110: train_loss=0.0611, train_acc=0.4446, dev_loss=0.0630, dev_acc=0.3825, time=2.7s
2025-10-21 08:20:41,570 - INFO - Epoch 111: train_loss=0.0604, train_acc=0.4385, dev_loss=0.0630, dev_acc=0.4009, time=2.8s
2025-10-21 08:20:44,163 - INFO - Epoch 112: train_loss=0.0608, train_acc=0.4369, dev_loss=0.0630, dev_acc=0.3917, time=2.6s
2025-10-21 08:20:46,991 - INFO - Epoch 113: train_loss=0.0614, train_acc=0.4369, dev_loss=0.0631, dev_acc=0.3917, time=2.8s
2025-10-21 08:20:50,065 - INFO - Epoch 114: train_loss=0.0614, train_acc=0.4508, dev_loss=0.0631, dev_acc=0.3917, time=3.1s
2025-10-21 08:20:52,862 - INFO - Epoch 115: train_loss=0.0611, train_acc=0.4323, dev_loss=0.0630, dev_acc=0.3917, time=2.8s
2025-10-21 08:20:55,423 - INFO - Epoch 116: train_loss=0.0606, train_acc=0.4492, dev_loss=0.0630, dev_acc=0.3917, time=2.6s
2025-10-21 08:20:58,021 - INFO - Epoch 117: train_loss=0.0607, train_acc=0.4492, dev_loss=0.0630, dev_acc=0.3917, time=2.6s
2025-10-21 08:21:00,495 - INFO - Epoch 118: train_loss=0.0618, train_acc=0.4292, dev_loss=0.0629, dev_acc=0.3871, time=2.5s
2025-10-21 08:21:03,486 - INFO - Epoch 119: train_loss=0.0619, train_acc=0.4462, dev_loss=0.0630, dev_acc=0.3917, time=3.0s
2025-10-21 08:21:06,411 - INFO - Epoch 120: train_loss=0.0612, train_acc=0.4323, dev_loss=0.0630, dev_acc=0.4055, time=2.9s
2025-10-21 08:21:09,183 - INFO - Epoch 121: train_loss=0.0612, train_acc=0.4400, dev_loss=0.0630, dev_acc=0.3963, time=2.8s
2025-10-21 08:21:11,729 - INFO - Epoch 122: train_loss=0.0607, train_acc=0.4569, dev_loss=0.0630, dev_acc=0.3917, time=2.5s
2025-10-21 08:21:14,584 - INFO - Epoch 123: train_loss=0.0601, train_acc=0.4708, dev_loss=0.0629, dev_acc=0.3917, time=2.9s
2025-10-21 08:21:17,200 - INFO - Epoch 124: train_loss=0.0601, train_acc=0.4523, dev_loss=0.0630, dev_acc=0.3871, time=2.6s
2025-10-21 08:21:19,859 - INFO - Epoch 125: train_loss=0.0600, train_acc=0.4523, dev_loss=0.0630, dev_acc=0.3871, time=2.7s
2025-10-21 08:21:22,555 - INFO - Epoch 126: train_loss=0.0614, train_acc=0.4308, dev_loss=0.0630, dev_acc=0.4009, time=2.7s
2025-10-21 08:21:25,177 - INFO - Epoch 127: train_loss=0.0609, train_acc=0.4492, dev_loss=0.0630, dev_acc=0.4009, time=2.6s
2025-10-21 08:21:27,784 - INFO - Epoch 128: train_loss=0.0610, train_acc=0.4369, dev_loss=0.0630, dev_acc=0.3871, time=2.6s
2025-10-21 08:21:30,559 - INFO - Epoch 129: train_loss=0.0609, train_acc=0.4538, dev_loss=0.0631, dev_acc=0.3963, time=2.8s
2025-10-21 08:21:33,260 - INFO - Epoch 130: train_loss=0.0619, train_acc=0.4338, dev_loss=0.0630, dev_acc=0.3917, time=2.7s
2025-10-21 08:21:35,886 - INFO - Epoch 131: train_loss=0.0604, train_acc=0.4385, dev_loss=0.0630, dev_acc=0.3871, time=2.6s
2025-10-21 08:21:38,452 - INFO - Epoch 132: train_loss=0.0614, train_acc=0.4246, dev_loss=0.0629, dev_acc=0.4055, time=2.6s
2025-10-21 08:21:41,026 - INFO - Epoch 133: train_loss=0.0613, train_acc=0.4492, dev_loss=0.0629, dev_acc=0.3871, time=2.6s
2025-10-21 08:21:43,758 - INFO - Epoch 134: train_loss=0.0603, train_acc=0.4523, dev_loss=0.0630, dev_acc=0.3917, time=2.7s
2025-10-21 08:21:46,414 - INFO - Epoch 135: train_loss=0.0606, train_acc=0.4431, dev_loss=0.0630, dev_acc=0.4194, time=2.7s
2025-10-21 08:21:48,991 - INFO - Epoch 136: train_loss=0.0603, train_acc=0.4646, dev_loss=0.0630, dev_acc=0.4055, time=2.6s
2025-10-21 08:21:51,533 - INFO - Epoch 137: train_loss=0.0608, train_acc=0.4415, dev_loss=0.0630, dev_acc=0.4009, time=2.5s
2025-10-21 08:21:54,124 - INFO - Epoch 138: train_loss=0.0604, train_acc=0.4477, dev_loss=0.0630, dev_acc=0.3917, time=2.6s
2025-10-21 08:21:56,858 - INFO - Epoch 139: train_loss=0.0604, train_acc=0.4554, dev_loss=0.0630, dev_acc=0.4009, time=2.7s
2025-10-21 08:21:59,483 - INFO - Epoch 140: train_loss=0.0608, train_acc=0.4662, dev_loss=0.0630, dev_acc=0.4147, time=2.6s
2025-10-21 08:22:02,127 - INFO - Epoch 141: train_loss=0.0607, train_acc=0.4462, dev_loss=0.0631, dev_acc=0.3871, time=2.6s
2025-10-21 08:22:04,613 - INFO - Epoch 142: train_loss=0.0606, train_acc=0.4262, dev_loss=0.0630, dev_acc=0.4009, time=2.5s
2025-10-21 08:22:07,342 - INFO - Epoch 143: train_loss=0.0620, train_acc=0.4092, dev_loss=0.0630, dev_acc=0.3917, time=2.7s
2025-10-21 08:22:10,092 - INFO - Epoch 144: train_loss=0.0610, train_acc=0.4431, dev_loss=0.0630, dev_acc=0.3871, time=2.7s
2025-10-21 08:22:12,632 - INFO - Epoch 145: train_loss=0.0606, train_acc=0.4615, dev_loss=0.0630, dev_acc=0.3871, time=2.5s
2025-10-21 08:22:15,222 - INFO - Epoch 146: train_loss=0.0604, train_acc=0.4600, dev_loss=0.0630, dev_acc=0.3917, time=2.6s
2025-10-21 08:22:17,769 - INFO - Epoch 147: train_loss=0.0614, train_acc=0.4462, dev_loss=0.0630, dev_acc=0.3917, time=2.5s
2025-10-21 08:22:20,401 - INFO - Epoch 148: train_loss=0.0609, train_acc=0.4615, dev_loss=0.0631, dev_acc=0.3917, time=2.6s
2025-10-21 08:22:22,668 - INFO - Epoch 149: train_loss=0.0618, train_acc=0.4246, dev_loss=0.0631, dev_acc=0.3917, time=2.3s
2025-10-21 08:22:24,908 - INFO - Epoch 150: train_loss=0.0609, train_acc=0.4231, dev_loss=0.0631, dev_acc=0.4009, time=2.2s
2025-10-21 08:22:27,172 - INFO - Epoch 151: train_loss=0.0616, train_acc=0.4308, dev_loss=0.0630, dev_acc=0.3871, time=2.3s
2025-10-21 08:22:29,408 - INFO - Epoch 152: train_loss=0.0609, train_acc=0.4446, dev_loss=0.0630, dev_acc=0.3917, time=2.2s
2025-10-21 08:22:31,791 - INFO - Epoch 153: train_loss=0.0609, train_acc=0.4477, dev_loss=0.0631, dev_acc=0.3917, time=2.4s
2025-10-21 08:22:34,081 - INFO - Epoch 154: train_loss=0.0616, train_acc=0.4292, dev_loss=0.0631, dev_acc=0.3963, time=2.3s
2025-10-21 08:22:36,293 - INFO - Epoch 155: train_loss=0.0612, train_acc=0.4400, dev_loss=0.0631, dev_acc=0.3963, time=2.2s
2025-10-21 08:22:38,533 - INFO - Epoch 156: train_loss=0.0609, train_acc=0.4185, dev_loss=0.0629, dev_acc=0.3917, time=2.2s
2025-10-21 08:22:40,754 - INFO - Epoch 157: train_loss=0.0602, train_acc=0.4477, dev_loss=0.0630, dev_acc=0.3917, time=2.2s
2025-10-21 08:22:43,080 - INFO - Epoch 158: train_loss=0.0618, train_acc=0.4385, dev_loss=0.0630, dev_acc=0.3917, time=2.3s
2025-10-21 08:22:45,383 - INFO - Epoch 159: train_loss=0.0606, train_acc=0.4538, dev_loss=0.0629, dev_acc=0.4055, time=2.3s
2025-10-21 08:22:47,648 - INFO - Epoch 160: train_loss=0.0604, train_acc=0.4462, dev_loss=0.0630, dev_acc=0.3917, time=2.3s
2025-10-21 08:22:49,866 - INFO - Epoch 161: train_loss=0.0615, train_acc=0.4308, dev_loss=0.0630, dev_acc=0.3917, time=2.2s
2025-10-21 08:22:52,128 - INFO - Epoch 162: train_loss=0.0612, train_acc=0.4615, dev_loss=0.0630, dev_acc=0.4009, time=2.3s
2025-10-21 08:22:54,375 - INFO - Epoch 163: train_loss=0.0604, train_acc=0.4415, dev_loss=0.0629, dev_acc=0.4194, time=2.2s
2025-10-21 08:22:57,408 - INFO - Epoch 164: train_loss=0.0607, train_acc=0.4462, dev_loss=0.0630, dev_acc=0.3917, time=3.0s
2025-10-21 08:23:00,061 - INFO - Epoch 165: train_loss=0.0605, train_acc=0.4492, dev_loss=0.0630, dev_acc=0.4055, time=2.7s
2025-10-21 08:23:02,692 - INFO - Epoch 166: train_loss=0.0609, train_acc=0.4523, dev_loss=0.0630, dev_acc=0.3917, time=2.6s
2025-10-21 08:23:02,693 - INFO - 早停触发: 最佳轮次=66, 最佳验证准确率=0.4194
2025-10-21 08:23:03,108 - INFO - 第 4 折测试: 损失=0.0602, 准确率=0.4147, F1=0.3459
2025-10-21 08:23:03,109 - INFO - 
----- 第 5/5 折 -----
2025-10-21 08:23:03,178 - INFO - 训练设备: cpu | 融合方法: pmdf | 模态组合: ['ask', 'face']
2025-10-21 08:23:05,660 - INFO - Epoch 1: train_loss=0.0611, train_acc=0.4424, dev_loss=0.0617, dev_acc=0.4240, time=2.5s
2025-10-21 08:23:08,439 - INFO - Epoch 2: train_loss=0.0611, train_acc=0.4439, dev_loss=0.0616, dev_acc=0.4101, time=2.8s
2025-10-21 08:23:11,118 - INFO - Epoch 3: train_loss=0.0612, train_acc=0.4424, dev_loss=0.0617, dev_acc=0.4147, time=2.7s
2025-10-21 08:23:13,666 - INFO - Epoch 4: train_loss=0.0619, train_acc=0.4286, dev_loss=0.0617, dev_acc=0.4101, time=2.5s
2025-10-21 08:23:16,133 - INFO - Epoch 5: train_loss=0.0607, train_acc=0.4501, dev_loss=0.0616, dev_acc=0.4240, time=2.5s
2025-10-21 08:23:18,615 - INFO - Epoch 6: train_loss=0.0607, train_acc=0.4240, dev_loss=0.0617, dev_acc=0.4147, time=2.5s
2025-10-21 08:23:21,400 - INFO - Epoch 7: train_loss=0.0610, train_acc=0.4363, dev_loss=0.0616, dev_acc=0.4332, time=2.8s
2025-10-21 08:23:23,950 - INFO - Epoch 8: train_loss=0.0619, train_acc=0.4378, dev_loss=0.0616, dev_acc=0.4101, time=2.5s
2025-10-21 08:23:26,553 - INFO - Epoch 9: train_loss=0.0607, train_acc=0.4439, dev_loss=0.0616, dev_acc=0.4055, time=2.6s
2025-10-21 08:23:29,090 - INFO - Epoch 10: train_loss=0.0623, train_acc=0.4363, dev_loss=0.0616, dev_acc=0.4101, time=2.5s
2025-10-21 08:23:31,740 - INFO - Epoch 11: train_loss=0.0613, train_acc=0.4439, dev_loss=0.0616, dev_acc=0.4194, time=2.6s
2025-10-21 08:23:34,349 - INFO - Epoch 12: train_loss=0.0606, train_acc=0.4178, dev_loss=0.0616, dev_acc=0.4147, time=2.6s
2025-10-21 08:23:36,907 - INFO - Epoch 13: train_loss=0.0609, train_acc=0.4455, dev_loss=0.0616, dev_acc=0.4101, time=2.6s
2025-10-21 08:23:39,432 - INFO - Epoch 14: train_loss=0.0613, train_acc=0.4455, dev_loss=0.0617, dev_acc=0.4240, time=2.5s
2025-10-21 08:23:41,856 - INFO - Epoch 15: train_loss=0.0613, train_acc=0.4731, dev_loss=0.0617, dev_acc=0.4194, time=2.4s
2025-10-21 08:23:44,769 - INFO - Epoch 16: train_loss=0.0609, train_acc=0.4439, dev_loss=0.0617, dev_acc=0.4194, time=2.9s
2025-10-21 08:23:47,363 - INFO - Epoch 17: train_loss=0.0602, train_acc=0.4531, dev_loss=0.0616, dev_acc=0.4101, time=2.6s
2025-10-21 08:23:49,968 - INFO - Epoch 18: train_loss=0.0612, train_acc=0.4470, dev_loss=0.0616, dev_acc=0.4194, time=2.6s
2025-10-21 08:23:52,491 - INFO - Epoch 19: train_loss=0.0611, train_acc=0.4363, dev_loss=0.0616, dev_acc=0.4240, time=2.5s
2025-10-21 08:23:55,081 - INFO - Epoch 20: train_loss=0.0607, train_acc=0.4424, dev_loss=0.0617, dev_acc=0.4240, time=2.6s
2025-10-21 08:23:57,702 - INFO - Epoch 21: train_loss=0.0615, train_acc=0.4301, dev_loss=0.0616, dev_acc=0.4194, time=2.6s
2025-10-21 08:24:00,324 - INFO - Epoch 22: train_loss=0.0606, train_acc=0.4424, dev_loss=0.0616, dev_acc=0.4240, time=2.6s
2025-10-21 08:24:02,890 - INFO - Epoch 23: train_loss=0.0617, train_acc=0.4332, dev_loss=0.0616, dev_acc=0.4286, time=2.6s
2025-10-21 08:24:05,413 - INFO - Epoch 24: train_loss=0.0617, train_acc=0.4501, dev_loss=0.0616, dev_acc=0.4194, time=2.5s
2025-10-21 08:24:08,312 - INFO - Epoch 25: train_loss=0.0613, train_acc=0.4301, dev_loss=0.0616, dev_acc=0.4194, time=2.9s
2025-10-21 08:24:11,218 - INFO - Epoch 26: train_loss=0.0610, train_acc=0.4316, dev_loss=0.0616, dev_acc=0.4194, time=2.9s
2025-10-21 08:24:14,817 - INFO - Epoch 27: train_loss=0.0604, train_acc=0.4347, dev_loss=0.0616, dev_acc=0.4147, time=3.6s
2025-10-21 08:24:18,388 - INFO - Epoch 28: train_loss=0.0605, train_acc=0.4700, dev_loss=0.0616, dev_acc=0.4147, time=3.6s
2025-10-21 08:24:21,501 - INFO - Epoch 29: train_loss=0.0613, train_acc=0.4316, dev_loss=0.0617, dev_acc=0.4147, time=3.1s
2025-10-21 08:24:24,519 - INFO - Epoch 30: train_loss=0.0609, train_acc=0.4424, dev_loss=0.0616, dev_acc=0.4286, time=3.0s
2025-10-21 08:24:27,115 - INFO - Epoch 31: train_loss=0.0616, train_acc=0.4424, dev_loss=0.0616, dev_acc=0.4240, time=2.6s
2025-10-21 08:24:29,614 - INFO - Epoch 32: train_loss=0.0611, train_acc=0.4409, dev_loss=0.0617, dev_acc=0.4240, time=2.5s
2025-10-21 08:24:32,462 - INFO - Epoch 33: train_loss=0.0609, train_acc=0.4424, dev_loss=0.0616, dev_acc=0.4147, time=2.8s
2025-10-21 08:24:35,118 - INFO - Epoch 34: train_loss=0.0613, train_acc=0.4424, dev_loss=0.0617, dev_acc=0.4147, time=2.7s
2025-10-21 08:24:37,639 - INFO - Epoch 35: train_loss=0.0618, train_acc=0.4393, dev_loss=0.0616, dev_acc=0.4240, time=2.5s
2025-10-21 08:24:40,279 - INFO - Epoch 36: train_loss=0.0605, train_acc=0.4347, dev_loss=0.0617, dev_acc=0.4101, time=2.6s
2025-10-21 08:24:43,261 - INFO - Epoch 37: train_loss=0.0616, train_acc=0.4485, dev_loss=0.0616, dev_acc=0.4147, time=3.0s
2025-10-21 08:24:46,188 - INFO - Epoch 38: train_loss=0.0612, train_acc=0.4393, dev_loss=0.0616, dev_acc=0.4194, time=2.9s
2025-10-21 08:24:48,920 - INFO - Epoch 39: train_loss=0.0622, train_acc=0.4117, dev_loss=0.0616, dev_acc=0.4240, time=2.7s
2025-10-21 08:24:51,376 - INFO - Epoch 40: train_loss=0.0604, train_acc=0.4639, dev_loss=0.0616, dev_acc=0.4194, time=2.5s
2025-10-21 08:24:54,117 - INFO - Epoch 41: train_loss=0.0613, train_acc=0.4316, dev_loss=0.0616, dev_acc=0.4147, time=2.7s
2025-10-21 08:24:56,928 - INFO - Epoch 42: train_loss=0.0610, train_acc=0.4409, dev_loss=0.0617, dev_acc=0.4240, time=2.8s
2025-10-21 08:24:59,396 - INFO - Epoch 43: train_loss=0.0610, train_acc=0.4332, dev_loss=0.0617, dev_acc=0.4240, time=2.5s
2025-10-21 08:25:02,087 - INFO - Epoch 44: train_loss=0.0605, train_acc=0.4485, dev_loss=0.0617, dev_acc=0.4240, time=2.7s
2025-10-21 08:25:04,569 - INFO - Epoch 45: train_loss=0.0609, train_acc=0.4393, dev_loss=0.0616, dev_acc=0.4332, time=2.5s
2025-10-21 08:25:07,494 - INFO - Epoch 46: train_loss=0.0609, train_acc=0.4378, dev_loss=0.0617, dev_acc=0.4147, time=2.9s
2025-10-21 08:25:10,137 - INFO - Epoch 47: train_loss=0.0612, train_acc=0.4516, dev_loss=0.0616, dev_acc=0.4147, time=2.6s
2025-10-21 08:25:12,680 - INFO - Epoch 48: train_loss=0.0611, train_acc=0.4409, dev_loss=0.0616, dev_acc=0.4194, time=2.5s
2025-10-21 08:25:15,295 - INFO - Epoch 49: train_loss=0.0615, train_acc=0.4270, dev_loss=0.0617, dev_acc=0.4240, time=2.6s
2025-10-21 08:25:18,064 - INFO - Epoch 50: train_loss=0.0607, train_acc=0.4470, dev_loss=0.0616, dev_acc=0.4147, time=2.8s
2025-10-21 08:25:20,793 - INFO - Epoch 51: train_loss=0.0609, train_acc=0.4485, dev_loss=0.0617, dev_acc=0.4194, time=2.7s
2025-10-21 08:25:23,327 - INFO - Epoch 52: train_loss=0.0612, train_acc=0.4301, dev_loss=0.0617, dev_acc=0.4240, time=2.5s
2025-10-21 08:25:25,903 - INFO - Epoch 53: train_loss=0.0610, train_acc=0.4455, dev_loss=0.0617, dev_acc=0.4147, time=2.6s
2025-10-21 08:25:28,781 - INFO - Epoch 54: train_loss=0.0606, train_acc=0.4608, dev_loss=0.0616, dev_acc=0.4194, time=2.9s
2025-10-21 08:25:31,746 - INFO - Epoch 55: train_loss=0.0616, train_acc=0.4363, dev_loss=0.0617, dev_acc=0.4194, time=3.0s
2025-10-21 08:25:34,563 - INFO - Epoch 56: train_loss=0.0611, train_acc=0.4286, dev_loss=0.0616, dev_acc=0.4194, time=2.8s
2025-10-21 08:25:37,123 - INFO - Epoch 57: train_loss=0.0612, train_acc=0.4516, dev_loss=0.0616, dev_acc=0.4240, time=2.6s
2025-10-21 08:25:39,880 - INFO - Epoch 58: train_loss=0.0606, train_acc=0.4516, dev_loss=0.0616, dev_acc=0.4194, time=2.8s
2025-10-21 08:25:42,534 - INFO - Epoch 59: train_loss=0.0619, train_acc=0.4194, dev_loss=0.0616, dev_acc=0.4147, time=2.7s
2025-10-21 08:25:45,084 - INFO - Epoch 60: train_loss=0.0618, train_acc=0.4301, dev_loss=0.0616, dev_acc=0.4009, time=2.5s
2025-10-21 08:25:47,706 - INFO - Epoch 61: train_loss=0.0609, train_acc=0.4393, dev_loss=0.0616, dev_acc=0.4194, time=2.6s
2025-10-21 08:25:50,315 - INFO - Epoch 62: train_loss=0.0608, train_acc=0.4393, dev_loss=0.0616, dev_acc=0.4101, time=2.6s
2025-10-21 08:25:53,054 - INFO - Epoch 63: train_loss=0.0612, train_acc=0.4424, dev_loss=0.0617, dev_acc=0.4194, time=2.7s
2025-10-21 08:25:55,728 - INFO - Epoch 64: train_loss=0.0613, train_acc=0.4332, dev_loss=0.0616, dev_acc=0.4240, time=2.7s
2025-10-21 08:25:58,295 - INFO - Epoch 65: train_loss=0.0605, train_acc=0.4240, dev_loss=0.0616, dev_acc=0.4194, time=2.6s
2025-10-21 08:26:00,877 - INFO - Epoch 66: train_loss=0.0606, train_acc=0.4332, dev_loss=0.0617, dev_acc=0.4194, time=2.6s
2025-10-21 08:26:03,553 - INFO - Epoch 67: train_loss=0.0606, train_acc=0.4547, dev_loss=0.0616, dev_acc=0.4101, time=2.7s
2025-10-21 08:26:06,329 - INFO - Epoch 68: train_loss=0.0607, train_acc=0.4332, dev_loss=0.0617, dev_acc=0.4240, time=2.8s
2025-10-21 08:26:08,869 - INFO - Epoch 69: train_loss=0.0612, train_acc=0.4439, dev_loss=0.0617, dev_acc=0.4147, time=2.5s
2025-10-21 08:26:11,549 - INFO - Epoch 70: train_loss=0.0613, train_acc=0.4470, dev_loss=0.0617, dev_acc=0.4240, time=2.7s
2025-10-21 08:26:14,113 - INFO - Epoch 71: train_loss=0.0616, train_acc=0.4409, dev_loss=0.0616, dev_acc=0.4240, time=2.6s
2025-10-21 08:26:16,855 - INFO - Epoch 72: train_loss=0.0610, train_acc=0.4378, dev_loss=0.0616, dev_acc=0.4240, time=2.7s
2025-10-21 08:26:19,612 - INFO - Epoch 73: train_loss=0.0614, train_acc=0.4286, dev_loss=0.0616, dev_acc=0.4194, time=2.8s
2025-10-21 08:26:22,204 - INFO - Epoch 74: train_loss=0.0614, train_acc=0.4301, dev_loss=0.0616, dev_acc=0.4101, time=2.6s
2025-10-21 08:26:24,978 - INFO - Epoch 75: train_loss=0.0622, train_acc=0.4547, dev_loss=0.0617, dev_acc=0.4194, time=2.8s
2025-10-21 08:26:28,003 - INFO - Epoch 76: train_loss=0.0610, train_acc=0.4301, dev_loss=0.0616, dev_acc=0.4194, time=3.0s
2025-10-21 08:26:30,947 - INFO - Epoch 77: train_loss=0.0615, train_acc=0.4393, dev_loss=0.0616, dev_acc=0.4240, time=2.9s
2025-10-21 08:26:33,693 - INFO - Epoch 78: train_loss=0.0611, train_acc=0.4516, dev_loss=0.0616, dev_acc=0.4240, time=2.7s
2025-10-21 08:26:36,287 - INFO - Epoch 79: train_loss=0.0613, train_acc=0.4470, dev_loss=0.0616, dev_acc=0.4194, time=2.6s
2025-10-21 08:26:39,271 - INFO - Epoch 80: train_loss=0.0610, train_acc=0.4378, dev_loss=0.0616, dev_acc=0.4240, time=3.0s
2025-10-21 08:26:42,133 - INFO - Epoch 81: train_loss=0.0612, train_acc=0.4393, dev_loss=0.0616, dev_acc=0.4101, time=2.9s
2025-10-21 08:26:44,863 - INFO - Epoch 82: train_loss=0.0613, train_acc=0.4393, dev_loss=0.0617, dev_acc=0.4194, time=2.7s
2025-10-21 08:26:47,896 - INFO - Epoch 83: train_loss=0.0600, train_acc=0.4578, dev_loss=0.0616, dev_acc=0.4194, time=3.0s
2025-10-21 08:26:51,085 - INFO - Epoch 84: train_loss=0.0614, train_acc=0.4363, dev_loss=0.0616, dev_acc=0.4147, time=3.2s
2025-10-21 08:26:54,095 - INFO - Epoch 85: train_loss=0.0614, train_acc=0.4363, dev_loss=0.0616, dev_acc=0.4240, time=3.0s
2025-10-21 08:26:57,543 - INFO - Epoch 86: train_loss=0.0624, train_acc=0.4240, dev_loss=0.0616, dev_acc=0.4240, time=3.4s
2025-10-21 08:27:01,322 - INFO - Epoch 87: train_loss=0.0615, train_acc=0.4163, dev_loss=0.0616, dev_acc=0.4147, time=3.8s
2025-10-21 08:27:04,540 - INFO - Epoch 88: train_loss=0.0608, train_acc=0.4516, dev_loss=0.0616, dev_acc=0.4194, time=3.2s
2025-10-21 08:27:07,284 - INFO - Epoch 89: train_loss=0.0612, train_acc=0.4286, dev_loss=0.0616, dev_acc=0.4147, time=2.7s
2025-10-21 08:27:09,929 - INFO - Epoch 90: train_loss=0.0608, train_acc=0.4378, dev_loss=0.0616, dev_acc=0.4147, time=2.6s
2025-10-21 08:27:12,531 - INFO - Epoch 91: train_loss=0.0608, train_acc=0.4316, dev_loss=0.0616, dev_acc=0.4194, time=2.6s
2025-10-21 08:27:15,420 - INFO - Epoch 92: train_loss=0.0609, train_acc=0.4332, dev_loss=0.0616, dev_acc=0.4240, time=2.9s
2025-10-21 08:27:17,970 - INFO - Epoch 93: train_loss=0.0611, train_acc=0.4424, dev_loss=0.0616, dev_acc=0.4101, time=2.6s
2025-10-21 08:27:20,599 - INFO - Epoch 94: train_loss=0.0611, train_acc=0.4409, dev_loss=0.0616, dev_acc=0.4240, time=2.6s
2025-10-21 08:27:23,095 - INFO - Epoch 95: train_loss=0.0613, train_acc=0.4393, dev_loss=0.0616, dev_acc=0.4194, time=2.5s
2025-10-21 08:27:25,874 - INFO - Epoch 96: train_loss=0.0607, train_acc=0.4270, dev_loss=0.0616, dev_acc=0.4055, time=2.8s
2025-10-21 08:27:28,541 - INFO - Epoch 97: train_loss=0.0608, train_acc=0.4378, dev_loss=0.0617, dev_acc=0.4240, time=2.7s
2025-10-21 08:27:31,044 - INFO - Epoch 98: train_loss=0.0616, train_acc=0.4393, dev_loss=0.0616, dev_acc=0.4194, time=2.5s
2025-10-21 08:27:33,629 - INFO - Epoch 99: train_loss=0.0612, train_acc=0.4531, dev_loss=0.0617, dev_acc=0.4194, time=2.6s
2025-10-21 08:27:36,228 - INFO - Epoch 100: train_loss=0.0614, train_acc=0.4378, dev_loss=0.0617, dev_acc=0.4240, time=2.6s
2025-10-21 08:27:39,077 - INFO - Epoch 101: train_loss=0.0611, train_acc=0.4578, dev_loss=0.0616, dev_acc=0.4240, time=2.8s
2025-10-21 08:27:41,686 - INFO - Epoch 102: train_loss=0.0619, train_acc=0.4270, dev_loss=0.0616, dev_acc=0.4194, time=2.6s
2025-10-21 08:27:44,264 - INFO - Epoch 103: train_loss=0.0610, train_acc=0.4455, dev_loss=0.0617, dev_acc=0.4147, time=2.6s
2025-10-21 08:27:46,742 - INFO - Epoch 104: train_loss=0.0617, train_acc=0.4347, dev_loss=0.0616, dev_acc=0.4240, time=2.5s
2025-10-21 08:27:49,593 - INFO - Epoch 105: train_loss=0.0608, train_acc=0.4286, dev_loss=0.0617, dev_acc=0.4101, time=2.9s
2025-10-21 08:27:52,280 - INFO - Epoch 106: train_loss=0.0607, train_acc=0.4363, dev_loss=0.0616, dev_acc=0.4194, time=2.7s
2025-10-21 08:27:54,778 - INFO - Epoch 107: train_loss=0.0615, train_acc=0.4424, dev_loss=0.0616, dev_acc=0.4194, time=2.5s
2025-10-21 08:27:54,779 - INFO - 早停触发: 最佳轮次=7, 最佳验证准确率=0.4332
2025-10-21 08:27:55,220 - INFO - 第 5 折测试: 损失=0.0614, 准确率=0.4120, F1=0.3378
2025-10-21 08:27:55,221 - INFO - 
===== 交叉验证平均结果 =====
2025-10-21 08:27:55,222 - INFO - 平均准确率: 0.4345, 平均精确率: 0.5288
2025-10-21 08:27:55,222 - INFO - 平均召回率: 0.4345, 平均F1: 0.3463
2025-10-21 08:27:55,236 - INFO - 

==================== 开始实验: pmdf + ['ask', 'tongue'] ====================
