2025-10-21 08:27:55,260 - INFO - 
==================== 实验配置 ====================
2025-10-21 08:27:55,261 - INFO - 种子: 2023
2025-10-21 08:27:55,262 - INFO - 融合方法: pmdf
2025-10-21 08:27:55,262 - INFO - 模态组合: ['ask', 'tongue']
2025-10-21 08:27:55,263 - INFO - 批次大小: 32
2025-10-21 08:27:55,263 - INFO - 训练轮数: 1000
2025-10-21 08:27:55,264 - INFO - 学习率: 0.001
2025-10-21 08:27:55,264 - INFO - 早停轮数: 100
2025-10-21 08:27:55,265 - INFO - K折交叉验证: 5
2025-10-21 08:27:55,265 - INFO - 损失函数: MultiClassFocalLossWithAlpha
2025-10-21 08:27:55,266 - INFO - 优化器: Adam (
Parameter Group 0
    amsgrad: False
    betas: (0.5, 0.999)
    capturable: False
    decoupled_weight_decay: False
    differentiable: False
    eps: 1e-08
    foreach: None
    fused: None
    lr: 0.001
    maximize: False
    weight_decay: 0
)
2025-10-21 08:27:55,269 - INFO - 设备: cpu
2025-10-21 08:27:55,269 - INFO - =================================================

2025-10-21 08:27:55,271 - INFO - 
----- 第 1/5 折 -----
2025-10-21 08:27:55,356 - INFO - 训练设备: cpu | 融合方法: pmdf | 模态组合: ['ask', 'tongue']
2025-10-21 08:27:57,418 - INFO - Epoch 1: train_loss=0.1107, train_acc=0.3431, dev_loss=3.6666, dev_acc=0.4147, time=2.1s
2025-10-21 08:27:59,468 - INFO - Epoch 2: train_loss=0.0675, train_acc=0.3769, dev_loss=28.7401, dev_acc=0.4147, time=2.0s
2025-10-21 08:28:01,709 - INFO - Epoch 3: train_loss=0.0656, train_acc=0.4323, dev_loss=4.9532, dev_acc=0.4147, time=2.2s
2025-10-21 08:28:03,775 - INFO - Epoch 4: train_loss=0.0638, train_acc=0.4231, dev_loss=7.4724, dev_acc=0.2673, time=2.1s
2025-10-21 08:28:05,727 - INFO - Epoch 5: train_loss=0.0626, train_acc=0.4246, dev_loss=15.1441, dev_acc=0.2673, time=2.0s
2025-10-21 08:28:07,586 - INFO - Epoch 6: train_loss=0.0631, train_acc=0.4215, dev_loss=2.1939, dev_acc=0.3180, time=1.9s
2025-10-21 08:28:09,632 - INFO - Epoch 7: train_loss=0.0628, train_acc=0.4338, dev_loss=11.6872, dev_acc=0.4147, time=2.0s
2025-10-21 08:28:11,888 - INFO - Epoch 8: train_loss=0.0620, train_acc=0.4446, dev_loss=1.1535, dev_acc=0.4147, time=2.3s
2025-10-21 08:28:14,130 - INFO - Epoch 9: train_loss=0.0620, train_acc=0.4262, dev_loss=1.9855, dev_acc=0.4147, time=2.2s
2025-10-21 08:28:16,140 - INFO - Epoch 10: train_loss=0.0627, train_acc=0.4200, dev_loss=1.1287, dev_acc=0.3180, time=2.0s
2025-10-21 08:28:18,077 - INFO - Epoch 11: train_loss=0.0631, train_acc=0.4277, dev_loss=3.0069, dev_acc=0.4147, time=1.9s
2025-10-21 08:28:19,983 - INFO - Epoch 12: train_loss=0.0627, train_acc=0.4308, dev_loss=3.6325, dev_acc=0.4147, time=1.9s
2025-10-21 08:28:21,950 - INFO - Epoch 13: train_loss=0.0623, train_acc=0.3985, dev_loss=2.8312, dev_acc=0.4147, time=2.0s
2025-10-21 08:28:24,084 - INFO - Epoch 14: train_loss=0.0617, train_acc=0.4446, dev_loss=0.8058, dev_acc=0.4147, time=2.1s
2025-10-21 08:28:26,353 - INFO - Epoch 15: train_loss=0.0628, train_acc=0.4338, dev_loss=0.8415, dev_acc=0.3180, time=2.3s
2025-10-21 08:28:28,315 - INFO - Epoch 16: train_loss=0.0615, train_acc=0.4400, dev_loss=1.1213, dev_acc=0.4147, time=2.0s
2025-10-21 08:28:30,232 - INFO - Epoch 17: train_loss=0.0623, train_acc=0.4323, dev_loss=2.5604, dev_acc=0.4147, time=1.9s
2025-10-21 08:28:32,182 - INFO - Epoch 18: train_loss=0.0621, train_acc=0.4308, dev_loss=0.7365, dev_acc=0.4147, time=1.9s
2025-10-21 08:28:34,169 - INFO - Epoch 19: train_loss=0.0627, train_acc=0.4138, dev_loss=3.1048, dev_acc=0.4147, time=2.0s
2025-10-21 08:28:36,137 - INFO - Epoch 20: train_loss=0.0622, train_acc=0.4123, dev_loss=0.8533, dev_acc=0.4147, time=2.0s
2025-10-21 08:28:38,323 - INFO - Epoch 21: train_loss=0.0621, train_acc=0.4400, dev_loss=1.4749, dev_acc=0.4147, time=2.2s
2025-10-21 08:28:40,352 - INFO - Epoch 22: train_loss=0.0624, train_acc=0.4431, dev_loss=2.7653, dev_acc=0.4147, time=2.0s
2025-10-21 08:28:42,354 - INFO - Epoch 23: train_loss=0.0617, train_acc=0.4400, dev_loss=1.1327, dev_acc=0.2673, time=2.0s
2025-10-21 08:28:44,329 - INFO - Epoch 24: train_loss=0.0619, train_acc=0.4323, dev_loss=0.1939, dev_acc=0.4147, time=2.0s
2025-10-21 08:28:46,337 - INFO - Epoch 25: train_loss=0.0621, train_acc=0.4323, dev_loss=1.0951, dev_acc=0.4147, time=2.0s
2025-10-21 08:28:48,442 - INFO - Epoch 26: train_loss=0.0616, train_acc=0.4462, dev_loss=0.3142, dev_acc=0.4147, time=2.1s
2025-10-21 08:28:50,679 - INFO - Epoch 27: train_loss=0.0612, train_acc=0.4431, dev_loss=0.4018, dev_acc=0.4147, time=2.2s
2025-10-21 08:28:52,682 - INFO - Epoch 28: train_loss=0.0624, train_acc=0.4123, dev_loss=0.7843, dev_acc=0.4147, time=2.0s
2025-10-21 08:28:54,575 - INFO - Epoch 29: train_loss=0.0613, train_acc=0.4415, dev_loss=0.7632, dev_acc=0.4147, time=1.9s
2025-10-21 08:28:56,591 - INFO - Epoch 30: train_loss=0.0613, train_acc=0.4369, dev_loss=1.0838, dev_acc=0.4147, time=2.0s
2025-10-21 08:28:58,556 - INFO - Epoch 31: train_loss=0.0617, train_acc=0.4385, dev_loss=1.4852, dev_acc=0.2673, time=2.0s
2025-10-21 08:29:00,522 - INFO - Epoch 32: train_loss=0.0609, train_acc=0.4338, dev_loss=1.0741, dev_acc=0.4147, time=2.0s
2025-10-21 08:29:02,725 - INFO - Epoch 33: train_loss=0.0618, train_acc=0.4308, dev_loss=0.7033, dev_acc=0.3180, time=2.2s
2025-10-21 08:29:04,722 - INFO - Epoch 34: train_loss=0.0610, train_acc=0.4415, dev_loss=0.4722, dev_acc=0.4147, time=2.0s
2025-10-21 08:29:06,643 - INFO - Epoch 35: train_loss=0.0618, train_acc=0.4354, dev_loss=3.0802, dev_acc=0.4147, time=1.9s
2025-10-21 08:29:08,640 - INFO - Epoch 36: train_loss=0.0620, train_acc=0.4323, dev_loss=1.5317, dev_acc=0.4147, time=2.0s
2025-10-21 08:29:10,715 - INFO - Epoch 37: train_loss=0.0615, train_acc=0.4185, dev_loss=1.2781, dev_acc=0.4147, time=2.1s
2025-10-21 08:29:12,862 - INFO - Epoch 38: train_loss=0.0613, train_acc=0.4462, dev_loss=0.4740, dev_acc=0.2673, time=2.1s
2025-10-21 08:29:15,289 - INFO - Epoch 39: train_loss=0.0627, train_acc=0.4185, dev_loss=3.5288, dev_acc=0.2673, time=2.4s
2025-10-21 08:29:17,277 - INFO - Epoch 40: train_loss=0.0613, train_acc=0.4385, dev_loss=5.0159, dev_acc=0.4147, time=2.0s
2025-10-21 08:29:19,119 - INFO - Epoch 41: train_loss=0.0617, train_acc=0.4308, dev_loss=1.4354, dev_acc=0.4147, time=1.8s
2025-10-21 08:29:21,181 - INFO - Epoch 42: train_loss=0.0615, train_acc=0.4338, dev_loss=1.3191, dev_acc=0.4147, time=2.1s
2025-10-21 08:29:23,388 - INFO - Epoch 43: train_loss=0.0617, train_acc=0.4400, dev_loss=2.8869, dev_acc=0.4147, time=2.2s
2025-10-21 08:29:25,727 - INFO - Epoch 44: train_loss=0.0616, train_acc=0.4462, dev_loss=0.7065, dev_acc=0.4147, time=2.3s
2025-10-21 08:29:28,092 - INFO - Epoch 45: train_loss=0.0599, train_acc=0.4538, dev_loss=0.3710, dev_acc=0.4147, time=2.4s
2025-10-21 08:29:30,399 - INFO - Epoch 46: train_loss=0.0613, train_acc=0.4462, dev_loss=0.7577, dev_acc=0.4147, time=2.3s
2025-10-21 08:29:32,668 - INFO - Epoch 47: train_loss=0.0613, train_acc=0.4323, dev_loss=0.6118, dev_acc=0.4147, time=2.3s
2025-10-21 08:29:34,954 - INFO - Epoch 48: train_loss=0.0618, train_acc=0.4323, dev_loss=2.7300, dev_acc=0.4147, time=2.3s
2025-10-21 08:29:38,058 - INFO - Epoch 49: train_loss=0.0620, train_acc=0.4308, dev_loss=0.4960, dev_acc=0.4147, time=3.1s
2025-10-21 08:29:40,705 - INFO - Epoch 50: train_loss=0.0622, train_acc=0.4400, dev_loss=0.4516, dev_acc=0.4147, time=2.6s
2025-10-21 08:29:43,363 - INFO - Epoch 51: train_loss=0.0605, train_acc=0.4431, dev_loss=0.5920, dev_acc=0.4147, time=2.7s
2025-10-21 08:29:46,114 - INFO - Epoch 52: train_loss=0.0621, train_acc=0.4354, dev_loss=0.1287, dev_acc=0.4147, time=2.7s
2025-10-21 08:29:48,536 - INFO - Epoch 53: train_loss=0.0617, train_acc=0.4569, dev_loss=0.2762, dev_acc=0.2673, time=2.4s
2025-10-21 08:29:50,968 - INFO - Epoch 54: train_loss=0.0625, train_acc=0.4338, dev_loss=0.2305, dev_acc=0.4147, time=2.4s
2025-10-21 08:29:53,432 - INFO - Epoch 55: train_loss=0.0617, train_acc=0.4308, dev_loss=0.1267, dev_acc=0.4147, time=2.5s
2025-10-21 08:29:55,836 - INFO - Epoch 56: train_loss=0.0617, train_acc=0.4369, dev_loss=0.1773, dev_acc=0.4147, time=2.4s
2025-10-21 08:29:58,075 - INFO - Epoch 57: train_loss=0.0614, train_acc=0.4385, dev_loss=0.0771, dev_acc=0.4101, time=2.2s
2025-10-21 08:30:00,365 - INFO - Epoch 58: train_loss=0.0619, train_acc=0.4323, dev_loss=0.0645, dev_acc=0.3134, time=2.3s
2025-10-21 08:30:02,615 - INFO - Epoch 59: train_loss=0.0610, train_acc=0.4385, dev_loss=0.0936, dev_acc=0.4147, time=2.2s
2025-10-21 08:30:05,366 - INFO - Epoch 60: train_loss=0.0611, train_acc=0.4477, dev_loss=0.0725, dev_acc=0.4147, time=2.8s
2025-10-21 08:30:07,903 - INFO - Epoch 61: train_loss=0.0616, train_acc=0.4138, dev_loss=0.0718, dev_acc=0.4147, time=2.5s
2025-10-21 08:30:10,458 - INFO - Epoch 62: train_loss=0.0624, train_acc=0.4338, dev_loss=0.1083, dev_acc=0.4147, time=2.6s
2025-10-21 08:30:12,688 - INFO - Epoch 63: train_loss=0.0615, train_acc=0.4354, dev_loss=0.0814, dev_acc=0.2258, time=2.2s
2025-10-21 08:30:15,037 - INFO - Epoch 64: train_loss=0.0615, train_acc=0.4477, dev_loss=0.0644, dev_acc=0.4147, time=2.3s
2025-10-21 08:30:17,621 - INFO - Epoch 65: train_loss=0.0617, train_acc=0.4400, dev_loss=0.0696, dev_acc=0.4147, time=2.6s
2025-10-21 08:30:19,544 - INFO - Epoch 66: train_loss=0.0620, train_acc=0.4338, dev_loss=0.0649, dev_acc=0.4194, time=1.9s
2025-10-21 08:30:22,001 - INFO - Epoch 67: train_loss=0.0617, train_acc=0.4262, dev_loss=0.1030, dev_acc=0.4147, time=2.4s
2025-10-21 08:30:24,325 - INFO - Epoch 68: train_loss=0.0614, train_acc=0.4338, dev_loss=0.0932, dev_acc=0.4147, time=2.3s
2025-10-21 08:30:27,097 - INFO - Epoch 69: train_loss=0.0620, train_acc=0.4323, dev_loss=0.0725, dev_acc=0.4147, time=2.8s
2025-10-21 08:30:29,745 - INFO - Epoch 70: train_loss=0.0619, train_acc=0.4277, dev_loss=0.0662, dev_acc=0.4194, time=2.6s
2025-10-21 08:30:32,199 - INFO - Epoch 71: train_loss=0.0611, train_acc=0.4277, dev_loss=0.0684, dev_acc=0.4194, time=2.5s
2025-10-21 08:30:34,579 - INFO - Epoch 72: train_loss=0.0611, train_acc=0.4369, dev_loss=0.0651, dev_acc=0.2488, time=2.4s
2025-10-21 08:30:37,253 - INFO - Epoch 73: train_loss=0.0610, train_acc=0.4400, dev_loss=0.0613, dev_acc=0.4194, time=2.7s
2025-10-21 08:30:39,881 - INFO - Epoch 74: train_loss=0.0610, train_acc=0.4446, dev_loss=0.0645, dev_acc=0.4194, time=2.6s
2025-10-21 08:30:42,069 - INFO - Epoch 75: train_loss=0.0617, train_acc=0.4538, dev_loss=0.0674, dev_acc=0.4194, time=2.2s
2025-10-21 08:30:44,357 - INFO - Epoch 76: train_loss=0.0612, train_acc=0.4462, dev_loss=0.0612, dev_acc=0.4194, time=2.3s
2025-10-21 08:30:46,636 - INFO - Epoch 77: train_loss=0.0613, train_acc=0.4492, dev_loss=0.0627, dev_acc=0.4194, time=2.3s
2025-10-21 08:30:49,111 - INFO - Epoch 78: train_loss=0.0616, train_acc=0.4523, dev_loss=0.0614, dev_acc=0.4194, time=2.5s
2025-10-21 08:30:51,539 - INFO - Epoch 79: train_loss=0.0620, train_acc=0.4369, dev_loss=0.0629, dev_acc=0.4194, time=2.4s
2025-10-21 08:30:53,765 - INFO - Epoch 80: train_loss=0.0618, train_acc=0.4185, dev_loss=0.0632, dev_acc=0.4194, time=2.2s
2025-10-21 08:30:56,093 - INFO - Epoch 81: train_loss=0.0621, train_acc=0.4400, dev_loss=0.0611, dev_acc=0.4194, time=2.3s
2025-10-21 08:30:58,818 - INFO - Epoch 82: train_loss=0.0613, train_acc=0.4400, dev_loss=0.0605, dev_acc=0.4194, time=2.7s
2025-10-21 08:31:01,465 - INFO - Epoch 83: train_loss=0.0616, train_acc=0.4446, dev_loss=0.0605, dev_acc=0.4194, time=2.6s
2025-10-21 08:31:03,812 - INFO - Epoch 84: train_loss=0.0623, train_acc=0.4308, dev_loss=0.0607, dev_acc=0.4194, time=2.3s
2025-10-21 08:31:06,095 - INFO - Epoch 85: train_loss=0.0608, train_acc=0.4431, dev_loss=0.0605, dev_acc=0.4194, time=2.3s
2025-10-21 08:31:08,376 - INFO - Epoch 86: train_loss=0.0620, train_acc=0.4400, dev_loss=0.0605, dev_acc=0.4194, time=2.3s
2025-10-21 08:31:10,513 - INFO - Epoch 87: train_loss=0.0617, train_acc=0.4246, dev_loss=0.0602, dev_acc=0.4194, time=2.1s
2025-10-21 08:31:13,180 - INFO - Epoch 88: train_loss=0.0611, train_acc=0.4415, dev_loss=0.0606, dev_acc=0.4194, time=2.7s
2025-10-21 08:31:15,884 - INFO - Epoch 89: train_loss=0.0626, train_acc=0.4338, dev_loss=0.0609, dev_acc=0.4194, time=2.7s
2025-10-21 08:31:18,276 - INFO - Epoch 90: train_loss=0.0619, train_acc=0.4277, dev_loss=0.0600, dev_acc=0.4194, time=2.4s
2025-10-21 08:31:20,503 - INFO - Epoch 91: train_loss=0.0607, train_acc=0.4508, dev_loss=0.0605, dev_acc=0.4194, time=2.2s
2025-10-21 08:31:22,971 - INFO - Epoch 92: train_loss=0.0617, train_acc=0.4323, dev_loss=0.0600, dev_acc=0.4194, time=2.5s
2025-10-21 08:31:25,449 - INFO - Epoch 93: train_loss=0.0618, train_acc=0.4338, dev_loss=0.0606, dev_acc=0.4194, time=2.5s
2025-10-21 08:31:27,726 - INFO - Epoch 94: train_loss=0.0607, train_acc=0.4338, dev_loss=0.0602, dev_acc=0.4194, time=2.3s
2025-10-21 08:31:30,054 - INFO - Epoch 95: train_loss=0.0617, train_acc=0.4262, dev_loss=0.0603, dev_acc=0.4194, time=2.3s
2025-10-21 08:31:32,381 - INFO - Epoch 96: train_loss=0.0620, train_acc=0.4446, dev_loss=0.0602, dev_acc=0.4194, time=2.3s
2025-10-21 08:31:34,859 - INFO - Epoch 97: train_loss=0.0611, train_acc=0.4338, dev_loss=0.0602, dev_acc=0.4194, time=2.5s
2025-10-21 08:31:37,263 - INFO - Epoch 98: train_loss=0.0614, train_acc=0.4308, dev_loss=0.0605, dev_acc=0.4194, time=2.4s
2025-10-21 08:31:39,465 - INFO - Epoch 99: train_loss=0.0619, train_acc=0.4492, dev_loss=0.0602, dev_acc=0.4194, time=2.2s
2025-10-21 08:31:41,696 - INFO - Epoch 100: train_loss=0.0615, train_acc=0.4477, dev_loss=0.0602, dev_acc=0.4194, time=2.2s
2025-10-21 08:31:43,923 - INFO - Epoch 101: train_loss=0.0609, train_acc=0.4431, dev_loss=0.0602, dev_acc=0.4194, time=2.2s
2025-10-21 08:31:46,187 - INFO - Epoch 102: train_loss=0.0621, train_acc=0.4354, dev_loss=0.0603, dev_acc=0.4194, time=2.3s
2025-10-21 08:31:48,592 - INFO - Epoch 103: train_loss=0.0617, train_acc=0.4292, dev_loss=0.0604, dev_acc=0.4194, time=2.4s
2025-10-21 08:31:50,983 - INFO - Epoch 104: train_loss=0.0621, train_acc=0.4415, dev_loss=0.0604, dev_acc=0.4194, time=2.4s
2025-10-21 08:31:53,276 - INFO - Epoch 105: train_loss=0.0622, train_acc=0.4215, dev_loss=0.0602, dev_acc=0.4194, time=2.3s
2025-10-21 08:31:55,497 - INFO - Epoch 106: train_loss=0.0623, train_acc=0.4323, dev_loss=0.0604, dev_acc=0.4194, time=2.2s
2025-10-21 08:31:58,039 - INFO - Epoch 107: train_loss=0.0620, train_acc=0.4385, dev_loss=0.0601, dev_acc=0.4194, time=2.5s
2025-10-21 08:32:00,502 - INFO - Epoch 108: train_loss=0.0613, train_acc=0.4446, dev_loss=0.0602, dev_acc=0.4194, time=2.5s
2025-10-21 08:32:02,744 - INFO - Epoch 109: train_loss=0.0609, train_acc=0.4308, dev_loss=0.0602, dev_acc=0.4194, time=2.2s
2025-10-21 08:32:05,024 - INFO - Epoch 110: train_loss=0.0612, train_acc=0.4277, dev_loss=0.0603, dev_acc=0.4194, time=2.3s
2025-10-21 08:32:07,187 - INFO - Epoch 111: train_loss=0.0618, train_acc=0.4277, dev_loss=0.0603, dev_acc=0.4194, time=2.2s
2025-10-21 08:32:09,399 - INFO - Epoch 112: train_loss=0.0613, train_acc=0.4415, dev_loss=0.0605, dev_acc=0.4194, time=2.2s
2025-10-21 08:32:11,880 - INFO - Epoch 113: train_loss=0.0621, train_acc=0.4369, dev_loss=0.0603, dev_acc=0.4194, time=2.5s
2025-10-21 08:32:14,230 - INFO - Epoch 114: train_loss=0.0615, train_acc=0.4354, dev_loss=0.0602, dev_acc=0.4194, time=2.3s
2025-10-21 08:32:16,477 - INFO - Epoch 115: train_loss=0.0606, train_acc=0.4338, dev_loss=0.0604, dev_acc=0.4194, time=2.2s
2025-10-21 08:32:18,749 - INFO - Epoch 116: train_loss=0.0619, train_acc=0.4308, dev_loss=0.0604, dev_acc=0.4194, time=2.3s
2025-10-21 08:32:20,940 - INFO - Epoch 117: train_loss=0.0615, train_acc=0.4338, dev_loss=0.0603, dev_acc=0.4194, time=2.2s
2025-10-21 08:32:23,512 - INFO - Epoch 118: train_loss=0.0615, train_acc=0.4338, dev_loss=0.0603, dev_acc=0.4194, time=2.6s
2025-10-21 08:32:25,882 - INFO - Epoch 119: train_loss=0.0617, train_acc=0.4246, dev_loss=0.0603, dev_acc=0.4194, time=2.4s
2025-10-21 08:32:28,084 - INFO - Epoch 120: train_loss=0.0618, train_acc=0.4262, dev_loss=0.0603, dev_acc=0.4194, time=2.2s
2025-10-21 08:32:30,280 - INFO - Epoch 121: train_loss=0.0622, train_acc=0.4138, dev_loss=0.0603, dev_acc=0.4194, time=2.2s
2025-10-21 08:32:32,546 - INFO - Epoch 122: train_loss=0.0623, train_acc=0.4169, dev_loss=0.0604, dev_acc=0.4194, time=2.3s
2025-10-21 08:32:34,828 - INFO - Epoch 123: train_loss=0.0617, train_acc=0.4323, dev_loss=0.0603, dev_acc=0.4194, time=2.3s
2025-10-21 08:32:37,038 - INFO - Epoch 124: train_loss=0.0614, train_acc=0.4354, dev_loss=0.0602, dev_acc=0.4194, time=2.2s
2025-10-21 08:32:39,475 - INFO - Epoch 125: train_loss=0.0611, train_acc=0.4400, dev_loss=0.0602, dev_acc=0.4194, time=2.4s
2025-10-21 08:32:41,884 - INFO - Epoch 126: train_loss=0.0623, train_acc=0.4231, dev_loss=0.0605, dev_acc=0.4194, time=2.4s
2025-10-21 08:32:44,311 - INFO - Epoch 127: train_loss=0.0616, train_acc=0.4323, dev_loss=0.0603, dev_acc=0.4194, time=2.4s
2025-10-21 08:32:46,592 - INFO - Epoch 128: train_loss=0.0614, train_acc=0.4323, dev_loss=0.0602, dev_acc=0.4194, time=2.3s
2025-10-21 08:32:48,829 - INFO - Epoch 129: train_loss=0.0614, train_acc=0.4446, dev_loss=0.0605, dev_acc=0.4194, time=2.2s
2025-10-21 08:32:51,035 - INFO - Epoch 130: train_loss=0.0621, train_acc=0.4277, dev_loss=0.0604, dev_acc=0.4194, time=2.2s
2025-10-21 08:32:53,408 - INFO - Epoch 131: train_loss=0.0615, train_acc=0.4415, dev_loss=0.0603, dev_acc=0.4194, time=2.4s
2025-10-21 08:32:55,829 - INFO - Epoch 132: train_loss=0.0610, train_acc=0.4385, dev_loss=0.0602, dev_acc=0.4194, time=2.4s
2025-10-21 08:32:57,981 - INFO - Epoch 133: train_loss=0.0611, train_acc=0.4431, dev_loss=0.0603, dev_acc=0.4194, time=2.2s
2025-10-21 08:33:00,196 - INFO - Epoch 134: train_loss=0.0618, train_acc=0.4323, dev_loss=0.0603, dev_acc=0.4194, time=2.2s
2025-10-21 08:33:02,415 - INFO - Epoch 135: train_loss=0.0605, train_acc=0.4354, dev_loss=0.0603, dev_acc=0.4194, time=2.2s
2025-10-21 08:33:04,684 - INFO - Epoch 136: train_loss=0.0621, train_acc=0.4323, dev_loss=0.0605, dev_acc=0.4194, time=2.3s
2025-10-21 08:33:07,063 - INFO - Epoch 137: train_loss=0.0620, train_acc=0.4138, dev_loss=0.0603, dev_acc=0.4194, time=2.4s
2025-10-21 08:33:09,336 - INFO - Epoch 138: train_loss=0.0615, train_acc=0.4231, dev_loss=0.0603, dev_acc=0.4194, time=2.3s
2025-10-21 08:33:11,572 - INFO - Epoch 139: train_loss=0.0614, train_acc=0.4431, dev_loss=0.0603, dev_acc=0.4194, time=2.2s
2025-10-21 08:33:13,759 - INFO - Epoch 140: train_loss=0.0612, train_acc=0.4462, dev_loss=0.0603, dev_acc=0.4194, time=2.2s
2025-10-21 08:33:15,987 - INFO - Epoch 141: train_loss=0.0620, train_acc=0.4215, dev_loss=0.0602, dev_acc=0.4194, time=2.2s
2025-10-21 08:33:18,398 - INFO - Epoch 142: train_loss=0.0623, train_acc=0.4154, dev_loss=0.0603, dev_acc=0.4194, time=2.4s
2025-10-21 08:33:20,776 - INFO - Epoch 143: train_loss=0.0618, train_acc=0.4369, dev_loss=0.0603, dev_acc=0.4194, time=2.4s
2025-10-21 08:33:22,964 - INFO - Epoch 144: train_loss=0.0620, train_acc=0.4246, dev_loss=0.0603, dev_acc=0.4194, time=2.2s
2025-10-21 08:33:25,228 - INFO - Epoch 145: train_loss=0.0608, train_acc=0.4308, dev_loss=0.0602, dev_acc=0.4194, time=2.3s
2025-10-21 08:33:27,695 - INFO - Epoch 146: train_loss=0.0612, train_acc=0.4462, dev_loss=0.0603, dev_acc=0.4194, time=2.5s
2025-10-21 08:33:30,190 - INFO - Epoch 147: train_loss=0.0617, train_acc=0.4538, dev_loss=0.0603, dev_acc=0.4194, time=2.5s
2025-10-21 08:33:32,475 - INFO - Epoch 148: train_loss=0.0615, train_acc=0.4415, dev_loss=0.0604, dev_acc=0.4194, time=2.3s
2025-10-21 08:33:34,714 - INFO - Epoch 149: train_loss=0.0618, train_acc=0.4292, dev_loss=0.0603, dev_acc=0.4194, time=2.2s
2025-10-21 08:33:37,032 - INFO - Epoch 150: train_loss=0.0619, train_acc=0.4477, dev_loss=0.0603, dev_acc=0.4194, time=2.3s
2025-10-21 08:33:39,820 - INFO - Epoch 151: train_loss=0.0609, train_acc=0.4492, dev_loss=0.0603, dev_acc=0.4194, time=2.8s
2025-10-21 08:33:42,313 - INFO - Epoch 152: train_loss=0.0621, train_acc=0.4369, dev_loss=0.0603, dev_acc=0.4194, time=2.5s
2025-10-21 08:33:44,673 - INFO - Epoch 153: train_loss=0.0612, train_acc=0.4538, dev_loss=0.0604, dev_acc=0.4194, time=2.4s
2025-10-21 08:33:46,882 - INFO - Epoch 154: train_loss=0.0613, train_acc=0.4292, dev_loss=0.0603, dev_acc=0.4194, time=2.2s
2025-10-21 08:33:49,048 - INFO - Epoch 155: train_loss=0.0604, train_acc=0.4538, dev_loss=0.0602, dev_acc=0.4194, time=2.2s
2025-10-21 08:33:51,300 - INFO - Epoch 156: train_loss=0.0615, train_acc=0.4338, dev_loss=0.0605, dev_acc=0.4194, time=2.3s
2025-10-21 08:33:53,744 - INFO - Epoch 157: train_loss=0.0618, train_acc=0.4262, dev_loss=0.0603, dev_acc=0.4194, time=2.4s
2025-10-21 08:33:56,043 - INFO - Epoch 158: train_loss=0.0621, train_acc=0.4246, dev_loss=0.0602, dev_acc=0.4194, time=2.3s
2025-10-21 08:33:58,235 - INFO - Epoch 159: train_loss=0.0618, train_acc=0.4231, dev_loss=0.0603, dev_acc=0.4194, time=2.2s
2025-10-21 08:34:00,441 - INFO - Epoch 160: train_loss=0.0614, train_acc=0.4354, dev_loss=0.0603, dev_acc=0.4194, time=2.2s
2025-10-21 08:34:02,617 - INFO - Epoch 161: train_loss=0.0612, train_acc=0.4338, dev_loss=0.0603, dev_acc=0.4194, time=2.2s
2025-10-21 08:34:05,073 - INFO - Epoch 162: train_loss=0.0623, train_acc=0.4185, dev_loss=0.0602, dev_acc=0.4194, time=2.5s
2025-10-21 08:34:07,426 - INFO - Epoch 163: train_loss=0.0607, train_acc=0.4354, dev_loss=0.0603, dev_acc=0.4194, time=2.4s
2025-10-21 08:34:09,682 - INFO - Epoch 164: train_loss=0.0607, train_acc=0.4385, dev_loss=0.0602, dev_acc=0.4194, time=2.3s
2025-10-21 08:34:12,004 - INFO - Epoch 165: train_loss=0.0620, train_acc=0.4354, dev_loss=0.0602, dev_acc=0.4194, time=2.3s
2025-10-21 08:34:14,298 - INFO - Epoch 166: train_loss=0.0620, train_acc=0.4462, dev_loss=0.0603, dev_acc=0.4194, time=2.3s
2025-10-21 08:34:14,299 - INFO - 早停触发: 最佳轮次=66, 最佳验证准确率=0.4194
2025-10-21 08:34:14,685 - INFO - 第 1 折测试: 损失=0.0631, 准确率=0.4608, F1=0.3703
2025-10-21 08:34:14,685 - INFO - 
----- 第 2/5 折 -----
2025-10-21 08:34:14,767 - INFO - 训练设备: cpu | 融合方法: pmdf | 模态组合: ['ask', 'tongue']
2025-10-21 08:34:17,346 - INFO - Epoch 1: train_loss=0.0614, train_acc=0.4431, dev_loss=0.0609, dev_acc=0.4194, time=2.6s
2025-10-21 08:34:19,709 - INFO - Epoch 2: train_loss=0.0618, train_acc=0.4262, dev_loss=0.0604, dev_acc=0.4194, time=2.3s
2025-10-21 08:34:21,938 - INFO - Epoch 3: train_loss=0.0620, train_acc=0.4385, dev_loss=0.0603, dev_acc=0.4194, time=2.2s
2025-10-21 08:34:24,211 - INFO - Epoch 4: train_loss=0.0616, train_acc=0.4477, dev_loss=0.0604, dev_acc=0.4194, time=2.3s
2025-10-21 08:34:26,393 - INFO - Epoch 5: train_loss=0.0617, train_acc=0.4400, dev_loss=0.0604, dev_acc=0.4194, time=2.2s
2025-10-21 08:34:28,928 - INFO - Epoch 6: train_loss=0.0618, train_acc=0.4338, dev_loss=0.0604, dev_acc=0.4194, time=2.5s
2025-10-21 08:34:31,321 - INFO - Epoch 7: train_loss=0.0617, train_acc=0.4246, dev_loss=0.0604, dev_acc=0.4194, time=2.4s
2025-10-21 08:34:33,530 - INFO - Epoch 8: train_loss=0.0617, train_acc=0.4431, dev_loss=0.0604, dev_acc=0.4194, time=2.2s
2025-10-21 08:34:35,910 - INFO - Epoch 9: train_loss=0.0618, train_acc=0.4246, dev_loss=0.0604, dev_acc=0.4194, time=2.4s
2025-10-21 08:34:38,261 - INFO - Epoch 10: train_loss=0.0615, train_acc=0.4446, dev_loss=0.0604, dev_acc=0.4194, time=2.4s
2025-10-21 08:34:40,839 - INFO - Epoch 11: train_loss=0.0616, train_acc=0.4431, dev_loss=0.0604, dev_acc=0.4194, time=2.6s
2025-10-21 08:34:43,184 - INFO - Epoch 12: train_loss=0.0616, train_acc=0.4277, dev_loss=0.0604, dev_acc=0.4194, time=2.3s
2025-10-21 08:34:45,406 - INFO - Epoch 13: train_loss=0.0613, train_acc=0.4385, dev_loss=0.0606, dev_acc=0.4194, time=2.2s
2025-10-21 08:34:47,689 - INFO - Epoch 14: train_loss=0.0623, train_acc=0.4277, dev_loss=0.0604, dev_acc=0.4194, time=2.3s
2025-10-21 08:34:49,864 - INFO - Epoch 15: train_loss=0.0614, train_acc=0.4231, dev_loss=0.0604, dev_acc=0.4194, time=2.2s
2025-10-21 08:34:52,315 - INFO - Epoch 16: train_loss=0.0618, train_acc=0.4277, dev_loss=0.0604, dev_acc=0.4194, time=2.4s
2025-10-21 08:34:54,815 - INFO - Epoch 17: train_loss=0.0614, train_acc=0.4262, dev_loss=0.0604, dev_acc=0.4194, time=2.5s
2025-10-21 08:34:57,027 - INFO - Epoch 18: train_loss=0.0614, train_acc=0.4400, dev_loss=0.0605, dev_acc=0.4194, time=2.2s
2025-10-21 08:34:59,372 - INFO - Epoch 19: train_loss=0.0617, train_acc=0.4385, dev_loss=0.0604, dev_acc=0.4194, time=2.3s
2025-10-21 08:35:01,987 - INFO - Epoch 20: train_loss=0.0623, train_acc=0.4200, dev_loss=0.0604, dev_acc=0.4194, time=2.6s
2025-10-21 08:35:04,620 - INFO - Epoch 21: train_loss=0.0619, train_acc=0.4415, dev_loss=0.0604, dev_acc=0.4194, time=2.6s
2025-10-21 08:35:06,900 - INFO - Epoch 22: train_loss=0.0617, train_acc=0.4369, dev_loss=0.0605, dev_acc=0.4194, time=2.3s
2025-10-21 08:35:09,163 - INFO - Epoch 23: train_loss=0.0618, train_acc=0.4354, dev_loss=0.0603, dev_acc=0.4194, time=2.3s
2025-10-21 08:35:11,432 - INFO - Epoch 24: train_loss=0.0614, train_acc=0.4446, dev_loss=0.0605, dev_acc=0.4194, time=2.3s
2025-10-21 08:35:13,691 - INFO - Epoch 25: train_loss=0.0623, train_acc=0.4215, dev_loss=0.0604, dev_acc=0.4194, time=2.3s
2025-10-21 08:35:16,309 - INFO - Epoch 26: train_loss=0.0618, train_acc=0.4415, dev_loss=0.0605, dev_acc=0.4194, time=2.6s
2025-10-21 08:35:18,650 - INFO - Epoch 27: train_loss=0.0618, train_acc=0.4415, dev_loss=0.0604, dev_acc=0.4194, time=2.3s
2025-10-21 08:35:20,891 - INFO - Epoch 28: train_loss=0.0618, train_acc=0.4292, dev_loss=0.0604, dev_acc=0.4194, time=2.2s
2025-10-21 08:35:23,088 - INFO - Epoch 29: train_loss=0.0616, train_acc=0.4369, dev_loss=0.0604, dev_acc=0.4194, time=2.2s
2025-10-21 08:35:25,468 - INFO - Epoch 30: train_loss=0.0615, train_acc=0.4323, dev_loss=0.0604, dev_acc=0.4194, time=2.4s
2025-10-21 08:35:27,811 - INFO - Epoch 31: train_loss=0.0610, train_acc=0.4508, dev_loss=0.0604, dev_acc=0.4194, time=2.3s
2025-10-21 08:35:30,207 - INFO - Epoch 32: train_loss=0.0613, train_acc=0.4446, dev_loss=0.0606, dev_acc=0.4194, time=2.4s
2025-10-21 08:35:32,607 - INFO - Epoch 33: train_loss=0.0624, train_acc=0.4154, dev_loss=0.0604, dev_acc=0.4194, time=2.4s
2025-10-21 08:35:35,031 - INFO - Epoch 34: train_loss=0.0623, train_acc=0.4354, dev_loss=0.0605, dev_acc=0.4194, time=2.4s
2025-10-21 08:35:37,414 - INFO - Epoch 35: train_loss=0.0620, train_acc=0.4292, dev_loss=0.0605, dev_acc=0.4194, time=2.4s
2025-10-21 08:35:39,698 - INFO - Epoch 36: train_loss=0.0614, train_acc=0.4385, dev_loss=0.0604, dev_acc=0.4194, time=2.3s
2025-10-21 08:35:41,867 - INFO - Epoch 37: train_loss=0.0609, train_acc=0.4554, dev_loss=0.0606, dev_acc=0.4194, time=2.2s
2025-10-21 08:35:44,084 - INFO - Epoch 38: train_loss=0.0613, train_acc=0.4323, dev_loss=0.0604, dev_acc=0.4194, time=2.2s
2025-10-21 08:35:46,585 - INFO - Epoch 39: train_loss=0.0613, train_acc=0.4369, dev_loss=0.0604, dev_acc=0.4194, time=2.5s
2025-10-21 08:35:48,851 - INFO - Epoch 40: train_loss=0.0622, train_acc=0.4400, dev_loss=0.0604, dev_acc=0.4194, time=2.3s
2025-10-21 08:35:51,126 - INFO - Epoch 41: train_loss=0.0617, train_acc=0.4308, dev_loss=0.0605, dev_acc=0.4194, time=2.3s
2025-10-21 08:35:53,476 - INFO - Epoch 42: train_loss=0.0620, train_acc=0.4292, dev_loss=0.0604, dev_acc=0.4194, time=2.3s
2025-10-21 08:35:56,097 - INFO - Epoch 43: train_loss=0.0622, train_acc=0.4231, dev_loss=0.0604, dev_acc=0.4194, time=2.6s
2025-10-21 08:35:58,635 - INFO - Epoch 44: train_loss=0.0610, train_acc=0.4369, dev_loss=0.0605, dev_acc=0.4194, time=2.5s
2025-10-21 08:36:00,984 - INFO - Epoch 45: train_loss=0.0615, train_acc=0.4354, dev_loss=0.0605, dev_acc=0.4194, time=2.3s
2025-10-21 08:36:03,313 - INFO - Epoch 46: train_loss=0.0620, train_acc=0.4308, dev_loss=0.0604, dev_acc=0.4194, time=2.3s
2025-10-21 08:36:05,497 - INFO - Epoch 47: train_loss=0.0613, train_acc=0.4338, dev_loss=0.0605, dev_acc=0.4194, time=2.2s
2025-10-21 08:36:08,187 - INFO - Epoch 48: train_loss=0.0619, train_acc=0.4215, dev_loss=0.0604, dev_acc=0.4194, time=2.7s
2025-10-21 08:36:10,655 - INFO - Epoch 49: train_loss=0.0614, train_acc=0.4369, dev_loss=0.0603, dev_acc=0.4194, time=2.5s
2025-10-21 08:36:12,879 - INFO - Epoch 50: train_loss=0.0617, train_acc=0.4431, dev_loss=0.0604, dev_acc=0.4194, time=2.2s
2025-10-21 08:36:15,119 - INFO - Epoch 51: train_loss=0.0618, train_acc=0.4369, dev_loss=0.0605, dev_acc=0.4194, time=2.2s
2025-10-21 08:36:17,066 - INFO - Epoch 52: train_loss=0.0612, train_acc=0.4462, dev_loss=0.0604, dev_acc=0.4194, time=1.9s
2025-10-21 08:36:19,390 - INFO - Epoch 53: train_loss=0.0615, train_acc=0.4323, dev_loss=0.0603, dev_acc=0.4194, time=2.3s
2025-10-21 08:36:21,959 - INFO - Epoch 54: train_loss=0.0614, train_acc=0.4246, dev_loss=0.0605, dev_acc=0.4194, time=2.6s
2025-10-21 08:36:24,240 - INFO - Epoch 55: train_loss=0.0618, train_acc=0.4369, dev_loss=0.0605, dev_acc=0.4194, time=2.3s
2025-10-21 08:36:26,573 - INFO - Epoch 56: train_loss=0.0618, train_acc=0.4600, dev_loss=0.0604, dev_acc=0.4194, time=2.3s
2025-10-21 08:36:28,801 - INFO - Epoch 57: train_loss=0.0624, train_acc=0.4308, dev_loss=0.0606, dev_acc=0.4194, time=2.2s
2025-10-21 08:36:31,071 - INFO - Epoch 58: train_loss=0.0612, train_acc=0.4369, dev_loss=0.0606, dev_acc=0.4194, time=2.3s
2025-10-21 08:36:33,654 - INFO - Epoch 59: train_loss=0.0614, train_acc=0.4323, dev_loss=0.0605, dev_acc=0.4194, time=2.6s
2025-10-21 08:36:35,976 - INFO - Epoch 60: train_loss=0.0627, train_acc=0.4123, dev_loss=0.0607, dev_acc=0.4194, time=2.3s
2025-10-21 08:36:38,232 - INFO - Epoch 61: train_loss=0.0609, train_acc=0.4400, dev_loss=0.0604, dev_acc=0.4194, time=2.3s
2025-10-21 08:36:40,501 - INFO - Epoch 62: train_loss=0.0622, train_acc=0.4369, dev_loss=0.0605, dev_acc=0.4194, time=2.3s
2025-10-21 08:36:42,735 - INFO - Epoch 63: train_loss=0.0611, train_acc=0.4415, dev_loss=0.0605, dev_acc=0.4194, time=2.2s
2025-10-21 08:36:45,244 - INFO - Epoch 64: train_loss=0.0621, train_acc=0.4477, dev_loss=0.0604, dev_acc=0.4194, time=2.5s
2025-10-21 08:36:47,605 - INFO - Epoch 65: train_loss=0.0620, train_acc=0.4323, dev_loss=0.0604, dev_acc=0.4194, time=2.4s
2025-10-21 08:36:49,989 - INFO - Epoch 66: train_loss=0.0612, train_acc=0.4492, dev_loss=0.0605, dev_acc=0.4194, time=2.4s
2025-10-21 08:36:52,495 - INFO - Epoch 67: train_loss=0.0613, train_acc=0.4308, dev_loss=0.0606, dev_acc=0.4194, time=2.5s
2025-10-21 08:36:54,812 - INFO - Epoch 68: train_loss=0.0622, train_acc=0.4338, dev_loss=0.0605, dev_acc=0.4194, time=2.3s
2025-10-21 08:36:57,471 - INFO - Epoch 69: train_loss=0.0617, train_acc=0.4446, dev_loss=0.0606, dev_acc=0.4194, time=2.7s
2025-10-21 08:36:59,906 - INFO - Epoch 70: train_loss=0.0611, train_acc=0.4369, dev_loss=0.0604, dev_acc=0.4194, time=2.4s
2025-10-21 08:37:02,182 - INFO - Epoch 71: train_loss=0.0609, train_acc=0.4477, dev_loss=0.0604, dev_acc=0.4194, time=2.3s
2025-10-21 08:37:04,517 - INFO - Epoch 72: train_loss=0.0612, train_acc=0.4462, dev_loss=0.0603, dev_acc=0.4194, time=2.3s
2025-10-21 08:37:06,873 - INFO - Epoch 73: train_loss=0.0615, train_acc=0.4446, dev_loss=0.0604, dev_acc=0.4194, time=2.4s
2025-10-21 08:37:09,593 - INFO - Epoch 74: train_loss=0.0611, train_acc=0.4231, dev_loss=0.0604, dev_acc=0.4194, time=2.7s
2025-10-21 08:37:11,939 - INFO - Epoch 75: train_loss=0.0620, train_acc=0.4415, dev_loss=0.0604, dev_acc=0.4194, time=2.3s
2025-10-21 08:37:14,202 - INFO - Epoch 76: train_loss=0.0622, train_acc=0.4231, dev_loss=0.0604, dev_acc=0.4194, time=2.3s
2025-10-21 08:37:16,506 - INFO - Epoch 77: train_loss=0.0609, train_acc=0.4446, dev_loss=0.0605, dev_acc=0.4194, time=2.3s
2025-10-21 08:37:18,787 - INFO - Epoch 78: train_loss=0.0613, train_acc=0.4477, dev_loss=0.0603, dev_acc=0.4194, time=2.3s
2025-10-21 08:37:21,572 - INFO - Epoch 79: train_loss=0.0623, train_acc=0.4338, dev_loss=0.0604, dev_acc=0.4194, time=2.8s
2025-10-21 08:37:23,876 - INFO - Epoch 80: train_loss=0.0613, train_acc=0.4477, dev_loss=0.0606, dev_acc=0.4194, time=2.3s
2025-10-21 08:37:26,199 - INFO - Epoch 81: train_loss=0.0611, train_acc=0.4231, dev_loss=0.0604, dev_acc=0.4194, time=2.3s
2025-10-21 08:37:28,512 - INFO - Epoch 82: train_loss=0.0620, train_acc=0.4308, dev_loss=0.0605, dev_acc=0.4194, time=2.3s
2025-10-21 08:37:30,703 - INFO - Epoch 83: train_loss=0.0629, train_acc=0.4277, dev_loss=0.0604, dev_acc=0.4194, time=2.2s
2025-10-21 08:37:33,248 - INFO - Epoch 84: train_loss=0.0624, train_acc=0.4200, dev_loss=0.0604, dev_acc=0.4194, time=2.5s
2025-10-21 08:37:35,708 - INFO - Epoch 85: train_loss=0.0614, train_acc=0.4277, dev_loss=0.0605, dev_acc=0.4194, time=2.5s
2025-10-21 08:37:37,918 - INFO - Epoch 86: train_loss=0.0615, train_acc=0.4400, dev_loss=0.0605, dev_acc=0.4194, time=2.2s
2025-10-21 08:37:40,187 - INFO - Epoch 87: train_loss=0.0614, train_acc=0.4369, dev_loss=0.0605, dev_acc=0.4194, time=2.3s
2025-10-21 08:37:42,398 - INFO - Epoch 88: train_loss=0.0616, train_acc=0.4369, dev_loss=0.0604, dev_acc=0.4194, time=2.2s
2025-10-21 08:37:44,774 - INFO - Epoch 89: train_loss=0.0623, train_acc=0.4369, dev_loss=0.0604, dev_acc=0.4194, time=2.4s
2025-10-21 08:37:47,148 - INFO - Epoch 90: train_loss=0.0620, train_acc=0.4369, dev_loss=0.0605, dev_acc=0.4194, time=2.4s
2025-10-21 08:37:49,449 - INFO - Epoch 91: train_loss=0.0627, train_acc=0.4246, dev_loss=0.0604, dev_acc=0.4194, time=2.3s
2025-10-21 08:37:51,830 - INFO - Epoch 92: train_loss=0.0617, train_acc=0.4323, dev_loss=0.0604, dev_acc=0.4194, time=2.4s
2025-10-21 08:37:54,103 - INFO - Epoch 93: train_loss=0.0623, train_acc=0.4400, dev_loss=0.0606, dev_acc=0.4194, time=2.3s
2025-10-21 08:37:56,654 - INFO - Epoch 94: train_loss=0.0611, train_acc=0.4508, dev_loss=0.0604, dev_acc=0.4194, time=2.6s
2025-10-21 08:37:59,174 - INFO - Epoch 95: train_loss=0.0608, train_acc=0.4538, dev_loss=0.0604, dev_acc=0.4194, time=2.5s
2025-10-21 08:38:01,474 - INFO - Epoch 96: train_loss=0.0618, train_acc=0.4292, dev_loss=0.0604, dev_acc=0.4194, time=2.3s
2025-10-21 08:38:03,754 - INFO - Epoch 97: train_loss=0.0618, train_acc=0.4385, dev_loss=0.0604, dev_acc=0.4194, time=2.3s
2025-10-21 08:38:05,988 - INFO - Epoch 98: train_loss=0.0612, train_acc=0.4400, dev_loss=0.0604, dev_acc=0.4194, time=2.2s
2025-10-21 08:38:08,225 - INFO - Epoch 99: train_loss=0.0624, train_acc=0.4262, dev_loss=0.0604, dev_acc=0.4194, time=2.2s
2025-10-21 08:38:10,695 - INFO - Epoch 100: train_loss=0.0612, train_acc=0.4400, dev_loss=0.0605, dev_acc=0.4194, time=2.5s
2025-10-21 08:38:13,043 - INFO - Epoch 101: train_loss=0.0619, train_acc=0.4400, dev_loss=0.0604, dev_acc=0.4194, time=2.3s
2025-10-21 08:38:13,044 - INFO - 早停触发: 最佳轮次=1, 最佳验证准确率=0.4194
2025-10-21 08:38:13,374 - INFO - 第 2 折测试: 损失=0.0606, 准确率=0.4608, F1=0.3697
2025-10-21 08:38:13,375 - INFO - 
----- 第 3/5 折 -----
2025-10-21 08:38:13,449 - INFO - 训练设备: cpu | 融合方法: pmdf | 模态组合: ['ask', 'tongue']
2025-10-21 08:38:15,752 - INFO - Epoch 1: train_loss=0.0607, train_acc=0.4415, dev_loss=0.0604, dev_acc=0.4194, time=2.3s
2025-10-21 08:38:18,428 - INFO - Epoch 2: train_loss=0.0612, train_acc=0.4492, dev_loss=0.0605, dev_acc=0.4194, time=2.6s
2025-10-21 08:38:21,290 - INFO - Epoch 3: train_loss=0.0612, train_acc=0.4431, dev_loss=0.0606, dev_acc=0.4194, time=2.9s
2025-10-21 08:38:23,693 - INFO - Epoch 4: train_loss=0.0609, train_acc=0.4400, dev_loss=0.0606, dev_acc=0.4194, time=2.4s
2025-10-21 08:38:26,137 - INFO - Epoch 5: train_loss=0.0615, train_acc=0.4446, dev_loss=0.0606, dev_acc=0.4194, time=2.4s
2025-10-21 08:38:28,504 - INFO - Epoch 6: train_loss=0.0617, train_acc=0.4554, dev_loss=0.0607, dev_acc=0.4194, time=2.4s
2025-10-21 08:38:30,755 - INFO - Epoch 7: train_loss=0.0623, train_acc=0.4277, dev_loss=0.0607, dev_acc=0.4194, time=2.2s
2025-10-21 08:38:32,942 - INFO - Epoch 8: train_loss=0.0619, train_acc=0.4415, dev_loss=0.0606, dev_acc=0.4194, time=2.2s
2025-10-21 08:38:35,152 - INFO - Epoch 9: train_loss=0.0618, train_acc=0.4477, dev_loss=0.0606, dev_acc=0.4194, time=2.2s
2025-10-21 08:38:38,086 - INFO - Epoch 10: train_loss=0.0613, train_acc=0.4492, dev_loss=0.0605, dev_acc=0.4194, time=2.9s
2025-10-21 08:38:40,386 - INFO - Epoch 11: train_loss=0.0615, train_acc=0.4477, dev_loss=0.0607, dev_acc=0.4194, time=2.3s
2025-10-21 08:38:42,566 - INFO - Epoch 12: train_loss=0.0609, train_acc=0.4538, dev_loss=0.0605, dev_acc=0.4194, time=2.2s
2025-10-21 08:38:44,844 - INFO - Epoch 13: train_loss=0.0620, train_acc=0.4323, dev_loss=0.0606, dev_acc=0.4194, time=2.3s
2025-10-21 08:38:46,976 - INFO - Epoch 14: train_loss=0.0618, train_acc=0.4538, dev_loss=0.0606, dev_acc=0.4194, time=2.1s
2025-10-21 08:38:49,414 - INFO - Epoch 15: train_loss=0.0617, train_acc=0.4354, dev_loss=0.0605, dev_acc=0.4194, time=2.4s
2025-10-21 08:38:51,781 - INFO - Epoch 16: train_loss=0.0618, train_acc=0.4446, dev_loss=0.0605, dev_acc=0.4194, time=2.4s
2025-10-21 08:38:53,996 - INFO - Epoch 17: train_loss=0.0624, train_acc=0.4231, dev_loss=0.0606, dev_acc=0.4194, time=2.2s
2025-10-21 08:38:56,291 - INFO - Epoch 18: train_loss=0.0623, train_acc=0.4308, dev_loss=0.0606, dev_acc=0.4194, time=2.3s
2025-10-21 08:38:58,418 - INFO - Epoch 19: train_loss=0.0618, train_acc=0.4600, dev_loss=0.0606, dev_acc=0.4194, time=2.1s
2025-10-21 08:39:00,561 - INFO - Epoch 20: train_loss=0.0617, train_acc=0.4308, dev_loss=0.0606, dev_acc=0.4194, time=2.1s
2025-10-21 08:39:03,012 - INFO - Epoch 21: train_loss=0.0617, train_acc=0.4492, dev_loss=0.0606, dev_acc=0.4194, time=2.4s
2025-10-21 08:39:05,265 - INFO - Epoch 22: train_loss=0.0621, train_acc=0.4462, dev_loss=0.0607, dev_acc=0.4194, time=2.3s
2025-10-21 08:39:07,497 - INFO - Epoch 23: train_loss=0.0616, train_acc=0.4338, dev_loss=0.0605, dev_acc=0.4194, time=2.2s
2025-10-21 08:39:09,736 - INFO - Epoch 24: train_loss=0.0628, train_acc=0.4277, dev_loss=0.0606, dev_acc=0.4194, time=2.2s
2025-10-21 08:39:11,940 - INFO - Epoch 25: train_loss=0.0615, train_acc=0.4431, dev_loss=0.0604, dev_acc=0.4194, time=2.2s
2025-10-21 08:39:14,395 - INFO - Epoch 26: train_loss=0.0625, train_acc=0.4231, dev_loss=0.0606, dev_acc=0.4194, time=2.5s
2025-10-21 08:39:16,740 - INFO - Epoch 27: train_loss=0.0617, train_acc=0.4415, dev_loss=0.0607, dev_acc=0.4194, time=2.3s
2025-10-21 08:39:18,926 - INFO - Epoch 28: train_loss=0.0618, train_acc=0.4308, dev_loss=0.0605, dev_acc=0.4194, time=2.2s
2025-10-21 08:39:21,176 - INFO - Epoch 29: train_loss=0.0616, train_acc=0.4354, dev_loss=0.0605, dev_acc=0.4194, time=2.2s
2025-10-21 08:39:23,417 - INFO - Epoch 30: train_loss=0.0611, train_acc=0.4415, dev_loss=0.0605, dev_acc=0.4194, time=2.2s
2025-10-21 08:39:26,149 - INFO - Epoch 31: train_loss=0.0615, train_acc=0.4354, dev_loss=0.0604, dev_acc=0.4194, time=2.7s
2025-10-21 08:39:28,761 - INFO - Epoch 32: train_loss=0.0613, train_acc=0.4538, dev_loss=0.0606, dev_acc=0.4194, time=2.6s
2025-10-21 08:39:31,231 - INFO - Epoch 33: train_loss=0.0619, train_acc=0.4400, dev_loss=0.0605, dev_acc=0.4194, time=2.5s
2025-10-21 08:39:33,464 - INFO - Epoch 34: train_loss=0.0618, train_acc=0.4354, dev_loss=0.0606, dev_acc=0.4194, time=2.2s
2025-10-21 08:39:36,089 - INFO - Epoch 35: train_loss=0.0614, train_acc=0.4415, dev_loss=0.0606, dev_acc=0.4194, time=2.6s
2025-10-21 08:39:38,540 - INFO - Epoch 36: train_loss=0.0616, train_acc=0.4569, dev_loss=0.0605, dev_acc=0.4194, time=2.5s
2025-10-21 08:39:40,783 - INFO - Epoch 37: train_loss=0.0610, train_acc=0.4477, dev_loss=0.0605, dev_acc=0.4194, time=2.2s
2025-10-21 08:39:42,969 - INFO - Epoch 38: train_loss=0.0618, train_acc=0.4323, dev_loss=0.0605, dev_acc=0.4194, time=2.2s
2025-10-21 08:39:45,267 - INFO - Epoch 39: train_loss=0.0611, train_acc=0.4554, dev_loss=0.0609, dev_acc=0.4194, time=2.3s
2025-10-21 08:39:47,819 - INFO - Epoch 40: train_loss=0.0613, train_acc=0.4477, dev_loss=0.0605, dev_acc=0.4194, time=2.6s
2025-10-21 08:39:50,261 - INFO - Epoch 41: train_loss=0.0616, train_acc=0.4569, dev_loss=0.0606, dev_acc=0.4194, time=2.4s
2025-10-21 08:39:52,526 - INFO - Epoch 42: train_loss=0.0622, train_acc=0.4292, dev_loss=0.0605, dev_acc=0.4194, time=2.3s
2025-10-21 08:39:54,815 - INFO - Epoch 43: train_loss=0.0623, train_acc=0.4400, dev_loss=0.0606, dev_acc=0.4194, time=2.3s
2025-10-21 08:39:57,014 - INFO - Epoch 44: train_loss=0.0625, train_acc=0.4400, dev_loss=0.0607, dev_acc=0.4194, time=2.2s
2025-10-21 08:39:59,451 - INFO - Epoch 45: train_loss=0.0622, train_acc=0.4400, dev_loss=0.0606, dev_acc=0.4194, time=2.4s
2025-10-21 08:40:01,842 - INFO - Epoch 46: train_loss=0.0618, train_acc=0.4462, dev_loss=0.0605, dev_acc=0.4194, time=2.4s
2025-10-21 08:40:03,758 - INFO - Epoch 47: train_loss=0.0621, train_acc=0.4462, dev_loss=0.0605, dev_acc=0.4194, time=1.9s
2025-10-21 08:40:05,809 - INFO - Epoch 48: train_loss=0.0611, train_acc=0.4400, dev_loss=0.0605, dev_acc=0.4194, time=2.0s
2025-10-21 08:40:08,041 - INFO - Epoch 49: train_loss=0.0620, train_acc=0.4308, dev_loss=0.0605, dev_acc=0.4194, time=2.2s
2025-10-21 08:40:10,225 - INFO - Epoch 50: train_loss=0.0623, train_acc=0.4385, dev_loss=0.0604, dev_acc=0.4194, time=2.2s
2025-10-21 08:40:12,789 - INFO - Epoch 51: train_loss=0.0619, train_acc=0.4385, dev_loss=0.0606, dev_acc=0.4194, time=2.6s
2025-10-21 08:40:15,139 - INFO - Epoch 52: train_loss=0.0618, train_acc=0.4477, dev_loss=0.0606, dev_acc=0.4194, time=2.3s
2025-10-21 08:40:17,357 - INFO - Epoch 53: train_loss=0.0611, train_acc=0.4662, dev_loss=0.0605, dev_acc=0.4194, time=2.2s
2025-10-21 08:40:19,568 - INFO - Epoch 54: train_loss=0.0616, train_acc=0.4292, dev_loss=0.0605, dev_acc=0.4194, time=2.2s
2025-10-21 08:40:22,159 - INFO - Epoch 55: train_loss=0.0618, train_acc=0.4462, dev_loss=0.0605, dev_acc=0.4194, time=2.6s
2025-10-21 08:40:24,858 - INFO - Epoch 56: train_loss=0.0619, train_acc=0.4385, dev_loss=0.0606, dev_acc=0.4194, time=2.7s
2025-10-21 08:40:27,114 - INFO - Epoch 57: train_loss=0.0621, train_acc=0.4462, dev_loss=0.0606, dev_acc=0.4194, time=2.3s
2025-10-21 08:40:29,326 - INFO - Epoch 58: train_loss=0.0614, train_acc=0.4431, dev_loss=0.0606, dev_acc=0.4194, time=2.2s
2025-10-21 08:40:31,632 - INFO - Epoch 59: train_loss=0.0621, train_acc=0.4338, dev_loss=0.0605, dev_acc=0.4194, time=2.3s
2025-10-21 08:40:33,881 - INFO - Epoch 60: train_loss=0.0616, train_acc=0.4369, dev_loss=0.0605, dev_acc=0.4194, time=2.2s
2025-10-21 08:40:36,586 - INFO - Epoch 61: train_loss=0.0611, train_acc=0.4585, dev_loss=0.0606, dev_acc=0.4194, time=2.7s
2025-10-21 08:40:38,870 - INFO - Epoch 62: train_loss=0.0625, train_acc=0.4446, dev_loss=0.0606, dev_acc=0.4194, time=2.3s
2025-10-21 08:40:41,165 - INFO - Epoch 63: train_loss=0.0618, train_acc=0.4385, dev_loss=0.0605, dev_acc=0.4194, time=2.3s
2025-10-21 08:40:43,438 - INFO - Epoch 64: train_loss=0.0617, train_acc=0.4400, dev_loss=0.0605, dev_acc=0.4194, time=2.3s
2025-10-21 08:40:45,639 - INFO - Epoch 65: train_loss=0.0612, train_acc=0.4446, dev_loss=0.0607, dev_acc=0.4194, time=2.2s
2025-10-21 08:40:48,114 - INFO - Epoch 66: train_loss=0.0612, train_acc=0.4385, dev_loss=0.0604, dev_acc=0.4194, time=2.5s
2025-10-21 08:40:50,454 - INFO - Epoch 67: train_loss=0.0615, train_acc=0.4354, dev_loss=0.0605, dev_acc=0.4194, time=2.3s
2025-10-21 08:40:52,657 - INFO - Epoch 68: train_loss=0.0613, train_acc=0.4385, dev_loss=0.0605, dev_acc=0.4194, time=2.2s
2025-10-21 08:40:54,902 - INFO - Epoch 69: train_loss=0.0615, train_acc=0.4554, dev_loss=0.0605, dev_acc=0.4194, time=2.2s
2025-10-21 08:40:57,292 - INFO - Epoch 70: train_loss=0.0616, train_acc=0.4338, dev_loss=0.0605, dev_acc=0.4194, time=2.4s
2025-10-21 08:41:00,062 - INFO - Epoch 71: train_loss=0.0619, train_acc=0.4446, dev_loss=0.0605, dev_acc=0.4194, time=2.8s
2025-10-21 08:41:02,413 - INFO - Epoch 72: train_loss=0.0607, train_acc=0.4554, dev_loss=0.0607, dev_acc=0.4194, time=2.3s
2025-10-21 08:41:04,561 - INFO - Epoch 73: train_loss=0.0620, train_acc=0.4262, dev_loss=0.0605, dev_acc=0.4194, time=2.1s
2025-10-21 08:41:06,943 - INFO - Epoch 74: train_loss=0.0605, train_acc=0.4492, dev_loss=0.0606, dev_acc=0.4194, time=2.4s
2025-10-21 08:41:09,581 - INFO - Epoch 75: train_loss=0.0624, train_acc=0.4400, dev_loss=0.0606, dev_acc=0.4194, time=2.6s
2025-10-21 08:41:12,285 - INFO - Epoch 76: train_loss=0.0604, train_acc=0.4492, dev_loss=0.0605, dev_acc=0.4194, time=2.7s
2025-10-21 08:41:14,761 - INFO - Epoch 77: train_loss=0.0617, train_acc=0.4477, dev_loss=0.0606, dev_acc=0.4194, time=2.5s
2025-10-21 08:41:17,243 - INFO - Epoch 78: train_loss=0.0615, train_acc=0.4262, dev_loss=0.0604, dev_acc=0.4194, time=2.5s
2025-10-21 08:41:19,571 - INFO - Epoch 79: train_loss=0.0615, train_acc=0.4492, dev_loss=0.0606, dev_acc=0.4194, time=2.3s
2025-10-21 08:41:21,848 - INFO - Epoch 80: train_loss=0.0618, train_acc=0.4431, dev_loss=0.0607, dev_acc=0.4194, time=2.3s
2025-10-21 08:41:24,178 - INFO - Epoch 81: train_loss=0.0615, train_acc=0.4431, dev_loss=0.0606, dev_acc=0.4194, time=2.3s
2025-10-21 08:41:26,334 - INFO - Epoch 82: train_loss=0.0612, train_acc=0.4446, dev_loss=0.0606, dev_acc=0.4194, time=2.2s
2025-10-21 08:41:28,884 - INFO - Epoch 83: train_loss=0.0622, train_acc=0.4292, dev_loss=0.0606, dev_acc=0.4194, time=2.5s
2025-10-21 08:41:31,230 - INFO - Epoch 84: train_loss=0.0624, train_acc=0.4369, dev_loss=0.0605, dev_acc=0.4194, time=2.3s
2025-10-21 08:41:33,405 - INFO - Epoch 85: train_loss=0.0616, train_acc=0.4369, dev_loss=0.0606, dev_acc=0.4194, time=2.2s
2025-10-21 08:41:35,725 - INFO - Epoch 86: train_loss=0.0620, train_acc=0.4400, dev_loss=0.0606, dev_acc=0.4194, time=2.3s
2025-10-21 08:41:37,961 - INFO - Epoch 87: train_loss=0.0623, train_acc=0.4462, dev_loss=0.0606, dev_acc=0.4194, time=2.2s
2025-10-21 08:41:40,463 - INFO - Epoch 88: train_loss=0.0617, train_acc=0.4462, dev_loss=0.0605, dev_acc=0.4194, time=2.5s
2025-10-21 08:41:42,900 - INFO - Epoch 89: train_loss=0.0626, train_acc=0.4354, dev_loss=0.0604, dev_acc=0.4194, time=2.4s
2025-10-21 08:41:45,159 - INFO - Epoch 90: train_loss=0.0623, train_acc=0.4492, dev_loss=0.0606, dev_acc=0.4194, time=2.3s
2025-10-21 08:41:47,440 - INFO - Epoch 91: train_loss=0.0614, train_acc=0.4369, dev_loss=0.0605, dev_acc=0.4194, time=2.3s
2025-10-21 08:41:49,726 - INFO - Epoch 92: train_loss=0.0615, train_acc=0.4431, dev_loss=0.0606, dev_acc=0.4194, time=2.3s
2025-10-21 08:41:52,140 - INFO - Epoch 93: train_loss=0.0623, train_acc=0.4292, dev_loss=0.0606, dev_acc=0.4194, time=2.4s
2025-10-21 08:41:54,617 - INFO - Epoch 94: train_loss=0.0611, train_acc=0.4477, dev_loss=0.0606, dev_acc=0.4194, time=2.5s
2025-10-21 08:41:56,923 - INFO - Epoch 95: train_loss=0.0617, train_acc=0.4446, dev_loss=0.0605, dev_acc=0.4194, time=2.3s
2025-10-21 08:41:59,279 - INFO - Epoch 96: train_loss=0.0615, train_acc=0.4462, dev_loss=0.0605, dev_acc=0.4194, time=2.4s
2025-10-21 08:42:01,550 - INFO - Epoch 97: train_loss=0.0613, train_acc=0.4523, dev_loss=0.0605, dev_acc=0.4194, time=2.3s
2025-10-21 08:42:04,131 - INFO - Epoch 98: train_loss=0.0620, train_acc=0.4431, dev_loss=0.0605, dev_acc=0.4194, time=2.6s
2025-10-21 08:42:06,589 - INFO - Epoch 99: train_loss=0.0616, train_acc=0.4338, dev_loss=0.0605, dev_acc=0.4194, time=2.5s
2025-10-21 08:42:08,888 - INFO - Epoch 100: train_loss=0.0619, train_acc=0.4354, dev_loss=0.0606, dev_acc=0.4194, time=2.3s
2025-10-21 08:42:11,185 - INFO - Epoch 101: train_loss=0.0631, train_acc=0.4231, dev_loss=0.0604, dev_acc=0.4194, time=2.3s
2025-10-21 08:42:11,186 - INFO - 早停触发: 最佳轮次=1, 最佳验证准确率=0.4194
2025-10-21 08:42:11,557 - INFO - 第 3 折测试: 损失=0.0607, 准确率=0.4470, F1=0.3533
2025-10-21 08:42:11,557 - INFO - 
----- 第 4/5 折 -----
2025-10-21 08:42:11,606 - INFO - 训练设备: cpu | 融合方法: pmdf | 模态组合: ['ask', 'tongue']
2025-10-21 08:42:13,857 - INFO - Epoch 1: train_loss=0.0611, train_acc=0.4477, dev_loss=0.0604, dev_acc=0.4194, time=2.3s
2025-10-21 08:42:16,305 - INFO - Epoch 2: train_loss=0.0620, train_acc=0.4462, dev_loss=0.0605, dev_acc=0.4194, time=2.4s
2025-10-21 08:42:18,670 - INFO - Epoch 3: train_loss=0.0622, train_acc=0.4277, dev_loss=0.0605, dev_acc=0.4194, time=2.4s
2025-10-21 08:42:21,049 - INFO - Epoch 4: train_loss=0.0617, train_acc=0.4369, dev_loss=0.0606, dev_acc=0.4194, time=2.4s
2025-10-21 08:42:23,357 - INFO - Epoch 5: train_loss=0.0623, train_acc=0.4446, dev_loss=0.0606, dev_acc=0.4194, time=2.3s
2025-10-21 08:42:25,600 - INFO - Epoch 6: train_loss=0.0618, train_acc=0.4338, dev_loss=0.0606, dev_acc=0.4194, time=2.2s
2025-10-21 08:42:28,031 - INFO - Epoch 7: train_loss=0.0613, train_acc=0.4523, dev_loss=0.0607, dev_acc=0.4194, time=2.4s
2025-10-21 08:42:30,496 - INFO - Epoch 8: train_loss=0.0609, train_acc=0.4538, dev_loss=0.0605, dev_acc=0.4194, time=2.5s
2025-10-21 08:42:32,777 - INFO - Epoch 9: train_loss=0.0618, train_acc=0.4508, dev_loss=0.0605, dev_acc=0.4194, time=2.3s
2025-10-21 08:42:35,102 - INFO - Epoch 10: train_loss=0.0612, train_acc=0.4600, dev_loss=0.0606, dev_acc=0.4194, time=2.3s
2025-10-21 08:42:37,320 - INFO - Epoch 11: train_loss=0.0619, train_acc=0.4354, dev_loss=0.0606, dev_acc=0.4194, time=2.2s
2025-10-21 08:42:39,588 - INFO - Epoch 12: train_loss=0.0617, train_acc=0.4477, dev_loss=0.0606, dev_acc=0.4194, time=2.3s
2025-10-21 08:42:41,712 - INFO - Epoch 13: train_loss=0.0615, train_acc=0.4277, dev_loss=0.0606, dev_acc=0.4194, time=2.1s
2025-10-21 08:42:43,682 - INFO - Epoch 14: train_loss=0.0621, train_acc=0.4523, dev_loss=0.0606, dev_acc=0.4194, time=2.0s
2025-10-21 08:42:45,580 - INFO - Epoch 15: train_loss=0.0617, train_acc=0.4385, dev_loss=0.0606, dev_acc=0.4194, time=1.9s
2025-10-21 08:42:47,584 - INFO - Epoch 16: train_loss=0.0620, train_acc=0.4600, dev_loss=0.0606, dev_acc=0.4194, time=2.0s
2025-10-21 08:42:49,558 - INFO - Epoch 17: train_loss=0.0612, train_acc=0.4431, dev_loss=0.0606, dev_acc=0.4194, time=2.0s
2025-10-21 08:42:51,608 - INFO - Epoch 18: train_loss=0.0623, train_acc=0.4385, dev_loss=0.0606, dev_acc=0.4194, time=2.0s
2025-10-21 08:42:53,640 - INFO - Epoch 19: train_loss=0.0624, train_acc=0.4323, dev_loss=0.0606, dev_acc=0.4194, time=2.0s
2025-10-21 08:42:55,642 - INFO - Epoch 20: train_loss=0.0619, train_acc=0.4569, dev_loss=0.0605, dev_acc=0.4194, time=2.0s
2025-10-21 08:42:57,495 - INFO - Epoch 21: train_loss=0.0614, train_acc=0.4538, dev_loss=0.0605, dev_acc=0.4194, time=1.9s
2025-10-21 08:42:59,469 - INFO - Epoch 22: train_loss=0.0613, train_acc=0.4446, dev_loss=0.0605, dev_acc=0.4194, time=2.0s
2025-10-21 08:43:02,038 - INFO - Epoch 23: train_loss=0.0612, train_acc=0.4508, dev_loss=0.0606, dev_acc=0.4194, time=2.6s
2025-10-21 08:43:04,788 - INFO - Epoch 24: train_loss=0.0619, train_acc=0.4292, dev_loss=0.0605, dev_acc=0.4194, time=2.7s
2025-10-21 08:43:06,742 - INFO - Epoch 25: train_loss=0.0615, train_acc=0.4354, dev_loss=0.0606, dev_acc=0.4194, time=2.0s
2025-10-21 08:43:08,726 - INFO - Epoch 26: train_loss=0.0619, train_acc=0.4323, dev_loss=0.0606, dev_acc=0.4194, time=2.0s
2025-10-21 08:43:10,684 - INFO - Epoch 27: train_loss=0.0614, train_acc=0.4477, dev_loss=0.0606, dev_acc=0.4194, time=2.0s
2025-10-21 08:43:12,645 - INFO - Epoch 28: train_loss=0.0612, train_acc=0.4446, dev_loss=0.0606, dev_acc=0.4194, time=2.0s
2025-10-21 08:43:14,766 - INFO - Epoch 29: train_loss=0.0611, train_acc=0.4385, dev_loss=0.0606, dev_acc=0.4194, time=2.1s
2025-10-21 08:43:16,919 - INFO - Epoch 30: train_loss=0.0613, train_acc=0.4400, dev_loss=0.0606, dev_acc=0.4194, time=2.2s
2025-10-21 08:43:18,923 - INFO - Epoch 31: train_loss=0.0613, train_acc=0.4523, dev_loss=0.0606, dev_acc=0.4194, time=2.0s
2025-10-21 08:43:20,901 - INFO - Epoch 32: train_loss=0.0617, train_acc=0.4385, dev_loss=0.0605, dev_acc=0.4194, time=2.0s
2025-10-21 08:43:22,784 - INFO - Epoch 33: train_loss=0.0614, train_acc=0.4431, dev_loss=0.0605, dev_acc=0.4194, time=1.9s
2025-10-21 08:43:24,836 - INFO - Epoch 34: train_loss=0.0620, train_acc=0.4431, dev_loss=0.0606, dev_acc=0.4194, time=2.1s
2025-10-21 08:43:27,019 - INFO - Epoch 35: train_loss=0.0613, train_acc=0.4508, dev_loss=0.0608, dev_acc=0.4194, time=2.2s
2025-10-21 08:43:29,130 - INFO - Epoch 36: train_loss=0.0620, train_acc=0.4262, dev_loss=0.0606, dev_acc=0.4194, time=2.1s
2025-10-21 08:43:31,125 - INFO - Epoch 37: train_loss=0.0619, train_acc=0.4415, dev_loss=0.0605, dev_acc=0.4194, time=2.0s
2025-10-21 08:43:33,344 - INFO - Epoch 38: train_loss=0.0618, train_acc=0.4492, dev_loss=0.0605, dev_acc=0.4194, time=2.2s
2025-10-21 08:43:35,580 - INFO - Epoch 39: train_loss=0.0618, train_acc=0.4400, dev_loss=0.0606, dev_acc=0.4194, time=2.2s
2025-10-21 08:43:37,717 - INFO - Epoch 40: train_loss=0.0612, train_acc=0.4585, dev_loss=0.0606, dev_acc=0.4194, time=2.1s
2025-10-21 08:43:40,097 - INFO - Epoch 41: train_loss=0.0619, train_acc=0.4354, dev_loss=0.0605, dev_acc=0.4194, time=2.4s
2025-10-21 08:43:42,580 - INFO - Epoch 42: train_loss=0.0615, train_acc=0.4385, dev_loss=0.0606, dev_acc=0.4194, time=2.5s
2025-10-21 08:43:45,008 - INFO - Epoch 43: train_loss=0.0615, train_acc=0.4308, dev_loss=0.0605, dev_acc=0.4194, time=2.4s
2025-10-21 08:43:47,309 - INFO - Epoch 44: train_loss=0.0618, train_acc=0.4400, dev_loss=0.0606, dev_acc=0.4194, time=2.3s
2025-10-21 08:43:49,500 - INFO - Epoch 45: train_loss=0.0616, train_acc=0.4446, dev_loss=0.0606, dev_acc=0.4194, time=2.2s
2025-10-21 08:43:51,802 - INFO - Epoch 46: train_loss=0.0615, train_acc=0.4369, dev_loss=0.0606, dev_acc=0.4194, time=2.3s
2025-10-21 08:43:54,402 - INFO - Epoch 47: train_loss=0.0617, train_acc=0.4308, dev_loss=0.0605, dev_acc=0.4194, time=2.6s
2025-10-21 08:43:56,758 - INFO - Epoch 48: train_loss=0.0620, train_acc=0.4431, dev_loss=0.0607, dev_acc=0.4194, time=2.4s
2025-10-21 08:43:59,081 - INFO - Epoch 49: train_loss=0.0614, train_acc=0.4477, dev_loss=0.0606, dev_acc=0.4194, time=2.3s
2025-10-21 08:44:01,356 - INFO - Epoch 50: train_loss=0.0622, train_acc=0.4431, dev_loss=0.0606, dev_acc=0.4194, time=2.3s
2025-10-21 08:44:03,805 - INFO - Epoch 51: train_loss=0.0618, train_acc=0.4338, dev_loss=0.0606, dev_acc=0.4194, time=2.4s
2025-10-21 08:44:06,140 - INFO - Epoch 52: train_loss=0.0615, train_acc=0.4400, dev_loss=0.0605, dev_acc=0.4194, time=2.3s
2025-10-21 08:44:08,501 - INFO - Epoch 53: train_loss=0.0621, train_acc=0.4354, dev_loss=0.0607, dev_acc=0.4194, time=2.4s
2025-10-21 08:44:11,065 - INFO - Epoch 54: train_loss=0.0621, train_acc=0.4477, dev_loss=0.0606, dev_acc=0.4194, time=2.6s
2025-10-21 08:44:13,452 - INFO - Epoch 55: train_loss=0.0617, train_acc=0.4631, dev_loss=0.0606, dev_acc=0.4194, time=2.4s
2025-10-21 08:44:15,778 - INFO - Epoch 56: train_loss=0.0628, train_acc=0.4446, dev_loss=0.0605, dev_acc=0.4194, time=2.3s
2025-10-21 08:44:18,087 - INFO - Epoch 57: train_loss=0.0619, train_acc=0.4323, dev_loss=0.0605, dev_acc=0.4194, time=2.3s
2025-10-21 08:44:20,420 - INFO - Epoch 58: train_loss=0.0619, train_acc=0.4385, dev_loss=0.0605, dev_acc=0.4194, time=2.3s
2025-10-21 08:44:22,891 - INFO - Epoch 59: train_loss=0.0619, train_acc=0.4446, dev_loss=0.0605, dev_acc=0.4194, time=2.5s
2025-10-21 08:44:25,264 - INFO - Epoch 60: train_loss=0.0617, train_acc=0.4492, dev_loss=0.0605, dev_acc=0.4194, time=2.4s
2025-10-21 08:44:27,475 - INFO - Epoch 61: train_loss=0.0614, train_acc=0.4369, dev_loss=0.0606, dev_acc=0.4194, time=2.2s
2025-10-21 08:44:29,755 - INFO - Epoch 62: train_loss=0.0620, train_acc=0.4431, dev_loss=0.0606, dev_acc=0.4194, time=2.3s
2025-10-21 08:44:32,256 - INFO - Epoch 63: train_loss=0.0614, train_acc=0.4569, dev_loss=0.0605, dev_acc=0.4194, time=2.5s
2025-10-21 08:44:34,953 - INFO - Epoch 64: train_loss=0.0622, train_acc=0.4446, dev_loss=0.0606, dev_acc=0.4194, time=2.7s
2025-10-21 08:44:37,259 - INFO - Epoch 65: train_loss=0.0625, train_acc=0.4400, dev_loss=0.0606, dev_acc=0.4194, time=2.3s
2025-10-21 08:44:39,435 - INFO - Epoch 66: train_loss=0.0611, train_acc=0.4600, dev_loss=0.0606, dev_acc=0.4194, time=2.2s
2025-10-21 08:44:41,790 - INFO - Epoch 67: train_loss=0.0617, train_acc=0.4323, dev_loss=0.0607, dev_acc=0.4194, time=2.4s
2025-10-21 08:44:44,133 - INFO - Epoch 68: train_loss=0.0611, train_acc=0.4538, dev_loss=0.0606, dev_acc=0.4194, time=2.3s
2025-10-21 08:44:46,678 - INFO - Epoch 69: train_loss=0.0611, train_acc=0.4554, dev_loss=0.0605, dev_acc=0.4194, time=2.5s
2025-10-21 08:44:49,001 - INFO - Epoch 70: train_loss=0.0614, train_acc=0.4308, dev_loss=0.0606, dev_acc=0.4194, time=2.3s
2025-10-21 08:44:51,247 - INFO - Epoch 71: train_loss=0.0616, train_acc=0.4585, dev_loss=0.0606, dev_acc=0.4194, time=2.2s
2025-10-21 08:44:53,521 - INFO - Epoch 72: train_loss=0.0625, train_acc=0.4400, dev_loss=0.0605, dev_acc=0.4194, time=2.3s
2025-10-21 08:44:55,945 - INFO - Epoch 73: train_loss=0.0618, train_acc=0.4338, dev_loss=0.0606, dev_acc=0.4194, time=2.4s
2025-10-21 08:44:58,730 - INFO - Epoch 74: train_loss=0.0614, train_acc=0.4508, dev_loss=0.0606, dev_acc=0.4194, time=2.8s
2025-10-21 08:45:01,236 - INFO - Epoch 75: train_loss=0.0614, train_acc=0.4385, dev_loss=0.0605, dev_acc=0.4194, time=2.5s
2025-10-21 08:45:03,696 - INFO - Epoch 76: train_loss=0.0609, train_acc=0.4431, dev_loss=0.0606, dev_acc=0.4194, time=2.5s
2025-10-21 08:45:05,924 - INFO - Epoch 77: train_loss=0.0622, train_acc=0.4477, dev_loss=0.0606, dev_acc=0.4194, time=2.2s
2025-10-21 08:45:08,632 - INFO - Epoch 78: train_loss=0.0613, train_acc=0.4431, dev_loss=0.0606, dev_acc=0.4194, time=2.7s
2025-10-21 08:45:11,187 - INFO - Epoch 79: train_loss=0.0616, train_acc=0.4400, dev_loss=0.0605, dev_acc=0.4194, time=2.6s
2025-10-21 08:45:13,691 - INFO - Epoch 80: train_loss=0.0619, train_acc=0.4615, dev_loss=0.0605, dev_acc=0.4194, time=2.5s
2025-10-21 08:45:15,970 - INFO - Epoch 81: train_loss=0.0617, train_acc=0.4538, dev_loss=0.0605, dev_acc=0.4194, time=2.3s
2025-10-21 08:45:18,147 - INFO - Epoch 82: train_loss=0.0614, train_acc=0.4323, dev_loss=0.0605, dev_acc=0.4194, time=2.2s
2025-10-21 08:45:20,655 - INFO - Epoch 83: train_loss=0.0610, train_acc=0.4585, dev_loss=0.0605, dev_acc=0.4194, time=2.5s
2025-10-21 08:45:22,993 - INFO - Epoch 84: train_loss=0.0614, train_acc=0.4508, dev_loss=0.0607, dev_acc=0.4194, time=2.3s
2025-10-21 08:45:25,304 - INFO - Epoch 85: train_loss=0.0621, train_acc=0.4385, dev_loss=0.0608, dev_acc=0.4194, time=2.3s
2025-10-21 08:45:27,547 - INFO - Epoch 86: train_loss=0.0622, train_acc=0.4415, dev_loss=0.0605, dev_acc=0.4194, time=2.2s
2025-10-21 08:45:29,756 - INFO - Epoch 87: train_loss=0.0622, train_acc=0.4323, dev_loss=0.0606, dev_acc=0.4194, time=2.2s
2025-10-21 08:45:32,189 - INFO - Epoch 88: train_loss=0.0613, train_acc=0.4554, dev_loss=0.0605, dev_acc=0.4194, time=2.4s
2025-10-21 08:45:34,517 - INFO - Epoch 89: train_loss=0.0618, train_acc=0.4431, dev_loss=0.0605, dev_acc=0.4194, time=2.3s
2025-10-21 08:45:36,798 - INFO - Epoch 90: train_loss=0.0613, train_acc=0.4431, dev_loss=0.0606, dev_acc=0.4194, time=2.3s
2025-10-21 08:45:39,045 - INFO - Epoch 91: train_loss=0.0617, train_acc=0.4523, dev_loss=0.0605, dev_acc=0.4194, time=2.2s
2025-10-21 08:45:41,396 - INFO - Epoch 92: train_loss=0.0614, train_acc=0.4508, dev_loss=0.0606, dev_acc=0.4194, time=2.3s
2025-10-21 08:45:44,078 - INFO - Epoch 93: train_loss=0.0612, train_acc=0.4446, dev_loss=0.0606, dev_acc=0.4194, time=2.7s
2025-10-21 08:45:46,686 - INFO - Epoch 94: train_loss=0.0620, train_acc=0.4215, dev_loss=0.0606, dev_acc=0.4194, time=2.6s
2025-10-21 08:45:49,152 - INFO - Epoch 95: train_loss=0.0612, train_acc=0.4677, dev_loss=0.0606, dev_acc=0.4194, time=2.5s
2025-10-21 08:45:51,564 - INFO - Epoch 96: train_loss=0.0609, train_acc=0.4508, dev_loss=0.0606, dev_acc=0.4194, time=2.4s
2025-10-21 08:45:54,333 - INFO - Epoch 97: train_loss=0.0620, train_acc=0.4431, dev_loss=0.0605, dev_acc=0.4194, time=2.8s
2025-10-21 08:45:56,671 - INFO - Epoch 98: train_loss=0.0632, train_acc=0.4138, dev_loss=0.0606, dev_acc=0.4194, time=2.3s
2025-10-21 08:45:58,851 - INFO - Epoch 99: train_loss=0.0614, train_acc=0.4600, dev_loss=0.0606, dev_acc=0.4194, time=2.2s
2025-10-21 08:46:01,211 - INFO - Epoch 100: train_loss=0.0620, train_acc=0.4538, dev_loss=0.0606, dev_acc=0.4194, time=2.4s
2025-10-21 08:46:03,415 - INFO - Epoch 101: train_loss=0.0613, train_acc=0.4692, dev_loss=0.0606, dev_acc=0.4194, time=2.2s
2025-10-21 08:46:03,416 - INFO - 早停触发: 最佳轮次=1, 最佳验证准确率=0.4194
2025-10-21 08:46:03,752 - INFO - 第 4 折测试: 损失=0.0608, 准确率=0.4240, F1=0.3460
2025-10-21 08:46:03,752 - INFO - 
----- 第 5/5 折 -----
2025-10-21 08:46:03,850 - INFO - 训练设备: cpu | 融合方法: pmdf | 模态组合: ['ask', 'tongue']
2025-10-21 08:46:06,425 - INFO - Epoch 1: train_loss=0.0628, train_acc=0.4439, dev_loss=0.0602, dev_acc=0.4286, time=2.6s
2025-10-21 08:46:08,821 - INFO - Epoch 2: train_loss=0.0619, train_acc=0.4562, dev_loss=0.0601, dev_acc=0.4286, time=2.4s
2025-10-21 08:46:11,110 - INFO - Epoch 3: train_loss=0.0608, train_acc=0.4624, dev_loss=0.0601, dev_acc=0.4286, time=2.3s
2025-10-21 08:46:13,346 - INFO - Epoch 4: train_loss=0.0620, train_acc=0.4194, dev_loss=0.0602, dev_acc=0.4286, time=2.2s
2025-10-21 08:46:15,543 - INFO - Epoch 5: train_loss=0.0617, train_acc=0.4470, dev_loss=0.0601, dev_acc=0.4286, time=2.2s
2025-10-21 08:46:18,078 - INFO - Epoch 6: train_loss=0.0616, train_acc=0.4424, dev_loss=0.0601, dev_acc=0.4286, time=2.5s
2025-10-21 08:46:20,464 - INFO - Epoch 7: train_loss=0.0615, train_acc=0.4470, dev_loss=0.0602, dev_acc=0.4286, time=2.4s
2025-10-21 08:46:22,673 - INFO - Epoch 8: train_loss=0.0628, train_acc=0.4439, dev_loss=0.0601, dev_acc=0.4286, time=2.2s
2025-10-21 08:46:24,970 - INFO - Epoch 9: train_loss=0.0614, train_acc=0.4470, dev_loss=0.0601, dev_acc=0.4286, time=2.3s
2025-10-21 08:46:27,220 - INFO - Epoch 10: train_loss=0.0618, train_acc=0.4409, dev_loss=0.0602, dev_acc=0.4286, time=2.3s
2025-10-21 08:46:29,846 - INFO - Epoch 11: train_loss=0.0615, train_acc=0.4455, dev_loss=0.0602, dev_acc=0.4286, time=2.6s
2025-10-21 08:46:32,257 - INFO - Epoch 12: train_loss=0.0625, train_acc=0.4393, dev_loss=0.0603, dev_acc=0.4286, time=2.4s
2025-10-21 08:46:34,696 - INFO - Epoch 13: train_loss=0.0628, train_acc=0.4501, dev_loss=0.0602, dev_acc=0.4286, time=2.4s
2025-10-21 08:46:36,969 - INFO - Epoch 14: train_loss=0.0622, train_acc=0.4485, dev_loss=0.0602, dev_acc=0.4286, time=2.3s
2025-10-21 08:46:39,275 - INFO - Epoch 15: train_loss=0.0611, train_acc=0.4516, dev_loss=0.0601, dev_acc=0.4286, time=2.3s
2025-10-21 08:46:42,169 - INFO - Epoch 16: train_loss=0.0620, train_acc=0.4455, dev_loss=0.0601, dev_acc=0.4286, time=2.9s
2025-10-21 08:46:44,756 - INFO - Epoch 17: train_loss=0.0617, train_acc=0.4516, dev_loss=0.0602, dev_acc=0.4286, time=2.6s
2025-10-21 08:46:47,050 - INFO - Epoch 18: train_loss=0.0623, train_acc=0.4439, dev_loss=0.0602, dev_acc=0.4286, time=2.3s
2025-10-21 08:46:49,602 - INFO - Epoch 19: train_loss=0.0620, train_acc=0.4501, dev_loss=0.0602, dev_acc=0.4286, time=2.6s
2025-10-21 08:46:52,391 - INFO - Epoch 20: train_loss=0.0618, train_acc=0.4531, dev_loss=0.0602, dev_acc=0.4286, time=2.8s
2025-10-21 08:46:54,901 - INFO - Epoch 21: train_loss=0.0621, train_acc=0.4485, dev_loss=0.0601, dev_acc=0.4286, time=2.5s
2025-10-21 08:46:57,324 - INFO - Epoch 22: train_loss=0.0620, train_acc=0.4455, dev_loss=0.0601, dev_acc=0.4286, time=2.4s
2025-10-21 08:46:59,727 - INFO - Epoch 23: train_loss=0.0619, train_acc=0.4516, dev_loss=0.0602, dev_acc=0.4286, time=2.4s
2025-10-21 08:47:01,994 - INFO - Epoch 24: train_loss=0.0616, train_acc=0.4516, dev_loss=0.0602, dev_acc=0.4286, time=2.3s
2025-10-21 08:47:04,268 - INFO - Epoch 25: train_loss=0.0616, train_acc=0.4485, dev_loss=0.0602, dev_acc=0.4286, time=2.3s
2025-10-21 08:47:06,488 - INFO - Epoch 26: train_loss=0.0618, train_acc=0.4439, dev_loss=0.0601, dev_acc=0.4286, time=2.2s
2025-10-21 08:47:08,926 - INFO - Epoch 27: train_loss=0.0617, train_acc=0.4363, dev_loss=0.0602, dev_acc=0.4286, time=2.4s
2025-10-21 08:47:11,315 - INFO - Epoch 28: train_loss=0.0621, train_acc=0.4424, dev_loss=0.0602, dev_acc=0.4286, time=2.4s
2025-10-21 08:47:13,564 - INFO - Epoch 29: train_loss=0.0614, train_acc=0.4378, dev_loss=0.0602, dev_acc=0.4286, time=2.2s
2025-10-21 08:47:15,849 - INFO - Epoch 30: train_loss=0.0617, train_acc=0.4485, dev_loss=0.0601, dev_acc=0.4286, time=2.3s
2025-10-21 08:47:18,004 - INFO - Epoch 31: train_loss=0.0618, train_acc=0.4547, dev_loss=0.0602, dev_acc=0.4286, time=2.2s
2025-10-21 08:47:20,523 - INFO - Epoch 32: train_loss=0.0615, train_acc=0.4424, dev_loss=0.0602, dev_acc=0.4286, time=2.5s
2025-10-21 08:47:22,983 - INFO - Epoch 33: train_loss=0.0620, train_acc=0.4378, dev_loss=0.0602, dev_acc=0.4286, time=2.5s
2025-10-21 08:47:25,305 - INFO - Epoch 34: train_loss=0.0618, train_acc=0.4470, dev_loss=0.0601, dev_acc=0.4286, time=2.3s
2025-10-21 08:47:27,643 - INFO - Epoch 35: train_loss=0.0616, train_acc=0.4593, dev_loss=0.0602, dev_acc=0.4286, time=2.3s
2025-10-21 08:47:29,863 - INFO - Epoch 36: train_loss=0.0615, train_acc=0.4485, dev_loss=0.0602, dev_acc=0.4286, time=2.2s
2025-10-21 08:47:32,188 - INFO - Epoch 37: train_loss=0.0615, train_acc=0.4485, dev_loss=0.0602, dev_acc=0.4286, time=2.3s
2025-10-21 08:47:34,596 - INFO - Epoch 38: train_loss=0.0613, train_acc=0.4393, dev_loss=0.0604, dev_acc=0.4286, time=2.4s
2025-10-21 08:47:36,895 - INFO - Epoch 39: train_loss=0.0617, train_acc=0.4347, dev_loss=0.0602, dev_acc=0.4286, time=2.3s
2025-10-21 08:47:39,112 - INFO - Epoch 40: train_loss=0.0629, train_acc=0.4240, dev_loss=0.0602, dev_acc=0.4286, time=2.2s
2025-10-21 08:47:41,283 - INFO - Epoch 41: train_loss=0.0611, train_acc=0.4501, dev_loss=0.0601, dev_acc=0.4286, time=2.2s
2025-10-21 08:47:43,888 - INFO - Epoch 42: train_loss=0.0622, train_acc=0.4439, dev_loss=0.0602, dev_acc=0.4286, time=2.6s
2025-10-21 08:47:46,326 - INFO - Epoch 43: train_loss=0.0618, train_acc=0.4424, dev_loss=0.0602, dev_acc=0.4286, time=2.4s
2025-10-21 08:47:48,550 - INFO - Epoch 44: train_loss=0.0615, train_acc=0.4424, dev_loss=0.0602, dev_acc=0.4286, time=2.2s
2025-10-21 08:47:50,838 - INFO - Epoch 45: train_loss=0.0618, train_acc=0.4485, dev_loss=0.0601, dev_acc=0.4286, time=2.3s
2025-10-21 08:47:52,961 - INFO - Epoch 46: train_loss=0.0620, train_acc=0.4439, dev_loss=0.0602, dev_acc=0.4286, time=2.1s
2025-10-21 08:47:55,203 - INFO - Epoch 47: train_loss=0.0616, train_acc=0.4347, dev_loss=0.0602, dev_acc=0.4286, time=2.2s
2025-10-21 08:47:57,736 - INFO - Epoch 48: train_loss=0.0616, train_acc=0.4393, dev_loss=0.0602, dev_acc=0.4286, time=2.5s
2025-10-21 08:48:00,084 - INFO - Epoch 49: train_loss=0.0622, train_acc=0.4501, dev_loss=0.0602, dev_acc=0.4286, time=2.3s
2025-10-21 08:48:02,311 - INFO - Epoch 50: train_loss=0.0618, train_acc=0.4455, dev_loss=0.0601, dev_acc=0.4286, time=2.2s
2025-10-21 08:48:04,543 - INFO - Epoch 51: train_loss=0.0616, train_acc=0.4455, dev_loss=0.0602, dev_acc=0.4286, time=2.2s
2025-10-21 08:48:06,724 - INFO - Epoch 52: train_loss=0.0616, train_acc=0.4531, dev_loss=0.0602, dev_acc=0.4286, time=2.2s
2025-10-21 08:48:09,407 - INFO - Epoch 53: train_loss=0.0620, train_acc=0.4562, dev_loss=0.0603, dev_acc=0.4286, time=2.7s
2025-10-21 08:48:11,751 - INFO - Epoch 54: train_loss=0.0622, train_acc=0.4562, dev_loss=0.0602, dev_acc=0.4286, time=2.3s
2025-10-21 08:48:13,944 - INFO - Epoch 55: train_loss=0.0616, train_acc=0.4470, dev_loss=0.0602, dev_acc=0.4286, time=2.2s
2025-10-21 08:48:16,198 - INFO - Epoch 56: train_loss=0.0617, train_acc=0.4654, dev_loss=0.0603, dev_acc=0.4286, time=2.3s
2025-10-21 08:48:18,451 - INFO - Epoch 57: train_loss=0.0617, train_acc=0.4516, dev_loss=0.0602, dev_acc=0.4286, time=2.3s
2025-10-21 08:48:20,897 - INFO - Epoch 58: train_loss=0.0624, train_acc=0.4439, dev_loss=0.0602, dev_acc=0.4286, time=2.4s
2025-10-21 08:48:23,238 - INFO - Epoch 59: train_loss=0.0613, train_acc=0.4485, dev_loss=0.0602, dev_acc=0.4286, time=2.3s
2025-10-21 08:48:25,562 - INFO - Epoch 60: train_loss=0.0612, train_acc=0.4562, dev_loss=0.0602, dev_acc=0.4286, time=2.3s
2025-10-21 08:48:27,753 - INFO - Epoch 61: train_loss=0.0616, train_acc=0.4562, dev_loss=0.0601, dev_acc=0.4286, time=2.2s
2025-10-21 08:48:30,011 - INFO - Epoch 62: train_loss=0.0623, train_acc=0.4393, dev_loss=0.0602, dev_acc=0.4286, time=2.3s
2025-10-21 08:48:32,420 - INFO - Epoch 63: train_loss=0.0614, train_acc=0.4501, dev_loss=0.0602, dev_acc=0.4286, time=2.4s
2025-10-21 08:48:35,000 - INFO - Epoch 64: train_loss=0.0617, train_acc=0.4654, dev_loss=0.0602, dev_acc=0.4286, time=2.6s
2025-10-21 08:48:37,469 - INFO - Epoch 65: train_loss=0.0617, train_acc=0.4516, dev_loss=0.0602, dev_acc=0.4286, time=2.5s
2025-10-21 08:48:39,837 - INFO - Epoch 66: train_loss=0.0610, train_acc=0.4485, dev_loss=0.0602, dev_acc=0.4286, time=2.4s
2025-10-21 08:48:41,972 - INFO - Epoch 67: train_loss=0.0616, train_acc=0.4578, dev_loss=0.0602, dev_acc=0.4286, time=2.1s
2025-10-21 08:48:44,693 - INFO - Epoch 68: train_loss=0.0629, train_acc=0.4132, dev_loss=0.0602, dev_acc=0.4286, time=2.7s
2025-10-21 08:48:47,323 - INFO - Epoch 69: train_loss=0.0616, train_acc=0.4424, dev_loss=0.0602, dev_acc=0.4286, time=2.6s
2025-10-21 08:48:49,866 - INFO - Epoch 70: train_loss=0.0617, train_acc=0.4455, dev_loss=0.0602, dev_acc=0.4286, time=2.5s
2025-10-21 08:48:52,128 - INFO - Epoch 71: train_loss=0.0617, train_acc=0.4501, dev_loss=0.0602, dev_acc=0.4286, time=2.3s
2025-10-21 08:48:54,712 - INFO - Epoch 72: train_loss=0.0615, train_acc=0.4593, dev_loss=0.0602, dev_acc=0.4286, time=2.6s
2025-10-21 08:48:57,430 - INFO - Epoch 73: train_loss=0.0619, train_acc=0.4485, dev_loss=0.0602, dev_acc=0.4286, time=2.7s
2025-10-21 08:48:59,899 - INFO - Epoch 74: train_loss=0.0614, train_acc=0.4531, dev_loss=0.0602, dev_acc=0.4286, time=2.5s
2025-10-21 08:49:02,161 - INFO - Epoch 75: train_loss=0.0618, train_acc=0.4485, dev_loss=0.0604, dev_acc=0.4286, time=2.3s
2025-10-21 08:49:04,731 - INFO - Epoch 76: train_loss=0.0614, train_acc=0.4409, dev_loss=0.0603, dev_acc=0.4286, time=2.6s
2025-10-21 08:49:07,163 - INFO - Epoch 77: train_loss=0.0617, train_acc=0.4378, dev_loss=0.0601, dev_acc=0.4286, time=2.4s
2025-10-21 08:49:09,636 - INFO - Epoch 78: train_loss=0.0614, train_acc=0.4593, dev_loss=0.0602, dev_acc=0.4286, time=2.5s
2025-10-21 08:49:12,111 - INFO - Epoch 79: train_loss=0.0615, train_acc=0.4409, dev_loss=0.0602, dev_acc=0.4286, time=2.5s
2025-10-21 08:49:14,367 - INFO - Epoch 80: train_loss=0.0621, train_acc=0.4439, dev_loss=0.0601, dev_acc=0.4286, time=2.3s
2025-10-21 08:49:16,858 - INFO - Epoch 81: train_loss=0.0616, train_acc=0.4424, dev_loss=0.0602, dev_acc=0.4286, time=2.5s
2025-10-21 08:49:19,229 - INFO - Epoch 82: train_loss=0.0619, train_acc=0.4378, dev_loss=0.0602, dev_acc=0.4286, time=2.4s
2025-10-21 08:49:21,473 - INFO - Epoch 83: train_loss=0.0615, train_acc=0.4424, dev_loss=0.0602, dev_acc=0.4286, time=2.2s
2025-10-21 08:49:23,765 - INFO - Epoch 84: train_loss=0.0620, train_acc=0.4301, dev_loss=0.0601, dev_acc=0.4286, time=2.3s
2025-10-21 08:49:25,993 - INFO - Epoch 85: train_loss=0.0619, train_acc=0.4286, dev_loss=0.0601, dev_acc=0.4286, time=2.2s
2025-10-21 08:49:28,452 - INFO - Epoch 86: train_loss=0.0612, train_acc=0.4624, dev_loss=0.0602, dev_acc=0.4286, time=2.5s
2025-10-21 08:49:30,857 - INFO - Epoch 87: train_loss=0.0612, train_acc=0.4501, dev_loss=0.0602, dev_acc=0.4286, time=2.4s
2025-10-21 08:49:33,060 - INFO - Epoch 88: train_loss=0.0616, train_acc=0.4531, dev_loss=0.0602, dev_acc=0.4286, time=2.2s
2025-10-21 08:49:35,696 - INFO - Epoch 89: train_loss=0.0617, train_acc=0.4363, dev_loss=0.0601, dev_acc=0.4286, time=2.6s
2025-10-21 08:49:38,480 - INFO - Epoch 90: train_loss=0.0619, train_acc=0.4485, dev_loss=0.0601, dev_acc=0.4286, time=2.8s
2025-10-21 08:49:41,235 - INFO - Epoch 91: train_loss=0.0621, train_acc=0.4270, dev_loss=0.0602, dev_acc=0.4286, time=2.8s
2025-10-21 08:49:43,688 - INFO - Epoch 92: train_loss=0.0617, train_acc=0.4470, dev_loss=0.0602, dev_acc=0.4286, time=2.5s
2025-10-21 08:49:46,105 - INFO - Epoch 93: train_loss=0.0624, train_acc=0.4424, dev_loss=0.0602, dev_acc=0.4286, time=2.4s
2025-10-21 08:49:48,343 - INFO - Epoch 94: train_loss=0.0618, train_acc=0.4409, dev_loss=0.0601, dev_acc=0.4286, time=2.2s
2025-10-21 08:49:50,543 - INFO - Epoch 95: train_loss=0.0614, train_acc=0.4424, dev_loss=0.0601, dev_acc=0.4286, time=2.2s
2025-10-21 08:49:52,743 - INFO - Epoch 96: train_loss=0.0613, train_acc=0.4409, dev_loss=0.0601, dev_acc=0.4286, time=2.2s
2025-10-21 08:49:54,989 - INFO - Epoch 97: train_loss=0.0621, train_acc=0.4593, dev_loss=0.0602, dev_acc=0.4286, time=2.2s
2025-10-21 08:49:57,469 - INFO - Epoch 98: train_loss=0.0614, train_acc=0.4516, dev_loss=0.0602, dev_acc=0.4286, time=2.5s
2025-10-21 08:49:59,799 - INFO - Epoch 99: train_loss=0.0613, train_acc=0.4531, dev_loss=0.0601, dev_acc=0.4286, time=2.3s
2025-10-21 08:50:02,046 - INFO - Epoch 100: train_loss=0.0601, train_acc=0.4624, dev_loss=0.0602, dev_acc=0.4286, time=2.2s
2025-10-21 08:50:04,284 - INFO - Epoch 101: train_loss=0.0615, train_acc=0.4439, dev_loss=0.0602, dev_acc=0.4286, time=2.2s
2025-10-21 08:50:04,285 - INFO - 早停触发: 最佳轮次=1, 最佳验证准确率=0.4286
2025-10-21 08:50:04,621 - INFO - 第 5 折测试: 损失=0.0611, 准确率=0.4120, F1=0.3277
2025-10-21 08:50:04,621 - INFO - 
===== 交叉验证平均结果 =====
2025-10-21 08:50:04,622 - INFO - 平均准确率: 0.4409, 平均精确率: 0.5792
2025-10-21 08:50:04,622 - INFO - 平均召回率: 0.4409, 平均F1: 0.3534
2025-10-21 08:50:04,630 - INFO - 

==================== 开始实验: pmdf + ['face', 'tongue'] ====================
