2025-10-21 09:11:51,181 - INFO - 
==================== 实验配置 ====================
2025-10-21 09:11:51,183 - INFO - 种子: 2023
2025-10-21 09:11:51,184 - INFO - 融合方法: pmdf
2025-10-21 09:11:51,184 - INFO - 模态组合: ['ask', 'face', 'tongue']
2025-10-21 09:11:51,185 - INFO - 批次大小: 32
2025-10-21 09:11:51,186 - INFO - 训练轮数: 1000
2025-10-21 09:11:51,187 - INFO - 学习率: 0.001
2025-10-21 09:11:51,188 - INFO - 早停轮数: 100
2025-10-21 09:11:51,189 - INFO - K折交叉验证: 5
2025-10-21 09:11:51,190 - INFO - 损失函数: MultiClassFocalLossWithAlpha
2025-10-21 09:11:51,190 - INFO - 优化器: Adam (
Parameter Group 0
    amsgrad: False
    betas: (0.5, 0.999)
    capturable: False
    decoupled_weight_decay: False
    differentiable: False
    eps: 1e-08
    foreach: None
    fused: None
    lr: 0.001
    maximize: False
    weight_decay: 0
)
2025-10-21 09:11:51,194 - INFO - 设备: cpu
2025-10-21 09:11:51,195 - INFO - =================================================

2025-10-21 09:11:51,198 - INFO - 
----- 第 1/5 折 -----
2025-10-21 09:11:51,284 - INFO - 训练设备: cpu | 融合方法: pmdf | 模态组合: ['ask', 'face', 'tongue']
2025-10-21 09:11:54,022 - INFO - Epoch 1: train_loss=0.1116, train_acc=0.3831, dev_loss=13.5348, dev_acc=0.2673, time=2.7s
2025-10-21 09:11:56,535 - INFO - Epoch 2: train_loss=0.0666, train_acc=0.4062, dev_loss=5.9585, dev_acc=0.3180, time=2.5s
2025-10-21 09:11:58,801 - INFO - Epoch 3: train_loss=0.0649, train_acc=0.4215, dev_loss=9.9652, dev_acc=0.3180, time=2.3s
2025-10-21 09:12:01,262 - INFO - Epoch 4: train_loss=0.0632, train_acc=0.4369, dev_loss=3.4686, dev_acc=0.4147, time=2.5s
2025-10-21 09:12:04,127 - INFO - Epoch 5: train_loss=0.0639, train_acc=0.4246, dev_loss=7.1561, dev_acc=0.3180, time=2.8s
2025-10-21 09:12:06,591 - INFO - Epoch 6: train_loss=0.0623, train_acc=0.4108, dev_loss=5.6333, dev_acc=0.3180, time=2.5s
2025-10-21 09:12:08,836 - INFO - Epoch 7: train_loss=0.0644, train_acc=0.4077, dev_loss=2.4401, dev_acc=0.2673, time=2.2s
2025-10-21 09:12:11,025 - INFO - Epoch 8: train_loss=0.0633, train_acc=0.3877, dev_loss=1.1422, dev_acc=0.4147, time=2.2s
2025-10-21 09:12:13,882 - INFO - Epoch 9: train_loss=0.0632, train_acc=0.4062, dev_loss=2.4459, dev_acc=0.3180, time=2.9s
2025-10-21 09:12:16,368 - INFO - Epoch 10: train_loss=0.0634, train_acc=0.3985, dev_loss=1.1982, dev_acc=0.4147, time=2.5s
2025-10-21 09:12:18,739 - INFO - Epoch 11: train_loss=0.0615, train_acc=0.4246, dev_loss=0.9358, dev_acc=0.3180, time=2.4s
2025-10-21 09:12:21,193 - INFO - Epoch 12: train_loss=0.0618, train_acc=0.4231, dev_loss=1.1729, dev_acc=0.4147, time=2.5s
2025-10-21 09:12:24,200 - INFO - Epoch 13: train_loss=0.0615, train_acc=0.4369, dev_loss=0.6073, dev_acc=0.3226, time=3.0s
2025-10-21 09:12:26,998 - INFO - Epoch 14: train_loss=0.0617, train_acc=0.4231, dev_loss=0.2494, dev_acc=0.2673, time=2.8s
2025-10-21 09:12:29,708 - INFO - Epoch 15: train_loss=0.0624, train_acc=0.4246, dev_loss=0.2040, dev_acc=0.2535, time=2.7s
2025-10-21 09:12:32,421 - INFO - Epoch 16: train_loss=0.0618, train_acc=0.4092, dev_loss=0.5414, dev_acc=0.4147, time=2.7s
2025-10-21 09:12:35,391 - INFO - Epoch 17: train_loss=0.0622, train_acc=0.3954, dev_loss=0.4242, dev_acc=0.4147, time=3.0s
2025-10-21 09:12:38,056 - INFO - Epoch 18: train_loss=0.0623, train_acc=0.4092, dev_loss=2.0029, dev_acc=0.4147, time=2.7s
2025-10-21 09:12:40,433 - INFO - Epoch 19: train_loss=0.0617, train_acc=0.4292, dev_loss=1.2544, dev_acc=0.4147, time=2.4s
2025-10-21 09:12:42,773 - INFO - Epoch 20: train_loss=0.0616, train_acc=0.4308, dev_loss=0.1784, dev_acc=0.4147, time=2.3s
2025-10-21 09:12:45,224 - INFO - Epoch 21: train_loss=0.0620, train_acc=0.4292, dev_loss=0.3172, dev_acc=0.2673, time=2.5s
2025-10-21 09:12:47,321 - INFO - Epoch 22: train_loss=0.0614, train_acc=0.4138, dev_loss=0.4600, dev_acc=0.3180, time=2.1s
2025-10-21 09:12:49,370 - INFO - Epoch 23: train_loss=0.0625, train_acc=0.4262, dev_loss=0.3293, dev_acc=0.4194, time=2.0s
2025-10-21 09:12:51,529 - INFO - Epoch 24: train_loss=0.0621, train_acc=0.4215, dev_loss=0.7454, dev_acc=0.2673, time=2.1s
2025-10-21 09:12:53,488 - INFO - Epoch 25: train_loss=0.0618, train_acc=0.4338, dev_loss=0.2539, dev_acc=0.3180, time=2.0s
2025-10-21 09:12:55,544 - INFO - Epoch 26: train_loss=0.0620, train_acc=0.4185, dev_loss=0.0808, dev_acc=0.3226, time=2.1s
2025-10-21 09:12:57,837 - INFO - Epoch 27: train_loss=0.0616, train_acc=0.4308, dev_loss=0.3340, dev_acc=0.2673, time=2.3s
2025-10-21 09:13:00,151 - INFO - Epoch 28: train_loss=0.0621, train_acc=0.4292, dev_loss=0.1376, dev_acc=0.2673, time=2.3s
2025-10-21 09:13:02,771 - INFO - Epoch 29: train_loss=0.0621, train_acc=0.4262, dev_loss=0.1635, dev_acc=0.2673, time=2.6s
2025-10-21 09:13:05,157 - INFO - Epoch 30: train_loss=0.0625, train_acc=0.4077, dev_loss=0.3900, dev_acc=0.3180, time=2.4s
2025-10-21 09:13:07,396 - INFO - Epoch 31: train_loss=0.0609, train_acc=0.4246, dev_loss=0.3513, dev_acc=0.3180, time=2.2s
2025-10-21 09:13:09,742 - INFO - Epoch 32: train_loss=0.0614, train_acc=0.4308, dev_loss=0.0696, dev_acc=0.4147, time=2.3s
2025-10-21 09:13:11,971 - INFO - Epoch 33: train_loss=0.0612, train_acc=0.4415, dev_loss=0.1489, dev_acc=0.3180, time=2.2s
2025-10-21 09:13:14,220 - INFO - Epoch 34: train_loss=0.0612, train_acc=0.4215, dev_loss=0.1479, dev_acc=0.2673, time=2.2s
2025-10-21 09:13:16,266 - INFO - Epoch 35: train_loss=0.0617, train_acc=0.4015, dev_loss=0.0707, dev_acc=0.4147, time=2.0s
2025-10-21 09:13:18,255 - INFO - Epoch 36: train_loss=0.0616, train_acc=0.3969, dev_loss=0.1074, dev_acc=0.2673, time=2.0s
2025-10-21 09:13:20,161 - INFO - Epoch 37: train_loss=0.0622, train_acc=0.4215, dev_loss=0.0725, dev_acc=0.3180, time=1.9s
2025-10-21 09:13:22,146 - INFO - Epoch 38: train_loss=0.0618, train_acc=0.4308, dev_loss=0.0624, dev_acc=0.4147, time=2.0s
2025-10-21 09:13:24,095 - INFO - Epoch 39: train_loss=0.0612, train_acc=0.4308, dev_loss=0.0651, dev_acc=0.4793, time=1.9s
2025-10-21 09:13:26,339 - INFO - Epoch 40: train_loss=0.0618, train_acc=0.4262, dev_loss=0.0765, dev_acc=0.3180, time=2.2s
2025-10-21 09:13:28,409 - INFO - Epoch 41: train_loss=0.0615, train_acc=0.4431, dev_loss=0.1856, dev_acc=0.3180, time=2.1s
2025-10-21 09:13:30,462 - INFO - Epoch 42: train_loss=0.0618, train_acc=0.4415, dev_loss=0.1403, dev_acc=0.3180, time=2.1s
2025-10-21 09:13:32,436 - INFO - Epoch 43: train_loss=0.0611, train_acc=0.4415, dev_loss=0.0608, dev_acc=0.4839, time=2.0s
2025-10-21 09:13:34,450 - INFO - Epoch 44: train_loss=0.0610, train_acc=0.4385, dev_loss=0.1286, dev_acc=0.4147, time=2.0s
2025-10-21 09:13:36,856 - INFO - Epoch 45: train_loss=0.0611, train_acc=0.4400, dev_loss=0.0700, dev_acc=0.2581, time=2.4s
2025-10-21 09:13:39,800 - INFO - Epoch 46: train_loss=0.0614, train_acc=0.4292, dev_loss=0.0629, dev_acc=0.3134, time=2.9s
2025-10-21 09:13:42,634 - INFO - Epoch 47: train_loss=0.0621, train_acc=0.4123, dev_loss=0.0842, dev_acc=0.4147, time=2.8s
2025-10-21 09:13:45,485 - INFO - Epoch 48: train_loss=0.0614, train_acc=0.4446, dev_loss=0.0673, dev_acc=0.4470, time=2.8s
2025-10-21 09:13:48,207 - INFO - Epoch 49: train_loss=0.0620, train_acc=0.4138, dev_loss=0.0694, dev_acc=0.2535, time=2.7s
2025-10-21 09:13:50,977 - INFO - Epoch 50: train_loss=0.0616, train_acc=0.4277, dev_loss=0.0644, dev_acc=0.5115, time=2.8s
2025-10-21 09:13:53,402 - INFO - Epoch 51: train_loss=0.0620, train_acc=0.4292, dev_loss=0.0675, dev_acc=0.2535, time=2.4s
2025-10-21 09:13:55,720 - INFO - Epoch 52: train_loss=0.0611, train_acc=0.4062, dev_loss=0.0634, dev_acc=0.4147, time=2.3s
2025-10-21 09:13:58,022 - INFO - Epoch 53: train_loss=0.0616, train_acc=0.4262, dev_loss=0.0627, dev_acc=0.4194, time=2.3s
2025-10-21 09:14:00,230 - INFO - Epoch 54: train_loss=0.0611, train_acc=0.4277, dev_loss=0.0637, dev_acc=0.4194, time=2.2s
2025-10-21 09:14:02,744 - INFO - Epoch 55: train_loss=0.0604, train_acc=0.4415, dev_loss=0.0612, dev_acc=0.4147, time=2.5s
2025-10-21 09:14:05,180 - INFO - Epoch 56: train_loss=0.0614, train_acc=0.4246, dev_loss=0.0626, dev_acc=0.4147, time=2.4s
2025-10-21 09:14:07,505 - INFO - Epoch 57: train_loss=0.0608, train_acc=0.4308, dev_loss=0.0728, dev_acc=0.2581, time=2.3s
2025-10-21 09:14:09,713 - INFO - Epoch 58: train_loss=0.0615, train_acc=0.4215, dev_loss=0.0769, dev_acc=0.4562, time=2.2s
2025-10-21 09:14:12,022 - INFO - Epoch 59: train_loss=0.0614, train_acc=0.4385, dev_loss=0.0680, dev_acc=0.3226, time=2.3s
2025-10-21 09:14:14,469 - INFO - Epoch 60: train_loss=0.0607, train_acc=0.4323, dev_loss=0.0638, dev_acc=0.4147, time=2.4s
2025-10-21 09:14:16,978 - INFO - Epoch 61: train_loss=0.0613, train_acc=0.4338, dev_loss=0.0632, dev_acc=0.4147, time=2.5s
2025-10-21 09:14:19,237 - INFO - Epoch 62: train_loss=0.0620, train_acc=0.4323, dev_loss=0.0627, dev_acc=0.4147, time=2.3s
2025-10-21 09:14:21,568 - INFO - Epoch 63: train_loss=0.0621, train_acc=0.4323, dev_loss=0.0607, dev_acc=0.4793, time=2.3s
2025-10-21 09:14:23,923 - INFO - Epoch 64: train_loss=0.0619, train_acc=0.4277, dev_loss=0.0654, dev_acc=0.4147, time=2.4s
2025-10-21 09:14:26,528 - INFO - Epoch 65: train_loss=0.0612, train_acc=0.4246, dev_loss=0.0652, dev_acc=0.4194, time=2.6s
2025-10-21 09:14:28,906 - INFO - Epoch 66: train_loss=0.0624, train_acc=0.4246, dev_loss=0.0631, dev_acc=0.4194, time=2.4s
2025-10-21 09:14:31,278 - INFO - Epoch 67: train_loss=0.0617, train_acc=0.4200, dev_loss=0.0673, dev_acc=0.4147, time=2.4s
2025-10-21 09:14:33,524 - INFO - Epoch 68: train_loss=0.0624, train_acc=0.4231, dev_loss=0.0616, dev_acc=0.4194, time=2.2s
2025-10-21 09:14:35,827 - INFO - Epoch 69: train_loss=0.0617, train_acc=0.4231, dev_loss=0.0607, dev_acc=0.4194, time=2.3s
2025-10-21 09:14:38,374 - INFO - Epoch 70: train_loss=0.0611, train_acc=0.4385, dev_loss=0.0610, dev_acc=0.4194, time=2.5s
2025-10-21 09:14:40,850 - INFO - Epoch 71: train_loss=0.0612, train_acc=0.4354, dev_loss=0.0617, dev_acc=0.4194, time=2.5s
2025-10-21 09:14:43,133 - INFO - Epoch 72: train_loss=0.0612, train_acc=0.4292, dev_loss=0.0617, dev_acc=0.4194, time=2.3s
2025-10-21 09:14:45,557 - INFO - Epoch 73: train_loss=0.0620, train_acc=0.4138, dev_loss=0.0609, dev_acc=0.4194, time=2.4s
2025-10-21 09:14:48,111 - INFO - Epoch 74: train_loss=0.0616, train_acc=0.4385, dev_loss=0.0623, dev_acc=0.4194, time=2.6s
2025-10-21 09:14:50,564 - INFO - Epoch 75: train_loss=0.0609, train_acc=0.4308, dev_loss=0.0599, dev_acc=0.4194, time=2.5s
2025-10-21 09:14:52,956 - INFO - Epoch 76: train_loss=0.0620, train_acc=0.4185, dev_loss=0.0616, dev_acc=0.4194, time=2.4s
2025-10-21 09:14:55,371 - INFO - Epoch 77: train_loss=0.0612, train_acc=0.4185, dev_loss=0.0608, dev_acc=0.4194, time=2.4s
2025-10-21 09:14:57,609 - INFO - Epoch 78: train_loss=0.0613, train_acc=0.4231, dev_loss=0.0615, dev_acc=0.4194, time=2.2s
2025-10-21 09:15:00,035 - INFO - Epoch 79: train_loss=0.0611, train_acc=0.4231, dev_loss=0.0604, dev_acc=0.4194, time=2.4s
2025-10-21 09:15:02,459 - INFO - Epoch 80: train_loss=0.0617, train_acc=0.4169, dev_loss=0.0604, dev_acc=0.4194, time=2.4s
2025-10-21 09:15:04,878 - INFO - Epoch 81: train_loss=0.0617, train_acc=0.4169, dev_loss=0.0605, dev_acc=0.4194, time=2.4s
2025-10-21 09:15:07,157 - INFO - Epoch 82: train_loss=0.0610, train_acc=0.4292, dev_loss=0.0602, dev_acc=0.4194, time=2.3s
2025-10-21 09:15:09,432 - INFO - Epoch 83: train_loss=0.0620, train_acc=0.4262, dev_loss=0.0607, dev_acc=0.4194, time=2.3s
2025-10-21 09:15:11,700 - INFO - Epoch 84: train_loss=0.0607, train_acc=0.4400, dev_loss=0.0606, dev_acc=0.4194, time=2.3s
2025-10-21 09:15:14,247 - INFO - Epoch 85: train_loss=0.0618, train_acc=0.4231, dev_loss=0.0611, dev_acc=0.4194, time=2.5s
2025-10-21 09:15:16,714 - INFO - Epoch 86: train_loss=0.0608, train_acc=0.4462, dev_loss=0.0606, dev_acc=0.4194, time=2.5s
2025-10-21 09:15:19,024 - INFO - Epoch 87: train_loss=0.0617, train_acc=0.4338, dev_loss=0.0603, dev_acc=0.4194, time=2.3s
2025-10-21 09:15:21,263 - INFO - Epoch 88: train_loss=0.0615, train_acc=0.4262, dev_loss=0.0604, dev_acc=0.4194, time=2.2s
2025-10-21 09:15:23,529 - INFO - Epoch 89: train_loss=0.0616, train_acc=0.4277, dev_loss=0.0603, dev_acc=0.4194, time=2.3s
2025-10-21 09:15:26,188 - INFO - Epoch 90: train_loss=0.0613, train_acc=0.4400, dev_loss=0.0603, dev_acc=0.4194, time=2.7s
2025-10-21 09:15:28,548 - INFO - Epoch 91: train_loss=0.0623, train_acc=0.4015, dev_loss=0.0602, dev_acc=0.4194, time=2.4s
2025-10-21 09:15:30,989 - INFO - Epoch 92: train_loss=0.0613, train_acc=0.4200, dev_loss=0.0605, dev_acc=0.4194, time=2.4s
2025-10-21 09:15:33,574 - INFO - Epoch 93: train_loss=0.0617, train_acc=0.4108, dev_loss=0.0605, dev_acc=0.4194, time=2.6s
2025-10-21 09:15:36,624 - INFO - Epoch 94: train_loss=0.0612, train_acc=0.4354, dev_loss=0.0605, dev_acc=0.4194, time=3.0s
2025-10-21 09:15:39,196 - INFO - Epoch 95: train_loss=0.0617, train_acc=0.4246, dev_loss=0.0605, dev_acc=0.4194, time=2.6s
2025-10-21 09:15:41,825 - INFO - Epoch 96: train_loss=0.0624, train_acc=0.4200, dev_loss=0.0603, dev_acc=0.4194, time=2.6s
2025-10-21 09:15:44,237 - INFO - Epoch 97: train_loss=0.0619, train_acc=0.4169, dev_loss=0.0603, dev_acc=0.4194, time=2.4s
2025-10-21 09:15:46,567 - INFO - Epoch 98: train_loss=0.0608, train_acc=0.4215, dev_loss=0.0604, dev_acc=0.4194, time=2.3s
2025-10-21 09:15:48,860 - INFO - Epoch 99: train_loss=0.0618, train_acc=0.4262, dev_loss=0.0605, dev_acc=0.4194, time=2.3s
2025-10-21 09:15:51,140 - INFO - Epoch 100: train_loss=0.0610, train_acc=0.4354, dev_loss=0.0604, dev_acc=0.4194, time=2.3s
2025-10-21 09:15:53,644 - INFO - Epoch 101: train_loss=0.0625, train_acc=0.4215, dev_loss=0.0606, dev_acc=0.4194, time=2.5s
2025-10-21 09:15:56,171 - INFO - Epoch 102: train_loss=0.0613, train_acc=0.4323, dev_loss=0.0605, dev_acc=0.4194, time=2.5s
2025-10-21 09:15:58,376 - INFO - Epoch 103: train_loss=0.0615, train_acc=0.4262, dev_loss=0.0605, dev_acc=0.4194, time=2.2s
2025-10-21 09:16:00,760 - INFO - Epoch 104: train_loss=0.0615, train_acc=0.4246, dev_loss=0.0604, dev_acc=0.4194, time=2.4s
2025-10-21 09:16:03,095 - INFO - Epoch 105: train_loss=0.0609, train_acc=0.4338, dev_loss=0.0605, dev_acc=0.4194, time=2.3s
2025-10-21 09:16:05,633 - INFO - Epoch 106: train_loss=0.0622, train_acc=0.4154, dev_loss=0.0604, dev_acc=0.4194, time=2.5s
2025-10-21 09:16:08,100 - INFO - Epoch 107: train_loss=0.0609, train_acc=0.4277, dev_loss=0.0604, dev_acc=0.4194, time=2.5s
2025-10-21 09:16:10,420 - INFO - Epoch 108: train_loss=0.0614, train_acc=0.4292, dev_loss=0.0604, dev_acc=0.4194, time=2.3s
2025-10-21 09:16:12,734 - INFO - Epoch 109: train_loss=0.0622, train_acc=0.4308, dev_loss=0.0605, dev_acc=0.4194, time=2.3s
2025-10-21 09:16:14,969 - INFO - Epoch 110: train_loss=0.0620, train_acc=0.4215, dev_loss=0.0604, dev_acc=0.4194, time=2.2s
2025-10-21 09:16:17,358 - INFO - Epoch 111: train_loss=0.0607, train_acc=0.4431, dev_loss=0.0604, dev_acc=0.4194, time=2.4s
2025-10-21 09:16:19,796 - INFO - Epoch 112: train_loss=0.0623, train_acc=0.4369, dev_loss=0.0605, dev_acc=0.4194, time=2.4s
2025-10-21 09:16:22,058 - INFO - Epoch 113: train_loss=0.0611, train_acc=0.4277, dev_loss=0.0604, dev_acc=0.4194, time=2.3s
2025-10-21 09:16:24,321 - INFO - Epoch 114: train_loss=0.0612, train_acc=0.4415, dev_loss=0.0604, dev_acc=0.4194, time=2.3s
2025-10-21 09:16:26,588 - INFO - Epoch 115: train_loss=0.0614, train_acc=0.4200, dev_loss=0.0604, dev_acc=0.4194, time=2.3s
2025-10-21 09:16:29,224 - INFO - Epoch 116: train_loss=0.0618, train_acc=0.4169, dev_loss=0.0604, dev_acc=0.4194, time=2.6s
2025-10-21 09:16:31,916 - INFO - Epoch 117: train_loss=0.0613, train_acc=0.4338, dev_loss=0.0604, dev_acc=0.4194, time=2.7s
2025-10-21 09:16:34,444 - INFO - Epoch 118: train_loss=0.0607, train_acc=0.4415, dev_loss=0.0604, dev_acc=0.4194, time=2.5s
2025-10-21 09:16:36,921 - INFO - Epoch 119: train_loss=0.0614, train_acc=0.4369, dev_loss=0.0604, dev_acc=0.4194, time=2.5s
2025-10-21 09:16:39,685 - INFO - Epoch 120: train_loss=0.0608, train_acc=0.4154, dev_loss=0.0605, dev_acc=0.4194, time=2.8s
2025-10-21 09:16:42,419 - INFO - Epoch 121: train_loss=0.0611, train_acc=0.4446, dev_loss=0.0604, dev_acc=0.4194, time=2.7s
2025-10-21 09:16:44,967 - INFO - Epoch 122: train_loss=0.0607, train_acc=0.4308, dev_loss=0.0604, dev_acc=0.4194, time=2.5s
2025-10-21 09:16:47,258 - INFO - Epoch 123: train_loss=0.0612, train_acc=0.4323, dev_loss=0.0604, dev_acc=0.4194, time=2.3s
2025-10-21 09:16:49,866 - INFO - Epoch 124: train_loss=0.0615, train_acc=0.4215, dev_loss=0.0605, dev_acc=0.4194, time=2.6s
2025-10-21 09:16:52,640 - INFO - Epoch 125: train_loss=0.0612, train_acc=0.4338, dev_loss=0.0603, dev_acc=0.4194, time=2.8s
2025-10-21 09:16:54,565 - INFO - Epoch 126: train_loss=0.0617, train_acc=0.4308, dev_loss=0.0604, dev_acc=0.4194, time=1.9s
2025-10-21 09:16:56,623 - INFO - Epoch 127: train_loss=0.0617, train_acc=0.4292, dev_loss=0.0604, dev_acc=0.4194, time=2.1s
2025-10-21 09:16:58,590 - INFO - Epoch 128: train_loss=0.0622, train_acc=0.4354, dev_loss=0.0604, dev_acc=0.4194, time=2.0s
2025-10-21 09:17:00,662 - INFO - Epoch 129: train_loss=0.0614, train_acc=0.4292, dev_loss=0.0604, dev_acc=0.4194, time=2.1s
2025-10-21 09:17:02,768 - INFO - Epoch 130: train_loss=0.0621, train_acc=0.4154, dev_loss=0.0605, dev_acc=0.4194, time=2.1s
2025-10-21 09:17:04,781 - INFO - Epoch 131: train_loss=0.0614, train_acc=0.4231, dev_loss=0.0604, dev_acc=0.4194, time=2.0s
2025-10-21 09:17:06,730 - INFO - Epoch 132: train_loss=0.0613, train_acc=0.4215, dev_loss=0.0604, dev_acc=0.4194, time=1.9s
2025-10-21 09:17:08,786 - INFO - Epoch 133: train_loss=0.0611, train_acc=0.4538, dev_loss=0.0605, dev_acc=0.4194, time=2.1s
2025-10-21 09:17:10,923 - INFO - Epoch 134: train_loss=0.0613, train_acc=0.4215, dev_loss=0.0604, dev_acc=0.4194, time=2.1s
2025-10-21 09:17:13,065 - INFO - Epoch 135: train_loss=0.0613, train_acc=0.4446, dev_loss=0.0604, dev_acc=0.4194, time=2.1s
2025-10-21 09:17:15,145 - INFO - Epoch 136: train_loss=0.0625, train_acc=0.4077, dev_loss=0.0605, dev_acc=0.4194, time=2.1s
2025-10-21 09:17:17,251 - INFO - Epoch 137: train_loss=0.0615, train_acc=0.4308, dev_loss=0.0604, dev_acc=0.4194, time=2.1s
2025-10-21 09:17:19,134 - INFO - Epoch 138: train_loss=0.0613, train_acc=0.4400, dev_loss=0.0604, dev_acc=0.4194, time=1.9s
2025-10-21 09:17:21,196 - INFO - Epoch 139: train_loss=0.0617, train_acc=0.4215, dev_loss=0.0604, dev_acc=0.4194, time=2.1s
2025-10-21 09:17:23,172 - INFO - Epoch 140: train_loss=0.0606, train_acc=0.4277, dev_loss=0.0605, dev_acc=0.4194, time=2.0s
2025-10-21 09:17:25,197 - INFO - Epoch 141: train_loss=0.0619, train_acc=0.4231, dev_loss=0.0605, dev_acc=0.4194, time=2.0s
2025-10-21 09:17:27,227 - INFO - Epoch 142: train_loss=0.0613, train_acc=0.4292, dev_loss=0.0604, dev_acc=0.4194, time=2.0s
2025-10-21 09:17:29,262 - INFO - Epoch 143: train_loss=0.0613, train_acc=0.4354, dev_loss=0.0604, dev_acc=0.4194, time=2.0s
2025-10-21 09:17:31,280 - INFO - Epoch 144: train_loss=0.0611, train_acc=0.4338, dev_loss=0.0604, dev_acc=0.4194, time=2.0s
2025-10-21 09:17:33,301 - INFO - Epoch 145: train_loss=0.0612, train_acc=0.4385, dev_loss=0.0604, dev_acc=0.4194, time=2.0s
2025-10-21 09:17:35,283 - INFO - Epoch 146: train_loss=0.0616, train_acc=0.4123, dev_loss=0.0604, dev_acc=0.4194, time=2.0s
2025-10-21 09:17:37,333 - INFO - Epoch 147: train_loss=0.0624, train_acc=0.4169, dev_loss=0.0604, dev_acc=0.4194, time=2.0s
2025-10-21 09:17:39,619 - INFO - Epoch 148: train_loss=0.0613, train_acc=0.4354, dev_loss=0.0603, dev_acc=0.4194, time=2.3s
2025-10-21 09:17:42,206 - INFO - Epoch 149: train_loss=0.0615, train_acc=0.4338, dev_loss=0.0604, dev_acc=0.4194, time=2.6s
2025-10-21 09:17:44,697 - INFO - Epoch 150: train_loss=0.0619, train_acc=0.4385, dev_loss=0.0604, dev_acc=0.4194, time=2.5s
2025-10-21 09:17:44,699 - INFO - 早停触发: 最佳轮次=50, 最佳验证准确率=0.5115
2025-10-21 09:17:45,057 - INFO - 第 1 折测试: 损失=0.0658, 准确率=0.4332, F1=0.4225
2025-10-21 09:17:45,058 - INFO - 
----- 第 2/5 折 -----
2025-10-21 09:17:45,176 - INFO - 训练设备: cpu | 融合方法: pmdf | 模态组合: ['ask', 'face', 'tongue']
2025-10-21 09:17:47,414 - INFO - Epoch 1: train_loss=0.0617, train_acc=0.4277, dev_loss=0.0603, dev_acc=0.4194, time=2.2s
2025-10-21 09:17:50,165 - INFO - Epoch 2: train_loss=0.0615, train_acc=0.4385, dev_loss=0.0606, dev_acc=0.4194, time=2.7s
2025-10-21 09:17:52,805 - INFO - Epoch 3: train_loss=0.0618, train_acc=0.4354, dev_loss=0.0606, dev_acc=0.4194, time=2.6s
2025-10-21 09:17:55,364 - INFO - Epoch 4: train_loss=0.0624, train_acc=0.4185, dev_loss=0.0607, dev_acc=0.4194, time=2.6s
2025-10-21 09:17:57,637 - INFO - Epoch 5: train_loss=0.0617, train_acc=0.4400, dev_loss=0.0606, dev_acc=0.4194, time=2.3s
2025-10-21 09:18:00,206 - INFO - Epoch 6: train_loss=0.0621, train_acc=0.4308, dev_loss=0.0607, dev_acc=0.4194, time=2.6s
2025-10-21 09:18:02,850 - INFO - Epoch 7: train_loss=0.0617, train_acc=0.4308, dev_loss=0.0606, dev_acc=0.4194, time=2.6s
2025-10-21 09:18:05,056 - INFO - Epoch 8: train_loss=0.0617, train_acc=0.4354, dev_loss=0.0606, dev_acc=0.4194, time=2.2s
2025-10-21 09:18:07,448 - INFO - Epoch 9: train_loss=0.0616, train_acc=0.4292, dev_loss=0.0607, dev_acc=0.4194, time=2.4s
2025-10-21 09:18:10,262 - INFO - Epoch 10: train_loss=0.0618, train_acc=0.4323, dev_loss=0.0607, dev_acc=0.4194, time=2.8s
2025-10-21 09:18:13,071 - INFO - Epoch 11: train_loss=0.0611, train_acc=0.4462, dev_loss=0.0607, dev_acc=0.4194, time=2.8s
2025-10-21 09:18:15,766 - INFO - Epoch 12: train_loss=0.0618, train_acc=0.4108, dev_loss=0.0606, dev_acc=0.4194, time=2.7s
2025-10-21 09:18:18,929 - INFO - Epoch 13: train_loss=0.0616, train_acc=0.4277, dev_loss=0.0607, dev_acc=0.4194, time=3.2s
2025-10-21 09:18:21,466 - INFO - Epoch 14: train_loss=0.0615, train_acc=0.4400, dev_loss=0.0607, dev_acc=0.4194, time=2.5s
2025-10-21 09:18:24,390 - INFO - Epoch 15: train_loss=0.0618, train_acc=0.4154, dev_loss=0.0606, dev_acc=0.4194, time=2.9s
2025-10-21 09:18:27,176 - INFO - Epoch 16: train_loss=0.0618, train_acc=0.4338, dev_loss=0.0607, dev_acc=0.4194, time=2.8s
2025-10-21 09:18:29,786 - INFO - Epoch 17: train_loss=0.0618, train_acc=0.4262, dev_loss=0.0606, dev_acc=0.4194, time=2.6s
2025-10-21 09:18:32,308 - INFO - Epoch 18: train_loss=0.0615, train_acc=0.4292, dev_loss=0.0607, dev_acc=0.4194, time=2.5s
2025-10-21 09:18:34,646 - INFO - Epoch 19: train_loss=0.0612, train_acc=0.4400, dev_loss=0.0607, dev_acc=0.4194, time=2.3s
2025-10-21 09:18:37,444 - INFO - Epoch 20: train_loss=0.0614, train_acc=0.4200, dev_loss=0.0607, dev_acc=0.4194, time=2.8s
2025-10-21 09:18:39,942 - INFO - Epoch 21: train_loss=0.0618, train_acc=0.4369, dev_loss=0.0607, dev_acc=0.4194, time=2.5s
2025-10-21 09:18:42,322 - INFO - Epoch 22: train_loss=0.0617, train_acc=0.4123, dev_loss=0.0606, dev_acc=0.4194, time=2.4s
2025-10-21 09:18:44,670 - INFO - Epoch 23: train_loss=0.0612, train_acc=0.4385, dev_loss=0.0607, dev_acc=0.4194, time=2.3s
2025-10-21 09:18:47,118 - INFO - Epoch 24: train_loss=0.0614, train_acc=0.4215, dev_loss=0.0607, dev_acc=0.4194, time=2.4s
2025-10-21 09:18:49,724 - INFO - Epoch 25: train_loss=0.0616, train_acc=0.4231, dev_loss=0.0607, dev_acc=0.4194, time=2.6s
2025-10-21 09:18:52,110 - INFO - Epoch 26: train_loss=0.0614, train_acc=0.4323, dev_loss=0.0607, dev_acc=0.4194, time=2.4s
2025-10-21 09:18:54,471 - INFO - Epoch 27: train_loss=0.0612, train_acc=0.4400, dev_loss=0.0606, dev_acc=0.4194, time=2.4s
2025-10-21 09:18:56,761 - INFO - Epoch 28: train_loss=0.0623, train_acc=0.4338, dev_loss=0.0606, dev_acc=0.4194, time=2.3s
2025-10-21 09:18:59,184 - INFO - Epoch 29: train_loss=0.0613, train_acc=0.4292, dev_loss=0.0607, dev_acc=0.4194, time=2.4s
2025-10-21 09:19:01,890 - INFO - Epoch 30: train_loss=0.0614, train_acc=0.4415, dev_loss=0.0606, dev_acc=0.4194, time=2.7s
2025-10-21 09:19:04,243 - INFO - Epoch 31: train_loss=0.0612, train_acc=0.4400, dev_loss=0.0606, dev_acc=0.4194, time=2.4s
2025-10-21 09:19:06,670 - INFO - Epoch 32: train_loss=0.0614, train_acc=0.4262, dev_loss=0.0606, dev_acc=0.4194, time=2.4s
2025-10-21 09:19:08,923 - INFO - Epoch 33: train_loss=0.0616, train_acc=0.4323, dev_loss=0.0606, dev_acc=0.4194, time=2.3s
2025-10-21 09:19:11,380 - INFO - Epoch 34: train_loss=0.0619, train_acc=0.4231, dev_loss=0.0607, dev_acc=0.4194, time=2.5s
2025-10-21 09:19:13,772 - INFO - Epoch 35: train_loss=0.0624, train_acc=0.4123, dev_loss=0.0607, dev_acc=0.4194, time=2.4s
2025-10-21 09:19:16,207 - INFO - Epoch 36: train_loss=0.0621, train_acc=0.4169, dev_loss=0.0607, dev_acc=0.4194, time=2.4s
2025-10-21 09:19:18,489 - INFO - Epoch 37: train_loss=0.0621, train_acc=0.4277, dev_loss=0.0607, dev_acc=0.4194, time=2.3s
2025-10-21 09:19:20,794 - INFO - Epoch 38: train_loss=0.0614, train_acc=0.4338, dev_loss=0.0607, dev_acc=0.4194, time=2.3s
2025-10-21 09:19:23,393 - INFO - Epoch 39: train_loss=0.0615, train_acc=0.4446, dev_loss=0.0607, dev_acc=0.4194, time=2.6s
2025-10-21 09:19:25,909 - INFO - Epoch 40: train_loss=0.0604, train_acc=0.4308, dev_loss=0.0608, dev_acc=0.4194, time=2.5s
2025-10-21 09:19:28,172 - INFO - Epoch 41: train_loss=0.0618, train_acc=0.4308, dev_loss=0.0606, dev_acc=0.4194, time=2.3s
2025-10-21 09:19:30,573 - INFO - Epoch 42: train_loss=0.0613, train_acc=0.4323, dev_loss=0.0607, dev_acc=0.4194, time=2.4s
2025-10-21 09:19:32,806 - INFO - Epoch 43: train_loss=0.0614, train_acc=0.4323, dev_loss=0.0607, dev_acc=0.4194, time=2.2s
2025-10-21 09:19:35,348 - INFO - Epoch 44: train_loss=0.0605, train_acc=0.4492, dev_loss=0.0608, dev_acc=0.4194, time=2.5s
2025-10-21 09:19:37,805 - INFO - Epoch 45: train_loss=0.0625, train_acc=0.4323, dev_loss=0.0607, dev_acc=0.4194, time=2.5s
2025-10-21 09:19:40,129 - INFO - Epoch 46: train_loss=0.0614, train_acc=0.4323, dev_loss=0.0606, dev_acc=0.4194, time=2.3s
2025-10-21 09:19:42,533 - INFO - Epoch 47: train_loss=0.0622, train_acc=0.4215, dev_loss=0.0607, dev_acc=0.4194, time=2.4s
2025-10-21 09:19:44,944 - INFO - Epoch 48: train_loss=0.0617, train_acc=0.4338, dev_loss=0.0607, dev_acc=0.4194, time=2.4s
2025-10-21 09:19:47,632 - INFO - Epoch 49: train_loss=0.0615, train_acc=0.4277, dev_loss=0.0606, dev_acc=0.4194, time=2.7s
2025-10-21 09:19:50,085 - INFO - Epoch 50: train_loss=0.0628, train_acc=0.4277, dev_loss=0.0607, dev_acc=0.4194, time=2.5s
2025-10-21 09:19:52,340 - INFO - Epoch 51: train_loss=0.0623, train_acc=0.4185, dev_loss=0.0607, dev_acc=0.4194, time=2.3s
2025-10-21 09:19:54,644 - INFO - Epoch 52: train_loss=0.0611, train_acc=0.4246, dev_loss=0.0608, dev_acc=0.4194, time=2.3s
2025-10-21 09:19:56,904 - INFO - Epoch 53: train_loss=0.0623, train_acc=0.4123, dev_loss=0.0607, dev_acc=0.4194, time=2.3s
2025-10-21 09:19:59,595 - INFO - Epoch 54: train_loss=0.0617, train_acc=0.4262, dev_loss=0.0607, dev_acc=0.4194, time=2.7s
2025-10-21 09:20:01,946 - INFO - Epoch 55: train_loss=0.0621, train_acc=0.4446, dev_loss=0.0607, dev_acc=0.4194, time=2.3s
2025-10-21 09:20:04,230 - INFO - Epoch 56: train_loss=0.0614, train_acc=0.4262, dev_loss=0.0608, dev_acc=0.4194, time=2.3s
2025-10-21 09:20:06,552 - INFO - Epoch 57: train_loss=0.0616, train_acc=0.4262, dev_loss=0.0607, dev_acc=0.4194, time=2.3s
2025-10-21 09:20:08,815 - INFO - Epoch 58: train_loss=0.0613, train_acc=0.4185, dev_loss=0.0607, dev_acc=0.4194, time=2.3s
2025-10-21 09:20:11,069 - INFO - Epoch 59: train_loss=0.0620, train_acc=0.4185, dev_loss=0.0607, dev_acc=0.4194, time=2.3s
2025-10-21 09:20:13,118 - INFO - Epoch 60: train_loss=0.0616, train_acc=0.4369, dev_loss=0.0606, dev_acc=0.4194, time=2.0s
2025-10-21 09:20:15,237 - INFO - Epoch 61: train_loss=0.0618, train_acc=0.4385, dev_loss=0.0607, dev_acc=0.4194, time=2.1s
2025-10-21 09:20:17,173 - INFO - Epoch 62: train_loss=0.0622, train_acc=0.4385, dev_loss=0.0608, dev_acc=0.4194, time=1.9s
2025-10-21 09:20:19,328 - INFO - Epoch 63: train_loss=0.0619, train_acc=0.4369, dev_loss=0.0607, dev_acc=0.4194, time=2.2s
2025-10-21 09:20:21,771 - INFO - Epoch 64: train_loss=0.0618, train_acc=0.4231, dev_loss=0.0607, dev_acc=0.4194, time=2.4s
2025-10-21 09:20:24,340 - INFO - Epoch 65: train_loss=0.0609, train_acc=0.4338, dev_loss=0.0607, dev_acc=0.4194, time=2.6s
2025-10-21 09:20:26,754 - INFO - Epoch 66: train_loss=0.0623, train_acc=0.4354, dev_loss=0.0607, dev_acc=0.4194, time=2.4s
2025-10-21 09:20:29,067 - INFO - Epoch 67: train_loss=0.0618, train_acc=0.4292, dev_loss=0.0607, dev_acc=0.4194, time=2.3s
2025-10-21 09:20:31,334 - INFO - Epoch 68: train_loss=0.0612, train_acc=0.4385, dev_loss=0.0607, dev_acc=0.4194, time=2.3s
2025-10-21 09:20:33,651 - INFO - Epoch 69: train_loss=0.0615, train_acc=0.4369, dev_loss=0.0606, dev_acc=0.4194, time=2.3s
2025-10-21 09:20:36,232 - INFO - Epoch 70: train_loss=0.0619, train_acc=0.4400, dev_loss=0.0606, dev_acc=0.4194, time=2.6s
2025-10-21 09:20:38,620 - INFO - Epoch 71: train_loss=0.0615, train_acc=0.4338, dev_loss=0.0607, dev_acc=0.4194, time=2.4s
2025-10-21 09:20:40,972 - INFO - Epoch 72: train_loss=0.0613, train_acc=0.4262, dev_loss=0.0607, dev_acc=0.4194, time=2.4s
2025-10-21 09:20:43,462 - INFO - Epoch 73: train_loss=0.0608, train_acc=0.4354, dev_loss=0.0608, dev_acc=0.4194, time=2.5s
2025-10-21 09:20:46,395 - INFO - Epoch 74: train_loss=0.0624, train_acc=0.4308, dev_loss=0.0607, dev_acc=0.4194, time=2.9s
2025-10-21 09:20:48,846 - INFO - Epoch 75: train_loss=0.0617, train_acc=0.4215, dev_loss=0.0607, dev_acc=0.4194, time=2.5s
2025-10-21 09:20:51,168 - INFO - Epoch 76: train_loss=0.0626, train_acc=0.4262, dev_loss=0.0607, dev_acc=0.4194, time=2.3s
2025-10-21 09:20:53,537 - INFO - Epoch 77: train_loss=0.0615, train_acc=0.4246, dev_loss=0.0607, dev_acc=0.4194, time=2.4s
2025-10-21 09:20:55,843 - INFO - Epoch 78: train_loss=0.0627, train_acc=0.4200, dev_loss=0.0606, dev_acc=0.4194, time=2.3s
2025-10-21 09:20:58,551 - INFO - Epoch 79: train_loss=0.0620, train_acc=0.4369, dev_loss=0.0606, dev_acc=0.4194, time=2.7s
2025-10-21 09:21:01,003 - INFO - Epoch 80: train_loss=0.0618, train_acc=0.4262, dev_loss=0.0607, dev_acc=0.4194, time=2.5s
2025-10-21 09:21:03,237 - INFO - Epoch 81: train_loss=0.0618, train_acc=0.4154, dev_loss=0.0608, dev_acc=0.4194, time=2.2s
2025-10-21 09:21:05,530 - INFO - Epoch 82: train_loss=0.0617, train_acc=0.4262, dev_loss=0.0606, dev_acc=0.4194, time=2.3s
2025-10-21 09:21:08,023 - INFO - Epoch 83: train_loss=0.0620, train_acc=0.4185, dev_loss=0.0607, dev_acc=0.4194, time=2.5s
2025-10-21 09:21:10,960 - INFO - Epoch 84: train_loss=0.0619, train_acc=0.4200, dev_loss=0.0608, dev_acc=0.4194, time=2.9s
2025-10-21 09:21:13,481 - INFO - Epoch 85: train_loss=0.0621, train_acc=0.4354, dev_loss=0.0607, dev_acc=0.4194, time=2.5s
2025-10-21 09:21:15,995 - INFO - Epoch 86: train_loss=0.0623, train_acc=0.4169, dev_loss=0.0607, dev_acc=0.4194, time=2.5s
2025-10-21 09:21:18,431 - INFO - Epoch 87: train_loss=0.0619, train_acc=0.4185, dev_loss=0.0606, dev_acc=0.4194, time=2.4s
2025-10-21 09:21:20,675 - INFO - Epoch 88: train_loss=0.0621, train_acc=0.4169, dev_loss=0.0606, dev_acc=0.4194, time=2.2s
2025-10-21 09:21:22,935 - INFO - Epoch 89: train_loss=0.0622, train_acc=0.4262, dev_loss=0.0607, dev_acc=0.4194, time=2.3s
2025-10-21 09:21:25,143 - INFO - Epoch 90: train_loss=0.0615, train_acc=0.4246, dev_loss=0.0608, dev_acc=0.4194, time=2.2s
2025-10-21 09:21:27,688 - INFO - Epoch 91: train_loss=0.0625, train_acc=0.4200, dev_loss=0.0607, dev_acc=0.4194, time=2.5s
2025-10-21 09:21:30,129 - INFO - Epoch 92: train_loss=0.0610, train_acc=0.4231, dev_loss=0.0608, dev_acc=0.4194, time=2.4s
2025-10-21 09:21:32,362 - INFO - Epoch 93: train_loss=0.0620, train_acc=0.4323, dev_loss=0.0606, dev_acc=0.4194, time=2.2s
2025-10-21 09:21:34,690 - INFO - Epoch 94: train_loss=0.0613, train_acc=0.4277, dev_loss=0.0607, dev_acc=0.4194, time=2.3s
2025-10-21 09:21:36,974 - INFO - Epoch 95: train_loss=0.0614, train_acc=0.4200, dev_loss=0.0607, dev_acc=0.4194, time=2.3s
2025-10-21 09:21:39,550 - INFO - Epoch 96: train_loss=0.0623, train_acc=0.4185, dev_loss=0.0607, dev_acc=0.4194, time=2.6s
2025-10-21 09:21:41,986 - INFO - Epoch 97: train_loss=0.0625, train_acc=0.4200, dev_loss=0.0607, dev_acc=0.4194, time=2.4s
2025-10-21 09:21:44,250 - INFO - Epoch 98: train_loss=0.0606, train_acc=0.4338, dev_loss=0.0607, dev_acc=0.4194, time=2.3s
2025-10-21 09:21:46,715 - INFO - Epoch 99: train_loss=0.0611, train_acc=0.4338, dev_loss=0.0607, dev_acc=0.4194, time=2.5s
2025-10-21 09:21:49,389 - INFO - Epoch 100: train_loss=0.0616, train_acc=0.4277, dev_loss=0.0607, dev_acc=0.4194, time=2.7s
2025-10-21 09:21:52,121 - INFO - Epoch 101: train_loss=0.0611, train_acc=0.4508, dev_loss=0.0606, dev_acc=0.4194, time=2.7s
2025-10-21 09:21:52,123 - INFO - 早停触发: 最佳轮次=1, 最佳验证准确率=0.4194
2025-10-21 09:21:52,592 - INFO - 第 2 折测试: 损失=0.0606, 准确率=0.4608, F1=0.3697
2025-10-21 09:21:52,593 - INFO - 
----- 第 3/5 折 -----
2025-10-21 09:21:52,724 - INFO - 训练设备: cpu | 融合方法: pmdf | 模态组合: ['ask', 'face', 'tongue']
2025-10-21 09:21:55,253 - INFO - Epoch 1: train_loss=0.0610, train_acc=0.4400, dev_loss=0.0606, dev_acc=0.4194, time=2.5s
2025-10-21 09:21:57,700 - INFO - Epoch 2: train_loss=0.0614, train_acc=0.4446, dev_loss=0.0606, dev_acc=0.4194, time=2.4s
2025-10-21 09:22:00,112 - INFO - Epoch 3: train_loss=0.0610, train_acc=0.4369, dev_loss=0.0606, dev_acc=0.4194, time=2.4s
2025-10-21 09:22:03,160 - INFO - Epoch 4: train_loss=0.0617, train_acc=0.4277, dev_loss=0.0607, dev_acc=0.4194, time=3.0s
2025-10-21 09:22:05,680 - INFO - Epoch 5: train_loss=0.0621, train_acc=0.4185, dev_loss=0.0607, dev_acc=0.4194, time=2.5s
2025-10-21 09:22:08,071 - INFO - Epoch 6: train_loss=0.0625, train_acc=0.4308, dev_loss=0.0607, dev_acc=0.4194, time=2.4s
2025-10-21 09:22:10,312 - INFO - Epoch 7: train_loss=0.0621, train_acc=0.4246, dev_loss=0.0607, dev_acc=0.4194, time=2.2s
2025-10-21 09:22:13,064 - INFO - Epoch 8: train_loss=0.0614, train_acc=0.4477, dev_loss=0.0607, dev_acc=0.4194, time=2.8s
2025-10-21 09:22:15,498 - INFO - Epoch 9: train_loss=0.0613, train_acc=0.4385, dev_loss=0.0607, dev_acc=0.4194, time=2.4s
2025-10-21 09:22:17,766 - INFO - Epoch 10: train_loss=0.0617, train_acc=0.4338, dev_loss=0.0606, dev_acc=0.4194, time=2.3s
2025-10-21 09:22:20,110 - INFO - Epoch 11: train_loss=0.0612, train_acc=0.4431, dev_loss=0.0606, dev_acc=0.4194, time=2.3s
2025-10-21 09:22:22,337 - INFO - Epoch 12: train_loss=0.0616, train_acc=0.4138, dev_loss=0.0607, dev_acc=0.4194, time=2.2s
2025-10-21 09:22:24,948 - INFO - Epoch 13: train_loss=0.0618, train_acc=0.4262, dev_loss=0.0606, dev_acc=0.4194, time=2.6s
2025-10-21 09:22:27,371 - INFO - Epoch 14: train_loss=0.0619, train_acc=0.4169, dev_loss=0.0607, dev_acc=0.4194, time=2.4s
2025-10-21 09:22:29,645 - INFO - Epoch 15: train_loss=0.0623, train_acc=0.4200, dev_loss=0.0607, dev_acc=0.4194, time=2.3s
2025-10-21 09:22:31,905 - INFO - Epoch 16: train_loss=0.0611, train_acc=0.4477, dev_loss=0.0608, dev_acc=0.4194, time=2.3s
2025-10-21 09:22:34,186 - INFO - Epoch 17: train_loss=0.0618, train_acc=0.4354, dev_loss=0.0606, dev_acc=0.4194, time=2.3s
2025-10-21 09:22:36,622 - INFO - Epoch 18: train_loss=0.0619, train_acc=0.4415, dev_loss=0.0606, dev_acc=0.4194, time=2.4s
2025-10-21 09:22:39,085 - INFO - Epoch 19: train_loss=0.0624, train_acc=0.4169, dev_loss=0.0606, dev_acc=0.4194, time=2.5s
2025-10-21 09:22:41,465 - INFO - Epoch 20: train_loss=0.0614, train_acc=0.4400, dev_loss=0.0607, dev_acc=0.4194, time=2.4s
2025-10-21 09:22:43,834 - INFO - Epoch 21: train_loss=0.0618, train_acc=0.4246, dev_loss=0.0606, dev_acc=0.4194, time=2.4s
2025-10-21 09:22:46,095 - INFO - Epoch 22: train_loss=0.0620, train_acc=0.4323, dev_loss=0.0607, dev_acc=0.4194, time=2.3s
2025-10-21 09:22:48,497 - INFO - Epoch 23: train_loss=0.0613, train_acc=0.4523, dev_loss=0.0606, dev_acc=0.4194, time=2.4s
2025-10-21 09:22:50,935 - INFO - Epoch 24: train_loss=0.0620, train_acc=0.4246, dev_loss=0.0606, dev_acc=0.4194, time=2.4s
2025-10-21 09:22:53,293 - INFO - Epoch 25: train_loss=0.0618, train_acc=0.4185, dev_loss=0.0607, dev_acc=0.4194, time=2.4s
2025-10-21 09:22:55,661 - INFO - Epoch 26: train_loss=0.0616, train_acc=0.4431, dev_loss=0.0606, dev_acc=0.4194, time=2.4s
2025-10-21 09:22:57,925 - INFO - Epoch 27: train_loss=0.0623, train_acc=0.4308, dev_loss=0.0606, dev_acc=0.4194, time=2.3s
2025-10-21 09:23:00,428 - INFO - Epoch 28: train_loss=0.0619, train_acc=0.4492, dev_loss=0.0606, dev_acc=0.4194, time=2.5s
2025-10-21 09:23:02,874 - INFO - Epoch 29: train_loss=0.0618, train_acc=0.4277, dev_loss=0.0606, dev_acc=0.4194, time=2.4s
2025-10-21 09:23:05,246 - INFO - Epoch 30: train_loss=0.0618, train_acc=0.4292, dev_loss=0.0607, dev_acc=0.4194, time=2.4s
2025-10-21 09:23:07,564 - INFO - Epoch 31: train_loss=0.0618, train_acc=0.4200, dev_loss=0.0606, dev_acc=0.4194, time=2.3s
2025-10-21 09:23:09,809 - INFO - Epoch 32: train_loss=0.0615, train_acc=0.4385, dev_loss=0.0607, dev_acc=0.4194, time=2.2s
2025-10-21 09:23:12,202 - INFO - Epoch 33: train_loss=0.0618, train_acc=0.4369, dev_loss=0.0608, dev_acc=0.4194, time=2.4s
2025-10-21 09:23:14,546 - INFO - Epoch 34: train_loss=0.0616, train_acc=0.4385, dev_loss=0.0606, dev_acc=0.4194, time=2.3s
2025-10-21 09:23:16,544 - INFO - Epoch 35: train_loss=0.0620, train_acc=0.4215, dev_loss=0.0607, dev_acc=0.4194, time=2.0s
2025-10-21 09:23:18,376 - INFO - Epoch 36: train_loss=0.0621, train_acc=0.4462, dev_loss=0.0607, dev_acc=0.4194, time=1.8s
2025-10-21 09:23:20,462 - INFO - Epoch 37: train_loss=0.0612, train_acc=0.4492, dev_loss=0.0607, dev_acc=0.4194, time=2.1s
2025-10-21 09:23:22,496 - INFO - Epoch 38: train_loss=0.0611, train_acc=0.4369, dev_loss=0.0606, dev_acc=0.4194, time=2.0s
2025-10-21 09:23:24,598 - INFO - Epoch 39: train_loss=0.0628, train_acc=0.4246, dev_loss=0.0606, dev_acc=0.4194, time=2.1s
2025-10-21 09:23:26,594 - INFO - Epoch 40: train_loss=0.0611, train_acc=0.4277, dev_loss=0.0607, dev_acc=0.4194, time=2.0s
2025-10-21 09:23:28,569 - INFO - Epoch 41: train_loss=0.0608, train_acc=0.4415, dev_loss=0.0606, dev_acc=0.4194, time=2.0s
2025-10-21 09:23:30,504 - INFO - Epoch 42: train_loss=0.0623, train_acc=0.4292, dev_loss=0.0607, dev_acc=0.4194, time=1.9s
2025-10-21 09:23:32,492 - INFO - Epoch 43: train_loss=0.0624, train_acc=0.4492, dev_loss=0.0607, dev_acc=0.4194, time=2.0s
2025-10-21 09:23:34,538 - INFO - Epoch 44: train_loss=0.0617, train_acc=0.4400, dev_loss=0.0607, dev_acc=0.4194, time=2.0s
2025-10-21 09:23:36,689 - INFO - Epoch 45: train_loss=0.0613, train_acc=0.4354, dev_loss=0.0607, dev_acc=0.4194, time=2.2s
2025-10-21 09:23:39,189 - INFO - Epoch 46: train_loss=0.0617, train_acc=0.4477, dev_loss=0.0606, dev_acc=0.4194, time=2.5s
2025-10-21 09:23:41,709 - INFO - Epoch 47: train_loss=0.0617, train_acc=0.4169, dev_loss=0.0608, dev_acc=0.4194, time=2.5s
2025-10-21 09:23:44,020 - INFO - Epoch 48: train_loss=0.0611, train_acc=0.4538, dev_loss=0.0606, dev_acc=0.4194, time=2.3s
2025-10-21 09:23:46,293 - INFO - Epoch 49: train_loss=0.0602, train_acc=0.4446, dev_loss=0.0606, dev_acc=0.4194, time=2.3s
2025-10-21 09:23:48,867 - INFO - Epoch 50: train_loss=0.0621, train_acc=0.4323, dev_loss=0.0607, dev_acc=0.4194, time=2.6s
2025-10-21 09:23:51,325 - INFO - Epoch 51: train_loss=0.0614, train_acc=0.4462, dev_loss=0.0607, dev_acc=0.4194, time=2.5s
2025-10-21 09:23:53,639 - INFO - Epoch 52: train_loss=0.0619, train_acc=0.4323, dev_loss=0.0607, dev_acc=0.4194, time=2.3s
2025-10-21 09:23:55,885 - INFO - Epoch 53: train_loss=0.0619, train_acc=0.4262, dev_loss=0.0606, dev_acc=0.4194, time=2.2s
2025-10-21 09:23:58,316 - INFO - Epoch 54: train_loss=0.0618, train_acc=0.4462, dev_loss=0.0607, dev_acc=0.4194, time=2.4s
2025-10-21 09:24:00,748 - INFO - Epoch 55: train_loss=0.0615, train_acc=0.4369, dev_loss=0.0607, dev_acc=0.4194, time=2.4s
2025-10-21 09:24:03,095 - INFO - Epoch 56: train_loss=0.0610, train_acc=0.4338, dev_loss=0.0606, dev_acc=0.4194, time=2.3s
2025-10-21 09:24:05,545 - INFO - Epoch 57: train_loss=0.0616, train_acc=0.4215, dev_loss=0.0606, dev_acc=0.4194, time=2.4s
2025-10-21 09:24:08,039 - INFO - Epoch 58: train_loss=0.0617, train_acc=0.4308, dev_loss=0.0607, dev_acc=0.4194, time=2.5s
2025-10-21 09:24:10,437 - INFO - Epoch 59: train_loss=0.0617, train_acc=0.4323, dev_loss=0.0607, dev_acc=0.4194, time=2.4s
2025-10-21 09:24:12,650 - INFO - Epoch 60: train_loss=0.0615, train_acc=0.4262, dev_loss=0.0607, dev_acc=0.4194, time=2.2s
2025-10-21 09:24:14,849 - INFO - Epoch 61: train_loss=0.0622, train_acc=0.4385, dev_loss=0.0607, dev_acc=0.4194, time=2.2s
2025-10-21 09:24:17,152 - INFO - Epoch 62: train_loss=0.0624, train_acc=0.4154, dev_loss=0.0606, dev_acc=0.4194, time=2.3s
2025-10-21 09:24:19,744 - INFO - Epoch 63: train_loss=0.0615, train_acc=0.4431, dev_loss=0.0607, dev_acc=0.4194, time=2.6s
2025-10-21 09:24:22,062 - INFO - Epoch 64: train_loss=0.0618, train_acc=0.4354, dev_loss=0.0606, dev_acc=0.4194, time=2.3s
2025-10-21 09:24:24,329 - INFO - Epoch 65: train_loss=0.0624, train_acc=0.4200, dev_loss=0.0607, dev_acc=0.4194, time=2.3s
2025-10-21 09:24:26,596 - INFO - Epoch 66: train_loss=0.0616, train_acc=0.4415, dev_loss=0.0606, dev_acc=0.4194, time=2.3s
2025-10-21 09:24:28,812 - INFO - Epoch 67: train_loss=0.0622, train_acc=0.4262, dev_loss=0.0606, dev_acc=0.4194, time=2.2s
2025-10-21 09:24:31,284 - INFO - Epoch 68: train_loss=0.0614, train_acc=0.4185, dev_loss=0.0607, dev_acc=0.4194, time=2.5s
2025-10-21 09:24:33,640 - INFO - Epoch 69: train_loss=0.0610, train_acc=0.4338, dev_loss=0.0607, dev_acc=0.4194, time=2.4s
2025-10-21 09:24:35,929 - INFO - Epoch 70: train_loss=0.0612, train_acc=0.4385, dev_loss=0.0607, dev_acc=0.4194, time=2.3s
2025-10-21 09:24:38,269 - INFO - Epoch 71: train_loss=0.0612, train_acc=0.4292, dev_loss=0.0607, dev_acc=0.4194, time=2.3s
2025-10-21 09:24:40,671 - INFO - Epoch 72: train_loss=0.0622, train_acc=0.4508, dev_loss=0.0607, dev_acc=0.4194, time=2.4s
2025-10-21 09:24:43,300 - INFO - Epoch 73: train_loss=0.0627, train_acc=0.4154, dev_loss=0.0608, dev_acc=0.4194, time=2.6s
2025-10-21 09:24:45,695 - INFO - Epoch 74: train_loss=0.0620, train_acc=0.4431, dev_loss=0.0607, dev_acc=0.4194, time=2.4s
2025-10-21 09:24:47,911 - INFO - Epoch 75: train_loss=0.0622, train_acc=0.4246, dev_loss=0.0607, dev_acc=0.4194, time=2.2s
2025-10-21 09:24:50,127 - INFO - Epoch 76: train_loss=0.0622, train_acc=0.4308, dev_loss=0.0607, dev_acc=0.4194, time=2.2s
2025-10-21 09:24:52,364 - INFO - Epoch 77: train_loss=0.0626, train_acc=0.4338, dev_loss=0.0607, dev_acc=0.4194, time=2.2s
2025-10-21 09:24:54,909 - INFO - Epoch 78: train_loss=0.0617, train_acc=0.4354, dev_loss=0.0607, dev_acc=0.4194, time=2.5s
2025-10-21 09:24:57,517 - INFO - Epoch 79: train_loss=0.0624, train_acc=0.4369, dev_loss=0.0607, dev_acc=0.4194, time=2.6s
2025-10-21 09:25:00,094 - INFO - Epoch 80: train_loss=0.0614, train_acc=0.4354, dev_loss=0.0606, dev_acc=0.4194, time=2.6s
2025-10-21 09:25:02,542 - INFO - Epoch 81: train_loss=0.0619, train_acc=0.4431, dev_loss=0.0606, dev_acc=0.4194, time=2.4s
2025-10-21 09:25:05,384 - INFO - Epoch 82: train_loss=0.0624, train_acc=0.4354, dev_loss=0.0606, dev_acc=0.4194, time=2.8s
2025-10-21 09:25:07,731 - INFO - Epoch 83: train_loss=0.0624, train_acc=0.4185, dev_loss=0.0606, dev_acc=0.4194, time=2.3s
2025-10-21 09:25:09,968 - INFO - Epoch 84: train_loss=0.0615, train_acc=0.4431, dev_loss=0.0606, dev_acc=0.4194, time=2.2s
2025-10-21 09:25:12,298 - INFO - Epoch 85: train_loss=0.0622, train_acc=0.4292, dev_loss=0.0608, dev_acc=0.4194, time=2.3s
2025-10-21 09:25:14,552 - INFO - Epoch 86: train_loss=0.0618, train_acc=0.4262, dev_loss=0.0608, dev_acc=0.4194, time=2.3s
2025-10-21 09:25:16,980 - INFO - Epoch 87: train_loss=0.0619, train_acc=0.4400, dev_loss=0.0606, dev_acc=0.4194, time=2.4s
2025-10-21 09:25:19,402 - INFO - Epoch 88: train_loss=0.0613, train_acc=0.4431, dev_loss=0.0607, dev_acc=0.4194, time=2.4s
2025-10-21 09:25:21,722 - INFO - Epoch 89: train_loss=0.0615, train_acc=0.4200, dev_loss=0.0606, dev_acc=0.4194, time=2.3s
2025-10-21 09:25:24,054 - INFO - Epoch 90: train_loss=0.0620, train_acc=0.4338, dev_loss=0.0606, dev_acc=0.4194, time=2.3s
2025-10-21 09:25:26,399 - INFO - Epoch 91: train_loss=0.0620, train_acc=0.4338, dev_loss=0.0607, dev_acc=0.4194, time=2.3s
2025-10-21 09:25:29,056 - INFO - Epoch 92: train_loss=0.0617, train_acc=0.4277, dev_loss=0.0607, dev_acc=0.4194, time=2.7s
2025-10-21 09:25:31,478 - INFO - Epoch 93: train_loss=0.0609, train_acc=0.4323, dev_loss=0.0606, dev_acc=0.4194, time=2.4s
2025-10-21 09:25:33,680 - INFO - Epoch 94: train_loss=0.0618, train_acc=0.4369, dev_loss=0.0607, dev_acc=0.4194, time=2.2s
2025-10-21 09:25:36,049 - INFO - Epoch 95: train_loss=0.0613, train_acc=0.4292, dev_loss=0.0607, dev_acc=0.4194, time=2.4s
2025-10-21 09:25:38,348 - INFO - Epoch 96: train_loss=0.0617, train_acc=0.4200, dev_loss=0.0607, dev_acc=0.4194, time=2.3s
2025-10-21 09:25:41,090 - INFO - Epoch 97: train_loss=0.0618, train_acc=0.4354, dev_loss=0.0607, dev_acc=0.4194, time=2.7s
2025-10-21 09:25:43,423 - INFO - Epoch 98: train_loss=0.0620, train_acc=0.4338, dev_loss=0.0607, dev_acc=0.4194, time=2.3s
2025-10-21 09:25:45,699 - INFO - Epoch 99: train_loss=0.0619, train_acc=0.4277, dev_loss=0.0606, dev_acc=0.4194, time=2.3s
2025-10-21 09:25:47,981 - INFO - Epoch 100: train_loss=0.0616, train_acc=0.4277, dev_loss=0.0606, dev_acc=0.4194, time=2.3s
2025-10-21 09:25:50,252 - INFO - Epoch 101: train_loss=0.0604, train_acc=0.4477, dev_loss=0.0607, dev_acc=0.4194, time=2.3s
2025-10-21 09:25:50,252 - INFO - 早停触发: 最佳轮次=1, 最佳验证准确率=0.4194
2025-10-21 09:25:50,639 - INFO - 第 3 折测试: 损失=0.0606, 准确率=0.4470, F1=0.3533
2025-10-21 09:25:50,640 - INFO - 
----- 第 4/5 折 -----
2025-10-21 09:25:50,722 - INFO - 训练设备: cpu | 融合方法: pmdf | 模态组合: ['ask', 'face', 'tongue']
2025-10-21 09:25:53,423 - INFO - Epoch 1: train_loss=0.0617, train_acc=0.4508, dev_loss=0.0607, dev_acc=0.4194, time=2.7s
2025-10-21 09:25:55,862 - INFO - Epoch 2: train_loss=0.0622, train_acc=0.4323, dev_loss=0.0606, dev_acc=0.4194, time=2.4s
2025-10-21 09:25:58,133 - INFO - Epoch 3: train_loss=0.0620, train_acc=0.4492, dev_loss=0.0606, dev_acc=0.4194, time=2.3s
2025-10-21 09:26:00,485 - INFO - Epoch 4: train_loss=0.0608, train_acc=0.4585, dev_loss=0.0606, dev_acc=0.4194, time=2.3s
2025-10-21 09:26:03,361 - INFO - Epoch 5: train_loss=0.0618, train_acc=0.4369, dev_loss=0.0606, dev_acc=0.4194, time=2.9s
2025-10-21 09:26:05,973 - INFO - Epoch 6: train_loss=0.0626, train_acc=0.4369, dev_loss=0.0607, dev_acc=0.4194, time=2.6s
2025-10-21 09:26:08,254 - INFO - Epoch 7: train_loss=0.0611, train_acc=0.4277, dev_loss=0.0607, dev_acc=0.4194, time=2.3s
2025-10-21 09:26:10,581 - INFO - Epoch 8: train_loss=0.0621, train_acc=0.4231, dev_loss=0.0607, dev_acc=0.4194, time=2.3s
2025-10-21 09:26:12,893 - INFO - Epoch 9: train_loss=0.0617, train_acc=0.4523, dev_loss=0.0606, dev_acc=0.4194, time=2.3s
2025-10-21 09:26:15,427 - INFO - Epoch 10: train_loss=0.0622, train_acc=0.4277, dev_loss=0.0606, dev_acc=0.4194, time=2.5s
2025-10-21 09:26:17,870 - INFO - Epoch 11: train_loss=0.0611, train_acc=0.4538, dev_loss=0.0607, dev_acc=0.4194, time=2.4s
2025-10-21 09:26:20,191 - INFO - Epoch 12: train_loss=0.0619, train_acc=0.4400, dev_loss=0.0606, dev_acc=0.4194, time=2.3s
2025-10-21 09:26:22,548 - INFO - Epoch 13: train_loss=0.0619, train_acc=0.4292, dev_loss=0.0606, dev_acc=0.4194, time=2.4s
2025-10-21 09:26:24,837 - INFO - Epoch 14: train_loss=0.0614, train_acc=0.4292, dev_loss=0.0607, dev_acc=0.4194, time=2.3s
2025-10-21 09:26:27,320 - INFO - Epoch 15: train_loss=0.0619, train_acc=0.4308, dev_loss=0.0607, dev_acc=0.4194, time=2.5s
2025-10-21 09:26:29,860 - INFO - Epoch 16: train_loss=0.0615, train_acc=0.4338, dev_loss=0.0606, dev_acc=0.4194, time=2.5s
2025-10-21 09:26:32,233 - INFO - Epoch 17: train_loss=0.0610, train_acc=0.4369, dev_loss=0.0606, dev_acc=0.4194, time=2.4s
2025-10-21 09:26:34,576 - INFO - Epoch 18: train_loss=0.0614, train_acc=0.4523, dev_loss=0.0607, dev_acc=0.4194, time=2.3s
2025-10-21 09:26:36,896 - INFO - Epoch 19: train_loss=0.0618, train_acc=0.4492, dev_loss=0.0606, dev_acc=0.4194, time=2.3s
2025-10-21 09:26:39,796 - INFO - Epoch 20: train_loss=0.0620, train_acc=0.4246, dev_loss=0.0606, dev_acc=0.4194, time=2.9s
2025-10-21 09:26:42,544 - INFO - Epoch 21: train_loss=0.0615, train_acc=0.4523, dev_loss=0.0606, dev_acc=0.4194, time=2.7s
2025-10-21 09:26:44,996 - INFO - Epoch 22: train_loss=0.0609, train_acc=0.4538, dev_loss=0.0606, dev_acc=0.4194, time=2.5s
2025-10-21 09:26:47,075 - INFO - Epoch 23: train_loss=0.0622, train_acc=0.4292, dev_loss=0.0606, dev_acc=0.4194, time=2.1s
2025-10-21 09:26:49,391 - INFO - Epoch 24: train_loss=0.0615, train_acc=0.4477, dev_loss=0.0606, dev_acc=0.4194, time=2.3s
2025-10-21 09:26:51,606 - INFO - Epoch 25: train_loss=0.0623, train_acc=0.4400, dev_loss=0.0607, dev_acc=0.4194, time=2.2s
2025-10-21 09:26:53,622 - INFO - Epoch 26: train_loss=0.0609, train_acc=0.4431, dev_loss=0.0607, dev_acc=0.4194, time=2.0s
2025-10-21 09:26:55,779 - INFO - Epoch 27: train_loss=0.0612, train_acc=0.4477, dev_loss=0.0607, dev_acc=0.4194, time=2.2s
2025-10-21 09:26:57,818 - INFO - Epoch 28: train_loss=0.0621, train_acc=0.4369, dev_loss=0.0606, dev_acc=0.4194, time=2.0s
2025-10-21 09:26:59,878 - INFO - Epoch 29: train_loss=0.0620, train_acc=0.4323, dev_loss=0.0607, dev_acc=0.4194, time=2.1s
2025-10-21 09:27:01,741 - INFO - Epoch 30: train_loss=0.0611, train_acc=0.4508, dev_loss=0.0605, dev_acc=0.4194, time=1.9s
2025-10-21 09:27:03,958 - INFO - Epoch 31: train_loss=0.0613, train_acc=0.4354, dev_loss=0.0607, dev_acc=0.4194, time=2.2s
2025-10-21 09:27:06,304 - INFO - Epoch 32: train_loss=0.0622, train_acc=0.4538, dev_loss=0.0606, dev_acc=0.4194, time=2.3s
2025-10-21 09:27:08,784 - INFO - Epoch 33: train_loss=0.0613, train_acc=0.4508, dev_loss=0.0606, dev_acc=0.4194, time=2.5s
2025-10-21 09:27:10,904 - INFO - Epoch 34: train_loss=0.0615, train_acc=0.4277, dev_loss=0.0605, dev_acc=0.4194, time=2.1s
2025-10-21 09:27:12,877 - INFO - Epoch 35: train_loss=0.0617, train_acc=0.4431, dev_loss=0.0606, dev_acc=0.4194, time=2.0s
2025-10-21 09:27:14,902 - INFO - Epoch 36: train_loss=0.0613, train_acc=0.4538, dev_loss=0.0606, dev_acc=0.4194, time=2.0s
2025-10-21 09:27:16,926 - INFO - Epoch 37: train_loss=0.0616, train_acc=0.4246, dev_loss=0.0607, dev_acc=0.4194, time=2.0s
2025-10-21 09:27:19,007 - INFO - Epoch 38: train_loss=0.0624, train_acc=0.4185, dev_loss=0.0605, dev_acc=0.4194, time=2.1s
2025-10-21 09:27:21,317 - INFO - Epoch 39: train_loss=0.0609, train_acc=0.4415, dev_loss=0.0606, dev_acc=0.4194, time=2.3s
2025-10-21 09:27:23,758 - INFO - Epoch 40: train_loss=0.0623, train_acc=0.4185, dev_loss=0.0606, dev_acc=0.4194, time=2.4s
2025-10-21 09:27:26,179 - INFO - Epoch 41: train_loss=0.0607, train_acc=0.4246, dev_loss=0.0606, dev_acc=0.4194, time=2.4s
2025-10-21 09:27:28,513 - INFO - Epoch 42: train_loss=0.0620, train_acc=0.4338, dev_loss=0.0607, dev_acc=0.4194, time=2.3s
2025-10-21 09:27:30,829 - INFO - Epoch 43: train_loss=0.0619, train_acc=0.4446, dev_loss=0.0606, dev_acc=0.4194, time=2.3s
2025-10-21 09:27:33,391 - INFO - Epoch 44: train_loss=0.0612, train_acc=0.4646, dev_loss=0.0606, dev_acc=0.4194, time=2.6s
2025-10-21 09:27:35,821 - INFO - Epoch 45: train_loss=0.0617, train_acc=0.4323, dev_loss=0.0606, dev_acc=0.4194, time=2.4s
2025-10-21 09:27:38,192 - INFO - Epoch 46: train_loss=0.0617, train_acc=0.4246, dev_loss=0.0607, dev_acc=0.4194, time=2.4s
2025-10-21 09:27:40,526 - INFO - Epoch 47: train_loss=0.0615, train_acc=0.4492, dev_loss=0.0605, dev_acc=0.4194, time=2.3s
2025-10-21 09:27:42,975 - INFO - Epoch 48: train_loss=0.0616, train_acc=0.4369, dev_loss=0.0606, dev_acc=0.4194, time=2.4s
2025-10-21 09:27:45,525 - INFO - Epoch 49: train_loss=0.0610, train_acc=0.4538, dev_loss=0.0606, dev_acc=0.4194, time=2.5s
2025-10-21 09:27:47,934 - INFO - Epoch 50: train_loss=0.0621, train_acc=0.4323, dev_loss=0.0606, dev_acc=0.4194, time=2.4s
2025-10-21 09:27:50,293 - INFO - Epoch 51: train_loss=0.0618, train_acc=0.4431, dev_loss=0.0606, dev_acc=0.4194, time=2.4s
2025-10-21 09:27:52,529 - INFO - Epoch 52: train_loss=0.0615, train_acc=0.4323, dev_loss=0.0606, dev_acc=0.4194, time=2.2s
2025-10-21 09:27:55,001 - INFO - Epoch 53: train_loss=0.0621, train_acc=0.4446, dev_loss=0.0606, dev_acc=0.4194, time=2.5s
2025-10-21 09:27:57,483 - INFO - Epoch 54: train_loss=0.0612, train_acc=0.4431, dev_loss=0.0606, dev_acc=0.4194, time=2.5s
2025-10-21 09:27:59,949 - INFO - Epoch 55: train_loss=0.0613, train_acc=0.4400, dev_loss=0.0606, dev_acc=0.4194, time=2.5s
2025-10-21 09:28:02,360 - INFO - Epoch 56: train_loss=0.0624, train_acc=0.4385, dev_loss=0.0607, dev_acc=0.4194, time=2.4s
2025-10-21 09:28:04,672 - INFO - Epoch 57: train_loss=0.0615, train_acc=0.4400, dev_loss=0.0606, dev_acc=0.4194, time=2.3s
2025-10-21 09:28:07,113 - INFO - Epoch 58: train_loss=0.0621, train_acc=0.4385, dev_loss=0.0606, dev_acc=0.4194, time=2.4s
2025-10-21 09:28:09,576 - INFO - Epoch 59: train_loss=0.0618, train_acc=0.4354, dev_loss=0.0606, dev_acc=0.4194, time=2.5s
2025-10-21 09:28:11,976 - INFO - Epoch 60: train_loss=0.0609, train_acc=0.4354, dev_loss=0.0606, dev_acc=0.4194, time=2.4s
2025-10-21 09:28:14,356 - INFO - Epoch 61: train_loss=0.0605, train_acc=0.4292, dev_loss=0.0606, dev_acc=0.4194, time=2.4s
2025-10-21 09:28:16,696 - INFO - Epoch 62: train_loss=0.0619, train_acc=0.4338, dev_loss=0.0607, dev_acc=0.4194, time=2.3s
2025-10-21 09:28:19,109 - INFO - Epoch 63: train_loss=0.0618, train_acc=0.4277, dev_loss=0.0606, dev_acc=0.4194, time=2.4s
2025-10-21 09:28:21,627 - INFO - Epoch 64: train_loss=0.0621, train_acc=0.4277, dev_loss=0.0607, dev_acc=0.4194, time=2.5s
2025-10-21 09:28:23,953 - INFO - Epoch 65: train_loss=0.0606, train_acc=0.4385, dev_loss=0.0606, dev_acc=0.4194, time=2.3s
2025-10-21 09:28:26,401 - INFO - Epoch 66: train_loss=0.0613, train_acc=0.4446, dev_loss=0.0606, dev_acc=0.4194, time=2.4s
2025-10-21 09:28:28,820 - INFO - Epoch 67: train_loss=0.0619, train_acc=0.4415, dev_loss=0.0605, dev_acc=0.4194, time=2.4s
2025-10-21 09:28:31,378 - INFO - Epoch 68: train_loss=0.0613, train_acc=0.4338, dev_loss=0.0606, dev_acc=0.4194, time=2.6s
2025-10-21 09:28:33,864 - INFO - Epoch 69: train_loss=0.0616, train_acc=0.4215, dev_loss=0.0606, dev_acc=0.4194, time=2.5s
2025-10-21 09:28:36,228 - INFO - Epoch 70: train_loss=0.0616, train_acc=0.4431, dev_loss=0.0605, dev_acc=0.4194, time=2.4s
2025-10-21 09:28:38,630 - INFO - Epoch 71: train_loss=0.0619, train_acc=0.4462, dev_loss=0.0606, dev_acc=0.4194, time=2.4s
2025-10-21 09:28:40,899 - INFO - Epoch 72: train_loss=0.0610, train_acc=0.4446, dev_loss=0.0606, dev_acc=0.4194, time=2.3s
2025-10-21 09:28:43,332 - INFO - Epoch 73: train_loss=0.0618, train_acc=0.4400, dev_loss=0.0606, dev_acc=0.4194, time=2.4s
2025-10-21 09:28:45,827 - INFO - Epoch 74: train_loss=0.0612, train_acc=0.4385, dev_loss=0.0607, dev_acc=0.4194, time=2.5s
2025-10-21 09:28:48,114 - INFO - Epoch 75: train_loss=0.0611, train_acc=0.4538, dev_loss=0.0608, dev_acc=0.4194, time=2.3s
2025-10-21 09:28:50,569 - INFO - Epoch 76: train_loss=0.0611, train_acc=0.4431, dev_loss=0.0606, dev_acc=0.4194, time=2.5s
2025-10-21 09:28:52,989 - INFO - Epoch 77: train_loss=0.0621, train_acc=0.4246, dev_loss=0.0606, dev_acc=0.4194, time=2.4s
2025-10-21 09:28:55,535 - INFO - Epoch 78: train_loss=0.0615, train_acc=0.4415, dev_loss=0.0606, dev_acc=0.4194, time=2.5s
2025-10-21 09:28:57,948 - INFO - Epoch 79: train_loss=0.0614, train_acc=0.4477, dev_loss=0.0606, dev_acc=0.4194, time=2.4s
2025-10-21 09:29:00,221 - INFO - Epoch 80: train_loss=0.0611, train_acc=0.4308, dev_loss=0.0606, dev_acc=0.4194, time=2.3s
2025-10-21 09:29:02,606 - INFO - Epoch 81: train_loss=0.0616, train_acc=0.4446, dev_loss=0.0606, dev_acc=0.4194, time=2.4s
2025-10-21 09:29:04,883 - INFO - Epoch 82: train_loss=0.0616, train_acc=0.4354, dev_loss=0.0606, dev_acc=0.4194, time=2.3s
2025-10-21 09:29:07,356 - INFO - Epoch 83: train_loss=0.0615, train_acc=0.4277, dev_loss=0.0606, dev_acc=0.4194, time=2.5s
2025-10-21 09:29:09,851 - INFO - Epoch 84: train_loss=0.0613, train_acc=0.4569, dev_loss=0.0606, dev_acc=0.4194, time=2.5s
2025-10-21 09:29:12,224 - INFO - Epoch 85: train_loss=0.0618, train_acc=0.4354, dev_loss=0.0606, dev_acc=0.4194, time=2.4s
2025-10-21 09:29:14,591 - INFO - Epoch 86: train_loss=0.0613, train_acc=0.4585, dev_loss=0.0607, dev_acc=0.4194, time=2.4s
2025-10-21 09:29:17,074 - INFO - Epoch 87: train_loss=0.0621, train_acc=0.4431, dev_loss=0.0606, dev_acc=0.4194, time=2.5s
2025-10-21 09:29:19,672 - INFO - Epoch 88: train_loss=0.0617, train_acc=0.4400, dev_loss=0.0606, dev_acc=0.4194, time=2.6s
2025-10-21 09:29:22,198 - INFO - Epoch 89: train_loss=0.0615, train_acc=0.4431, dev_loss=0.0606, dev_acc=0.4194, time=2.5s
2025-10-21 09:29:24,537 - INFO - Epoch 90: train_loss=0.0615, train_acc=0.4354, dev_loss=0.0606, dev_acc=0.4194, time=2.3s
2025-10-21 09:29:26,957 - INFO - Epoch 91: train_loss=0.0620, train_acc=0.4231, dev_loss=0.0606, dev_acc=0.4194, time=2.4s
2025-10-21 09:29:29,250 - INFO - Epoch 92: train_loss=0.0623, train_acc=0.4185, dev_loss=0.0607, dev_acc=0.4194, time=2.3s
2025-10-21 09:29:31,881 - INFO - Epoch 93: train_loss=0.0620, train_acc=0.4523, dev_loss=0.0606, dev_acc=0.4194, time=2.6s
2025-10-21 09:29:34,312 - INFO - Epoch 94: train_loss=0.0615, train_acc=0.4369, dev_loss=0.0606, dev_acc=0.4194, time=2.4s
2025-10-21 09:29:36,644 - INFO - Epoch 95: train_loss=0.0619, train_acc=0.4415, dev_loss=0.0607, dev_acc=0.4194, time=2.3s
2025-10-21 09:29:39,052 - INFO - Epoch 96: train_loss=0.0619, train_acc=0.4400, dev_loss=0.0606, dev_acc=0.4194, time=2.4s
2025-10-21 09:29:42,146 - INFO - Epoch 97: train_loss=0.0616, train_acc=0.4400, dev_loss=0.0606, dev_acc=0.4194, time=3.1s
2025-10-21 09:29:44,898 - INFO - Epoch 98: train_loss=0.0619, train_acc=0.4231, dev_loss=0.0606, dev_acc=0.4194, time=2.8s
2025-10-21 09:29:47,516 - INFO - Epoch 99: train_loss=0.0625, train_acc=0.4338, dev_loss=0.0606, dev_acc=0.4194, time=2.6s
2025-10-21 09:29:50,019 - INFO - Epoch 100: train_loss=0.0624, train_acc=0.4292, dev_loss=0.0606, dev_acc=0.4194, time=2.5s
2025-10-21 09:29:52,385 - INFO - Epoch 101: train_loss=0.0621, train_acc=0.4431, dev_loss=0.0606, dev_acc=0.4194, time=2.4s
2025-10-21 09:29:52,386 - INFO - 早停触发: 最佳轮次=1, 最佳验证准确率=0.4194
2025-10-21 09:29:52,757 - INFO - 第 4 折测试: 损失=0.0610, 准确率=0.4240, F1=0.3460
2025-10-21 09:29:52,759 - INFO - 
----- 第 5/5 折 -----
2025-10-21 09:29:52,854 - INFO - 训练设备: cpu | 融合方法: pmdf | 模态组合: ['ask', 'face', 'tongue']
2025-10-21 09:29:55,256 - INFO - Epoch 1: train_loss=0.0622, train_acc=0.4439, dev_loss=0.0603, dev_acc=0.4286, time=2.4s
2025-10-21 09:29:57,576 - INFO - Epoch 2: train_loss=0.0616, train_acc=0.4547, dev_loss=0.0603, dev_acc=0.4286, time=2.3s
2025-10-21 09:30:00,060 - INFO - Epoch 3: train_loss=0.0617, train_acc=0.4363, dev_loss=0.0603, dev_acc=0.4286, time=2.5s
2025-10-21 09:30:02,528 - INFO - Epoch 4: train_loss=0.0613, train_acc=0.4409, dev_loss=0.0602, dev_acc=0.4286, time=2.5s
2025-10-21 09:30:04,848 - INFO - Epoch 5: train_loss=0.0629, train_acc=0.4316, dev_loss=0.0602, dev_acc=0.4286, time=2.3s
2025-10-21 09:30:07,185 - INFO - Epoch 6: train_loss=0.0613, train_acc=0.4424, dev_loss=0.0602, dev_acc=0.4286, time=2.3s
2025-10-21 09:30:09,424 - INFO - Epoch 7: train_loss=0.0618, train_acc=0.4562, dev_loss=0.0603, dev_acc=0.4286, time=2.2s
2025-10-21 09:30:11,863 - INFO - Epoch 8: train_loss=0.0620, train_acc=0.4347, dev_loss=0.0603, dev_acc=0.4286, time=2.4s
2025-10-21 09:30:14,249 - INFO - Epoch 9: train_loss=0.0620, train_acc=0.4363, dev_loss=0.0602, dev_acc=0.4286, time=2.4s
2025-10-21 09:30:16,643 - INFO - Epoch 10: train_loss=0.0627, train_acc=0.4316, dev_loss=0.0602, dev_acc=0.4286, time=2.4s
2025-10-21 09:30:18,934 - INFO - Epoch 11: train_loss=0.0613, train_acc=0.4547, dev_loss=0.0603, dev_acc=0.4286, time=2.3s
2025-10-21 09:30:21,239 - INFO - Epoch 12: train_loss=0.0613, train_acc=0.4485, dev_loss=0.0602, dev_acc=0.4286, time=2.3s
2025-10-21 09:30:23,754 - INFO - Epoch 13: train_loss=0.0617, train_acc=0.4378, dev_loss=0.0602, dev_acc=0.4286, time=2.5s
2025-10-21 09:30:26,221 - INFO - Epoch 14: train_loss=0.0616, train_acc=0.4316, dev_loss=0.0602, dev_acc=0.4286, time=2.5s
2025-10-21 09:30:28,494 - INFO - Epoch 15: train_loss=0.0622, train_acc=0.4194, dev_loss=0.0602, dev_acc=0.4286, time=2.3s
2025-10-21 09:30:30,894 - INFO - Epoch 16: train_loss=0.0621, train_acc=0.4316, dev_loss=0.0602, dev_acc=0.4286, time=2.4s
2025-10-21 09:30:33,186 - INFO - Epoch 17: train_loss=0.0624, train_acc=0.4270, dev_loss=0.0602, dev_acc=0.4286, time=2.3s
2025-10-21 09:30:35,745 - INFO - Epoch 18: train_loss=0.0619, train_acc=0.4378, dev_loss=0.0602, dev_acc=0.4286, time=2.6s
2025-10-21 09:30:38,256 - INFO - Epoch 19: train_loss=0.0608, train_acc=0.4516, dev_loss=0.0603, dev_acc=0.4286, time=2.5s
2025-10-21 09:30:40,544 - INFO - Epoch 20: train_loss=0.0618, train_acc=0.4347, dev_loss=0.0603, dev_acc=0.4286, time=2.3s
2025-10-21 09:30:42,879 - INFO - Epoch 21: train_loss=0.0607, train_acc=0.4363, dev_loss=0.0602, dev_acc=0.4286, time=2.3s
2025-10-21 09:30:45,220 - INFO - Epoch 22: train_loss=0.0620, train_acc=0.4316, dev_loss=0.0603, dev_acc=0.4286, time=2.3s
2025-10-21 09:30:47,675 - INFO - Epoch 23: train_loss=0.0613, train_acc=0.4347, dev_loss=0.0602, dev_acc=0.4286, time=2.5s
2025-10-21 09:30:50,233 - INFO - Epoch 24: train_loss=0.0616, train_acc=0.4393, dev_loss=0.0602, dev_acc=0.4286, time=2.6s
2025-10-21 09:30:52,523 - INFO - Epoch 25: train_loss=0.0611, train_acc=0.4409, dev_loss=0.0602, dev_acc=0.4286, time=2.3s
2025-10-21 09:30:54,901 - INFO - Epoch 26: train_loss=0.0614, train_acc=0.4393, dev_loss=0.0603, dev_acc=0.4286, time=2.4s
2025-10-21 09:30:57,191 - INFO - Epoch 27: train_loss=0.0612, train_acc=0.4547, dev_loss=0.0603, dev_acc=0.4286, time=2.3s
2025-10-21 09:30:59,830 - INFO - Epoch 28: train_loss=0.0621, train_acc=0.4332, dev_loss=0.0602, dev_acc=0.4286, time=2.6s
2025-10-21 09:31:02,233 - INFO - Epoch 29: train_loss=0.0608, train_acc=0.4562, dev_loss=0.0602, dev_acc=0.4286, time=2.4s
2025-10-21 09:31:04,490 - INFO - Epoch 30: train_loss=0.0615, train_acc=0.4347, dev_loss=0.0602, dev_acc=0.4286, time=2.3s
2025-10-21 09:31:06,897 - INFO - Epoch 31: train_loss=0.0619, train_acc=0.4393, dev_loss=0.0603, dev_acc=0.4286, time=2.4s
2025-10-21 09:31:09,589 - INFO - Epoch 32: train_loss=0.0624, train_acc=0.4424, dev_loss=0.0603, dev_acc=0.4286, time=2.7s
2025-10-21 09:31:12,153 - INFO - Epoch 33: train_loss=0.0616, train_acc=0.4439, dev_loss=0.0603, dev_acc=0.4286, time=2.6s
2025-10-21 09:31:14,540 - INFO - Epoch 34: train_loss=0.0605, train_acc=0.4455, dev_loss=0.0602, dev_acc=0.4286, time=2.4s
2025-10-21 09:31:16,819 - INFO - Epoch 35: train_loss=0.0612, train_acc=0.4363, dev_loss=0.0602, dev_acc=0.4286, time=2.3s
2025-10-21 09:31:19,107 - INFO - Epoch 36: train_loss=0.0613, train_acc=0.4363, dev_loss=0.0602, dev_acc=0.4286, time=2.3s
2025-10-21 09:31:21,501 - INFO - Epoch 37: train_loss=0.0609, train_acc=0.4363, dev_loss=0.0602, dev_acc=0.4286, time=2.4s
2025-10-21 09:31:24,100 - INFO - Epoch 38: train_loss=0.0617, train_acc=0.4270, dev_loss=0.0602, dev_acc=0.4286, time=2.6s
2025-10-21 09:31:26,417 - INFO - Epoch 39: train_loss=0.0616, train_acc=0.4347, dev_loss=0.0602, dev_acc=0.4286, time=2.3s
2025-10-21 09:31:28,707 - INFO - Epoch 40: train_loss=0.0610, train_acc=0.4547, dev_loss=0.0602, dev_acc=0.4286, time=2.3s
2025-10-21 09:31:30,984 - INFO - Epoch 41: train_loss=0.0608, train_acc=0.4347, dev_loss=0.0603, dev_acc=0.4286, time=2.3s
2025-10-21 09:31:33,246 - INFO - Epoch 42: train_loss=0.0618, train_acc=0.4363, dev_loss=0.0602, dev_acc=0.4286, time=2.3s
2025-10-21 09:31:35,848 - INFO - Epoch 43: train_loss=0.0620, train_acc=0.4347, dev_loss=0.0602, dev_acc=0.4286, time=2.6s
2025-10-21 09:31:38,267 - INFO - Epoch 44: train_loss=0.0622, train_acc=0.4255, dev_loss=0.0603, dev_acc=0.4286, time=2.4s
2025-10-21 09:31:40,562 - INFO - Epoch 45: train_loss=0.0621, train_acc=0.4332, dev_loss=0.0603, dev_acc=0.4286, time=2.3s
2025-10-21 09:31:42,843 - INFO - Epoch 46: train_loss=0.0615, train_acc=0.4393, dev_loss=0.0602, dev_acc=0.4286, time=2.3s
2025-10-21 09:31:45,222 - INFO - Epoch 47: train_loss=0.0617, train_acc=0.4455, dev_loss=0.0602, dev_acc=0.4286, time=2.4s
2025-10-21 09:31:47,758 - INFO - Epoch 48: train_loss=0.0617, train_acc=0.4255, dev_loss=0.0602, dev_acc=0.4286, time=2.5s
2025-10-21 09:31:50,205 - INFO - Epoch 49: train_loss=0.0613, train_acc=0.4439, dev_loss=0.0602, dev_acc=0.4286, time=2.4s
2025-10-21 09:31:52,535 - INFO - Epoch 50: train_loss=0.0622, train_acc=0.4363, dev_loss=0.0602, dev_acc=0.4286, time=2.3s
2025-10-21 09:31:54,861 - INFO - Epoch 51: train_loss=0.0621, train_acc=0.4224, dev_loss=0.0603, dev_acc=0.4286, time=2.3s
2025-10-21 09:31:57,095 - INFO - Epoch 52: train_loss=0.0618, train_acc=0.4501, dev_loss=0.0602, dev_acc=0.4286, time=2.2s
2025-10-21 09:31:59,577 - INFO - Epoch 53: train_loss=0.0614, train_acc=0.4409, dev_loss=0.0602, dev_acc=0.4286, time=2.5s
2025-10-21 09:32:02,023 - INFO - Epoch 54: train_loss=0.0616, train_acc=0.4347, dev_loss=0.0602, dev_acc=0.4286, time=2.4s
2025-10-21 09:32:04,334 - INFO - Epoch 55: train_loss=0.0625, train_acc=0.4424, dev_loss=0.0603, dev_acc=0.4286, time=2.3s
2025-10-21 09:32:06,671 - INFO - Epoch 56: train_loss=0.0619, train_acc=0.4470, dev_loss=0.0602, dev_acc=0.4286, time=2.3s
2025-10-21 09:32:09,008 - INFO - Epoch 57: train_loss=0.0618, train_acc=0.4332, dev_loss=0.0603, dev_acc=0.4286, time=2.3s
2025-10-21 09:32:11,536 - INFO - Epoch 58: train_loss=0.0611, train_acc=0.4409, dev_loss=0.0603, dev_acc=0.4286, time=2.5s
2025-10-21 09:32:14,059 - INFO - Epoch 59: train_loss=0.0617, train_acc=0.4409, dev_loss=0.0603, dev_acc=0.4286, time=2.5s
2025-10-21 09:32:16,424 - INFO - Epoch 60: train_loss=0.0623, train_acc=0.4332, dev_loss=0.0602, dev_acc=0.4286, time=2.4s
2025-10-21 09:32:18,747 - INFO - Epoch 61: train_loss=0.0618, train_acc=0.4270, dev_loss=0.0602, dev_acc=0.4286, time=2.3s
2025-10-21 09:32:21,008 - INFO - Epoch 62: train_loss=0.0612, train_acc=0.4501, dev_loss=0.0603, dev_acc=0.4286, time=2.3s
2025-10-21 09:32:23,551 - INFO - Epoch 63: train_loss=0.0618, train_acc=0.4378, dev_loss=0.0602, dev_acc=0.4286, time=2.5s
2025-10-21 09:32:26,006 - INFO - Epoch 64: train_loss=0.0627, train_acc=0.4224, dev_loss=0.0602, dev_acc=0.4286, time=2.5s
2025-10-21 09:32:28,326 - INFO - Epoch 65: train_loss=0.0615, train_acc=0.4316, dev_loss=0.0602, dev_acc=0.4286, time=2.3s
2025-10-21 09:32:30,976 - INFO - Epoch 66: train_loss=0.0617, train_acc=0.4255, dev_loss=0.0602, dev_acc=0.4286, time=2.6s
2025-10-21 09:32:33,503 - INFO - Epoch 67: train_loss=0.0619, train_acc=0.4439, dev_loss=0.0602, dev_acc=0.4286, time=2.5s
2025-10-21 09:32:35,871 - INFO - Epoch 68: train_loss=0.0615, train_acc=0.4378, dev_loss=0.0602, dev_acc=0.4286, time=2.4s
2025-10-21 09:32:38,376 - INFO - Epoch 69: train_loss=0.0616, train_acc=0.4332, dev_loss=0.0602, dev_acc=0.4286, time=2.5s
2025-10-21 09:32:40,844 - INFO - Epoch 70: train_loss=0.0613, train_acc=0.4224, dev_loss=0.0602, dev_acc=0.4286, time=2.5s
2025-10-21 09:32:43,242 - INFO - Epoch 71: train_loss=0.0614, train_acc=0.4409, dev_loss=0.0602, dev_acc=0.4286, time=2.4s
2025-10-21 09:32:45,498 - INFO - Epoch 72: train_loss=0.0617, train_acc=0.4470, dev_loss=0.0602, dev_acc=0.4286, time=2.3s
2025-10-21 09:32:47,856 - INFO - Epoch 73: train_loss=0.0616, train_acc=0.4363, dev_loss=0.0602, dev_acc=0.4286, time=2.4s
2025-10-21 09:32:50,143 - INFO - Epoch 74: train_loss=0.0610, train_acc=0.4424, dev_loss=0.0602, dev_acc=0.4286, time=2.3s
2025-10-21 09:32:52,742 - INFO - Epoch 75: train_loss=0.0613, train_acc=0.4470, dev_loss=0.0602, dev_acc=0.4286, time=2.6s
2025-10-21 09:32:55,131 - INFO - Epoch 76: train_loss=0.0617, train_acc=0.4332, dev_loss=0.0603, dev_acc=0.4286, time=2.4s
2025-10-21 09:32:57,429 - INFO - Epoch 77: train_loss=0.0619, train_acc=0.4439, dev_loss=0.0603, dev_acc=0.4286, time=2.3s
2025-10-21 09:32:59,692 - INFO - Epoch 78: train_loss=0.0614, train_acc=0.4547, dev_loss=0.0603, dev_acc=0.4286, time=2.3s
2025-10-21 09:33:01,678 - INFO - Epoch 79: train_loss=0.0616, train_acc=0.4378, dev_loss=0.0603, dev_acc=0.4286, time=2.0s
2025-10-21 09:33:03,764 - INFO - Epoch 80: train_loss=0.0617, train_acc=0.4578, dev_loss=0.0602, dev_acc=0.4286, time=2.1s
2025-10-21 09:33:05,864 - INFO - Epoch 81: train_loss=0.0619, train_acc=0.4424, dev_loss=0.0603, dev_acc=0.4286, time=2.1s
2025-10-21 09:33:07,800 - INFO - Epoch 82: train_loss=0.0623, train_acc=0.4424, dev_loss=0.0603, dev_acc=0.4286, time=1.9s
2025-10-21 09:33:09,737 - INFO - Epoch 83: train_loss=0.0619, train_acc=0.4163, dev_loss=0.0603, dev_acc=0.4286, time=1.9s
2025-10-21 09:33:11,872 - INFO - Epoch 84: train_loss=0.0614, train_acc=0.4378, dev_loss=0.0602, dev_acc=0.4286, time=2.1s
2025-10-21 09:33:14,076 - INFO - Epoch 85: train_loss=0.0618, train_acc=0.4393, dev_loss=0.0603, dev_acc=0.4286, time=2.2s
2025-10-21 09:33:16,540 - INFO - Epoch 86: train_loss=0.0614, train_acc=0.4455, dev_loss=0.0602, dev_acc=0.4286, time=2.5s
2025-10-21 09:33:18,947 - INFO - Epoch 87: train_loss=0.0622, train_acc=0.4409, dev_loss=0.0602, dev_acc=0.4286, time=2.4s
2025-10-21 09:33:21,177 - INFO - Epoch 88: train_loss=0.0613, train_acc=0.4393, dev_loss=0.0602, dev_acc=0.4286, time=2.2s
2025-10-21 09:33:23,492 - INFO - Epoch 89: train_loss=0.0618, train_acc=0.4470, dev_loss=0.0602, dev_acc=0.4286, time=2.3s
2025-10-21 09:33:25,646 - INFO - Epoch 90: train_loss=0.0618, train_acc=0.4301, dev_loss=0.0602, dev_acc=0.4286, time=2.2s
2025-10-21 09:33:28,018 - INFO - Epoch 91: train_loss=0.0613, train_acc=0.4485, dev_loss=0.0602, dev_acc=0.4286, time=2.4s
2025-10-21 09:33:30,448 - INFO - Epoch 92: train_loss=0.0617, train_acc=0.4286, dev_loss=0.0603, dev_acc=0.4286, time=2.4s
2025-10-21 09:33:32,769 - INFO - Epoch 93: train_loss=0.0620, train_acc=0.4455, dev_loss=0.0602, dev_acc=0.4286, time=2.3s
2025-10-21 09:33:35,197 - INFO - Epoch 94: train_loss=0.0619, train_acc=0.4347, dev_loss=0.0602, dev_acc=0.4286, time=2.4s
2025-10-21 09:33:37,508 - INFO - Epoch 95: train_loss=0.0613, train_acc=0.4439, dev_loss=0.0602, dev_acc=0.4286, time=2.3s
2025-10-21 09:33:40,267 - INFO - Epoch 96: train_loss=0.0614, train_acc=0.4424, dev_loss=0.0602, dev_acc=0.4286, time=2.8s
2025-10-21 09:33:42,670 - INFO - Epoch 97: train_loss=0.0615, train_acc=0.4470, dev_loss=0.0603, dev_acc=0.4286, time=2.4s
2025-10-21 09:33:45,103 - INFO - Epoch 98: train_loss=0.0614, train_acc=0.4455, dev_loss=0.0603, dev_acc=0.4286, time=2.4s
2025-10-21 09:33:47,343 - INFO - Epoch 99: train_loss=0.0615, train_acc=0.4439, dev_loss=0.0602, dev_acc=0.4286, time=2.2s
2025-10-21 09:33:49,599 - INFO - Epoch 100: train_loss=0.0624, train_acc=0.4209, dev_loss=0.0602, dev_acc=0.4286, time=2.3s
2025-10-21 09:33:52,086 - INFO - Epoch 101: train_loss=0.0613, train_acc=0.4240, dev_loss=0.0602, dev_acc=0.4286, time=2.5s
2025-10-21 09:33:52,087 - INFO - 早停触发: 最佳轮次=1, 最佳验证准确率=0.4286
2025-10-21 09:33:52,517 - INFO - 第 5 折测试: 损失=0.0612, 准确率=0.4120, F1=0.3277
2025-10-21 09:33:52,519 - INFO - 
===== 交叉验证平均结果 =====
2025-10-21 09:33:52,520 - INFO - 平均准确率: 0.4354, 平均精确率: 0.5427
2025-10-21 09:33:52,521 - INFO - 平均召回率: 0.4354, 平均F1: 0.3638
