2025-10-21 06:39:45,935 - INFO - 
==================== 实验配置 ====================
2025-10-21 06:39:45,936 - INFO - 种子: 2023
2025-10-21 06:39:45,936 - INFO - 融合方法: pmdf
2025-10-21 06:39:45,936 - INFO - 模态组合: ['face']
2025-10-21 06:39:45,936 - INFO - 批次大小: 32
2025-10-21 06:39:45,936 - INFO - 训练轮数: 1000
2025-10-21 06:39:45,937 - INFO - 学习率: 0.001
2025-10-21 06:39:45,937 - INFO - 早停轮数: 100
2025-10-21 06:39:45,938 - INFO - K折交叉验证: 5
2025-10-21 06:39:45,939 - INFO - 损失函数: MultiClassFocalLossWithAlpha
2025-10-21 06:39:45,940 - INFO - 优化器: Adam (
Parameter Group 0
    amsgrad: False
    betas: (0.5, 0.999)
    capturable: False
    decoupled_weight_decay: False
    differentiable: False
    eps: 1e-08
    foreach: None
    fused: None
    lr: 0.001
    maximize: False
    weight_decay: 0
)
2025-10-21 06:39:45,942 - INFO - 设备: cpu
2025-10-21 06:39:45,942 - INFO - =================================================

2025-10-21 06:39:45,944 - INFO - 
----- 第 1/5 折 -----
2025-10-21 06:39:46,026 - INFO - 训练设备: cpu | 融合方法: pmdf | 模态组合: ['face']
2025-10-21 06:39:47,755 - INFO - Epoch 1: train_loss=0.0651, train_acc=0.4015, dev_loss=0.0644, dev_acc=0.4147, time=1.7s
2025-10-21 06:39:49,411 - INFO - Epoch 2: train_loss=0.0638, train_acc=0.3985, dev_loss=0.0629, dev_acc=0.4147, time=1.6s
2025-10-21 06:39:51,164 - INFO - Epoch 3: train_loss=0.0625, train_acc=0.4092, dev_loss=0.0667, dev_acc=0.3180, time=1.8s
2025-10-21 06:39:52,905 - INFO - Epoch 4: train_loss=0.0630, train_acc=0.4031, dev_loss=0.3161, dev_acc=0.2673, time=1.7s
2025-10-21 06:39:54,693 - INFO - Epoch 5: train_loss=0.0626, train_acc=0.4323, dev_loss=0.9841, dev_acc=0.2673, time=1.8s
2025-10-21 06:39:56,588 - INFO - Epoch 6: train_loss=0.0630, train_acc=0.3938, dev_loss=7.9016, dev_acc=0.3180, time=1.9s
2025-10-21 06:39:58,406 - INFO - Epoch 7: train_loss=0.0632, train_acc=0.3923, dev_loss=4.1685, dev_acc=0.3180, time=1.8s
2025-10-21 06:40:00,107 - INFO - Epoch 8: train_loss=0.0622, train_acc=0.4062, dev_loss=4.8660, dev_acc=0.3180, time=1.7s
2025-10-21 06:40:01,877 - INFO - Epoch 9: train_loss=0.0623, train_acc=0.4138, dev_loss=5.0595, dev_acc=0.3180, time=1.8s
2025-10-21 06:40:03,633 - INFO - Epoch 10: train_loss=0.0621, train_acc=0.4277, dev_loss=1.5242, dev_acc=0.2673, time=1.8s
2025-10-21 06:40:05,958 - INFO - Epoch 11: train_loss=0.0624, train_acc=0.4108, dev_loss=1.3657, dev_acc=0.3180, time=2.3s
2025-10-21 06:40:08,193 - INFO - Epoch 12: train_loss=0.0621, train_acc=0.4262, dev_loss=1.9660, dev_acc=0.3180, time=2.2s
2025-10-21 06:40:09,693 - INFO - Epoch 13: train_loss=0.0620, train_acc=0.4138, dev_loss=1.0235, dev_acc=0.3180, time=1.5s
2025-10-21 06:40:11,063 - INFO - Epoch 14: train_loss=0.0620, train_acc=0.4092, dev_loss=2.6376, dev_acc=0.3180, time=1.4s
2025-10-21 06:40:12,425 - INFO - Epoch 15: train_loss=0.0622, train_acc=0.4262, dev_loss=6.2634, dev_acc=0.4147, time=1.4s
2025-10-21 06:40:13,843 - INFO - Epoch 16: train_loss=0.0616, train_acc=0.4169, dev_loss=2.4343, dev_acc=0.3180, time=1.4s
2025-10-21 06:40:15,276 - INFO - Epoch 17: train_loss=0.0611, train_acc=0.4246, dev_loss=10.8429, dev_acc=0.3180, time=1.4s
2025-10-21 06:40:16,780 - INFO - Epoch 18: train_loss=0.0617, train_acc=0.4385, dev_loss=15.9458, dev_acc=0.3180, time=1.5s
2025-10-21 06:40:18,369 - INFO - Epoch 19: train_loss=0.0615, train_acc=0.4277, dev_loss=0.6096, dev_acc=0.3180, time=1.6s
2025-10-21 06:40:20,205 - INFO - Epoch 20: train_loss=0.0620, train_acc=0.4154, dev_loss=2.6643, dev_acc=0.3180, time=1.8s
2025-10-21 06:40:22,152 - INFO - Epoch 21: train_loss=0.0620, train_acc=0.4477, dev_loss=0.2416, dev_acc=0.4147, time=1.9s
2025-10-21 06:40:24,061 - INFO - Epoch 22: train_loss=0.0610, train_acc=0.4262, dev_loss=1.2632, dev_acc=0.2673, time=1.9s
2025-10-21 06:40:25,783 - INFO - Epoch 23: train_loss=0.0613, train_acc=0.4323, dev_loss=1.1429, dev_acc=0.2673, time=1.7s
2025-10-21 06:40:27,459 - INFO - Epoch 24: train_loss=0.0622, train_acc=0.4215, dev_loss=0.7748, dev_acc=0.2673, time=1.7s
2025-10-21 06:40:29,422 - INFO - Epoch 25: train_loss=0.0617, train_acc=0.4231, dev_loss=1.4777, dev_acc=0.3180, time=2.0s
2025-10-21 06:40:31,502 - INFO - Epoch 26: train_loss=0.0614, train_acc=0.4246, dev_loss=6.8257, dev_acc=0.3180, time=2.1s
2025-10-21 06:40:33,548 - INFO - Epoch 27: train_loss=0.0617, train_acc=0.4123, dev_loss=4.2535, dev_acc=0.3180, time=2.0s
2025-10-21 06:40:35,367 - INFO - Epoch 28: train_loss=0.0617, train_acc=0.4277, dev_loss=6.1503, dev_acc=0.4147, time=1.8s
2025-10-21 06:40:37,173 - INFO - Epoch 29: train_loss=0.0616, train_acc=0.4200, dev_loss=0.1889, dev_acc=0.3180, time=1.8s
2025-10-21 06:40:39,878 - INFO - Epoch 30: train_loss=0.0609, train_acc=0.4323, dev_loss=0.7652, dev_acc=0.3180, time=2.7s
2025-10-21 06:40:42,203 - INFO - Epoch 31: train_loss=0.0613, train_acc=0.4400, dev_loss=0.8402, dev_acc=0.4147, time=2.3s
2025-10-21 06:40:44,599 - INFO - Epoch 32: train_loss=0.0609, train_acc=0.4308, dev_loss=0.1327, dev_acc=0.4147, time=2.4s
2025-10-21 06:40:46,970 - INFO - Epoch 33: train_loss=0.0614, train_acc=0.4169, dev_loss=0.9805, dev_acc=0.3180, time=2.4s
2025-10-21 06:40:49,425 - INFO - Epoch 34: train_loss=0.0606, train_acc=0.4123, dev_loss=0.9020, dev_acc=0.2673, time=2.5s
2025-10-21 06:40:51,907 - INFO - Epoch 35: train_loss=0.0605, train_acc=0.4323, dev_loss=1.2519, dev_acc=0.3180, time=2.5s
2025-10-21 06:40:54,387 - INFO - Epoch 36: train_loss=0.0609, train_acc=0.4385, dev_loss=4.1972, dev_acc=0.3180, time=2.5s
2025-10-21 06:40:56,913 - INFO - Epoch 37: train_loss=0.0621, train_acc=0.4262, dev_loss=0.3750, dev_acc=0.4147, time=2.5s
2025-10-21 06:40:59,361 - INFO - Epoch 38: train_loss=0.0607, train_acc=0.4262, dev_loss=1.4340, dev_acc=0.4147, time=2.4s
2025-10-21 06:41:01,864 - INFO - Epoch 39: train_loss=0.0606, train_acc=0.4369, dev_loss=1.8871, dev_acc=0.2673, time=2.5s
2025-10-21 06:41:04,231 - INFO - Epoch 40: train_loss=0.0611, train_acc=0.4354, dev_loss=1.4538, dev_acc=0.3180, time=2.4s
2025-10-21 06:41:06,629 - INFO - Epoch 41: train_loss=0.0606, train_acc=0.4354, dev_loss=0.9656, dev_acc=0.3180, time=2.4s
2025-10-21 06:41:08,989 - INFO - Epoch 42: train_loss=0.0610, train_acc=0.4200, dev_loss=1.2741, dev_acc=0.4147, time=2.4s
2025-10-21 06:41:11,309 - INFO - Epoch 43: train_loss=0.0603, train_acc=0.4246, dev_loss=0.2225, dev_acc=0.2811, time=2.3s
2025-10-21 06:41:13,777 - INFO - Epoch 44: train_loss=0.0601, train_acc=0.4431, dev_loss=1.0178, dev_acc=0.2673, time=2.5s
2025-10-21 06:41:16,130 - INFO - Epoch 45: train_loss=0.0597, train_acc=0.4446, dev_loss=1.6724, dev_acc=0.3180, time=2.4s
2025-10-21 06:41:18,596 - INFO - Epoch 46: train_loss=0.0603, train_acc=0.4262, dev_loss=0.5794, dev_acc=0.4147, time=2.5s
2025-10-21 06:41:20,986 - INFO - Epoch 47: train_loss=0.0599, train_acc=0.4431, dev_loss=0.7683, dev_acc=0.3180, time=2.4s
2025-10-21 06:41:23,381 - INFO - Epoch 48: train_loss=0.0598, train_acc=0.4415, dev_loss=0.9451, dev_acc=0.2673, time=2.4s
2025-10-21 06:41:25,876 - INFO - Epoch 49: train_loss=0.0605, train_acc=0.4462, dev_loss=1.8273, dev_acc=0.4147, time=2.5s
2025-10-21 06:41:28,180 - INFO - Epoch 50: train_loss=0.0593, train_acc=0.4415, dev_loss=0.2983, dev_acc=0.3180, time=2.3s
2025-10-21 06:41:30,549 - INFO - Epoch 51: train_loss=0.0597, train_acc=0.4600, dev_loss=0.9837, dev_acc=0.2673, time=2.4s
2025-10-21 06:41:33,026 - INFO - Epoch 52: train_loss=0.0598, train_acc=0.4492, dev_loss=0.9365, dev_acc=0.3180, time=2.5s
2025-10-21 06:41:35,548 - INFO - Epoch 53: train_loss=0.0591, train_acc=0.4415, dev_loss=0.7448, dev_acc=0.3180, time=2.5s
2025-10-21 06:41:38,036 - INFO - Epoch 54: train_loss=0.0601, train_acc=0.4400, dev_loss=0.3530, dev_acc=0.3180, time=2.5s
2025-10-21 06:41:38,958 - INFO - Epoch 55: train_loss=0.0603, train_acc=0.4262, dev_loss=0.1825, dev_acc=0.4147, time=0.9s
2025-10-21 06:41:40,251 - INFO - Epoch 56: train_loss=0.0598, train_acc=0.4477, dev_loss=0.6938, dev_acc=0.2673, time=1.3s
2025-10-21 06:41:41,588 - INFO - Epoch 57: train_loss=0.0600, train_acc=0.4415, dev_loss=0.6110, dev_acc=0.3180, time=1.3s
2025-10-21 06:41:42,495 - INFO - Epoch 58: train_loss=0.0591, train_acc=0.4554, dev_loss=1.8217, dev_acc=0.4147, time=0.9s
2025-10-21 06:41:43,443 - INFO - Epoch 59: train_loss=0.0603, train_acc=0.4431, dev_loss=0.6445, dev_acc=0.2673, time=0.9s
2025-10-21 06:41:44,364 - INFO - Epoch 60: train_loss=0.0595, train_acc=0.4508, dev_loss=0.2057, dev_acc=0.4147, time=0.9s
2025-10-21 06:41:45,284 - INFO - Epoch 61: train_loss=0.0588, train_acc=0.4508, dev_loss=0.5843, dev_acc=0.4147, time=0.9s
2025-10-21 06:41:46,191 - INFO - Epoch 62: train_loss=0.0595, train_acc=0.4523, dev_loss=0.3747, dev_acc=0.3088, time=0.9s
2025-10-21 06:41:47,094 - INFO - Epoch 63: train_loss=0.0591, train_acc=0.4554, dev_loss=0.6012, dev_acc=0.3180, time=0.9s
2025-10-21 06:41:47,997 - INFO - Epoch 64: train_loss=0.0594, train_acc=0.4585, dev_loss=0.4075, dev_acc=0.3180, time=0.9s
2025-10-21 06:41:48,906 - INFO - Epoch 65: train_loss=0.0585, train_acc=0.4492, dev_loss=0.6355, dev_acc=0.3180, time=0.9s
2025-10-21 06:41:49,818 - INFO - Epoch 66: train_loss=0.0586, train_acc=0.4508, dev_loss=0.5428, dev_acc=0.3180, time=0.9s
2025-10-21 06:41:50,731 - INFO - Epoch 67: train_loss=0.0588, train_acc=0.4400, dev_loss=0.3905, dev_acc=0.3180, time=0.9s
2025-10-21 06:41:51,665 - INFO - Epoch 68: train_loss=0.0594, train_acc=0.4615, dev_loss=0.1407, dev_acc=0.2857, time=0.9s
2025-10-21 06:41:52,604 - INFO - Epoch 69: train_loss=0.0589, train_acc=0.4446, dev_loss=0.2042, dev_acc=0.3364, time=0.9s
2025-10-21 06:41:53,554 - INFO - Epoch 70: train_loss=0.0589, train_acc=0.4415, dev_loss=0.2588, dev_acc=0.3272, time=0.9s
2025-10-21 06:41:54,492 - INFO - Epoch 71: train_loss=0.0589, train_acc=0.4662, dev_loss=0.6130, dev_acc=0.2673, time=0.9s
2025-10-21 06:41:55,432 - INFO - Epoch 72: train_loss=0.0584, train_acc=0.4662, dev_loss=0.0842, dev_acc=0.3180, time=0.9s
2025-10-21 06:41:56,377 - INFO - Epoch 73: train_loss=0.0587, train_acc=0.4646, dev_loss=0.2971, dev_acc=0.3180, time=0.9s
2025-10-21 06:41:57,296 - INFO - Epoch 74: train_loss=0.0588, train_acc=0.4508, dev_loss=0.2721, dev_acc=0.4147, time=0.9s
2025-10-21 06:41:58,274 - INFO - Epoch 75: train_loss=0.0588, train_acc=0.4646, dev_loss=0.1871, dev_acc=0.2673, time=1.0s
2025-10-21 06:41:59,215 - INFO - Epoch 76: train_loss=0.0586, train_acc=0.4646, dev_loss=0.1582, dev_acc=0.3180, time=0.9s
2025-10-21 06:42:00,210 - INFO - Epoch 77: train_loss=0.0589, train_acc=0.4477, dev_loss=0.0807, dev_acc=0.4194, time=1.0s
2025-10-21 06:42:01,264 - INFO - Epoch 78: train_loss=0.0585, train_acc=0.4769, dev_loss=0.5487, dev_acc=0.3180, time=1.0s
2025-10-21 06:42:02,915 - INFO - Epoch 79: train_loss=0.0586, train_acc=0.4462, dev_loss=0.1050, dev_acc=0.2673, time=1.7s
2025-10-21 06:42:04,452 - INFO - Epoch 80: train_loss=0.0591, train_acc=0.4446, dev_loss=0.3087, dev_acc=0.4147, time=1.5s
2025-10-21 06:42:06,085 - INFO - Epoch 81: train_loss=0.0585, train_acc=0.4508, dev_loss=0.0897, dev_acc=0.3272, time=1.6s
2025-10-21 06:42:07,721 - INFO - Epoch 82: train_loss=0.0579, train_acc=0.4600, dev_loss=0.1053, dev_acc=0.2949, time=1.6s
2025-10-21 06:42:09,199 - INFO - Epoch 83: train_loss=0.0580, train_acc=0.4615, dev_loss=0.0754, dev_acc=0.3272, time=1.5s
2025-10-21 06:42:10,628 - INFO - Epoch 84: train_loss=0.0586, train_acc=0.4492, dev_loss=0.0701, dev_acc=0.3502, time=1.4s
2025-10-21 06:42:12,033 - INFO - Epoch 85: train_loss=0.0580, train_acc=0.4585, dev_loss=0.1353, dev_acc=0.2719, time=1.4s
2025-10-21 06:42:13,429 - INFO - Epoch 86: train_loss=0.0581, train_acc=0.4677, dev_loss=0.2003, dev_acc=0.3226, time=1.4s
2025-10-21 06:42:14,818 - INFO - Epoch 87: train_loss=0.0588, train_acc=0.4462, dev_loss=0.1477, dev_acc=0.3272, time=1.4s
2025-10-21 06:42:16,420 - INFO - Epoch 88: train_loss=0.0580, train_acc=0.4831, dev_loss=0.0663, dev_acc=0.3779, time=1.6s
2025-10-21 06:42:18,081 - INFO - Epoch 89: train_loss=0.0579, train_acc=0.4431, dev_loss=0.1136, dev_acc=0.2765, time=1.7s
2025-10-21 06:42:19,739 - INFO - Epoch 90: train_loss=0.0582, train_acc=0.4646, dev_loss=0.0852, dev_acc=0.3410, time=1.7s
2025-10-21 06:42:21,460 - INFO - Epoch 91: train_loss=0.0586, train_acc=0.4662, dev_loss=0.1532, dev_acc=0.4147, time=1.7s
2025-10-21 06:42:23,225 - INFO - Epoch 92: train_loss=0.0581, train_acc=0.4585, dev_loss=0.1052, dev_acc=0.4516, time=1.8s
2025-10-21 06:42:24,893 - INFO - Epoch 93: train_loss=0.0582, train_acc=0.4508, dev_loss=0.0889, dev_acc=0.3318, time=1.7s
2025-10-21 06:42:26,622 - INFO - Epoch 94: train_loss=0.0594, train_acc=0.4446, dev_loss=0.0876, dev_acc=0.3641, time=1.7s
2025-10-21 06:42:28,466 - INFO - Epoch 95: train_loss=0.0579, train_acc=0.4508, dev_loss=0.0821, dev_acc=0.3180, time=1.8s
2025-10-21 06:42:30,145 - INFO - Epoch 96: train_loss=0.0580, train_acc=0.4723, dev_loss=0.0719, dev_acc=0.2949, time=1.7s
2025-10-21 06:42:31,879 - INFO - Epoch 97: train_loss=0.0583, train_acc=0.4508, dev_loss=0.0716, dev_acc=0.4009, time=1.7s
2025-10-21 06:42:33,683 - INFO - Epoch 98: train_loss=0.0588, train_acc=0.4477, dev_loss=0.0696, dev_acc=0.3226, time=1.8s
2025-10-21 06:42:35,424 - INFO - Epoch 99: train_loss=0.0586, train_acc=0.4431, dev_loss=0.0675, dev_acc=0.3502, time=1.7s
2025-10-21 06:42:37,075 - INFO - Epoch 100: train_loss=0.0577, train_acc=0.4662, dev_loss=0.0685, dev_acc=0.4240, time=1.7s
2025-10-21 06:42:39,020 - INFO - Epoch 101: train_loss=0.0576, train_acc=0.4615, dev_loss=0.0717, dev_acc=0.3687, time=1.9s
2025-10-21 06:42:40,941 - INFO - Epoch 102: train_loss=0.0587, train_acc=0.4569, dev_loss=0.0708, dev_acc=0.3594, time=1.9s
2025-10-21 06:42:42,694 - INFO - Epoch 103: train_loss=0.0582, train_acc=0.4554, dev_loss=0.0636, dev_acc=0.3641, time=1.8s
2025-10-21 06:42:44,470 - INFO - Epoch 104: train_loss=0.0582, train_acc=0.4692, dev_loss=0.0774, dev_acc=0.3456, time=1.8s
2025-10-21 06:42:46,206 - INFO - Epoch 105: train_loss=0.0576, train_acc=0.4846, dev_loss=0.0779, dev_acc=0.3594, time=1.7s
2025-10-21 06:42:47,948 - INFO - Epoch 106: train_loss=0.0582, train_acc=0.4523, dev_loss=0.0697, dev_acc=0.3226, time=1.7s
2025-10-21 06:42:49,971 - INFO - Epoch 107: train_loss=0.0584, train_acc=0.4615, dev_loss=0.0975, dev_acc=0.3502, time=2.0s
2025-10-21 06:42:51,984 - INFO - Epoch 108: train_loss=0.0585, train_acc=0.4477, dev_loss=0.0649, dev_acc=0.4240, time=2.0s
2025-10-21 06:42:53,752 - INFO - Epoch 109: train_loss=0.0588, train_acc=0.4462, dev_loss=0.0707, dev_acc=0.3180, time=1.8s
2025-10-21 06:42:55,585 - INFO - Epoch 110: train_loss=0.0587, train_acc=0.4708, dev_loss=0.0689, dev_acc=0.4332, time=1.8s
2025-10-21 06:42:57,335 - INFO - Epoch 111: train_loss=0.0586, train_acc=0.4646, dev_loss=0.0670, dev_acc=0.3871, time=1.7s
2025-10-21 06:42:59,077 - INFO - Epoch 112: train_loss=0.0580, train_acc=0.4600, dev_loss=0.0658, dev_acc=0.4240, time=1.7s
2025-10-21 06:43:01,164 - INFO - Epoch 113: train_loss=0.0590, train_acc=0.4554, dev_loss=0.0662, dev_acc=0.4147, time=2.1s
2025-10-21 06:43:03,156 - INFO - Epoch 114: train_loss=0.0595, train_acc=0.4523, dev_loss=0.0681, dev_acc=0.4378, time=2.0s
2025-10-21 06:43:04,988 - INFO - Epoch 115: train_loss=0.0585, train_acc=0.4523, dev_loss=0.0647, dev_acc=0.4240, time=1.8s
2025-10-21 06:43:06,807 - INFO - Epoch 116: train_loss=0.0577, train_acc=0.4585, dev_loss=0.0655, dev_acc=0.3733, time=1.8s
2025-10-21 06:43:08,583 - INFO - Epoch 117: train_loss=0.0582, train_acc=0.4538, dev_loss=0.0652, dev_acc=0.4101, time=1.8s
2025-10-21 06:43:10,600 - INFO - Epoch 118: train_loss=0.0582, train_acc=0.4415, dev_loss=0.0650, dev_acc=0.3963, time=2.0s
2025-10-21 06:43:12,720 - INFO - Epoch 119: train_loss=0.0580, train_acc=0.4692, dev_loss=0.0663, dev_acc=0.4194, time=2.1s
2025-10-21 06:43:14,641 - INFO - Epoch 120: train_loss=0.0581, train_acc=0.4600, dev_loss=0.0648, dev_acc=0.3917, time=1.9s
2025-10-21 06:43:16,438 - INFO - Epoch 121: train_loss=0.0592, train_acc=0.4538, dev_loss=0.0653, dev_acc=0.4194, time=1.8s
2025-10-21 06:43:18,348 - INFO - Epoch 122: train_loss=0.0591, train_acc=0.4585, dev_loss=0.0653, dev_acc=0.4009, time=1.9s
2025-10-21 06:43:20,703 - INFO - Epoch 123: train_loss=0.0581, train_acc=0.4708, dev_loss=0.0651, dev_acc=0.4147, time=2.4s
2025-10-21 06:43:22,827 - INFO - Epoch 124: train_loss=0.0579, train_acc=0.4585, dev_loss=0.0657, dev_acc=0.3733, time=2.1s
2025-10-21 06:43:24,659 - INFO - Epoch 125: train_loss=0.0584, train_acc=0.4431, dev_loss=0.0646, dev_acc=0.3733, time=1.8s
2025-10-21 06:43:26,509 - INFO - Epoch 126: train_loss=0.0579, train_acc=0.4723, dev_loss=0.0649, dev_acc=0.3871, time=1.8s
2025-10-21 06:43:28,283 - INFO - Epoch 127: train_loss=0.0584, train_acc=0.4662, dev_loss=0.0650, dev_acc=0.4147, time=1.8s
2025-10-21 06:43:30,173 - INFO - Epoch 128: train_loss=0.0583, train_acc=0.4615, dev_loss=0.0652, dev_acc=0.4194, time=1.9s
2025-10-21 06:43:32,525 - INFO - Epoch 129: train_loss=0.0587, train_acc=0.4415, dev_loss=0.0652, dev_acc=0.3917, time=2.4s
2025-10-21 06:43:34,478 - INFO - Epoch 130: train_loss=0.0587, train_acc=0.4415, dev_loss=0.0652, dev_acc=0.3825, time=2.0s
2025-10-21 06:43:36,340 - INFO - Epoch 131: train_loss=0.0576, train_acc=0.4569, dev_loss=0.0654, dev_acc=0.3871, time=1.9s
2025-10-21 06:43:38,008 - INFO - Epoch 132: train_loss=0.0579, train_acc=0.4554, dev_loss=0.0653, dev_acc=0.3917, time=1.7s
2025-10-21 06:43:39,792 - INFO - Epoch 133: train_loss=0.0587, train_acc=0.4662, dev_loss=0.0651, dev_acc=0.4055, time=1.8s
2025-10-21 06:43:42,274 - INFO - Epoch 134: train_loss=0.0594, train_acc=0.4446, dev_loss=0.0651, dev_acc=0.4147, time=2.5s
2025-10-21 06:43:44,085 - INFO - Epoch 135: train_loss=0.0590, train_acc=0.4677, dev_loss=0.0653, dev_acc=0.3917, time=1.8s
2025-10-21 06:43:45,763 - INFO - Epoch 136: train_loss=0.0583, train_acc=0.4708, dev_loss=0.0652, dev_acc=0.3963, time=1.7s
2025-10-21 06:43:47,407 - INFO - Epoch 137: train_loss=0.0579, train_acc=0.4600, dev_loss=0.0651, dev_acc=0.3871, time=1.6s
2025-10-21 06:43:49,114 - INFO - Epoch 138: train_loss=0.0581, train_acc=0.4523, dev_loss=0.0653, dev_acc=0.3963, time=1.7s
2025-10-21 06:43:50,840 - INFO - Epoch 139: train_loss=0.0588, train_acc=0.4508, dev_loss=0.0651, dev_acc=0.3963, time=1.7s
2025-10-21 06:43:52,838 - INFO - Epoch 140: train_loss=0.0580, train_acc=0.4508, dev_loss=0.0651, dev_acc=0.3917, time=2.0s
2025-10-21 06:43:54,762 - INFO - Epoch 141: train_loss=0.0585, train_acc=0.4508, dev_loss=0.0647, dev_acc=0.3917, time=1.9s
2025-10-21 06:43:56,497 - INFO - Epoch 142: train_loss=0.0580, train_acc=0.4554, dev_loss=0.0649, dev_acc=0.3871, time=1.7s
2025-10-21 06:43:58,166 - INFO - Epoch 143: train_loss=0.0576, train_acc=0.4738, dev_loss=0.0650, dev_acc=0.3917, time=1.7s
2025-10-21 06:43:59,907 - INFO - Epoch 144: train_loss=0.0577, train_acc=0.4615, dev_loss=0.0652, dev_acc=0.3871, time=1.7s
2025-10-21 06:44:01,659 - INFO - Epoch 145: train_loss=0.0584, train_acc=0.4646, dev_loss=0.0651, dev_acc=0.4009, time=1.8s
2025-10-21 06:44:03,456 - INFO - Epoch 146: train_loss=0.0580, train_acc=0.4677, dev_loss=0.0649, dev_acc=0.3917, time=1.8s
2025-10-21 06:44:05,425 - INFO - Epoch 147: train_loss=0.0574, train_acc=0.4708, dev_loss=0.0650, dev_acc=0.3917, time=2.0s
2025-10-21 06:44:07,233 - INFO - Epoch 148: train_loss=0.0589, train_acc=0.4662, dev_loss=0.0651, dev_acc=0.4147, time=1.8s
2025-10-21 06:44:08,962 - INFO - Epoch 149: train_loss=0.0581, train_acc=0.4569, dev_loss=0.0650, dev_acc=0.3917, time=1.7s
2025-10-21 06:44:10,634 - INFO - Epoch 150: train_loss=0.0582, train_acc=0.4615, dev_loss=0.0652, dev_acc=0.3917, time=1.7s
2025-10-21 06:44:12,349 - INFO - Epoch 151: train_loss=0.0579, train_acc=0.4538, dev_loss=0.0650, dev_acc=0.3871, time=1.7s
2025-10-21 06:44:14,108 - INFO - Epoch 152: train_loss=0.0578, train_acc=0.4538, dev_loss=0.0650, dev_acc=0.3917, time=1.8s
2025-10-21 06:44:16,012 - INFO - Epoch 153: train_loss=0.0583, train_acc=0.4677, dev_loss=0.0652, dev_acc=0.3963, time=1.9s
2025-10-21 06:44:17,869 - INFO - Epoch 154: train_loss=0.0585, train_acc=0.4615, dev_loss=0.0652, dev_acc=0.3825, time=1.9s
2025-10-21 06:44:19,683 - INFO - Epoch 155: train_loss=0.0586, train_acc=0.4554, dev_loss=0.0651, dev_acc=0.3963, time=1.8s
2025-10-21 06:44:21,332 - INFO - Epoch 156: train_loss=0.0582, train_acc=0.4585, dev_loss=0.0650, dev_acc=0.3871, time=1.6s
2025-10-21 06:44:23,105 - INFO - Epoch 157: train_loss=0.0578, train_acc=0.4985, dev_loss=0.0652, dev_acc=0.4101, time=1.8s
2025-10-21 06:44:24,793 - INFO - Epoch 158: train_loss=0.0587, train_acc=0.4692, dev_loss=0.0649, dev_acc=0.3871, time=1.7s
2025-10-21 06:44:26,540 - INFO - Epoch 159: train_loss=0.0586, train_acc=0.4569, dev_loss=0.0648, dev_acc=0.3917, time=1.7s
2025-10-21 06:44:28,487 - INFO - Epoch 160: train_loss=0.0578, train_acc=0.4631, dev_loss=0.0651, dev_acc=0.3871, time=1.9s
2025-10-21 06:44:30,301 - INFO - Epoch 161: train_loss=0.0584, train_acc=0.4677, dev_loss=0.0652, dev_acc=0.3871, time=1.8s
2025-10-21 06:44:32,011 - INFO - Epoch 162: train_loss=0.0584, train_acc=0.4554, dev_loss=0.0652, dev_acc=0.3825, time=1.7s
2025-10-21 06:44:33,914 - INFO - Epoch 163: train_loss=0.0580, train_acc=0.4662, dev_loss=0.0651, dev_acc=0.3871, time=1.9s
2025-10-21 06:44:35,976 - INFO - Epoch 164: train_loss=0.0584, train_acc=0.4585, dev_loss=0.0649, dev_acc=0.3917, time=2.1s
2025-10-21 06:44:38,228 - INFO - Epoch 165: train_loss=0.0589, train_acc=0.4585, dev_loss=0.0648, dev_acc=0.3963, time=2.2s
2025-10-21 06:44:40,294 - INFO - Epoch 166: train_loss=0.0582, train_acc=0.4585, dev_loss=0.0651, dev_acc=0.3917, time=2.1s
2025-10-21 06:44:42,169 - INFO - Epoch 167: train_loss=0.0587, train_acc=0.4600, dev_loss=0.0652, dev_acc=0.3963, time=1.9s
2025-10-21 06:44:44,092 - INFO - Epoch 168: train_loss=0.0585, train_acc=0.4415, dev_loss=0.0650, dev_acc=0.3917, time=1.9s
2025-10-21 06:44:45,891 - INFO - Epoch 169: train_loss=0.0587, train_acc=0.4646, dev_loss=0.0651, dev_acc=0.3963, time=1.8s
2025-10-21 06:44:47,630 - INFO - Epoch 170: train_loss=0.0582, train_acc=0.4585, dev_loss=0.0652, dev_acc=0.3871, time=1.7s
2025-10-21 06:44:49,323 - INFO - Epoch 171: train_loss=0.0582, train_acc=0.4554, dev_loss=0.0652, dev_acc=0.3871, time=1.7s
2025-10-21 06:44:51,047 - INFO - Epoch 172: train_loss=0.0584, train_acc=0.4492, dev_loss=0.0651, dev_acc=0.3871, time=1.7s
2025-10-21 06:44:52,778 - INFO - Epoch 173: train_loss=0.0591, train_acc=0.4508, dev_loss=0.0652, dev_acc=0.4009, time=1.7s
2025-10-21 06:44:54,736 - INFO - Epoch 174: train_loss=0.0578, train_acc=0.4492, dev_loss=0.0652, dev_acc=0.3917, time=2.0s
2025-10-21 06:44:56,632 - INFO - Epoch 175: train_loss=0.0583, train_acc=0.4677, dev_loss=0.0650, dev_acc=0.3917, time=1.9s
2025-10-21 06:44:58,423 - INFO - Epoch 176: train_loss=0.0576, train_acc=0.4754, dev_loss=0.0651, dev_acc=0.3917, time=1.8s
2025-10-21 06:45:00,091 - INFO - Epoch 177: train_loss=0.0580, train_acc=0.4538, dev_loss=0.0651, dev_acc=0.3963, time=1.7s
2025-10-21 06:45:01,784 - INFO - Epoch 178: train_loss=0.0576, train_acc=0.4554, dev_loss=0.0650, dev_acc=0.3917, time=1.7s
2025-10-21 06:45:03,524 - INFO - Epoch 179: train_loss=0.0578, train_acc=0.4631, dev_loss=0.0652, dev_acc=0.3963, time=1.7s
2025-10-21 06:45:05,243 - INFO - Epoch 180: train_loss=0.0587, train_acc=0.4600, dev_loss=0.0651, dev_acc=0.3917, time=1.7s
2025-10-21 06:45:07,345 - INFO - Epoch 181: train_loss=0.0574, train_acc=0.4462, dev_loss=0.0651, dev_acc=0.4101, time=2.1s
2025-10-21 06:45:09,212 - INFO - Epoch 182: train_loss=0.0582, train_acc=0.4646, dev_loss=0.0650, dev_acc=0.3871, time=1.9s
2025-10-21 06:45:10,991 - INFO - Epoch 183: train_loss=0.0586, train_acc=0.4723, dev_loss=0.0651, dev_acc=0.3963, time=1.8s
2025-10-21 06:45:12,710 - INFO - Epoch 184: train_loss=0.0581, train_acc=0.4723, dev_loss=0.0653, dev_acc=0.4009, time=1.7s
2025-10-21 06:45:14,492 - INFO - Epoch 185: train_loss=0.0585, train_acc=0.4723, dev_loss=0.0650, dev_acc=0.3917, time=1.8s
2025-10-21 06:45:16,175 - INFO - Epoch 186: train_loss=0.0584, train_acc=0.4400, dev_loss=0.0651, dev_acc=0.3963, time=1.7s
2025-10-21 06:45:18,309 - INFO - Epoch 187: train_loss=0.0578, train_acc=0.4585, dev_loss=0.0649, dev_acc=0.4009, time=2.1s
2025-10-21 06:45:20,181 - INFO - Epoch 188: train_loss=0.0574, train_acc=0.4600, dev_loss=0.0652, dev_acc=0.3871, time=1.9s
2025-10-21 06:45:22,003 - INFO - Epoch 189: train_loss=0.0586, train_acc=0.4631, dev_loss=0.0652, dev_acc=0.3963, time=1.8s
2025-10-21 06:45:23,745 - INFO - Epoch 190: train_loss=0.0583, train_acc=0.4723, dev_loss=0.0649, dev_acc=0.3917, time=1.7s
2025-10-21 06:45:25,559 - INFO - Epoch 191: train_loss=0.0575, train_acc=0.4569, dev_loss=0.0653, dev_acc=0.3871, time=1.8s
2025-10-21 06:45:27,240 - INFO - Epoch 192: train_loss=0.0580, train_acc=0.4708, dev_loss=0.0652, dev_acc=0.3963, time=1.7s
2025-10-21 06:45:27,240 - INFO - 早停触发: 最佳轮次=92, 最佳验证准确率=0.4516
2025-10-21 06:45:27,544 - INFO - 第 1 折测试: 损失=0.1055, 准确率=0.4147, F1=0.3256
2025-10-21 06:45:27,544 - INFO - 
----- 第 2/5 折 -----
2025-10-21 06:45:27,615 - INFO - 训练设备: cpu | 融合方法: pmdf | 模态组合: ['face']
2025-10-21 06:45:29,661 - INFO - Epoch 1: train_loss=0.0596, train_acc=0.4523, dev_loss=0.0655, dev_acc=0.3871, time=2.0s
2025-10-21 06:45:31,529 - INFO - Epoch 2: train_loss=0.0599, train_acc=0.4569, dev_loss=0.0635, dev_acc=0.4378, time=1.8s
2025-10-21 06:45:33,442 - INFO - Epoch 3: train_loss=0.0599, train_acc=0.4554, dev_loss=0.0636, dev_acc=0.4332, time=1.9s
2025-10-21 06:45:35,149 - INFO - Epoch 4: train_loss=0.0596, train_acc=0.4508, dev_loss=0.0636, dev_acc=0.4378, time=1.7s
2025-10-21 06:45:37,006 - INFO - Epoch 5: train_loss=0.0598, train_acc=0.4631, dev_loss=0.0635, dev_acc=0.4286, time=1.9s
2025-10-21 06:45:38,837 - INFO - Epoch 6: train_loss=0.0596, train_acc=0.4677, dev_loss=0.0637, dev_acc=0.4286, time=1.8s
2025-10-21 06:45:40,968 - INFO - Epoch 7: train_loss=0.0599, train_acc=0.4446, dev_loss=0.0635, dev_acc=0.4194, time=2.1s
2025-10-21 06:45:42,852 - INFO - Epoch 8: train_loss=0.0600, train_acc=0.4462, dev_loss=0.0635, dev_acc=0.4378, time=1.9s
2025-10-21 06:45:44,702 - INFO - Epoch 9: train_loss=0.0595, train_acc=0.4538, dev_loss=0.0635, dev_acc=0.4378, time=1.8s
2025-10-21 06:45:46,516 - INFO - Epoch 10: train_loss=0.0598, train_acc=0.4385, dev_loss=0.0637, dev_acc=0.4240, time=1.8s
2025-10-21 06:45:48,250 - INFO - Epoch 11: train_loss=0.0594, train_acc=0.4631, dev_loss=0.0632, dev_acc=0.4378, time=1.7s
2025-10-21 06:45:49,993 - INFO - Epoch 12: train_loss=0.0606, train_acc=0.4508, dev_loss=0.0638, dev_acc=0.4332, time=1.7s
2025-10-21 06:45:51,867 - INFO - Epoch 13: train_loss=0.0595, train_acc=0.4477, dev_loss=0.0637, dev_acc=0.4286, time=1.9s
2025-10-21 06:45:53,787 - INFO - Epoch 14: train_loss=0.0598, train_acc=0.4646, dev_loss=0.0634, dev_acc=0.4378, time=1.9s
2025-10-21 06:45:55,654 - INFO - Epoch 15: train_loss=0.0600, train_acc=0.4554, dev_loss=0.0635, dev_acc=0.4286, time=1.9s
2025-10-21 06:45:57,509 - INFO - Epoch 16: train_loss=0.0600, train_acc=0.4431, dev_loss=0.0635, dev_acc=0.4378, time=1.9s
2025-10-21 06:45:59,364 - INFO - Epoch 17: train_loss=0.0597, train_acc=0.4600, dev_loss=0.0633, dev_acc=0.4378, time=1.9s
2025-10-21 06:46:01,045 - INFO - Epoch 18: train_loss=0.0592, train_acc=0.4523, dev_loss=0.0634, dev_acc=0.4332, time=1.7s
2025-10-21 06:46:02,751 - INFO - Epoch 19: train_loss=0.0603, train_acc=0.4462, dev_loss=0.0634, dev_acc=0.4332, time=1.7s
2025-10-21 06:46:04,795 - INFO - Epoch 20: train_loss=0.0591, train_acc=0.4554, dev_loss=0.0637, dev_acc=0.4332, time=2.0s
2025-10-21 06:46:06,663 - INFO - Epoch 21: train_loss=0.0600, train_acc=0.4385, dev_loss=0.0638, dev_acc=0.4240, time=1.9s
2025-10-21 06:46:08,494 - INFO - Epoch 22: train_loss=0.0603, train_acc=0.4400, dev_loss=0.0632, dev_acc=0.4286, time=1.8s
2025-10-21 06:46:10,255 - INFO - Epoch 23: train_loss=0.0598, train_acc=0.4354, dev_loss=0.0636, dev_acc=0.4286, time=1.8s
2025-10-21 06:46:12,082 - INFO - Epoch 24: train_loss=0.0594, train_acc=0.4569, dev_loss=0.0636, dev_acc=0.4240, time=1.8s
2025-10-21 06:46:13,933 - INFO - Epoch 25: train_loss=0.0602, train_acc=0.4646, dev_loss=0.0636, dev_acc=0.4286, time=1.9s
2025-10-21 06:46:15,967 - INFO - Epoch 26: train_loss=0.0596, train_acc=0.4462, dev_loss=0.0638, dev_acc=0.4240, time=2.0s
2025-10-21 06:46:17,778 - INFO - Epoch 27: train_loss=0.0600, train_acc=0.4446, dev_loss=0.0637, dev_acc=0.4286, time=1.8s
2025-10-21 06:46:19,609 - INFO - Epoch 28: train_loss=0.0613, train_acc=0.4462, dev_loss=0.0633, dev_acc=0.4332, time=1.8s
2025-10-21 06:46:21,355 - INFO - Epoch 29: train_loss=0.0602, train_acc=0.4400, dev_loss=0.0636, dev_acc=0.4240, time=1.7s
2025-10-21 06:46:23,130 - INFO - Epoch 30: train_loss=0.0603, train_acc=0.4477, dev_loss=0.0637, dev_acc=0.4240, time=1.8s
2025-10-21 06:46:24,813 - INFO - Epoch 31: train_loss=0.0606, train_acc=0.4431, dev_loss=0.0635, dev_acc=0.4332, time=1.7s
2025-10-21 06:46:26,788 - INFO - Epoch 32: train_loss=0.0591, train_acc=0.4431, dev_loss=0.0636, dev_acc=0.4286, time=2.0s
2025-10-21 06:46:28,639 - INFO - Epoch 33: train_loss=0.0593, train_acc=0.4585, dev_loss=0.0636, dev_acc=0.4332, time=1.8s
2025-10-21 06:46:30,477 - INFO - Epoch 34: train_loss=0.0602, train_acc=0.4446, dev_loss=0.0638, dev_acc=0.4147, time=1.8s
2025-10-21 06:46:32,131 - INFO - Epoch 35: train_loss=0.0598, train_acc=0.4446, dev_loss=0.0635, dev_acc=0.4332, time=1.7s
2025-10-21 06:46:33,955 - INFO - Epoch 36: train_loss=0.0598, train_acc=0.4585, dev_loss=0.0638, dev_acc=0.4286, time=1.8s
2025-10-21 06:46:35,747 - INFO - Epoch 37: train_loss=0.0595, train_acc=0.4708, dev_loss=0.0635, dev_acc=0.4240, time=1.8s
2025-10-21 06:46:37,757 - INFO - Epoch 38: train_loss=0.0598, train_acc=0.4462, dev_loss=0.0634, dev_acc=0.4332, time=2.0s
2025-10-21 06:46:39,662 - INFO - Epoch 39: train_loss=0.0600, train_acc=0.4400, dev_loss=0.0637, dev_acc=0.4378, time=1.9s
2025-10-21 06:46:41,510 - INFO - Epoch 40: train_loss=0.0595, train_acc=0.4554, dev_loss=0.0632, dev_acc=0.4470, time=1.8s
2025-10-21 06:46:43,257 - INFO - Epoch 41: train_loss=0.0601, train_acc=0.4338, dev_loss=0.0639, dev_acc=0.4332, time=1.7s
2025-10-21 06:46:45,099 - INFO - Epoch 42: train_loss=0.0600, train_acc=0.4385, dev_loss=0.0636, dev_acc=0.4332, time=1.8s
2025-10-21 06:46:46,890 - INFO - Epoch 43: train_loss=0.0604, train_acc=0.4354, dev_loss=0.0637, dev_acc=0.4286, time=1.8s
2025-10-21 06:46:48,856 - INFO - Epoch 44: train_loss=0.0597, train_acc=0.4615, dev_loss=0.0635, dev_acc=0.4332, time=2.0s
2025-10-21 06:46:50,786 - INFO - Epoch 45: train_loss=0.0597, train_acc=0.4523, dev_loss=0.0636, dev_acc=0.4378, time=1.9s
2025-10-21 06:46:52,623 - INFO - Epoch 46: train_loss=0.0601, train_acc=0.4354, dev_loss=0.0637, dev_acc=0.4240, time=1.8s
2025-10-21 06:46:54,403 - INFO - Epoch 47: train_loss=0.0601, train_acc=0.4477, dev_loss=0.0636, dev_acc=0.4332, time=1.8s
2025-10-21 06:46:56,211 - INFO - Epoch 48: train_loss=0.0599, train_acc=0.4277, dev_loss=0.0636, dev_acc=0.4378, time=1.8s
2025-10-21 06:46:57,899 - INFO - Epoch 49: train_loss=0.0591, train_acc=0.4431, dev_loss=0.0635, dev_acc=0.4286, time=1.7s
2025-10-21 06:46:59,691 - INFO - Epoch 50: train_loss=0.0600, train_acc=0.4462, dev_loss=0.0635, dev_acc=0.4332, time=1.8s
2025-10-21 06:47:01,660 - INFO - Epoch 51: train_loss=0.0594, train_acc=0.4600, dev_loss=0.0634, dev_acc=0.4378, time=2.0s
2025-10-21 06:47:03,553 - INFO - Epoch 52: train_loss=0.0606, train_acc=0.4446, dev_loss=0.0634, dev_acc=0.4378, time=1.9s
2025-10-21 06:47:05,291 - INFO - Epoch 53: train_loss=0.0599, train_acc=0.4600, dev_loss=0.0634, dev_acc=0.4378, time=1.7s
2025-10-21 06:47:07,040 - INFO - Epoch 54: train_loss=0.0603, train_acc=0.4492, dev_loss=0.0634, dev_acc=0.4332, time=1.7s
2025-10-21 06:47:08,718 - INFO - Epoch 55: train_loss=0.0603, train_acc=0.4431, dev_loss=0.0639, dev_acc=0.4286, time=1.7s
2025-10-21 06:47:10,383 - INFO - Epoch 56: train_loss=0.0599, train_acc=0.4477, dev_loss=0.0637, dev_acc=0.4240, time=1.7s
2025-10-21 06:47:12,367 - INFO - Epoch 57: train_loss=0.0596, train_acc=0.4538, dev_loss=0.0634, dev_acc=0.4378, time=2.0s
2025-10-21 06:47:14,224 - INFO - Epoch 58: train_loss=0.0599, train_acc=0.4508, dev_loss=0.0635, dev_acc=0.4332, time=1.9s
2025-10-21 06:47:16,033 - INFO - Epoch 59: train_loss=0.0610, train_acc=0.4492, dev_loss=0.0636, dev_acc=0.4240, time=1.8s
2025-10-21 06:47:17,745 - INFO - Epoch 60: train_loss=0.0611, train_acc=0.4431, dev_loss=0.0636, dev_acc=0.4286, time=1.7s
2025-10-21 06:47:19,664 - INFO - Epoch 61: train_loss=0.0602, train_acc=0.4477, dev_loss=0.0635, dev_acc=0.4378, time=1.9s
2025-10-21 06:47:21,842 - INFO - Epoch 62: train_loss=0.0591, train_acc=0.4569, dev_loss=0.0633, dev_acc=0.4424, time=2.2s
2025-10-21 06:47:24,045 - INFO - Epoch 63: train_loss=0.0595, train_acc=0.4646, dev_loss=0.0636, dev_acc=0.4332, time=2.2s
2025-10-21 06:47:26,005 - INFO - Epoch 64: train_loss=0.0605, train_acc=0.4462, dev_loss=0.0635, dev_acc=0.4424, time=2.0s
2025-10-21 06:47:27,894 - INFO - Epoch 65: train_loss=0.0600, train_acc=0.4338, dev_loss=0.0635, dev_acc=0.4378, time=1.9s
2025-10-21 06:47:29,663 - INFO - Epoch 66: train_loss=0.0603, train_acc=0.4523, dev_loss=0.0635, dev_acc=0.4332, time=1.8s
2025-10-21 06:47:31,144 - INFO - Epoch 67: train_loss=0.0596, train_acc=0.4615, dev_loss=0.0632, dev_acc=0.4424, time=1.5s
2025-10-21 06:47:32,602 - INFO - Epoch 68: train_loss=0.0597, train_acc=0.4400, dev_loss=0.0633, dev_acc=0.4470, time=1.5s
2025-10-21 06:47:34,006 - INFO - Epoch 69: train_loss=0.0600, train_acc=0.4508, dev_loss=0.0636, dev_acc=0.4378, time=1.4s
2025-10-21 06:47:35,536 - INFO - Epoch 70: train_loss=0.0592, train_acc=0.4569, dev_loss=0.0636, dev_acc=0.4286, time=1.5s
2025-10-21 06:47:37,209 - INFO - Epoch 71: train_loss=0.0601, train_acc=0.4308, dev_loss=0.0633, dev_acc=0.4378, time=1.7s
2025-10-21 06:47:38,909 - INFO - Epoch 72: train_loss=0.0589, train_acc=0.4708, dev_loss=0.0633, dev_acc=0.4378, time=1.7s
2025-10-21 06:47:40,931 - INFO - Epoch 73: train_loss=0.0591, train_acc=0.4646, dev_loss=0.0634, dev_acc=0.4332, time=2.0s
2025-10-21 06:47:42,752 - INFO - Epoch 74: train_loss=0.0601, train_acc=0.4646, dev_loss=0.0635, dev_acc=0.4332, time=1.8s
2025-10-21 06:47:44,481 - INFO - Epoch 75: train_loss=0.0602, train_acc=0.4508, dev_loss=0.0636, dev_acc=0.4286, time=1.7s
2025-10-21 06:47:46,164 - INFO - Epoch 76: train_loss=0.0588, train_acc=0.4523, dev_loss=0.0632, dev_acc=0.4378, time=1.7s
2025-10-21 06:47:47,869 - INFO - Epoch 77: train_loss=0.0592, train_acc=0.4615, dev_loss=0.0634, dev_acc=0.4378, time=1.7s
2025-10-21 06:47:49,654 - INFO - Epoch 78: train_loss=0.0602, train_acc=0.4431, dev_loss=0.0637, dev_acc=0.4332, time=1.8s
2025-10-21 06:47:51,766 - INFO - Epoch 79: train_loss=0.0610, train_acc=0.4508, dev_loss=0.0636, dev_acc=0.4286, time=2.1s
2025-10-21 06:47:53,655 - INFO - Epoch 80: train_loss=0.0606, train_acc=0.4492, dev_loss=0.0638, dev_acc=0.4240, time=1.9s
2025-10-21 06:47:55,387 - INFO - Epoch 81: train_loss=0.0599, train_acc=0.4600, dev_loss=0.0634, dev_acc=0.4378, time=1.7s
2025-10-21 06:47:57,039 - INFO - Epoch 82: train_loss=0.0601, train_acc=0.4600, dev_loss=0.0634, dev_acc=0.4332, time=1.7s
2025-10-21 06:47:58,827 - INFO - Epoch 83: train_loss=0.0601, train_acc=0.4369, dev_loss=0.0636, dev_acc=0.4332, time=1.8s
2025-10-21 06:48:00,555 - INFO - Epoch 84: train_loss=0.0598, train_acc=0.4600, dev_loss=0.0631, dev_acc=0.4424, time=1.7s
2025-10-21 06:48:02,233 - INFO - Epoch 85: train_loss=0.0594, train_acc=0.4554, dev_loss=0.0630, dev_acc=0.4516, time=1.7s
2025-10-21 06:48:04,310 - INFO - Epoch 86: train_loss=0.0599, train_acc=0.4477, dev_loss=0.0633, dev_acc=0.4378, time=2.1s
2025-10-21 06:48:06,124 - INFO - Epoch 87: train_loss=0.0598, train_acc=0.4523, dev_loss=0.0635, dev_acc=0.4378, time=1.8s
2025-10-21 06:48:07,823 - INFO - Epoch 88: train_loss=0.0590, train_acc=0.4308, dev_loss=0.0635, dev_acc=0.4332, time=1.7s
2025-10-21 06:48:09,538 - INFO - Epoch 89: train_loss=0.0597, train_acc=0.4538, dev_loss=0.0635, dev_acc=0.4378, time=1.7s
2025-10-21 06:48:11,260 - INFO - Epoch 90: train_loss=0.0592, train_acc=0.4569, dev_loss=0.0636, dev_acc=0.4378, time=1.7s
2025-10-21 06:48:13,099 - INFO - Epoch 91: train_loss=0.0602, train_acc=0.4477, dev_loss=0.0637, dev_acc=0.4332, time=1.8s
2025-10-21 06:48:15,171 - INFO - Epoch 92: train_loss=0.0601, train_acc=0.4508, dev_loss=0.0634, dev_acc=0.4378, time=2.1s
2025-10-21 06:48:17,014 - INFO - Epoch 93: train_loss=0.0596, train_acc=0.4508, dev_loss=0.0634, dev_acc=0.4424, time=1.8s
2025-10-21 06:48:18,783 - INFO - Epoch 94: train_loss=0.0599, train_acc=0.4446, dev_loss=0.0634, dev_acc=0.4286, time=1.8s
2025-10-21 06:48:20,465 - INFO - Epoch 95: train_loss=0.0598, train_acc=0.4323, dev_loss=0.0635, dev_acc=0.4378, time=1.7s
2025-10-21 06:48:22,157 - INFO - Epoch 96: train_loss=0.0602, train_acc=0.4431, dev_loss=0.0637, dev_acc=0.4240, time=1.7s
2025-10-21 06:48:23,888 - INFO - Epoch 97: train_loss=0.0597, train_acc=0.4431, dev_loss=0.0633, dev_acc=0.4332, time=1.7s
2025-10-21 06:48:25,652 - INFO - Epoch 98: train_loss=0.0606, train_acc=0.4308, dev_loss=0.0632, dev_acc=0.4424, time=1.8s
2025-10-21 06:48:27,682 - INFO - Epoch 99: train_loss=0.0590, train_acc=0.4615, dev_loss=0.0635, dev_acc=0.4332, time=2.0s
2025-10-21 06:48:29,442 - INFO - Epoch 100: train_loss=0.0597, train_acc=0.4538, dev_loss=0.0635, dev_acc=0.4378, time=1.8s
2025-10-21 06:48:31,145 - INFO - Epoch 101: train_loss=0.0597, train_acc=0.4554, dev_loss=0.0637, dev_acc=0.4286, time=1.7s
2025-10-21 06:48:32,889 - INFO - Epoch 102: train_loss=0.0596, train_acc=0.4462, dev_loss=0.0637, dev_acc=0.4332, time=1.7s
2025-10-21 06:48:34,556 - INFO - Epoch 103: train_loss=0.0597, train_acc=0.4646, dev_loss=0.0636, dev_acc=0.4286, time=1.7s
2025-10-21 06:48:36,368 - INFO - Epoch 104: train_loss=0.0601, train_acc=0.4646, dev_loss=0.0636, dev_acc=0.4332, time=1.8s
2025-10-21 06:48:38,508 - INFO - Epoch 105: train_loss=0.0592, train_acc=0.4615, dev_loss=0.0636, dev_acc=0.4332, time=2.1s
2025-10-21 06:48:40,347 - INFO - Epoch 106: train_loss=0.0599, train_acc=0.4538, dev_loss=0.0635, dev_acc=0.4332, time=1.8s
2025-10-21 06:48:42,079 - INFO - Epoch 107: train_loss=0.0606, train_acc=0.4446, dev_loss=0.0637, dev_acc=0.4240, time=1.7s
2025-10-21 06:48:43,811 - INFO - Epoch 108: train_loss=0.0596, train_acc=0.4554, dev_loss=0.0637, dev_acc=0.4286, time=1.7s
2025-10-21 06:48:45,510 - INFO - Epoch 109: train_loss=0.0594, train_acc=0.4462, dev_loss=0.0636, dev_acc=0.4378, time=1.7s
2025-10-21 06:48:47,212 - INFO - Epoch 110: train_loss=0.0589, train_acc=0.4446, dev_loss=0.0637, dev_acc=0.4332, time=1.7s
2025-10-21 06:48:48,990 - INFO - Epoch 111: train_loss=0.0601, train_acc=0.4631, dev_loss=0.0638, dev_acc=0.4332, time=1.8s
2025-10-21 06:48:50,843 - INFO - Epoch 112: train_loss=0.0601, train_acc=0.4492, dev_loss=0.0635, dev_acc=0.4332, time=1.9s
2025-10-21 06:48:52,618 - INFO - Epoch 113: train_loss=0.0596, train_acc=0.4708, dev_loss=0.0637, dev_acc=0.4240, time=1.8s
2025-10-21 06:48:54,323 - INFO - Epoch 114: train_loss=0.0603, train_acc=0.4662, dev_loss=0.0638, dev_acc=0.4286, time=1.7s
2025-10-21 06:48:55,999 - INFO - Epoch 115: train_loss=0.0600, train_acc=0.4646, dev_loss=0.0634, dev_acc=0.4332, time=1.7s
2025-10-21 06:48:57,710 - INFO - Epoch 116: train_loss=0.0599, train_acc=0.4508, dev_loss=0.0636, dev_acc=0.4332, time=1.7s
2025-10-21 06:48:59,355 - INFO - Epoch 117: train_loss=0.0599, train_acc=0.4354, dev_loss=0.0636, dev_acc=0.4378, time=1.6s
2025-10-21 06:49:01,298 - INFO - Epoch 118: train_loss=0.0601, train_acc=0.4569, dev_loss=0.0636, dev_acc=0.4332, time=1.9s
2025-10-21 06:49:03,169 - INFO - Epoch 119: train_loss=0.0594, train_acc=0.4692, dev_loss=0.0637, dev_acc=0.4424, time=1.9s
2025-10-21 06:49:04,953 - INFO - Epoch 120: train_loss=0.0600, train_acc=0.4646, dev_loss=0.0636, dev_acc=0.4424, time=1.8s
2025-10-21 06:49:06,624 - INFO - Epoch 121: train_loss=0.0597, train_acc=0.4600, dev_loss=0.0636, dev_acc=0.4286, time=1.7s
2025-10-21 06:49:08,384 - INFO - Epoch 122: train_loss=0.0600, train_acc=0.4569, dev_loss=0.0637, dev_acc=0.4332, time=1.8s
2025-10-21 06:49:09,988 - INFO - Epoch 123: train_loss=0.0602, train_acc=0.4615, dev_loss=0.0637, dev_acc=0.4332, time=1.6s
2025-10-21 06:49:11,441 - INFO - Epoch 124: train_loss=0.0602, train_acc=0.4585, dev_loss=0.0630, dev_acc=0.4378, time=1.5s
2025-10-21 06:49:13,051 - INFO - Epoch 125: train_loss=0.0602, train_acc=0.4446, dev_loss=0.0635, dev_acc=0.4332, time=1.6s
2025-10-21 06:49:14,524 - INFO - Epoch 126: train_loss=0.0601, train_acc=0.4415, dev_loss=0.0636, dev_acc=0.4332, time=1.5s
2025-10-21 06:49:15,989 - INFO - Epoch 127: train_loss=0.0601, train_acc=0.4492, dev_loss=0.0637, dev_acc=0.4332, time=1.5s
2025-10-21 06:49:17,394 - INFO - Epoch 128: train_loss=0.0603, train_acc=0.4477, dev_loss=0.0632, dev_acc=0.4378, time=1.4s
2025-10-21 06:49:18,793 - INFO - Epoch 129: train_loss=0.0596, train_acc=0.4462, dev_loss=0.0634, dev_acc=0.4378, time=1.4s
2025-10-21 06:49:20,245 - INFO - Epoch 130: train_loss=0.0605, train_acc=0.4446, dev_loss=0.0636, dev_acc=0.4332, time=1.5s
2025-10-21 06:49:21,703 - INFO - Epoch 131: train_loss=0.0604, train_acc=0.4662, dev_loss=0.0634, dev_acc=0.4332, time=1.5s
2025-10-21 06:49:23,142 - INFO - Epoch 132: train_loss=0.0599, train_acc=0.4585, dev_loss=0.0636, dev_acc=0.4332, time=1.4s
2025-10-21 06:49:24,636 - INFO - Epoch 133: train_loss=0.0601, train_acc=0.4631, dev_loss=0.0636, dev_acc=0.4332, time=1.5s
2025-10-21 06:49:26,106 - INFO - Epoch 134: train_loss=0.0599, train_acc=0.4662, dev_loss=0.0637, dev_acc=0.4286, time=1.5s
2025-10-21 06:49:27,569 - INFO - Epoch 135: train_loss=0.0597, train_acc=0.4446, dev_loss=0.0635, dev_acc=0.4332, time=1.5s
2025-10-21 06:49:29,087 - INFO - Epoch 136: train_loss=0.0607, train_acc=0.4354, dev_loss=0.0638, dev_acc=0.4240, time=1.5s
2025-10-21 06:49:30,435 - INFO - Epoch 137: train_loss=0.0600, train_acc=0.4677, dev_loss=0.0638, dev_acc=0.4240, time=1.3s
2025-10-21 06:49:31,900 - INFO - Epoch 138: train_loss=0.0600, train_acc=0.4446, dev_loss=0.0636, dev_acc=0.4332, time=1.5s
2025-10-21 06:49:33,422 - INFO - Epoch 139: train_loss=0.0587, train_acc=0.4585, dev_loss=0.0636, dev_acc=0.4332, time=1.5s
2025-10-21 06:49:35,064 - INFO - Epoch 140: train_loss=0.0592, train_acc=0.4554, dev_loss=0.0638, dev_acc=0.4240, time=1.6s
2025-10-21 06:49:36,898 - INFO - Epoch 141: train_loss=0.0598, train_acc=0.4554, dev_loss=0.0636, dev_acc=0.4332, time=1.8s
2025-10-21 06:49:38,778 - INFO - Epoch 142: train_loss=0.0595, train_acc=0.4508, dev_loss=0.0634, dev_acc=0.4378, time=1.9s
2025-10-21 06:49:40,609 - INFO - Epoch 143: train_loss=0.0598, train_acc=0.4508, dev_loss=0.0637, dev_acc=0.4240, time=1.8s
2025-10-21 06:49:42,395 - INFO - Epoch 144: train_loss=0.0601, train_acc=0.4446, dev_loss=0.0631, dev_acc=0.4378, time=1.8s
2025-10-21 06:49:44,224 - INFO - Epoch 145: train_loss=0.0605, train_acc=0.4523, dev_loss=0.0634, dev_acc=0.4378, time=1.8s
2025-10-21 06:49:45,927 - INFO - Epoch 146: train_loss=0.0598, train_acc=0.4662, dev_loss=0.0634, dev_acc=0.4424, time=1.7s
2025-10-21 06:49:47,681 - INFO - Epoch 147: train_loss=0.0597, train_acc=0.4323, dev_loss=0.0632, dev_acc=0.4378, time=1.8s
2025-10-21 06:49:49,572 - INFO - Epoch 148: train_loss=0.0602, train_acc=0.4369, dev_loss=0.0632, dev_acc=0.4424, time=1.9s
2025-10-21 06:49:51,367 - INFO - Epoch 149: train_loss=0.0591, train_acc=0.4600, dev_loss=0.0630, dev_acc=0.4470, time=1.8s
2025-10-21 06:49:53,130 - INFO - Epoch 150: train_loss=0.0606, train_acc=0.4492, dev_loss=0.0634, dev_acc=0.4378, time=1.8s
2025-10-21 06:49:54,787 - INFO - Epoch 151: train_loss=0.0591, train_acc=0.4554, dev_loss=0.0635, dev_acc=0.4378, time=1.7s
2025-10-21 06:49:56,425 - INFO - Epoch 152: train_loss=0.0607, train_acc=0.4354, dev_loss=0.0635, dev_acc=0.4378, time=1.6s
2025-10-21 06:49:58,282 - INFO - Epoch 153: train_loss=0.0597, train_acc=0.4600, dev_loss=0.0636, dev_acc=0.4332, time=1.9s
2025-10-21 06:50:00,142 - INFO - Epoch 154: train_loss=0.0603, train_acc=0.4369, dev_loss=0.0633, dev_acc=0.4378, time=1.9s
2025-10-21 06:50:02,227 - INFO - Epoch 155: train_loss=0.0598, train_acc=0.4585, dev_loss=0.0635, dev_acc=0.4332, time=2.1s
2025-10-21 06:50:03,966 - INFO - Epoch 156: train_loss=0.0601, train_acc=0.4508, dev_loss=0.0634, dev_acc=0.4332, time=1.7s
2025-10-21 06:50:05,635 - INFO - Epoch 157: train_loss=0.0606, train_acc=0.4615, dev_loss=0.0637, dev_acc=0.4240, time=1.7s
2025-10-21 06:50:07,616 - INFO - Epoch 158: train_loss=0.0603, train_acc=0.4354, dev_loss=0.0634, dev_acc=0.4378, time=2.0s
2025-10-21 06:50:09,828 - INFO - Epoch 159: train_loss=0.0600, train_acc=0.4554, dev_loss=0.0636, dev_acc=0.4332, time=2.2s
2025-10-21 06:50:11,877 - INFO - Epoch 160: train_loss=0.0601, train_acc=0.4492, dev_loss=0.0637, dev_acc=0.4286, time=2.0s
2025-10-21 06:50:13,872 - INFO - Epoch 161: train_loss=0.0593, train_acc=0.4554, dev_loss=0.0636, dev_acc=0.4332, time=2.0s
2025-10-21 06:50:15,751 - INFO - Epoch 162: train_loss=0.0598, train_acc=0.4308, dev_loss=0.0632, dev_acc=0.4332, time=1.9s
2025-10-21 06:50:17,710 - INFO - Epoch 163: train_loss=0.0591, train_acc=0.4631, dev_loss=0.0636, dev_acc=0.4332, time=2.0s
2025-10-21 06:50:19,538 - INFO - Epoch 164: train_loss=0.0595, train_acc=0.4708, dev_loss=0.0634, dev_acc=0.4378, time=1.8s
2025-10-21 06:50:21,282 - INFO - Epoch 165: train_loss=0.0605, train_acc=0.4600, dev_loss=0.0637, dev_acc=0.4332, time=1.7s
2025-10-21 06:50:22,931 - INFO - Epoch 166: train_loss=0.0605, train_acc=0.4462, dev_loss=0.0636, dev_acc=0.4332, time=1.6s
2025-10-21 06:50:24,678 - INFO - Epoch 167: train_loss=0.0593, train_acc=0.4538, dev_loss=0.0636, dev_acc=0.4378, time=1.7s
2025-10-21 06:50:26,341 - INFO - Epoch 168: train_loss=0.0604, train_acc=0.4369, dev_loss=0.0638, dev_acc=0.4332, time=1.7s
2025-10-21 06:50:28,213 - INFO - Epoch 169: train_loss=0.0598, train_acc=0.4477, dev_loss=0.0631, dev_acc=0.4470, time=1.9s
2025-10-21 06:50:30,322 - INFO - Epoch 170: train_loss=0.0590, train_acc=0.4692, dev_loss=0.0635, dev_acc=0.4240, time=2.1s
2025-10-21 06:50:32,332 - INFO - Epoch 171: train_loss=0.0603, train_acc=0.4462, dev_loss=0.0634, dev_acc=0.4286, time=2.0s
2025-10-21 06:50:34,329 - INFO - Epoch 172: train_loss=0.0600, train_acc=0.4415, dev_loss=0.0636, dev_acc=0.4332, time=2.0s
2025-10-21 06:50:36,156 - INFO - Epoch 173: train_loss=0.0606, train_acc=0.4215, dev_loss=0.0636, dev_acc=0.4332, time=1.8s
2025-10-21 06:50:38,372 - INFO - Epoch 174: train_loss=0.0602, train_acc=0.4569, dev_loss=0.0636, dev_acc=0.4332, time=2.2s
2025-10-21 06:50:40,423 - INFO - Epoch 175: train_loss=0.0599, train_acc=0.4400, dev_loss=0.0633, dev_acc=0.4286, time=2.1s
2025-10-21 06:50:42,370 - INFO - Epoch 176: train_loss=0.0600, train_acc=0.4508, dev_loss=0.0635, dev_acc=0.4378, time=1.9s
2025-10-21 06:50:44,206 - INFO - Epoch 177: train_loss=0.0601, train_acc=0.4508, dev_loss=0.0638, dev_acc=0.4286, time=1.8s
2025-10-21 06:50:46,100 - INFO - Epoch 178: train_loss=0.0606, train_acc=0.4369, dev_loss=0.0640, dev_acc=0.4286, time=1.9s
2025-10-21 06:50:47,802 - INFO - Epoch 179: train_loss=0.0600, train_acc=0.4585, dev_loss=0.0633, dev_acc=0.4424, time=1.7s
2025-10-21 06:50:49,732 - INFO - Epoch 180: train_loss=0.0598, train_acc=0.4585, dev_loss=0.0635, dev_acc=0.4378, time=1.9s
2025-10-21 06:50:51,562 - INFO - Epoch 181: train_loss=0.0591, train_acc=0.4523, dev_loss=0.0634, dev_acc=0.4332, time=1.8s
2025-10-21 06:50:53,391 - INFO - Epoch 182: train_loss=0.0605, train_acc=0.4508, dev_loss=0.0635, dev_acc=0.4332, time=1.8s
2025-10-21 06:50:55,105 - INFO - Epoch 183: train_loss=0.0605, train_acc=0.4600, dev_loss=0.0637, dev_acc=0.4240, time=1.7s
2025-10-21 06:50:56,834 - INFO - Epoch 184: train_loss=0.0604, train_acc=0.4462, dev_loss=0.0637, dev_acc=0.4286, time=1.7s
2025-10-21 06:50:58,535 - INFO - Epoch 185: train_loss=0.0593, train_acc=0.4677, dev_loss=0.0635, dev_acc=0.4378, time=1.7s
2025-10-21 06:50:58,536 - INFO - 早停触发: 最佳轮次=85, 最佳验证准确率=0.4516
2025-10-21 06:50:58,827 - INFO - 第 2 折测试: 损失=0.0601, 准确率=0.4424, F1=0.3603
2025-10-21 06:50:58,828 - INFO - 
----- 第 3/5 折 -----
2025-10-21 06:50:58,912 - INFO - 训练设备: cpu | 融合方法: pmdf | 模态组合: ['face']
2025-10-21 06:51:00,577 - INFO - Epoch 1: train_loss=0.0604, train_acc=0.4477, dev_loss=0.0636, dev_acc=0.4240, time=1.7s
2025-10-21 06:51:02,622 - INFO - Epoch 2: train_loss=0.0600, train_acc=0.4646, dev_loss=0.0637, dev_acc=0.4240, time=2.0s
2025-10-21 06:51:04,605 - INFO - Epoch 3: train_loss=0.0603, train_acc=0.4462, dev_loss=0.0638, dev_acc=0.4240, time=2.0s
2025-10-21 06:51:06,302 - INFO - Epoch 4: train_loss=0.0600, train_acc=0.4554, dev_loss=0.0639, dev_acc=0.4240, time=1.7s
2025-10-21 06:51:07,964 - INFO - Epoch 5: train_loss=0.0599, train_acc=0.4415, dev_loss=0.0639, dev_acc=0.4240, time=1.7s
2025-10-21 06:51:09,844 - INFO - Epoch 6: train_loss=0.0601, train_acc=0.4538, dev_loss=0.0639, dev_acc=0.4240, time=1.9s
2025-10-21 06:51:11,514 - INFO - Epoch 7: train_loss=0.0597, train_acc=0.4523, dev_loss=0.0634, dev_acc=0.4240, time=1.7s
2025-10-21 06:51:13,394 - INFO - Epoch 8: train_loss=0.0599, train_acc=0.4446, dev_loss=0.0639, dev_acc=0.4286, time=1.9s
2025-10-21 06:51:15,283 - INFO - Epoch 9: train_loss=0.0610, train_acc=0.4492, dev_loss=0.0638, dev_acc=0.4286, time=1.9s
2025-10-21 06:51:17,120 - INFO - Epoch 10: train_loss=0.0594, train_acc=0.4400, dev_loss=0.0638, dev_acc=0.4240, time=1.8s
2025-10-21 06:51:18,875 - INFO - Epoch 11: train_loss=0.0598, train_acc=0.4677, dev_loss=0.0638, dev_acc=0.4240, time=1.8s
2025-10-21 06:51:20,757 - INFO - Epoch 12: train_loss=0.0605, train_acc=0.4323, dev_loss=0.0639, dev_acc=0.4240, time=1.9s
2025-10-21 06:51:22,481 - INFO - Epoch 13: train_loss=0.0603, train_acc=0.4600, dev_loss=0.0639, dev_acc=0.4240, time=1.7s
2025-10-21 06:51:24,172 - INFO - Epoch 14: train_loss=0.0606, train_acc=0.4492, dev_loss=0.0639, dev_acc=0.4286, time=1.7s
2025-10-21 06:51:26,231 - INFO - Epoch 15: train_loss=0.0595, train_acc=0.4462, dev_loss=0.0634, dev_acc=0.4240, time=2.1s
2025-10-21 06:51:28,276 - INFO - Epoch 16: train_loss=0.0605, train_acc=0.4385, dev_loss=0.0639, dev_acc=0.4240, time=2.0s
2025-10-21 06:51:30,330 - INFO - Epoch 17: train_loss=0.0606, train_acc=0.4338, dev_loss=0.0635, dev_acc=0.4240, time=2.1s
2025-10-21 06:51:32,224 - INFO - Epoch 18: train_loss=0.0601, train_acc=0.4631, dev_loss=0.0636, dev_acc=0.4240, time=1.9s
2025-10-21 06:51:34,153 - INFO - Epoch 19: train_loss=0.0594, train_acc=0.4554, dev_loss=0.0635, dev_acc=0.4240, time=1.9s
2025-10-21 06:51:36,151 - INFO - Epoch 20: train_loss=0.0603, train_acc=0.4462, dev_loss=0.0636, dev_acc=0.4194, time=2.0s
2025-10-21 06:51:37,909 - INFO - Epoch 21: train_loss=0.0600, train_acc=0.4646, dev_loss=0.0639, dev_acc=0.4286, time=1.8s
2025-10-21 06:51:39,626 - INFO - Epoch 22: train_loss=0.0600, train_acc=0.4523, dev_loss=0.0641, dev_acc=0.4240, time=1.7s
2025-10-21 06:51:41,353 - INFO - Epoch 23: train_loss=0.0597, train_acc=0.4400, dev_loss=0.0640, dev_acc=0.4240, time=1.7s
2025-10-21 06:51:43,043 - INFO - Epoch 24: train_loss=0.0605, train_acc=0.4508, dev_loss=0.0637, dev_acc=0.4286, time=1.7s
2025-10-21 06:51:44,592 - INFO - Epoch 25: train_loss=0.0607, train_acc=0.4338, dev_loss=0.0637, dev_acc=0.4240, time=1.5s
2025-10-21 06:51:46,260 - INFO - Epoch 26: train_loss=0.0595, train_acc=0.4477, dev_loss=0.0634, dev_acc=0.4286, time=1.7s
2025-10-21 06:51:48,246 - INFO - Epoch 27: train_loss=0.0597, train_acc=0.4523, dev_loss=0.0639, dev_acc=0.4240, time=2.0s
2025-10-21 06:51:50,365 - INFO - Epoch 28: train_loss=0.0605, train_acc=0.4508, dev_loss=0.0640, dev_acc=0.4286, time=2.1s
2025-10-21 06:51:52,283 - INFO - Epoch 29: train_loss=0.0604, train_acc=0.4462, dev_loss=0.0638, dev_acc=0.4240, time=1.9s
2025-10-21 06:51:54,299 - INFO - Epoch 30: train_loss=0.0612, train_acc=0.4477, dev_loss=0.0636, dev_acc=0.4240, time=2.0s
2025-10-21 06:51:56,360 - INFO - Epoch 31: train_loss=0.0605, train_acc=0.4262, dev_loss=0.0637, dev_acc=0.4147, time=2.1s
2025-10-21 06:51:58,333 - INFO - Epoch 32: train_loss=0.0594, train_acc=0.4431, dev_loss=0.0639, dev_acc=0.4286, time=2.0s
2025-10-21 06:52:00,129 - INFO - Epoch 33: train_loss=0.0595, train_acc=0.4585, dev_loss=0.0636, dev_acc=0.4240, time=1.8s
2025-10-21 06:52:02,041 - INFO - Epoch 34: train_loss=0.0600, train_acc=0.4615, dev_loss=0.0641, dev_acc=0.4286, time=1.9s
2025-10-21 06:52:03,924 - INFO - Epoch 35: train_loss=0.0599, train_acc=0.4677, dev_loss=0.0638, dev_acc=0.4240, time=1.9s
2025-10-21 06:52:05,842 - INFO - Epoch 36: train_loss=0.0607, train_acc=0.4415, dev_loss=0.0635, dev_acc=0.4286, time=1.9s
2025-10-21 06:52:07,548 - INFO - Epoch 37: train_loss=0.0591, train_acc=0.4600, dev_loss=0.0635, dev_acc=0.4286, time=1.7s
2025-10-21 06:52:09,450 - INFO - Epoch 38: train_loss=0.0599, train_acc=0.4600, dev_loss=0.0639, dev_acc=0.4194, time=1.9s
2025-10-21 06:52:11,288 - INFO - Epoch 39: train_loss=0.0610, train_acc=0.4523, dev_loss=0.0638, dev_acc=0.4286, time=1.8s
2025-10-21 06:52:13,041 - INFO - Epoch 40: train_loss=0.0593, train_acc=0.4369, dev_loss=0.0636, dev_acc=0.4240, time=1.8s
2025-10-21 06:52:14,703 - INFO - Epoch 41: train_loss=0.0604, train_acc=0.4385, dev_loss=0.0639, dev_acc=0.4286, time=1.7s
2025-10-21 06:52:16,365 - INFO - Epoch 42: train_loss=0.0600, train_acc=0.4462, dev_loss=0.0639, dev_acc=0.4194, time=1.7s
2025-10-21 06:52:18,071 - INFO - Epoch 43: train_loss=0.0602, train_acc=0.4600, dev_loss=0.0638, dev_acc=0.4240, time=1.7s
2025-10-21 06:52:19,756 - INFO - Epoch 44: train_loss=0.0615, train_acc=0.4446, dev_loss=0.0637, dev_acc=0.4240, time=1.7s
2025-10-21 06:52:21,964 - INFO - Epoch 45: train_loss=0.0598, train_acc=0.4600, dev_loss=0.0638, dev_acc=0.4240, time=2.2s
2025-10-21 06:52:24,080 - INFO - Epoch 46: train_loss=0.0607, train_acc=0.4462, dev_loss=0.0637, dev_acc=0.4286, time=2.1s
2025-10-21 06:52:25,991 - INFO - Epoch 47: train_loss=0.0596, train_acc=0.4554, dev_loss=0.0640, dev_acc=0.4286, time=1.9s
2025-10-21 06:52:27,846 - INFO - Epoch 48: train_loss=0.0595, train_acc=0.4769, dev_loss=0.0638, dev_acc=0.4240, time=1.9s
2025-10-21 06:52:29,800 - INFO - Epoch 49: train_loss=0.0597, train_acc=0.4385, dev_loss=0.0639, dev_acc=0.4240, time=2.0s
2025-10-21 06:52:31,970 - INFO - Epoch 50: train_loss=0.0612, train_acc=0.4385, dev_loss=0.0637, dev_acc=0.4240, time=2.2s
2025-10-21 06:52:34,095 - INFO - Epoch 51: train_loss=0.0595, train_acc=0.4600, dev_loss=0.0639, dev_acc=0.4286, time=2.1s
2025-10-21 06:52:35,980 - INFO - Epoch 52: train_loss=0.0600, train_acc=0.4477, dev_loss=0.0638, dev_acc=0.4240, time=1.9s
2025-10-21 06:52:37,898 - INFO - Epoch 53: train_loss=0.0600, train_acc=0.4462, dev_loss=0.0641, dev_acc=0.4240, time=1.9s
2025-10-21 06:52:39,880 - INFO - Epoch 54: train_loss=0.0596, train_acc=0.4446, dev_loss=0.0638, dev_acc=0.4240, time=2.0s
2025-10-21 06:52:42,103 - INFO - Epoch 55: train_loss=0.0598, train_acc=0.4477, dev_loss=0.0638, dev_acc=0.4240, time=2.2s
2025-10-21 06:52:44,259 - INFO - Epoch 56: train_loss=0.0597, train_acc=0.4492, dev_loss=0.0637, dev_acc=0.4286, time=2.2s
2025-10-21 06:52:46,219 - INFO - Epoch 57: train_loss=0.0598, train_acc=0.4554, dev_loss=0.0639, dev_acc=0.4240, time=2.0s
2025-10-21 06:52:48,204 - INFO - Epoch 58: train_loss=0.0604, train_acc=0.4523, dev_loss=0.0639, dev_acc=0.4240, time=2.0s
2025-10-21 06:52:50,292 - INFO - Epoch 59: train_loss=0.0610, train_acc=0.4569, dev_loss=0.0638, dev_acc=0.4240, time=2.1s
2025-10-21 06:52:52,056 - INFO - Epoch 60: train_loss=0.0597, train_acc=0.4523, dev_loss=0.0638, dev_acc=0.4240, time=1.8s
2025-10-21 06:52:54,031 - INFO - Epoch 61: train_loss=0.0602, train_acc=0.4477, dev_loss=0.0639, dev_acc=0.4240, time=2.0s
2025-10-21 06:52:56,125 - INFO - Epoch 62: train_loss=0.0603, train_acc=0.4508, dev_loss=0.0641, dev_acc=0.4194, time=2.1s
2025-10-21 06:52:58,256 - INFO - Epoch 63: train_loss=0.0591, train_acc=0.4508, dev_loss=0.0636, dev_acc=0.4240, time=2.1s
2025-10-21 06:53:00,015 - INFO - Epoch 64: train_loss=0.0603, train_acc=0.4415, dev_loss=0.0635, dev_acc=0.4194, time=1.8s
2025-10-21 06:53:01,654 - INFO - Epoch 65: train_loss=0.0603, train_acc=0.4554, dev_loss=0.0639, dev_acc=0.4240, time=1.6s
2025-10-21 06:53:03,414 - INFO - Epoch 66: train_loss=0.0600, train_acc=0.4354, dev_loss=0.0640, dev_acc=0.4240, time=1.8s
2025-10-21 06:53:05,174 - INFO - Epoch 67: train_loss=0.0598, train_acc=0.4477, dev_loss=0.0636, dev_acc=0.4240, time=1.8s
2025-10-21 06:53:06,982 - INFO - Epoch 68: train_loss=0.0597, train_acc=0.4523, dev_loss=0.0638, dev_acc=0.4240, time=1.8s
2025-10-21 06:53:09,247 - INFO - Epoch 69: train_loss=0.0601, train_acc=0.4354, dev_loss=0.0634, dev_acc=0.4240, time=2.3s
2025-10-21 06:53:11,375 - INFO - Epoch 70: train_loss=0.0594, train_acc=0.4615, dev_loss=0.0635, dev_acc=0.4240, time=2.1s
2025-10-21 06:53:13,395 - INFO - Epoch 71: train_loss=0.0602, train_acc=0.4385, dev_loss=0.0638, dev_acc=0.4240, time=2.0s
2025-10-21 06:53:15,265 - INFO - Epoch 72: train_loss=0.0605, train_acc=0.4523, dev_loss=0.0637, dev_acc=0.4240, time=1.9s
2025-10-21 06:53:17,082 - INFO - Epoch 73: train_loss=0.0602, train_acc=0.4708, dev_loss=0.0635, dev_acc=0.4240, time=1.8s
2025-10-21 06:53:19,264 - INFO - Epoch 74: train_loss=0.0602, train_acc=0.4369, dev_loss=0.0641, dev_acc=0.4286, time=2.2s
2025-10-21 06:53:21,359 - INFO - Epoch 75: train_loss=0.0603, train_acc=0.4538, dev_loss=0.0640, dev_acc=0.4240, time=2.1s
2025-10-21 06:53:23,316 - INFO - Epoch 76: train_loss=0.0599, train_acc=0.4338, dev_loss=0.0634, dev_acc=0.4194, time=2.0s
2025-10-21 06:53:25,116 - INFO - Epoch 77: train_loss=0.0601, train_acc=0.4569, dev_loss=0.0635, dev_acc=0.4240, time=1.8s
2025-10-21 06:53:26,910 - INFO - Epoch 78: train_loss=0.0597, train_acc=0.4492, dev_loss=0.0638, dev_acc=0.4286, time=1.8s
2025-10-21 06:53:29,067 - INFO - Epoch 79: train_loss=0.0606, train_acc=0.4431, dev_loss=0.0639, dev_acc=0.4286, time=2.2s
2025-10-21 06:53:31,237 - INFO - Epoch 80: train_loss=0.0591, train_acc=0.4446, dev_loss=0.0639, dev_acc=0.4240, time=2.2s
2025-10-21 06:53:33,181 - INFO - Epoch 81: train_loss=0.0597, train_acc=0.4477, dev_loss=0.0637, dev_acc=0.4240, time=1.9s
2025-10-21 06:53:35,093 - INFO - Epoch 82: train_loss=0.0602, train_acc=0.4538, dev_loss=0.0637, dev_acc=0.4240, time=1.9s
2025-10-21 06:53:36,879 - INFO - Epoch 83: train_loss=0.0599, train_acc=0.4415, dev_loss=0.0640, dev_acc=0.4286, time=1.8s
2025-10-21 06:53:38,858 - INFO - Epoch 84: train_loss=0.0596, train_acc=0.4462, dev_loss=0.0634, dev_acc=0.4286, time=2.0s
2025-10-21 06:53:41,062 - INFO - Epoch 85: train_loss=0.0605, train_acc=0.4508, dev_loss=0.0635, dev_acc=0.4286, time=2.2s
2025-10-21 06:53:43,062 - INFO - Epoch 86: train_loss=0.0601, train_acc=0.4477, dev_loss=0.0637, dev_acc=0.4240, time=2.0s
2025-10-21 06:53:44,993 - INFO - Epoch 87: train_loss=0.0605, train_acc=0.4431, dev_loss=0.0638, dev_acc=0.4286, time=1.9s
2025-10-21 06:53:46,783 - INFO - Epoch 88: train_loss=0.0606, train_acc=0.4308, dev_loss=0.0640, dev_acc=0.4240, time=1.8s
2025-10-21 06:53:48,614 - INFO - Epoch 89: train_loss=0.0603, train_acc=0.4338, dev_loss=0.0638, dev_acc=0.4240, time=1.8s
2025-10-21 06:53:50,483 - INFO - Epoch 90: train_loss=0.0602, train_acc=0.4492, dev_loss=0.0639, dev_acc=0.4240, time=1.9s
2025-10-21 06:53:51,946 - INFO - Epoch 91: train_loss=0.0592, train_acc=0.4477, dev_loss=0.0639, dev_acc=0.4240, time=1.5s
2025-10-21 06:53:53,391 - INFO - Epoch 92: train_loss=0.0599, train_acc=0.4554, dev_loss=0.0636, dev_acc=0.4240, time=1.4s
2025-10-21 06:53:54,799 - INFO - Epoch 93: train_loss=0.0604, train_acc=0.4492, dev_loss=0.0639, dev_acc=0.4240, time=1.4s
2025-10-21 06:53:56,202 - INFO - Epoch 94: train_loss=0.0606, train_acc=0.4385, dev_loss=0.0636, dev_acc=0.4240, time=1.4s
2025-10-21 06:53:57,675 - INFO - Epoch 95: train_loss=0.0605, train_acc=0.4462, dev_loss=0.0638, dev_acc=0.4240, time=1.5s
2025-10-21 06:53:59,203 - INFO - Epoch 96: train_loss=0.0604, train_acc=0.4431, dev_loss=0.0638, dev_acc=0.4240, time=1.5s
2025-10-21 06:54:00,741 - INFO - Epoch 97: train_loss=0.0603, train_acc=0.4446, dev_loss=0.0638, dev_acc=0.4286, time=1.5s
2025-10-21 06:54:02,243 - INFO - Epoch 98: train_loss=0.0608, train_acc=0.4277, dev_loss=0.0638, dev_acc=0.4240, time=1.5s
2025-10-21 06:54:03,775 - INFO - Epoch 99: train_loss=0.0600, train_acc=0.4354, dev_loss=0.0637, dev_acc=0.4240, time=1.5s
2025-10-21 06:54:05,182 - INFO - Epoch 100: train_loss=0.0607, train_acc=0.4662, dev_loss=0.0638, dev_acc=0.4194, time=1.4s
2025-10-21 06:54:06,553 - INFO - Epoch 101: train_loss=0.0599, train_acc=0.4262, dev_loss=0.0641, dev_acc=0.4240, time=1.4s
2025-10-21 06:54:08,030 - INFO - Epoch 102: train_loss=0.0592, train_acc=0.4662, dev_loss=0.0641, dev_acc=0.4286, time=1.5s
2025-10-21 06:54:09,483 - INFO - Epoch 103: train_loss=0.0604, train_acc=0.4477, dev_loss=0.0633, dev_acc=0.4240, time=1.5s
2025-10-21 06:54:10,956 - INFO - Epoch 104: train_loss=0.0606, train_acc=0.4477, dev_loss=0.0636, dev_acc=0.4240, time=1.5s
2025-10-21 06:54:12,524 - INFO - Epoch 105: train_loss=0.0591, train_acc=0.4631, dev_loss=0.0638, dev_acc=0.4240, time=1.6s
2025-10-21 06:54:14,066 - INFO - Epoch 106: train_loss=0.0597, train_acc=0.4569, dev_loss=0.0634, dev_acc=0.4240, time=1.5s
2025-10-21 06:54:15,543 - INFO - Epoch 107: train_loss=0.0596, train_acc=0.4215, dev_loss=0.0637, dev_acc=0.4240, time=1.5s
2025-10-21 06:54:17,309 - INFO - Epoch 108: train_loss=0.0600, train_acc=0.4554, dev_loss=0.0637, dev_acc=0.4240, time=1.8s
2025-10-21 06:54:17,310 - INFO - 早停触发: 最佳轮次=8, 最佳验证准确率=0.4286
2025-10-21 06:54:17,627 - INFO - 第 3 折测试: 损失=0.0596, 准确率=0.4516, F1=0.3726
2025-10-21 06:54:17,628 - INFO - 
----- 第 4/5 折 -----
2025-10-21 06:54:17,686 - INFO - 训练设备: cpu | 融合方法: pmdf | 模态组合: ['face']
2025-10-21 06:54:19,437 - INFO - Epoch 1: train_loss=0.0612, train_acc=0.4338, dev_loss=0.0637, dev_acc=0.3871, time=1.8s
2025-10-21 06:54:21,202 - INFO - Epoch 2: train_loss=0.0612, train_acc=0.4477, dev_loss=0.0637, dev_acc=0.3825, time=1.7s
2025-10-21 06:54:22,988 - INFO - Epoch 3: train_loss=0.0603, train_acc=0.4431, dev_loss=0.0637, dev_acc=0.3825, time=1.8s
2025-10-21 06:54:25,108 - INFO - Epoch 4: train_loss=0.0607, train_acc=0.4369, dev_loss=0.0637, dev_acc=0.3779, time=2.1s
2025-10-21 06:54:27,043 - INFO - Epoch 5: train_loss=0.0608, train_acc=0.4508, dev_loss=0.0638, dev_acc=0.3779, time=1.9s
2025-10-21 06:54:28,950 - INFO - Epoch 6: train_loss=0.0610, train_acc=0.4338, dev_loss=0.0637, dev_acc=0.3779, time=1.9s
2025-10-21 06:54:30,931 - INFO - Epoch 7: train_loss=0.0603, train_acc=0.4554, dev_loss=0.0635, dev_acc=0.3779, time=2.0s
2025-10-21 06:54:32,605 - INFO - Epoch 8: train_loss=0.0610, train_acc=0.4662, dev_loss=0.0638, dev_acc=0.3825, time=1.7s
2025-10-21 06:54:34,369 - INFO - Epoch 9: train_loss=0.0603, train_acc=0.4477, dev_loss=0.0638, dev_acc=0.3825, time=1.8s
2025-10-21 06:54:36,416 - INFO - Epoch 10: train_loss=0.0604, train_acc=0.4523, dev_loss=0.0636, dev_acc=0.3779, time=2.0s
2025-10-21 06:54:38,301 - INFO - Epoch 11: train_loss=0.0611, train_acc=0.4615, dev_loss=0.0638, dev_acc=0.3825, time=1.9s
2025-10-21 06:54:40,023 - INFO - Epoch 12: train_loss=0.0605, train_acc=0.4615, dev_loss=0.0637, dev_acc=0.3871, time=1.7s
2025-10-21 06:54:41,803 - INFO - Epoch 13: train_loss=0.0610, train_acc=0.4415, dev_loss=0.0637, dev_acc=0.3871, time=1.8s
2025-10-21 06:54:43,551 - INFO - Epoch 14: train_loss=0.0600, train_acc=0.4708, dev_loss=0.0636, dev_acc=0.3871, time=1.7s
2025-10-21 06:54:45,224 - INFO - Epoch 15: train_loss=0.0605, train_acc=0.4538, dev_loss=0.0639, dev_acc=0.3825, time=1.7s
2025-10-21 06:54:47,094 - INFO - Epoch 16: train_loss=0.0612, train_acc=0.4492, dev_loss=0.0636, dev_acc=0.3871, time=1.9s
2025-10-21 06:54:48,946 - INFO - Epoch 17: train_loss=0.0608, train_acc=0.4338, dev_loss=0.0636, dev_acc=0.3871, time=1.9s
2025-10-21 06:54:50,735 - INFO - Epoch 18: train_loss=0.0610, train_acc=0.4462, dev_loss=0.0637, dev_acc=0.3825, time=1.8s
2025-10-21 06:54:52,421 - INFO - Epoch 19: train_loss=0.0620, train_acc=0.4538, dev_loss=0.0638, dev_acc=0.3825, time=1.7s
2025-10-21 06:54:54,256 - INFO - Epoch 20: train_loss=0.0603, train_acc=0.4615, dev_loss=0.0637, dev_acc=0.3825, time=1.8s
2025-10-21 06:54:55,987 - INFO - Epoch 21: train_loss=0.0603, train_acc=0.4292, dev_loss=0.0637, dev_acc=0.3825, time=1.7s
2025-10-21 06:54:57,705 - INFO - Epoch 22: train_loss=0.0615, train_acc=0.4462, dev_loss=0.0638, dev_acc=0.3779, time=1.7s
2025-10-21 06:54:59,647 - INFO - Epoch 23: train_loss=0.0606, train_acc=0.4400, dev_loss=0.0638, dev_acc=0.3825, time=1.9s
2025-10-21 06:55:01,514 - INFO - Epoch 24: train_loss=0.0602, train_acc=0.4523, dev_loss=0.0639, dev_acc=0.3825, time=1.9s
2025-10-21 06:55:03,246 - INFO - Epoch 25: train_loss=0.0613, train_acc=0.4492, dev_loss=0.0636, dev_acc=0.3779, time=1.7s
2025-10-21 06:55:05,008 - INFO - Epoch 26: train_loss=0.0610, train_acc=0.4600, dev_loss=0.0637, dev_acc=0.3825, time=1.8s
2025-10-21 06:55:06,740 - INFO - Epoch 27: train_loss=0.0605, train_acc=0.4585, dev_loss=0.0636, dev_acc=0.3825, time=1.7s
2025-10-21 06:55:08,556 - INFO - Epoch 28: train_loss=0.0603, train_acc=0.4585, dev_loss=0.0635, dev_acc=0.3825, time=1.8s
2025-10-21 06:55:10,527 - INFO - Epoch 29: train_loss=0.0604, train_acc=0.4523, dev_loss=0.0637, dev_acc=0.3871, time=2.0s
2025-10-21 06:55:12,369 - INFO - Epoch 30: train_loss=0.0610, train_acc=0.4492, dev_loss=0.0635, dev_acc=0.3871, time=1.8s
2025-10-21 06:55:14,239 - INFO - Epoch 31: train_loss=0.0605, train_acc=0.4569, dev_loss=0.0636, dev_acc=0.3825, time=1.9s
2025-10-21 06:55:15,905 - INFO - Epoch 32: train_loss=0.0603, train_acc=0.4477, dev_loss=0.0636, dev_acc=0.3871, time=1.7s
2025-10-21 06:55:17,655 - INFO - Epoch 33: train_loss=0.0618, train_acc=0.4508, dev_loss=0.0637, dev_acc=0.3825, time=1.7s
2025-10-21 06:55:19,449 - INFO - Epoch 34: train_loss=0.0609, train_acc=0.4477, dev_loss=0.0637, dev_acc=0.3825, time=1.8s
