2025-10-21 08:50:04,639 - INFO - 
==================== 实验配置 ====================
2025-10-21 08:50:04,639 - INFO - 种子: 2023
2025-10-21 08:50:04,640 - INFO - 融合方法: pmdf
2025-10-21 08:50:04,640 - INFO - 模态组合: ['face', 'tongue']
2025-10-21 08:50:04,640 - INFO - 批次大小: 32
2025-10-21 08:50:04,641 - INFO - 训练轮数: 1000
2025-10-21 08:50:04,641 - INFO - 学习率: 0.001
2025-10-21 08:50:04,642 - INFO - 早停轮数: 100
2025-10-21 08:50:04,642 - INFO - K折交叉验证: 5
2025-10-21 08:50:04,642 - INFO - 损失函数: MultiClassFocalLossWithAlpha
2025-10-21 08:50:04,642 - INFO - 优化器: Adam (
Parameter Group 0
    amsgrad: False
    betas: (0.5, 0.999)
    capturable: False
    decoupled_weight_decay: False
    differentiable: False
    eps: 1e-08
    foreach: None
    fused: None
    lr: 0.001
    maximize: False
    weight_decay: 0
)
2025-10-21 08:50:04,643 - INFO - 设备: cpu
2025-10-21 08:50:04,643 - INFO - =================================================

2025-10-21 08:50:04,643 - INFO - 
----- 第 1/5 折 -----
2025-10-21 08:50:04,740 - INFO - 训练设备: cpu | 融合方法: pmdf | 模态组合: ['face', 'tongue']
2025-10-21 08:50:06,404 - INFO - Epoch 1: train_loss=0.0686, train_acc=0.3231, dev_loss=0.0682, dev_acc=0.2673, time=1.7s
2025-10-21 08:50:08,199 - INFO - Epoch 2: train_loss=0.0668, train_acc=0.3723, dev_loss=0.0678, dev_acc=0.2673, time=1.8s
2025-10-21 08:50:10,534 - INFO - Epoch 3: train_loss=0.0665, train_acc=0.3738, dev_loss=0.0662, dev_acc=0.4147, time=2.3s
2025-10-21 08:50:12,675 - INFO - Epoch 4: train_loss=0.0645, train_acc=0.3831, dev_loss=0.7554, dev_acc=0.4147, time=2.1s
2025-10-21 08:50:14,710 - INFO - Epoch 5: train_loss=0.0636, train_acc=0.3846, dev_loss=2.0441, dev_acc=0.4147, time=2.0s
2025-10-21 08:50:16,817 - INFO - Epoch 6: train_loss=0.0636, train_acc=0.4015, dev_loss=4.3342, dev_acc=0.3180, time=2.1s
2025-10-21 08:50:19,153 - INFO - Epoch 7: train_loss=0.0626, train_acc=0.4031, dev_loss=4.3143, dev_acc=0.4147, time=2.3s
2025-10-21 08:50:21,473 - INFO - Epoch 8: train_loss=0.0629, train_acc=0.4077, dev_loss=2.2283, dev_acc=0.3180, time=2.3s
2025-10-21 08:50:23,577 - INFO - Epoch 9: train_loss=0.0640, train_acc=0.4154, dev_loss=1.5751, dev_acc=0.4147, time=2.1s
2025-10-21 08:50:25,725 - INFO - Epoch 10: train_loss=0.0632, train_acc=0.3954, dev_loss=3.5666, dev_acc=0.4147, time=2.1s
2025-10-21 08:50:27,960 - INFO - Epoch 11: train_loss=0.0627, train_acc=0.4169, dev_loss=2.1930, dev_acc=0.4147, time=2.2s
2025-10-21 08:50:30,478 - INFO - Epoch 12: train_loss=0.0623, train_acc=0.4046, dev_loss=4.5709, dev_acc=0.4147, time=2.5s
2025-10-21 08:50:32,730 - INFO - Epoch 13: train_loss=0.0618, train_acc=0.4215, dev_loss=4.3062, dev_acc=0.4147, time=2.3s
2025-10-21 08:50:34,743 - INFO - Epoch 14: train_loss=0.0623, train_acc=0.4169, dev_loss=2.4458, dev_acc=0.4147, time=2.0s
2025-10-21 08:50:36,932 - INFO - Epoch 15: train_loss=0.0615, train_acc=0.4308, dev_loss=1.6509, dev_acc=0.4147, time=2.2s
2025-10-21 08:50:39,107 - INFO - Epoch 16: train_loss=0.0616, train_acc=0.4154, dev_loss=1.2348, dev_acc=0.4147, time=2.2s
2025-10-21 08:50:41,498 - INFO - Epoch 17: train_loss=0.0625, train_acc=0.4108, dev_loss=3.3953, dev_acc=0.3180, time=2.4s
2025-10-21 08:50:43,768 - INFO - Epoch 18: train_loss=0.0625, train_acc=0.3985, dev_loss=1.1700, dev_acc=0.3180, time=2.3s
2025-10-21 08:50:45,870 - INFO - Epoch 19: train_loss=0.0613, train_acc=0.4108, dev_loss=3.5288, dev_acc=0.4147, time=2.1s
2025-10-21 08:50:48,068 - INFO - Epoch 20: train_loss=0.0623, train_acc=0.4000, dev_loss=0.9109, dev_acc=0.4147, time=2.2s
2025-10-21 08:50:50,412 - INFO - Epoch 21: train_loss=0.0623, train_acc=0.3969, dev_loss=3.3576, dev_acc=0.4147, time=2.3s
2025-10-21 08:50:52,322 - INFO - Epoch 22: train_loss=0.0613, train_acc=0.4000, dev_loss=3.5656, dev_acc=0.4147, time=1.9s
2025-10-21 08:50:54,069 - INFO - Epoch 23: train_loss=0.0620, train_acc=0.4277, dev_loss=1.5377, dev_acc=0.4147, time=1.7s
2025-10-21 08:50:55,840 - INFO - Epoch 24: train_loss=0.0616, train_acc=0.4123, dev_loss=2.3757, dev_acc=0.4147, time=1.8s
2025-10-21 08:50:57,649 - INFO - Epoch 25: train_loss=0.0626, train_acc=0.4354, dev_loss=2.1319, dev_acc=0.4147, time=1.8s
2025-10-21 08:50:59,333 - INFO - Epoch 26: train_loss=0.0617, train_acc=0.4123, dev_loss=0.7834, dev_acc=0.3180, time=1.7s
2025-10-21 08:51:00,834 - INFO - Epoch 27: train_loss=0.0609, train_acc=0.4369, dev_loss=0.8889, dev_acc=0.3180, time=1.5s
2025-10-21 08:51:02,349 - INFO - Epoch 28: train_loss=0.0599, train_acc=0.4323, dev_loss=2.8340, dev_acc=0.4147, time=1.5s
2025-10-21 08:51:03,869 - INFO - Epoch 29: train_loss=0.0606, train_acc=0.4477, dev_loss=1.3849, dev_acc=0.3180, time=1.5s
2025-10-21 08:51:05,382 - INFO - Epoch 30: train_loss=0.0610, train_acc=0.4338, dev_loss=1.2482, dev_acc=0.4147, time=1.5s
2025-10-21 08:51:06,873 - INFO - Epoch 31: train_loss=0.0603, train_acc=0.4354, dev_loss=0.9878, dev_acc=0.3180, time=1.5s
2025-10-21 08:51:08,276 - INFO - Epoch 32: train_loss=0.0605, train_acc=0.4431, dev_loss=0.4187, dev_acc=0.3180, time=1.4s
2025-10-21 08:51:09,773 - INFO - Epoch 33: train_loss=0.0601, train_acc=0.4354, dev_loss=0.9272, dev_acc=0.4147, time=1.5s
2025-10-21 08:51:11,248 - INFO - Epoch 34: train_loss=0.0606, train_acc=0.4492, dev_loss=0.5365, dev_acc=0.3180, time=1.5s
2025-10-21 08:51:12,732 - INFO - Epoch 35: train_loss=0.0587, train_acc=0.4569, dev_loss=0.3334, dev_acc=0.3180, time=1.5s
2025-10-21 08:51:14,339 - INFO - Epoch 36: train_loss=0.0596, train_acc=0.4569, dev_loss=0.5228, dev_acc=0.3180, time=1.6s
2025-10-21 08:51:15,878 - INFO - Epoch 37: train_loss=0.0590, train_acc=0.4569, dev_loss=0.5357, dev_acc=0.4147, time=1.5s
2025-10-21 08:51:17,345 - INFO - Epoch 38: train_loss=0.0593, train_acc=0.4569, dev_loss=0.3046, dev_acc=0.3180, time=1.5s
2025-10-21 08:51:18,767 - INFO - Epoch 39: train_loss=0.0590, train_acc=0.4738, dev_loss=1.3533, dev_acc=0.4147, time=1.4s
2025-10-21 08:51:20,176 - INFO - Epoch 40: train_loss=0.0595, train_acc=0.4662, dev_loss=0.9862, dev_acc=0.4147, time=1.4s
2025-10-21 08:51:21,638 - INFO - Epoch 41: train_loss=0.0590, train_acc=0.4600, dev_loss=0.7823, dev_acc=0.4147, time=1.5s
2025-10-21 08:51:23,348 - INFO - Epoch 42: train_loss=0.0591, train_acc=0.4508, dev_loss=1.0984, dev_acc=0.4147, time=1.7s
2025-10-21 08:51:25,131 - INFO - Epoch 43: train_loss=0.0590, train_acc=0.4769, dev_loss=0.3658, dev_acc=0.4147, time=1.8s
2025-10-21 08:51:27,121 - INFO - Epoch 44: train_loss=0.0583, train_acc=0.4800, dev_loss=0.8382, dev_acc=0.4147, time=2.0s
2025-10-21 08:51:29,018 - INFO - Epoch 45: train_loss=0.0590, train_acc=0.4662, dev_loss=0.1455, dev_acc=0.4147, time=1.9s
2025-10-21 08:51:30,824 - INFO - Epoch 46: train_loss=0.0589, train_acc=0.4723, dev_loss=0.3580, dev_acc=0.4101, time=1.8s
2025-10-21 08:51:32,577 - INFO - Epoch 47: train_loss=0.0589, train_acc=0.4677, dev_loss=0.1387, dev_acc=0.4147, time=1.8s
2025-10-21 08:51:34,301 - INFO - Epoch 48: train_loss=0.0579, train_acc=0.4738, dev_loss=0.3003, dev_acc=0.4147, time=1.7s
2025-10-21 08:51:36,032 - INFO - Epoch 49: train_loss=0.0578, train_acc=0.4646, dev_loss=1.2195, dev_acc=0.4147, time=1.7s
2025-10-21 08:51:37,919 - INFO - Epoch 50: train_loss=0.0575, train_acc=0.4815, dev_loss=0.8723, dev_acc=0.4147, time=1.9s
2025-10-21 08:51:39,910 - INFO - Epoch 51: train_loss=0.0589, train_acc=0.4692, dev_loss=0.4683, dev_acc=0.4147, time=2.0s
2025-10-21 08:51:41,759 - INFO - Epoch 52: train_loss=0.0582, train_acc=0.4785, dev_loss=0.3861, dev_acc=0.4147, time=1.8s
2025-10-21 08:51:43,476 - INFO - Epoch 53: train_loss=0.0579, train_acc=0.4862, dev_loss=0.0735, dev_acc=0.3226, time=1.7s
2025-10-21 08:51:45,295 - INFO - Epoch 54: train_loss=0.0580, train_acc=0.4677, dev_loss=0.8604, dev_acc=0.4147, time=1.8s
2025-10-21 08:51:47,068 - INFO - Epoch 55: train_loss=0.0579, train_acc=0.4692, dev_loss=1.2806, dev_acc=0.4147, time=1.8s
2025-10-21 08:51:49,180 - INFO - Epoch 56: train_loss=0.0585, train_acc=0.4708, dev_loss=0.5329, dev_acc=0.4147, time=2.1s
2025-10-21 08:51:51,234 - INFO - Epoch 57: train_loss=0.0582, train_acc=0.4754, dev_loss=0.1680, dev_acc=0.4147, time=2.1s
2025-10-21 08:51:53,022 - INFO - Epoch 58: train_loss=0.0578, train_acc=0.4662, dev_loss=0.4274, dev_acc=0.4147, time=1.8s
2025-10-21 08:51:54,801 - INFO - Epoch 59: train_loss=0.0574, train_acc=0.4846, dev_loss=0.4130, dev_acc=0.4147, time=1.8s
2025-10-21 08:51:56,638 - INFO - Epoch 60: train_loss=0.0567, train_acc=0.4846, dev_loss=0.6492, dev_acc=0.4147, time=1.8s
2025-10-21 08:51:58,382 - INFO - Epoch 61: train_loss=0.0586, train_acc=0.4662, dev_loss=0.2247, dev_acc=0.3180, time=1.7s
2025-10-21 08:52:00,173 - INFO - Epoch 62: train_loss=0.0577, train_acc=0.4877, dev_loss=0.4220, dev_acc=0.4147, time=1.8s
2025-10-21 08:52:02,246 - INFO - Epoch 63: train_loss=0.0571, train_acc=0.4938, dev_loss=0.1716, dev_acc=0.4147, time=2.1s
2025-10-21 08:52:04,127 - INFO - Epoch 64: train_loss=0.0572, train_acc=0.4585, dev_loss=0.3856, dev_acc=0.4147, time=1.9s
2025-10-21 08:52:05,967 - INFO - Epoch 65: train_loss=0.0583, train_acc=0.4631, dev_loss=0.2443, dev_acc=0.4147, time=1.8s
2025-10-21 08:52:07,760 - INFO - Epoch 66: train_loss=0.0574, train_acc=0.4754, dev_loss=0.1107, dev_acc=0.3041, time=1.8s
2025-10-21 08:52:09,531 - INFO - Epoch 67: train_loss=0.0580, train_acc=0.4769, dev_loss=0.1592, dev_acc=0.3594, time=1.8s
2025-10-21 08:52:11,329 - INFO - Epoch 68: train_loss=0.0573, train_acc=0.4723, dev_loss=0.0892, dev_acc=0.3041, time=1.8s
2025-10-21 08:52:13,303 - INFO - Epoch 69: train_loss=0.0572, train_acc=0.4862, dev_loss=0.1103, dev_acc=0.3594, time=2.0s
2025-10-21 08:52:15,222 - INFO - Epoch 70: train_loss=0.0570, train_acc=0.4923, dev_loss=0.1496, dev_acc=0.4147, time=1.9s
2025-10-21 08:52:17,074 - INFO - Epoch 71: train_loss=0.0584, train_acc=0.4508, dev_loss=0.2162, dev_acc=0.4147, time=1.9s
2025-10-21 08:52:18,830 - INFO - Epoch 72: train_loss=0.0578, train_acc=0.4800, dev_loss=0.0756, dev_acc=0.4332, time=1.8s
2025-10-21 08:52:20,726 - INFO - Epoch 73: train_loss=0.0580, train_acc=0.4692, dev_loss=0.0830, dev_acc=0.3917, time=1.9s
2025-10-21 08:52:22,619 - INFO - Epoch 74: train_loss=0.0583, train_acc=0.4723, dev_loss=0.0667, dev_acc=0.3364, time=1.9s
2025-10-21 08:52:24,525 - INFO - Epoch 75: train_loss=0.0575, train_acc=0.4862, dev_loss=0.0903, dev_acc=0.3226, time=1.9s
2025-10-21 08:52:26,619 - INFO - Epoch 76: train_loss=0.0566, train_acc=0.4815, dev_loss=0.1082, dev_acc=0.4147, time=2.1s
2025-10-21 08:52:28,986 - INFO - Epoch 77: train_loss=0.0587, train_acc=0.4646, dev_loss=0.0674, dev_acc=0.4286, time=2.4s
2025-10-21 08:52:31,073 - INFO - Epoch 78: train_loss=0.0580, train_acc=0.4692, dev_loss=0.0644, dev_acc=0.3687, time=2.1s
2025-10-21 08:52:33,198 - INFO - Epoch 79: train_loss=0.0569, train_acc=0.4785, dev_loss=0.0985, dev_acc=0.4147, time=2.1s
2025-10-21 08:52:35,180 - INFO - Epoch 80: train_loss=0.0563, train_acc=0.4754, dev_loss=0.0882, dev_acc=0.4101, time=2.0s
2025-10-21 08:52:36,969 - INFO - Epoch 81: train_loss=0.0572, train_acc=0.4738, dev_loss=0.0719, dev_acc=0.4101, time=1.8s
2025-10-21 08:52:38,794 - INFO - Epoch 82: train_loss=0.0569, train_acc=0.4708, dev_loss=0.0969, dev_acc=0.4147, time=1.8s
2025-10-21 08:52:40,891 - INFO - Epoch 83: train_loss=0.0582, train_acc=0.4708, dev_loss=0.0719, dev_acc=0.3272, time=2.1s
2025-10-21 08:52:42,724 - INFO - Epoch 84: train_loss=0.0574, train_acc=0.4831, dev_loss=0.0762, dev_acc=0.3180, time=1.8s
2025-10-21 08:52:44,479 - INFO - Epoch 85: train_loss=0.0571, train_acc=0.4815, dev_loss=0.1573, dev_acc=0.4147, time=1.8s
2025-10-21 08:52:46,334 - INFO - Epoch 86: train_loss=0.0571, train_acc=0.4923, dev_loss=0.1268, dev_acc=0.4147, time=1.9s
2025-10-21 08:52:48,146 - INFO - Epoch 87: train_loss=0.0564, train_acc=0.4677, dev_loss=0.0674, dev_acc=0.3687, time=1.8s
2025-10-21 08:52:49,991 - INFO - Epoch 88: train_loss=0.0573, train_acc=0.4954, dev_loss=0.0945, dev_acc=0.4147, time=1.8s
2025-10-21 08:52:52,035 - INFO - Epoch 89: train_loss=0.0562, train_acc=0.4908, dev_loss=0.0660, dev_acc=0.4147, time=2.0s
2025-10-21 08:52:53,937 - INFO - Epoch 90: train_loss=0.0575, train_acc=0.4815, dev_loss=0.0748, dev_acc=0.4147, time=1.9s
2025-10-21 08:52:55,796 - INFO - Epoch 91: train_loss=0.0574, train_acc=0.4846, dev_loss=0.0704, dev_acc=0.4147, time=1.9s
2025-10-21 08:52:57,556 - INFO - Epoch 92: train_loss=0.0572, train_acc=0.4785, dev_loss=0.0656, dev_acc=0.3594, time=1.8s
2025-10-21 08:52:59,314 - INFO - Epoch 93: train_loss=0.0571, train_acc=0.4862, dev_loss=0.0870, dev_acc=0.3825, time=1.8s
2025-10-21 08:53:01,037 - INFO - Epoch 94: train_loss=0.0578, train_acc=0.4708, dev_loss=0.0668, dev_acc=0.4101, time=1.7s
2025-10-21 08:53:03,035 - INFO - Epoch 95: train_loss=0.0564, train_acc=0.4877, dev_loss=0.0883, dev_acc=0.4147, time=2.0s
2025-10-21 08:53:05,111 - INFO - Epoch 96: train_loss=0.0571, train_acc=0.4846, dev_loss=0.0649, dev_acc=0.4240, time=2.1s
2025-10-21 08:53:07,090 - INFO - Epoch 97: train_loss=0.0570, train_acc=0.4800, dev_loss=0.0638, dev_acc=0.4240, time=2.0s
2025-10-21 08:53:09,082 - INFO - Epoch 98: train_loss=0.0563, train_acc=0.4923, dev_loss=0.0631, dev_acc=0.3963, time=2.0s
2025-10-21 08:53:10,759 - INFO - Epoch 99: train_loss=0.0574, train_acc=0.4892, dev_loss=0.0638, dev_acc=0.4240, time=1.7s
2025-10-21 08:53:12,609 - INFO - Epoch 100: train_loss=0.0573, train_acc=0.4800, dev_loss=0.0641, dev_acc=0.4332, time=1.8s
2025-10-21 08:53:14,563 - INFO - Epoch 101: train_loss=0.0574, train_acc=0.4662, dev_loss=0.0641, dev_acc=0.4194, time=2.0s
2025-10-21 08:53:16,434 - INFO - Epoch 102: train_loss=0.0569, train_acc=0.4954, dev_loss=0.0638, dev_acc=0.4009, time=1.9s
2025-10-21 08:53:18,159 - INFO - Epoch 103: train_loss=0.0569, train_acc=0.4892, dev_loss=0.0640, dev_acc=0.4147, time=1.7s
2025-10-21 08:53:19,974 - INFO - Epoch 104: train_loss=0.0568, train_acc=0.4785, dev_loss=0.0637, dev_acc=0.4286, time=1.8s
2025-10-21 08:53:21,695 - INFO - Epoch 105: train_loss=0.0575, train_acc=0.4815, dev_loss=0.0638, dev_acc=0.4101, time=1.7s
2025-10-21 08:53:23,389 - INFO - Epoch 106: train_loss=0.0574, train_acc=0.4692, dev_loss=0.0635, dev_acc=0.4240, time=1.7s
2025-10-21 08:53:25,300 - INFO - Epoch 107: train_loss=0.0576, train_acc=0.4862, dev_loss=0.0635, dev_acc=0.4240, time=1.9s
2025-10-21 08:53:27,165 - INFO - Epoch 108: train_loss=0.0566, train_acc=0.4846, dev_loss=0.0632, dev_acc=0.3963, time=1.9s
2025-10-21 08:53:28,985 - INFO - Epoch 109: train_loss=0.0573, train_acc=0.4831, dev_loss=0.0632, dev_acc=0.4009, time=1.8s
2025-10-21 08:53:30,774 - INFO - Epoch 110: train_loss=0.0566, train_acc=0.4831, dev_loss=0.0632, dev_acc=0.4009, time=1.8s
2025-10-21 08:53:32,525 - INFO - Epoch 111: train_loss=0.0567, train_acc=0.4862, dev_loss=0.0632, dev_acc=0.4009, time=1.7s
2025-10-21 08:53:34,336 - INFO - Epoch 112: train_loss=0.0571, train_acc=0.4815, dev_loss=0.0632, dev_acc=0.4101, time=1.8s
2025-10-21 08:53:36,325 - INFO - Epoch 113: train_loss=0.0562, train_acc=0.5031, dev_loss=0.0632, dev_acc=0.4055, time=2.0s
2025-10-21 08:53:38,188 - INFO - Epoch 114: train_loss=0.0570, train_acc=0.4908, dev_loss=0.0632, dev_acc=0.4055, time=1.9s
2025-10-21 08:53:40,116 - INFO - Epoch 115: train_loss=0.0564, train_acc=0.4892, dev_loss=0.0631, dev_acc=0.3963, time=1.9s
2025-10-21 08:53:41,809 - INFO - Epoch 116: train_loss=0.0573, train_acc=0.5015, dev_loss=0.0636, dev_acc=0.4147, time=1.7s
2025-10-21 08:53:43,628 - INFO - Epoch 117: train_loss=0.0572, train_acc=0.4723, dev_loss=0.0631, dev_acc=0.4055, time=1.8s
2025-10-21 08:53:45,487 - INFO - Epoch 118: train_loss=0.0568, train_acc=0.4785, dev_loss=0.0634, dev_acc=0.4101, time=1.9s
2025-10-21 08:53:47,303 - INFO - Epoch 119: train_loss=0.0570, train_acc=0.4831, dev_loss=0.0632, dev_acc=0.3963, time=1.8s
2025-10-21 08:53:49,342 - INFO - Epoch 120: train_loss=0.0570, train_acc=0.4600, dev_loss=0.0631, dev_acc=0.3917, time=2.0s
2025-10-21 08:53:51,238 - INFO - Epoch 121: train_loss=0.0568, train_acc=0.4862, dev_loss=0.0632, dev_acc=0.4009, time=1.9s
2025-10-21 08:53:52,999 - INFO - Epoch 122: train_loss=0.0565, train_acc=0.4938, dev_loss=0.0629, dev_acc=0.3871, time=1.8s
2025-10-21 08:53:54,809 - INFO - Epoch 123: train_loss=0.0571, train_acc=0.4662, dev_loss=0.0634, dev_acc=0.4009, time=1.8s
2025-10-21 08:53:56,587 - INFO - Epoch 124: train_loss=0.0570, train_acc=0.4708, dev_loss=0.0633, dev_acc=0.3963, time=1.8s
2025-10-21 08:53:58,581 - INFO - Epoch 125: train_loss=0.0567, train_acc=0.4969, dev_loss=0.0632, dev_acc=0.4009, time=2.0s
2025-10-21 08:54:00,815 - INFO - Epoch 126: train_loss=0.0570, train_acc=0.4800, dev_loss=0.0634, dev_acc=0.4055, time=2.2s
2025-10-21 08:54:02,834 - INFO - Epoch 127: train_loss=0.0570, train_acc=0.4938, dev_loss=0.0632, dev_acc=0.3963, time=2.0s
2025-10-21 08:54:04,816 - INFO - Epoch 128: train_loss=0.0581, train_acc=0.4800, dev_loss=0.0635, dev_acc=0.4055, time=2.0s
2025-10-21 08:54:06,612 - INFO - Epoch 129: train_loss=0.0572, train_acc=0.4677, dev_loss=0.0630, dev_acc=0.3963, time=1.8s
2025-10-21 08:54:08,272 - INFO - Epoch 130: train_loss=0.0573, train_acc=0.4738, dev_loss=0.0633, dev_acc=0.4009, time=1.7s
2025-10-21 08:54:10,306 - INFO - Epoch 131: train_loss=0.0560, train_acc=0.4800, dev_loss=0.0633, dev_acc=0.4009, time=2.0s
2025-10-21 08:54:12,153 - INFO - Epoch 132: train_loss=0.0563, train_acc=0.4846, dev_loss=0.0633, dev_acc=0.3963, time=1.8s
2025-10-21 08:54:13,936 - INFO - Epoch 133: train_loss=0.0560, train_acc=0.4815, dev_loss=0.0631, dev_acc=0.3963, time=1.8s
2025-10-21 08:54:15,671 - INFO - Epoch 134: train_loss=0.0568, train_acc=0.4831, dev_loss=0.0632, dev_acc=0.4009, time=1.7s
2025-10-21 08:54:17,452 - INFO - Epoch 135: train_loss=0.0569, train_acc=0.4969, dev_loss=0.0632, dev_acc=0.3963, time=1.8s
2025-10-21 08:54:19,115 - INFO - Epoch 136: train_loss=0.0569, train_acc=0.4815, dev_loss=0.0631, dev_acc=0.3963, time=1.7s
2025-10-21 08:54:20,820 - INFO - Epoch 137: train_loss=0.0574, train_acc=0.4754, dev_loss=0.0633, dev_acc=0.4009, time=1.7s
2025-10-21 08:54:22,732 - INFO - Epoch 138: train_loss=0.0562, train_acc=0.4862, dev_loss=0.0632, dev_acc=0.4055, time=1.9s
2025-10-21 08:54:24,576 - INFO - Epoch 139: train_loss=0.0569, train_acc=0.4892, dev_loss=0.0629, dev_acc=0.3917, time=1.8s
2025-10-21 08:54:26,302 - INFO - Epoch 140: train_loss=0.0566, train_acc=0.4831, dev_loss=0.0631, dev_acc=0.3963, time=1.7s
2025-10-21 08:54:27,998 - INFO - Epoch 141: train_loss=0.0566, train_acc=0.4754, dev_loss=0.0633, dev_acc=0.4009, time=1.7s
2025-10-21 08:54:29,805 - INFO - Epoch 142: train_loss=0.0574, train_acc=0.4615, dev_loss=0.0634, dev_acc=0.3963, time=1.8s
2025-10-21 08:54:31,805 - INFO - Epoch 143: train_loss=0.0561, train_acc=0.4815, dev_loss=0.0632, dev_acc=0.3963, time=2.0s
2025-10-21 08:54:33,819 - INFO - Epoch 144: train_loss=0.0566, train_acc=0.4677, dev_loss=0.0633, dev_acc=0.4055, time=2.0s
2025-10-21 08:54:35,683 - INFO - Epoch 145: train_loss=0.0576, train_acc=0.4646, dev_loss=0.0629, dev_acc=0.3963, time=1.9s
2025-10-21 08:54:37,429 - INFO - Epoch 146: train_loss=0.0570, train_acc=0.4800, dev_loss=0.0631, dev_acc=0.3917, time=1.7s
2025-10-21 08:54:39,140 - INFO - Epoch 147: train_loss=0.0567, train_acc=0.4862, dev_loss=0.0631, dev_acc=0.3917, time=1.7s
2025-10-21 08:54:40,873 - INFO - Epoch 148: train_loss=0.0568, train_acc=0.4677, dev_loss=0.0631, dev_acc=0.3917, time=1.7s
2025-10-21 08:54:42,622 - INFO - Epoch 149: train_loss=0.0580, train_acc=0.4846, dev_loss=0.0631, dev_acc=0.3963, time=1.7s
2025-10-21 08:54:44,481 - INFO - Epoch 150: train_loss=0.0572, train_acc=0.4800, dev_loss=0.0632, dev_acc=0.4009, time=1.9s
2025-10-21 08:54:46,380 - INFO - Epoch 151: train_loss=0.0572, train_acc=0.4754, dev_loss=0.0633, dev_acc=0.4055, time=1.9s
2025-10-21 08:54:48,216 - INFO - Epoch 152: train_loss=0.0562, train_acc=0.4846, dev_loss=0.0634, dev_acc=0.3963, time=1.8s
2025-10-21 08:54:49,849 - INFO - Epoch 153: train_loss=0.0572, train_acc=0.4738, dev_loss=0.0632, dev_acc=0.3917, time=1.6s
2025-10-21 08:54:51,341 - INFO - Epoch 154: train_loss=0.0573, train_acc=0.4708, dev_loss=0.0632, dev_acc=0.3917, time=1.5s
2025-10-21 08:54:53,131 - INFO - Epoch 155: train_loss=0.0573, train_acc=0.4877, dev_loss=0.0633, dev_acc=0.4009, time=1.8s
2025-10-21 08:54:54,960 - INFO - Epoch 156: train_loss=0.0576, train_acc=0.4831, dev_loss=0.0634, dev_acc=0.3963, time=1.8s
2025-10-21 08:54:56,927 - INFO - Epoch 157: train_loss=0.0571, train_acc=0.4846, dev_loss=0.0632, dev_acc=0.3963, time=2.0s
2025-10-21 08:54:58,803 - INFO - Epoch 158: train_loss=0.0573, train_acc=0.4754, dev_loss=0.0633, dev_acc=0.4009, time=1.9s
2025-10-21 08:55:00,614 - INFO - Epoch 159: train_loss=0.0566, train_acc=0.4846, dev_loss=0.0632, dev_acc=0.4009, time=1.8s
2025-10-21 08:55:02,444 - INFO - Epoch 160: train_loss=0.0571, train_acc=0.4692, dev_loss=0.0632, dev_acc=0.4009, time=1.8s
2025-10-21 08:55:04,357 - INFO - Epoch 161: train_loss=0.0576, train_acc=0.4754, dev_loss=0.0634, dev_acc=0.4055, time=1.9s
2025-10-21 08:55:06,483 - INFO - Epoch 162: train_loss=0.0574, train_acc=0.4754, dev_loss=0.0631, dev_acc=0.3917, time=2.1s
2025-10-21 08:55:08,283 - INFO - Epoch 163: train_loss=0.0577, train_acc=0.4723, dev_loss=0.0633, dev_acc=0.4009, time=1.8s
2025-10-21 08:55:10,099 - INFO - Epoch 164: train_loss=0.0577, train_acc=0.4815, dev_loss=0.0634, dev_acc=0.4009, time=1.8s
2025-10-21 08:55:12,041 - INFO - Epoch 165: train_loss=0.0574, train_acc=0.4862, dev_loss=0.0631, dev_acc=0.3963, time=1.9s
2025-10-21 08:55:13,861 - INFO - Epoch 166: train_loss=0.0576, train_acc=0.4738, dev_loss=0.0631, dev_acc=0.3963, time=1.8s
2025-10-21 08:55:15,771 - INFO - Epoch 167: train_loss=0.0568, train_acc=0.5015, dev_loss=0.0632, dev_acc=0.3963, time=1.9s
2025-10-21 08:55:17,613 - INFO - Epoch 168: train_loss=0.0565, train_acc=0.4769, dev_loss=0.0630, dev_acc=0.3871, time=1.8s
2025-10-21 08:55:19,335 - INFO - Epoch 169: train_loss=0.0561, train_acc=0.4846, dev_loss=0.0633, dev_acc=0.4009, time=1.7s
2025-10-21 08:55:21,165 - INFO - Epoch 170: train_loss=0.0573, train_acc=0.4815, dev_loss=0.0632, dev_acc=0.4009, time=1.8s
2025-10-21 08:55:22,957 - INFO - Epoch 171: train_loss=0.0569, train_acc=0.4862, dev_loss=0.0631, dev_acc=0.4009, time=1.8s
2025-10-21 08:55:25,023 - INFO - Epoch 172: train_loss=0.0578, train_acc=0.4738, dev_loss=0.0633, dev_acc=0.4009, time=2.1s
2025-10-21 08:55:25,025 - INFO - 早停触发: 最佳轮次=72, 最佳验证准确率=0.4332
2025-10-21 08:55:25,435 - INFO - 第 1 折测试: 损失=0.0800, 准确率=0.4147, F1=0.2505
2025-10-21 08:55:25,436 - INFO - 
----- 第 2/5 折 -----
2025-10-21 08:55:25,539 - INFO - 训练设备: cpu | 融合方法: pmdf | 模态组合: ['face', 'tongue']
2025-10-21 08:55:27,760 - INFO - Epoch 1: train_loss=0.0604, train_acc=0.4508, dev_loss=0.0632, dev_acc=0.4101, time=2.2s
2025-10-21 08:55:29,759 - INFO - Epoch 2: train_loss=0.0598, train_acc=0.4462, dev_loss=0.0622, dev_acc=0.4424, time=2.0s
2025-10-21 08:55:31,549 - INFO - Epoch 3: train_loss=0.0601, train_acc=0.4446, dev_loss=0.0623, dev_acc=0.4332, time=1.8s
2025-10-21 08:55:33,433 - INFO - Epoch 4: train_loss=0.0591, train_acc=0.4615, dev_loss=0.0623, dev_acc=0.4378, time=1.9s
2025-10-21 08:55:35,353 - INFO - Epoch 5: train_loss=0.0603, train_acc=0.4538, dev_loss=0.0622, dev_acc=0.4378, time=1.9s
2025-10-21 08:55:37,425 - INFO - Epoch 6: train_loss=0.0587, train_acc=0.4585, dev_loss=0.0622, dev_acc=0.4470, time=2.1s
2025-10-21 08:55:39,407 - INFO - Epoch 7: train_loss=0.0596, train_acc=0.4754, dev_loss=0.0622, dev_acc=0.4424, time=2.0s
2025-10-21 08:55:41,251 - INFO - Epoch 8: train_loss=0.0596, train_acc=0.4585, dev_loss=0.0622, dev_acc=0.4424, time=1.8s
2025-10-21 08:55:43,137 - INFO - Epoch 9: train_loss=0.0599, train_acc=0.4431, dev_loss=0.0623, dev_acc=0.4332, time=1.9s
2025-10-21 08:55:45,003 - INFO - Epoch 10: train_loss=0.0602, train_acc=0.4585, dev_loss=0.0622, dev_acc=0.4332, time=1.9s
2025-10-21 08:55:47,065 - INFO - Epoch 11: train_loss=0.0597, train_acc=0.4492, dev_loss=0.0622, dev_acc=0.4378, time=2.1s
2025-10-21 08:55:49,007 - INFO - Epoch 12: train_loss=0.0603, train_acc=0.4677, dev_loss=0.0621, dev_acc=0.4378, time=1.9s
2025-10-21 08:55:51,040 - INFO - Epoch 13: train_loss=0.0601, train_acc=0.4662, dev_loss=0.0624, dev_acc=0.4240, time=2.0s
2025-10-21 08:55:52,831 - INFO - Epoch 14: train_loss=0.0592, train_acc=0.4677, dev_loss=0.0623, dev_acc=0.4378, time=1.8s
2025-10-21 08:55:54,769 - INFO - Epoch 15: train_loss=0.0596, train_acc=0.4600, dev_loss=0.0623, dev_acc=0.4332, time=1.9s
2025-10-21 08:55:56,562 - INFO - Epoch 16: train_loss=0.0599, train_acc=0.4662, dev_loss=0.0622, dev_acc=0.4424, time=1.8s
2025-10-21 08:55:58,426 - INFO - Epoch 17: train_loss=0.0599, train_acc=0.4538, dev_loss=0.0621, dev_acc=0.4378, time=1.9s
2025-10-21 08:56:00,336 - INFO - Epoch 18: train_loss=0.0592, train_acc=0.4585, dev_loss=0.0622, dev_acc=0.4424, time=1.9s
2025-10-21 08:56:01,900 - INFO - Epoch 19: train_loss=0.0598, train_acc=0.4677, dev_loss=0.0620, dev_acc=0.4516, time=1.6s
2025-10-21 08:56:03,439 - INFO - Epoch 20: train_loss=0.0600, train_acc=0.4431, dev_loss=0.0622, dev_acc=0.4424, time=1.5s
2025-10-21 08:56:04,873 - INFO - Epoch 21: train_loss=0.0597, train_acc=0.4446, dev_loss=0.0621, dev_acc=0.4378, time=1.4s
2025-10-21 08:56:06,421 - INFO - Epoch 22: train_loss=0.0595, train_acc=0.4400, dev_loss=0.0623, dev_acc=0.4286, time=1.5s
2025-10-21 08:56:08,051 - INFO - Epoch 23: train_loss=0.0598, train_acc=0.4523, dev_loss=0.0622, dev_acc=0.4378, time=1.6s
2025-10-21 08:56:09,665 - INFO - Epoch 24: train_loss=0.0590, train_acc=0.4569, dev_loss=0.0623, dev_acc=0.4424, time=1.6s
2025-10-21 08:56:11,386 - INFO - Epoch 25: train_loss=0.0599, train_acc=0.4400, dev_loss=0.0622, dev_acc=0.4424, time=1.7s
2025-10-21 08:56:12,957 - INFO - Epoch 26: train_loss=0.0605, train_acc=0.4538, dev_loss=0.0622, dev_acc=0.4424, time=1.6s
2025-10-21 08:56:14,516 - INFO - Epoch 27: train_loss=0.0603, train_acc=0.4554, dev_loss=0.0624, dev_acc=0.4332, time=1.6s
2025-10-21 08:56:15,979 - INFO - Epoch 28: train_loss=0.0593, train_acc=0.4585, dev_loss=0.0622, dev_acc=0.4378, time=1.5s
2025-10-21 08:56:17,493 - INFO - Epoch 29: train_loss=0.0596, train_acc=0.4554, dev_loss=0.0621, dev_acc=0.4424, time=1.5s
2025-10-21 08:56:19,086 - INFO - Epoch 30: train_loss=0.0603, train_acc=0.4400, dev_loss=0.0620, dev_acc=0.4470, time=1.6s
2025-10-21 08:56:20,648 - INFO - Epoch 31: train_loss=0.0590, train_acc=0.4585, dev_loss=0.0622, dev_acc=0.4424, time=1.6s
2025-10-21 08:56:22,221 - INFO - Epoch 32: train_loss=0.0603, train_acc=0.4585, dev_loss=0.0622, dev_acc=0.4424, time=1.6s
2025-10-21 08:56:23,929 - INFO - Epoch 33: train_loss=0.0595, train_acc=0.4554, dev_loss=0.0622, dev_acc=0.4424, time=1.7s
2025-10-21 08:56:25,563 - INFO - Epoch 34: train_loss=0.0604, train_acc=0.4446, dev_loss=0.0624, dev_acc=0.4286, time=1.6s
2025-10-21 08:56:27,112 - INFO - Epoch 35: train_loss=0.0595, train_acc=0.4446, dev_loss=0.0621, dev_acc=0.4378, time=1.5s
2025-10-21 08:56:28,589 - INFO - Epoch 36: train_loss=0.0597, train_acc=0.4585, dev_loss=0.0621, dev_acc=0.4470, time=1.5s
2025-10-21 08:56:30,175 - INFO - Epoch 37: train_loss=0.0590, train_acc=0.4754, dev_loss=0.0620, dev_acc=0.4332, time=1.6s
2025-10-21 08:56:31,725 - INFO - Epoch 38: train_loss=0.0598, train_acc=0.4631, dev_loss=0.0621, dev_acc=0.4378, time=1.5s
2025-10-21 08:56:33,271 - INFO - Epoch 39: train_loss=0.0605, train_acc=0.4600, dev_loss=0.0624, dev_acc=0.4286, time=1.5s
2025-10-21 08:56:35,038 - INFO - Epoch 40: train_loss=0.0605, train_acc=0.4415, dev_loss=0.0621, dev_acc=0.4378, time=1.8s
2025-10-21 08:56:37,260 - INFO - Epoch 41: train_loss=0.0598, train_acc=0.4477, dev_loss=0.0622, dev_acc=0.4424, time=2.2s
2025-10-21 08:56:39,268 - INFO - Epoch 42: train_loss=0.0596, train_acc=0.4723, dev_loss=0.0623, dev_acc=0.4332, time=2.0s
2025-10-21 08:56:41,324 - INFO - Epoch 43: train_loss=0.0605, train_acc=0.4631, dev_loss=0.0624, dev_acc=0.4240, time=2.1s
2025-10-21 08:56:43,287 - INFO - Epoch 44: train_loss=0.0604, train_acc=0.4646, dev_loss=0.0624, dev_acc=0.4378, time=2.0s
2025-10-21 08:56:45,662 - INFO - Epoch 45: train_loss=0.0595, train_acc=0.4600, dev_loss=0.0620, dev_acc=0.4378, time=2.4s
2025-10-21 08:56:47,961 - INFO - Epoch 46: train_loss=0.0608, train_acc=0.4585, dev_loss=0.0621, dev_acc=0.4470, time=2.3s
2025-10-21 08:56:50,050 - INFO - Epoch 47: train_loss=0.0604, train_acc=0.4615, dev_loss=0.0623, dev_acc=0.4332, time=2.1s
2025-10-21 08:56:52,032 - INFO - Epoch 48: train_loss=0.0591, train_acc=0.4554, dev_loss=0.0624, dev_acc=0.4332, time=2.0s
2025-10-21 08:56:53,965 - INFO - Epoch 49: train_loss=0.0589, train_acc=0.4508, dev_loss=0.0622, dev_acc=0.4378, time=1.9s
2025-10-21 08:56:56,494 - INFO - Epoch 50: train_loss=0.0608, train_acc=0.4462, dev_loss=0.0620, dev_acc=0.4424, time=2.5s
2025-10-21 08:56:58,596 - INFO - Epoch 51: train_loss=0.0596, train_acc=0.4523, dev_loss=0.0621, dev_acc=0.4470, time=2.1s
2025-10-21 08:57:00,725 - INFO - Epoch 52: train_loss=0.0601, train_acc=0.4508, dev_loss=0.0624, dev_acc=0.4332, time=2.1s
2025-10-21 08:57:02,634 - INFO - Epoch 53: train_loss=0.0596, train_acc=0.4477, dev_loss=0.0624, dev_acc=0.4378, time=1.9s
2025-10-21 08:57:05,155 - INFO - Epoch 54: train_loss=0.0596, train_acc=0.4400, dev_loss=0.0622, dev_acc=0.4378, time=2.5s
2025-10-21 08:57:07,403 - INFO - Epoch 55: train_loss=0.0598, train_acc=0.4600, dev_loss=0.0622, dev_acc=0.4378, time=2.2s
2025-10-21 08:57:09,410 - INFO - Epoch 56: train_loss=0.0600, train_acc=0.4523, dev_loss=0.0622, dev_acc=0.4424, time=2.0s
2025-10-21 08:57:11,557 - INFO - Epoch 57: train_loss=0.0595, train_acc=0.4569, dev_loss=0.0623, dev_acc=0.4378, time=2.1s
2025-10-21 08:57:13,411 - INFO - Epoch 58: train_loss=0.0591, train_acc=0.4677, dev_loss=0.0621, dev_acc=0.4378, time=1.9s
2025-10-21 08:57:15,515 - INFO - Epoch 59: train_loss=0.0597, train_acc=0.4385, dev_loss=0.0620, dev_acc=0.4424, time=2.1s
2025-10-21 08:57:17,475 - INFO - Epoch 60: train_loss=0.0602, train_acc=0.4600, dev_loss=0.0623, dev_acc=0.4378, time=2.0s
2025-10-21 08:57:19,369 - INFO - Epoch 61: train_loss=0.0601, train_acc=0.4523, dev_loss=0.0623, dev_acc=0.4332, time=1.9s
2025-10-21 08:57:21,174 - INFO - Epoch 62: train_loss=0.0600, train_acc=0.4600, dev_loss=0.0624, dev_acc=0.4286, time=1.8s
2025-10-21 08:57:23,127 - INFO - Epoch 63: train_loss=0.0614, train_acc=0.4585, dev_loss=0.0623, dev_acc=0.4332, time=2.0s
2025-10-21 08:57:25,132 - INFO - Epoch 64: train_loss=0.0598, train_acc=0.4569, dev_loss=0.0623, dev_acc=0.4424, time=2.0s
2025-10-21 08:57:27,261 - INFO - Epoch 65: train_loss=0.0598, train_acc=0.4631, dev_loss=0.0624, dev_acc=0.4332, time=2.1s
2025-10-21 08:57:29,319 - INFO - Epoch 66: train_loss=0.0600, train_acc=0.4508, dev_loss=0.0620, dev_acc=0.4516, time=2.1s
2025-10-21 08:57:31,234 - INFO - Epoch 67: train_loss=0.0592, train_acc=0.4569, dev_loss=0.0623, dev_acc=0.4378, time=1.9s
2025-10-21 08:57:33,080 - INFO - Epoch 68: train_loss=0.0602, train_acc=0.4585, dev_loss=0.0624, dev_acc=0.4470, time=1.8s
2025-10-21 08:57:34,890 - INFO - Epoch 69: train_loss=0.0599, train_acc=0.4662, dev_loss=0.0624, dev_acc=0.4378, time=1.8s
2025-10-21 08:57:36,729 - INFO - Epoch 70: train_loss=0.0602, train_acc=0.4615, dev_loss=0.0623, dev_acc=0.4332, time=1.8s
2025-10-21 08:57:39,041 - INFO - Epoch 71: train_loss=0.0601, train_acc=0.4585, dev_loss=0.0622, dev_acc=0.4378, time=2.3s
2025-10-21 08:57:41,024 - INFO - Epoch 72: train_loss=0.0603, train_acc=0.4554, dev_loss=0.0621, dev_acc=0.4424, time=2.0s
2025-10-21 08:57:42,870 - INFO - Epoch 73: train_loss=0.0605, train_acc=0.4585, dev_loss=0.0624, dev_acc=0.4378, time=1.8s
2025-10-21 08:57:44,957 - INFO - Epoch 74: train_loss=0.0606, train_acc=0.4446, dev_loss=0.0622, dev_acc=0.4424, time=2.1s
2025-10-21 08:57:47,290 - INFO - Epoch 75: train_loss=0.0600, train_acc=0.4677, dev_loss=0.0621, dev_acc=0.4424, time=2.3s
2025-10-21 08:57:49,971 - INFO - Epoch 76: train_loss=0.0595, train_acc=0.4446, dev_loss=0.0623, dev_acc=0.4286, time=2.7s
2025-10-21 08:57:52,456 - INFO - Epoch 77: train_loss=0.0597, train_acc=0.4462, dev_loss=0.0621, dev_acc=0.4516, time=2.5s
2025-10-21 08:57:54,721 - INFO - Epoch 78: train_loss=0.0595, train_acc=0.4508, dev_loss=0.0623, dev_acc=0.4470, time=2.3s
2025-10-21 08:57:56,876 - INFO - Epoch 79: train_loss=0.0602, train_acc=0.4554, dev_loss=0.0623, dev_acc=0.4470, time=2.2s
2025-10-21 08:57:58,863 - INFO - Epoch 80: train_loss=0.0600, train_acc=0.4554, dev_loss=0.0621, dev_acc=0.4378, time=2.0s
2025-10-21 08:58:00,737 - INFO - Epoch 81: train_loss=0.0594, train_acc=0.4400, dev_loss=0.0618, dev_acc=0.4470, time=1.9s
2025-10-21 08:58:02,643 - INFO - Epoch 82: train_loss=0.0603, train_acc=0.4615, dev_loss=0.0623, dev_acc=0.4286, time=1.9s
2025-10-21 08:58:04,943 - INFO - Epoch 83: train_loss=0.0590, train_acc=0.4554, dev_loss=0.0622, dev_acc=0.4378, time=2.3s
2025-10-21 08:58:07,099 - INFO - Epoch 84: train_loss=0.0606, train_acc=0.4569, dev_loss=0.0623, dev_acc=0.4424, time=2.2s
2025-10-21 08:58:09,181 - INFO - Epoch 85: train_loss=0.0599, train_acc=0.4523, dev_loss=0.0621, dev_acc=0.4470, time=2.1s
2025-10-21 08:58:10,979 - INFO - Epoch 86: train_loss=0.0595, train_acc=0.4508, dev_loss=0.0622, dev_acc=0.4424, time=1.8s
2025-10-21 08:58:12,812 - INFO - Epoch 87: train_loss=0.0593, train_acc=0.4615, dev_loss=0.0623, dev_acc=0.4424, time=1.8s
2025-10-21 08:58:14,832 - INFO - Epoch 88: train_loss=0.0608, train_acc=0.4554, dev_loss=0.0620, dev_acc=0.4516, time=2.0s
2025-10-21 08:58:16,878 - INFO - Epoch 89: train_loss=0.0592, train_acc=0.4662, dev_loss=0.0622, dev_acc=0.4424, time=2.0s
2025-10-21 08:58:18,788 - INFO - Epoch 90: train_loss=0.0594, train_acc=0.4631, dev_loss=0.0623, dev_acc=0.4424, time=1.9s
2025-10-21 08:58:20,710 - INFO - Epoch 91: train_loss=0.0593, train_acc=0.4462, dev_loss=0.0623, dev_acc=0.4332, time=1.9s
2025-10-21 08:58:22,563 - INFO - Epoch 92: train_loss=0.0594, train_acc=0.4400, dev_loss=0.0622, dev_acc=0.4378, time=1.9s
2025-10-21 08:58:24,462 - INFO - Epoch 93: train_loss=0.0599, train_acc=0.4477, dev_loss=0.0620, dev_acc=0.4378, time=1.9s
2025-10-21 08:58:26,679 - INFO - Epoch 94: train_loss=0.0598, train_acc=0.4600, dev_loss=0.0623, dev_acc=0.4424, time=2.2s
2025-10-21 08:58:28,634 - INFO - Epoch 95: train_loss=0.0599, train_acc=0.4523, dev_loss=0.0621, dev_acc=0.4470, time=2.0s
2025-10-21 08:58:30,488 - INFO - Epoch 96: train_loss=0.0600, train_acc=0.4431, dev_loss=0.0624, dev_acc=0.4240, time=1.9s
2025-10-21 08:58:32,335 - INFO - Epoch 97: train_loss=0.0607, train_acc=0.4538, dev_loss=0.0621, dev_acc=0.4424, time=1.8s
2025-10-21 08:58:34,227 - INFO - Epoch 98: train_loss=0.0602, train_acc=0.4492, dev_loss=0.0625, dev_acc=0.4332, time=1.9s
2025-10-21 08:58:36,219 - INFO - Epoch 99: train_loss=0.0595, train_acc=0.4477, dev_loss=0.0621, dev_acc=0.4470, time=2.0s
2025-10-21 08:58:38,449 - INFO - Epoch 100: train_loss=0.0596, train_acc=0.4600, dev_loss=0.0621, dev_acc=0.4470, time=2.2s
2025-10-21 08:58:40,404 - INFO - Epoch 101: train_loss=0.0596, train_acc=0.4538, dev_loss=0.0623, dev_acc=0.4240, time=2.0s
2025-10-21 08:58:42,223 - INFO - Epoch 102: train_loss=0.0597, train_acc=0.4569, dev_loss=0.0623, dev_acc=0.4378, time=1.8s
2025-10-21 08:58:44,089 - INFO - Epoch 103: train_loss=0.0595, train_acc=0.4554, dev_loss=0.0624, dev_acc=0.4332, time=1.9s
2025-10-21 08:58:45,930 - INFO - Epoch 104: train_loss=0.0594, train_acc=0.4554, dev_loss=0.0622, dev_acc=0.4378, time=1.8s
2025-10-21 08:58:47,808 - INFO - Epoch 105: train_loss=0.0603, train_acc=0.4554, dev_loss=0.0620, dev_acc=0.4424, time=1.9s
2025-10-21 08:58:50,073 - INFO - Epoch 106: train_loss=0.0594, train_acc=0.4569, dev_loss=0.0623, dev_acc=0.4424, time=2.3s
2025-10-21 08:58:52,000 - INFO - Epoch 107: train_loss=0.0600, train_acc=0.4692, dev_loss=0.0619, dev_acc=0.4424, time=1.9s
2025-10-21 08:58:53,810 - INFO - Epoch 108: train_loss=0.0613, train_acc=0.4585, dev_loss=0.0621, dev_acc=0.4424, time=1.8s
2025-10-21 08:58:55,721 - INFO - Epoch 109: train_loss=0.0596, train_acc=0.4508, dev_loss=0.0624, dev_acc=0.4332, time=1.9s
2025-10-21 08:58:57,539 - INFO - Epoch 110: train_loss=0.0595, train_acc=0.4492, dev_loss=0.0624, dev_acc=0.4286, time=1.8s
2025-10-21 08:58:59,363 - INFO - Epoch 111: train_loss=0.0600, train_acc=0.4538, dev_loss=0.0622, dev_acc=0.4378, time=1.8s
2025-10-21 08:59:01,634 - INFO - Epoch 112: train_loss=0.0604, train_acc=0.4646, dev_loss=0.0621, dev_acc=0.4424, time=2.3s
2025-10-21 08:59:03,527 - INFO - Epoch 113: train_loss=0.0597, train_acc=0.4538, dev_loss=0.0622, dev_acc=0.4378, time=1.9s
2025-10-21 08:59:05,430 - INFO - Epoch 114: train_loss=0.0600, train_acc=0.4462, dev_loss=0.0622, dev_acc=0.4378, time=1.9s
2025-10-21 08:59:07,296 - INFO - Epoch 115: train_loss=0.0608, train_acc=0.4446, dev_loss=0.0622, dev_acc=0.4378, time=1.9s
2025-10-21 08:59:09,043 - INFO - Epoch 116: train_loss=0.0602, train_acc=0.4477, dev_loss=0.0621, dev_acc=0.4470, time=1.7s
2025-10-21 08:59:10,868 - INFO - Epoch 117: train_loss=0.0596, train_acc=0.4631, dev_loss=0.0622, dev_acc=0.4332, time=1.8s
2025-10-21 08:59:13,125 - INFO - Epoch 118: train_loss=0.0595, train_acc=0.4492, dev_loss=0.0621, dev_acc=0.4470, time=2.3s
2025-10-21 08:59:15,086 - INFO - Epoch 119: train_loss=0.0602, train_acc=0.4277, dev_loss=0.0621, dev_acc=0.4424, time=2.0s
2025-10-21 08:59:15,086 - INFO - 早停触发: 最佳轮次=19, 最佳验证准确率=0.4516
2025-10-21 08:59:15,427 - INFO - 第 2 折测试: 损失=0.0579, 准确率=0.4931, F1=0.4159
2025-10-21 08:59:15,429 - INFO - 
----- 第 3/5 折 -----
2025-10-21 08:59:15,539 - INFO - 训练设备: cpu | 融合方法: pmdf | 模态组合: ['face', 'tongue']
2025-10-21 08:59:17,314 - INFO - Epoch 1: train_loss=0.0604, train_acc=0.4585, dev_loss=0.0627, dev_acc=0.4147, time=1.8s
2025-10-21 08:59:19,073 - INFO - Epoch 2: train_loss=0.0599, train_acc=0.4631, dev_loss=0.0626, dev_acc=0.4240, time=1.7s
2025-10-21 08:59:20,896 - INFO - Epoch 3: train_loss=0.0596, train_acc=0.4523, dev_loss=0.0628, dev_acc=0.3963, time=1.8s
2025-10-21 08:59:22,639 - INFO - Epoch 4: train_loss=0.0610, train_acc=0.4446, dev_loss=0.0629, dev_acc=0.4009, time=1.7s
2025-10-21 08:59:24,836 - INFO - Epoch 5: train_loss=0.0605, train_acc=0.4462, dev_loss=0.0627, dev_acc=0.4147, time=2.2s
2025-10-21 08:59:26,645 - INFO - Epoch 6: train_loss=0.0593, train_acc=0.4600, dev_loss=0.0624, dev_acc=0.4240, time=1.8s
2025-10-21 08:59:28,394 - INFO - Epoch 7: train_loss=0.0609, train_acc=0.4600, dev_loss=0.0627, dev_acc=0.4240, time=1.7s
2025-10-21 08:59:30,205 - INFO - Epoch 8: train_loss=0.0601, train_acc=0.4554, dev_loss=0.0627, dev_acc=0.4101, time=1.8s
2025-10-21 08:59:31,925 - INFO - Epoch 9: train_loss=0.0602, train_acc=0.4646, dev_loss=0.0625, dev_acc=0.4240, time=1.7s
2025-10-21 08:59:33,692 - INFO - Epoch 10: train_loss=0.0603, train_acc=0.4400, dev_loss=0.0625, dev_acc=0.4286, time=1.8s
2025-10-21 08:59:35,678 - INFO - Epoch 11: train_loss=0.0590, train_acc=0.4769, dev_loss=0.0627, dev_acc=0.4240, time=2.0s
2025-10-21 08:59:37,622 - INFO - Epoch 12: train_loss=0.0604, train_acc=0.4569, dev_loss=0.0627, dev_acc=0.4101, time=1.9s
2025-10-21 08:59:39,446 - INFO - Epoch 13: train_loss=0.0594, train_acc=0.4554, dev_loss=0.0626, dev_acc=0.4194, time=1.8s
2025-10-21 08:59:41,194 - INFO - Epoch 14: train_loss=0.0596, train_acc=0.4569, dev_loss=0.0626, dev_acc=0.4147, time=1.7s
2025-10-21 08:59:43,061 - INFO - Epoch 15: train_loss=0.0603, train_acc=0.4554, dev_loss=0.0628, dev_acc=0.4101, time=1.9s
2025-10-21 08:59:44,784 - INFO - Epoch 16: train_loss=0.0601, train_acc=0.4508, dev_loss=0.0627, dev_acc=0.4240, time=1.7s
2025-10-21 08:59:46,627 - INFO - Epoch 17: train_loss=0.0598, train_acc=0.4385, dev_loss=0.0626, dev_acc=0.4194, time=1.8s
2025-10-21 08:59:48,709 - INFO - Epoch 18: train_loss=0.0608, train_acc=0.4754, dev_loss=0.0626, dev_acc=0.4101, time=2.1s
2025-10-21 08:59:50,580 - INFO - Epoch 19: train_loss=0.0601, train_acc=0.4646, dev_loss=0.0625, dev_acc=0.4286, time=1.9s
2025-10-21 08:59:52,326 - INFO - Epoch 20: train_loss=0.0605, train_acc=0.4338, dev_loss=0.0625, dev_acc=0.4240, time=1.7s
2025-10-21 08:59:54,107 - INFO - Epoch 21: train_loss=0.0598, train_acc=0.4646, dev_loss=0.0624, dev_acc=0.4240, time=1.8s
2025-10-21 08:59:55,838 - INFO - Epoch 22: train_loss=0.0608, train_acc=0.4477, dev_loss=0.0626, dev_acc=0.4147, time=1.7s
2025-10-21 08:59:57,624 - INFO - Epoch 23: train_loss=0.0611, train_acc=0.4615, dev_loss=0.0628, dev_acc=0.4009, time=1.8s
2025-10-21 08:59:59,761 - INFO - Epoch 24: train_loss=0.0602, train_acc=0.4554, dev_loss=0.0625, dev_acc=0.4240, time=2.1s
2025-10-21 09:00:01,326 - INFO - Epoch 25: train_loss=0.0600, train_acc=0.4554, dev_loss=0.0626, dev_acc=0.4101, time=1.6s
2025-10-21 09:00:02,841 - INFO - Epoch 26: train_loss=0.0594, train_acc=0.4554, dev_loss=0.0626, dev_acc=0.4194, time=1.5s
2025-10-21 09:00:04,235 - INFO - Epoch 27: train_loss=0.0597, train_acc=0.4738, dev_loss=0.0627, dev_acc=0.4240, time=1.4s
2025-10-21 09:00:05,770 - INFO - Epoch 28: train_loss=0.0599, train_acc=0.4692, dev_loss=0.0628, dev_acc=0.4147, time=1.5s
2025-10-21 09:00:07,359 - INFO - Epoch 29: train_loss=0.0604, train_acc=0.4523, dev_loss=0.0627, dev_acc=0.4194, time=1.6s
2025-10-21 09:00:09,085 - INFO - Epoch 30: train_loss=0.0612, train_acc=0.4615, dev_loss=0.0627, dev_acc=0.4055, time=1.7s
2025-10-21 09:00:11,288 - INFO - Epoch 31: train_loss=0.0608, train_acc=0.4415, dev_loss=0.0629, dev_acc=0.4147, time=2.2s
2025-10-21 09:00:13,391 - INFO - Epoch 32: train_loss=0.0599, train_acc=0.4554, dev_loss=0.0627, dev_acc=0.4194, time=2.1s
2025-10-21 09:00:15,230 - INFO - Epoch 33: train_loss=0.0599, train_acc=0.4523, dev_loss=0.0626, dev_acc=0.4194, time=1.8s
2025-10-21 09:00:16,970 - INFO - Epoch 34: train_loss=0.0601, train_acc=0.4646, dev_loss=0.0626, dev_acc=0.4286, time=1.7s
2025-10-21 09:00:18,645 - INFO - Epoch 35: train_loss=0.0597, train_acc=0.4615, dev_loss=0.0624, dev_acc=0.4286, time=1.7s
2025-10-21 09:00:20,508 - INFO - Epoch 36: train_loss=0.0606, train_acc=0.4585, dev_loss=0.0626, dev_acc=0.4147, time=1.9s
2025-10-21 09:00:22,639 - INFO - Epoch 37: train_loss=0.0601, train_acc=0.4723, dev_loss=0.0627, dev_acc=0.4101, time=2.1s
2025-10-21 09:00:24,522 - INFO - Epoch 38: train_loss=0.0599, train_acc=0.4492, dev_loss=0.0626, dev_acc=0.4286, time=1.9s
2025-10-21 09:00:26,287 - INFO - Epoch 39: train_loss=0.0600, train_acc=0.4615, dev_loss=0.0628, dev_acc=0.4194, time=1.8s
2025-10-21 09:00:28,221 - INFO - Epoch 40: train_loss=0.0610, train_acc=0.4415, dev_loss=0.0626, dev_acc=0.4194, time=1.9s
2025-10-21 09:00:30,336 - INFO - Epoch 41: train_loss=0.0601, train_acc=0.4585, dev_loss=0.0624, dev_acc=0.4286, time=2.1s
2025-10-21 09:00:32,665 - INFO - Epoch 42: train_loss=0.0598, train_acc=0.4615, dev_loss=0.0626, dev_acc=0.4194, time=2.3s
2025-10-21 09:00:34,792 - INFO - Epoch 43: train_loss=0.0604, train_acc=0.4400, dev_loss=0.0626, dev_acc=0.4194, time=2.1s
2025-10-21 09:00:36,681 - INFO - Epoch 44: train_loss=0.0606, train_acc=0.4538, dev_loss=0.0627, dev_acc=0.4009, time=1.9s
2025-10-21 09:00:38,674 - INFO - Epoch 45: train_loss=0.0588, train_acc=0.4615, dev_loss=0.0626, dev_acc=0.4101, time=2.0s
2025-10-21 09:00:40,592 - INFO - Epoch 46: train_loss=0.0601, train_acc=0.4431, dev_loss=0.0625, dev_acc=0.4286, time=1.9s
2025-10-21 09:00:42,400 - INFO - Epoch 47: train_loss=0.0602, train_acc=0.4692, dev_loss=0.0628, dev_acc=0.4101, time=1.8s
2025-10-21 09:00:44,112 - INFO - Epoch 48: train_loss=0.0610, train_acc=0.4585, dev_loss=0.0626, dev_acc=0.4194, time=1.7s
2025-10-21 09:00:45,663 - INFO - Epoch 49: train_loss=0.0605, train_acc=0.4631, dev_loss=0.0625, dev_acc=0.4147, time=1.5s
2025-10-21 09:00:47,082 - INFO - Epoch 50: train_loss=0.0602, train_acc=0.4600, dev_loss=0.0626, dev_acc=0.4286, time=1.4s
2025-10-21 09:00:48,598 - INFO - Epoch 51: train_loss=0.0604, train_acc=0.4508, dev_loss=0.0628, dev_acc=0.4147, time=1.5s
2025-10-21 09:00:50,288 - INFO - Epoch 52: train_loss=0.0601, train_acc=0.4523, dev_loss=0.0626, dev_acc=0.4147, time=1.7s
2025-10-21 09:00:51,769 - INFO - Epoch 53: train_loss=0.0589, train_acc=0.4723, dev_loss=0.0625, dev_acc=0.4194, time=1.5s
2025-10-21 09:00:53,179 - INFO - Epoch 54: train_loss=0.0601, train_acc=0.4477, dev_loss=0.0625, dev_acc=0.4194, time=1.4s
2025-10-21 09:00:54,630 - INFO - Epoch 55: train_loss=0.0596, train_acc=0.4677, dev_loss=0.0625, dev_acc=0.4240, time=1.4s
2025-10-21 09:00:56,427 - INFO - Epoch 56: train_loss=0.0597, train_acc=0.4538, dev_loss=0.0627, dev_acc=0.4240, time=1.8s
2025-10-21 09:00:58,147 - INFO - Epoch 57: train_loss=0.0602, train_acc=0.4662, dev_loss=0.0627, dev_acc=0.4101, time=1.7s
2025-10-21 09:00:59,858 - INFO - Epoch 58: train_loss=0.0598, train_acc=0.4615, dev_loss=0.0626, dev_acc=0.4240, time=1.7s
2025-10-21 09:01:01,867 - INFO - Epoch 59: train_loss=0.0601, train_acc=0.4569, dev_loss=0.0625, dev_acc=0.4240, time=2.0s
2025-10-21 09:01:03,784 - INFO - Epoch 60: train_loss=0.0594, train_acc=0.4631, dev_loss=0.0625, dev_acc=0.4286, time=1.9s
2025-10-21 09:01:05,606 - INFO - Epoch 61: train_loss=0.0601, train_acc=0.4600, dev_loss=0.0624, dev_acc=0.4286, time=1.8s
2025-10-21 09:01:07,329 - INFO - Epoch 62: train_loss=0.0603, train_acc=0.4662, dev_loss=0.0626, dev_acc=0.4240, time=1.7s
2025-10-21 09:01:09,107 - INFO - Epoch 63: train_loss=0.0599, train_acc=0.4662, dev_loss=0.0627, dev_acc=0.4240, time=1.8s
2025-10-21 09:01:10,821 - INFO - Epoch 64: train_loss=0.0596, train_acc=0.4677, dev_loss=0.0630, dev_acc=0.4147, time=1.7s
2025-10-21 09:01:12,669 - INFO - Epoch 65: train_loss=0.0598, train_acc=0.4415, dev_loss=0.0627, dev_acc=0.4055, time=1.8s
2025-10-21 09:01:14,618 - INFO - Epoch 66: train_loss=0.0599, train_acc=0.4631, dev_loss=0.0625, dev_acc=0.4055, time=1.9s
2025-10-21 09:01:16,562 - INFO - Epoch 67: train_loss=0.0601, train_acc=0.4769, dev_loss=0.0628, dev_acc=0.4055, time=1.9s
2025-10-21 09:01:18,479 - INFO - Epoch 68: train_loss=0.0598, train_acc=0.4446, dev_loss=0.0627, dev_acc=0.4147, time=1.9s
2025-10-21 09:01:20,308 - INFO - Epoch 69: train_loss=0.0603, train_acc=0.4646, dev_loss=0.0629, dev_acc=0.3963, time=1.8s
2025-10-21 09:01:22,282 - INFO - Epoch 70: train_loss=0.0599, train_acc=0.4600, dev_loss=0.0627, dev_acc=0.4147, time=2.0s
2025-10-21 09:01:24,675 - INFO - Epoch 71: train_loss=0.0604, train_acc=0.4538, dev_loss=0.0626, dev_acc=0.4240, time=2.4s
2025-10-21 09:01:26,797 - INFO - Epoch 72: train_loss=0.0595, train_acc=0.4600, dev_loss=0.0625, dev_acc=0.4240, time=2.1s
2025-10-21 09:01:28,706 - INFO - Epoch 73: train_loss=0.0607, train_acc=0.4538, dev_loss=0.0627, dev_acc=0.4286, time=1.9s
2025-10-21 09:01:30,567 - INFO - Epoch 74: train_loss=0.0600, train_acc=0.4585, dev_loss=0.0626, dev_acc=0.4240, time=1.9s
2025-10-21 09:01:32,343 - INFO - Epoch 75: train_loss=0.0598, train_acc=0.4554, dev_loss=0.0625, dev_acc=0.4286, time=1.8s
2025-10-21 09:01:34,462 - INFO - Epoch 76: train_loss=0.0594, train_acc=0.4708, dev_loss=0.0626, dev_acc=0.4240, time=2.1s
2025-10-21 09:01:36,539 - INFO - Epoch 77: train_loss=0.0600, train_acc=0.4585, dev_loss=0.0625, dev_acc=0.4286, time=2.1s
2025-10-21 09:01:38,440 - INFO - Epoch 78: train_loss=0.0603, train_acc=0.4646, dev_loss=0.0629, dev_acc=0.3963, time=1.9s
2025-10-21 09:01:40,331 - INFO - Epoch 79: train_loss=0.0600, train_acc=0.4446, dev_loss=0.0627, dev_acc=0.4194, time=1.9s
2025-10-21 09:01:42,012 - INFO - Epoch 80: train_loss=0.0601, train_acc=0.4585, dev_loss=0.0627, dev_acc=0.4240, time=1.7s
2025-10-21 09:01:43,835 - INFO - Epoch 81: train_loss=0.0600, train_acc=0.4508, dev_loss=0.0630, dev_acc=0.4009, time=1.8s
2025-10-21 09:01:45,767 - INFO - Epoch 82: train_loss=0.0605, train_acc=0.4446, dev_loss=0.0627, dev_acc=0.4194, time=1.9s
2025-10-21 09:01:47,591 - INFO - Epoch 83: train_loss=0.0600, train_acc=0.4585, dev_loss=0.0628, dev_acc=0.4009, time=1.8s
2025-10-21 09:01:49,347 - INFO - Epoch 84: train_loss=0.0613, train_acc=0.4523, dev_loss=0.0626, dev_acc=0.4147, time=1.8s
2025-10-21 09:01:51,157 - INFO - Epoch 85: train_loss=0.0603, train_acc=0.4523, dev_loss=0.0627, dev_acc=0.4194, time=1.8s
2025-10-21 09:01:52,891 - INFO - Epoch 86: train_loss=0.0599, train_acc=0.4585, dev_loss=0.0627, dev_acc=0.4101, time=1.7s
2025-10-21 09:01:54,565 - INFO - Epoch 87: train_loss=0.0606, train_acc=0.4431, dev_loss=0.0625, dev_acc=0.4240, time=1.7s
2025-10-21 09:01:56,524 - INFO - Epoch 88: train_loss=0.0594, train_acc=0.4692, dev_loss=0.0625, dev_acc=0.4286, time=2.0s
2025-10-21 09:01:58,399 - INFO - Epoch 89: train_loss=0.0586, train_acc=0.4585, dev_loss=0.0626, dev_acc=0.4286, time=1.9s
2025-10-21 09:02:00,226 - INFO - Epoch 90: train_loss=0.0593, train_acc=0.4569, dev_loss=0.0626, dev_acc=0.4055, time=1.8s
2025-10-21 09:02:01,930 - INFO - Epoch 91: train_loss=0.0601, train_acc=0.4585, dev_loss=0.0626, dev_acc=0.4240, time=1.7s
2025-10-21 09:02:03,797 - INFO - Epoch 92: train_loss=0.0610, train_acc=0.4431, dev_loss=0.0628, dev_acc=0.4009, time=1.9s
2025-10-21 09:02:05,602 - INFO - Epoch 93: train_loss=0.0602, train_acc=0.4538, dev_loss=0.0626, dev_acc=0.4147, time=1.8s
2025-10-21 09:02:07,463 - INFO - Epoch 94: train_loss=0.0599, train_acc=0.4569, dev_loss=0.0627, dev_acc=0.4194, time=1.9s
2025-10-21 09:02:09,450 - INFO - Epoch 95: train_loss=0.0609, train_acc=0.4523, dev_loss=0.0626, dev_acc=0.4147, time=2.0s
2025-10-21 09:02:11,284 - INFO - Epoch 96: train_loss=0.0594, train_acc=0.4615, dev_loss=0.0626, dev_acc=0.4240, time=1.8s
2025-10-21 09:02:12,991 - INFO - Epoch 97: train_loss=0.0608, train_acc=0.4631, dev_loss=0.0627, dev_acc=0.4194, time=1.7s
2025-10-21 09:02:14,776 - INFO - Epoch 98: train_loss=0.0603, train_acc=0.4662, dev_loss=0.0627, dev_acc=0.4194, time=1.8s
2025-10-21 09:02:16,565 - INFO - Epoch 99: train_loss=0.0597, train_acc=0.4600, dev_loss=0.0626, dev_acc=0.4240, time=1.8s
2025-10-21 09:02:18,684 - INFO - Epoch 100: train_loss=0.0592, train_acc=0.4523, dev_loss=0.0624, dev_acc=0.4240, time=2.1s
2025-10-21 09:02:20,889 - INFO - Epoch 101: train_loss=0.0598, train_acc=0.4600, dev_loss=0.0625, dev_acc=0.4101, time=2.2s
2025-10-21 09:02:22,928 - INFO - Epoch 102: train_loss=0.0598, train_acc=0.4554, dev_loss=0.0625, dev_acc=0.4101, time=2.0s
2025-10-21 09:02:24,821 - INFO - Epoch 103: train_loss=0.0603, train_acc=0.4538, dev_loss=0.0625, dev_acc=0.4286, time=1.9s
2025-10-21 09:02:26,667 - INFO - Epoch 104: train_loss=0.0592, train_acc=0.4600, dev_loss=0.0625, dev_acc=0.4286, time=1.8s
2025-10-21 09:02:28,435 - INFO - Epoch 105: train_loss=0.0602, train_acc=0.4538, dev_loss=0.0625, dev_acc=0.4240, time=1.8s
2025-10-21 09:02:30,804 - INFO - Epoch 106: train_loss=0.0599, train_acc=0.4600, dev_loss=0.0626, dev_acc=0.4147, time=2.4s
2025-10-21 09:02:32,883 - INFO - Epoch 107: train_loss=0.0593, train_acc=0.4600, dev_loss=0.0627, dev_acc=0.4194, time=2.1s
2025-10-21 09:02:34,845 - INFO - Epoch 108: train_loss=0.0600, train_acc=0.4785, dev_loss=0.0625, dev_acc=0.4194, time=2.0s
2025-10-21 09:02:36,518 - INFO - Epoch 109: train_loss=0.0604, train_acc=0.4569, dev_loss=0.0625, dev_acc=0.4194, time=1.7s
2025-10-21 09:02:38,319 - INFO - Epoch 110: train_loss=0.0607, train_acc=0.4646, dev_loss=0.0627, dev_acc=0.4240, time=1.8s
2025-10-21 09:02:38,320 - INFO - 早停触发: 最佳轮次=10, 最佳验证准确率=0.4286
2025-10-21 09:02:38,665 - INFO - 第 3 折测试: 损失=0.0571, 准确率=0.4977, F1=0.4155
2025-10-21 09:02:38,665 - INFO - 
----- 第 4/5 折 -----
2025-10-21 09:02:38,727 - INFO - 训练设备: cpu | 融合方法: pmdf | 模态组合: ['face', 'tongue']
2025-10-21 09:02:40,952 - INFO - Epoch 1: train_loss=0.0596, train_acc=0.4769, dev_loss=0.0626, dev_acc=0.4009, time=2.2s
2025-10-21 09:02:43,219 - INFO - Epoch 2: train_loss=0.0593, train_acc=0.4769, dev_loss=0.0626, dev_acc=0.4055, time=2.2s
2025-10-21 09:02:45,379 - INFO - Epoch 3: train_loss=0.0593, train_acc=0.4662, dev_loss=0.0626, dev_acc=0.3963, time=2.1s
2025-10-21 09:02:47,310 - INFO - Epoch 4: train_loss=0.0597, train_acc=0.4462, dev_loss=0.0626, dev_acc=0.4147, time=1.9s
2025-10-21 09:02:49,192 - INFO - Epoch 5: train_loss=0.0588, train_acc=0.4769, dev_loss=0.0625, dev_acc=0.4101, time=1.9s
2025-10-21 09:02:51,353 - INFO - Epoch 6: train_loss=0.0606, train_acc=0.4692, dev_loss=0.0626, dev_acc=0.4147, time=2.2s
2025-10-21 09:02:53,369 - INFO - Epoch 7: train_loss=0.0595, train_acc=0.4708, dev_loss=0.0625, dev_acc=0.4101, time=2.0s
2025-10-21 09:02:55,271 - INFO - Epoch 8: train_loss=0.0594, train_acc=0.4723, dev_loss=0.0626, dev_acc=0.4101, time=1.9s
2025-10-21 09:02:57,221 - INFO - Epoch 9: train_loss=0.0596, train_acc=0.4662, dev_loss=0.0627, dev_acc=0.4055, time=1.9s
2025-10-21 09:02:59,089 - INFO - Epoch 10: train_loss=0.0597, train_acc=0.4785, dev_loss=0.0626, dev_acc=0.4009, time=1.9s
2025-10-21 09:03:00,936 - INFO - Epoch 11: train_loss=0.0601, train_acc=0.4538, dev_loss=0.0625, dev_acc=0.4055, time=1.8s
2025-10-21 09:03:03,054 - INFO - Epoch 12: train_loss=0.0587, train_acc=0.4585, dev_loss=0.0625, dev_acc=0.4147, time=2.1s
2025-10-21 09:03:05,090 - INFO - Epoch 13: train_loss=0.0584, train_acc=0.4862, dev_loss=0.0625, dev_acc=0.4147, time=2.0s
2025-10-21 09:03:06,974 - INFO - Epoch 14: train_loss=0.0605, train_acc=0.4538, dev_loss=0.0625, dev_acc=0.4055, time=1.9s
2025-10-21 09:03:09,032 - INFO - Epoch 15: train_loss=0.0592, train_acc=0.4631, dev_loss=0.0626, dev_acc=0.4147, time=2.1s
2025-10-21 09:03:11,275 - INFO - Epoch 16: train_loss=0.0597, train_acc=0.4523, dev_loss=0.0626, dev_acc=0.4055, time=2.2s
2025-10-21 09:03:13,695 - INFO - Epoch 17: train_loss=0.0593, train_acc=0.4785, dev_loss=0.0625, dev_acc=0.4101, time=2.4s
2025-10-21 09:03:15,620 - INFO - Epoch 18: train_loss=0.0590, train_acc=0.4723, dev_loss=0.0626, dev_acc=0.4101, time=1.9s
2025-10-21 09:03:17,272 - INFO - Epoch 19: train_loss=0.0595, train_acc=0.4723, dev_loss=0.0626, dev_acc=0.4055, time=1.7s
2025-10-21 09:03:18,960 - INFO - Epoch 20: train_loss=0.0588, train_acc=0.4662, dev_loss=0.0627, dev_acc=0.3963, time=1.7s
2025-10-21 09:03:20,613 - INFO - Epoch 21: train_loss=0.0600, train_acc=0.4523, dev_loss=0.0626, dev_acc=0.4101, time=1.7s
2025-10-21 09:03:22,169 - INFO - Epoch 22: train_loss=0.0594, train_acc=0.4738, dev_loss=0.0626, dev_acc=0.4009, time=1.6s
2025-10-21 09:03:23,699 - INFO - Epoch 23: train_loss=0.0591, train_acc=0.4738, dev_loss=0.0625, dev_acc=0.4009, time=1.5s
2025-10-21 09:03:25,326 - INFO - Epoch 24: train_loss=0.0590, train_acc=0.4692, dev_loss=0.0627, dev_acc=0.3963, time=1.6s
2025-10-21 09:03:26,941 - INFO - Epoch 25: train_loss=0.0600, train_acc=0.4785, dev_loss=0.0626, dev_acc=0.4009, time=1.6s
2025-10-21 09:03:28,606 - INFO - Epoch 26: train_loss=0.0599, train_acc=0.4446, dev_loss=0.0626, dev_acc=0.4055, time=1.7s
2025-10-21 09:03:30,428 - INFO - Epoch 27: train_loss=0.0595, train_acc=0.4585, dev_loss=0.0627, dev_acc=0.4009, time=1.8s
2025-10-21 09:03:32,112 - INFO - Epoch 28: train_loss=0.0601, train_acc=0.4600, dev_loss=0.0625, dev_acc=0.4055, time=1.7s
2025-10-21 09:03:33,627 - INFO - Epoch 29: train_loss=0.0600, train_acc=0.4646, dev_loss=0.0626, dev_acc=0.4055, time=1.5s
2025-10-21 09:03:35,149 - INFO - Epoch 30: train_loss=0.0600, train_acc=0.4846, dev_loss=0.0626, dev_acc=0.4009, time=1.5s
2025-10-21 09:03:36,779 - INFO - Epoch 31: train_loss=0.0589, train_acc=0.4692, dev_loss=0.0625, dev_acc=0.4101, time=1.6s
2025-10-21 09:03:38,340 - INFO - Epoch 32: train_loss=0.0596, train_acc=0.4831, dev_loss=0.0626, dev_acc=0.4055, time=1.6s
2025-10-21 09:03:39,953 - INFO - Epoch 33: train_loss=0.0594, train_acc=0.4769, dev_loss=0.0627, dev_acc=0.4055, time=1.6s
2025-10-21 09:03:41,645 - INFO - Epoch 34: train_loss=0.0604, train_acc=0.4477, dev_loss=0.0625, dev_acc=0.4101, time=1.7s
2025-10-21 09:03:43,314 - INFO - Epoch 35: train_loss=0.0594, train_acc=0.4662, dev_loss=0.0626, dev_acc=0.4009, time=1.7s
2025-10-21 09:03:44,939 - INFO - Epoch 36: train_loss=0.0601, train_acc=0.4477, dev_loss=0.0625, dev_acc=0.4009, time=1.6s
2025-10-21 09:03:46,451 - INFO - Epoch 37: train_loss=0.0601, train_acc=0.4738, dev_loss=0.0625, dev_acc=0.4101, time=1.5s
2025-10-21 09:03:47,990 - INFO - Epoch 38: train_loss=0.0593, train_acc=0.4554, dev_loss=0.0625, dev_acc=0.4009, time=1.5s
2025-10-21 09:03:49,608 - INFO - Epoch 39: train_loss=0.0600, train_acc=0.4615, dev_loss=0.0625, dev_acc=0.4009, time=1.6s
2025-10-21 09:03:51,241 - INFO - Epoch 40: train_loss=0.0602, train_acc=0.4677, dev_loss=0.0626, dev_acc=0.4101, time=1.6s
2025-10-21 09:03:52,847 - INFO - Epoch 41: train_loss=0.0587, train_acc=0.4708, dev_loss=0.0626, dev_acc=0.4055, time=1.6s
2025-10-21 09:03:54,595 - INFO - Epoch 42: train_loss=0.0592, train_acc=0.4585, dev_loss=0.0625, dev_acc=0.4101, time=1.7s
2025-10-21 09:03:56,254 - INFO - Epoch 43: train_loss=0.0597, train_acc=0.4662, dev_loss=0.0625, dev_acc=0.4009, time=1.7s
2025-10-21 09:03:57,833 - INFO - Epoch 44: train_loss=0.0591, train_acc=0.4585, dev_loss=0.0626, dev_acc=0.4101, time=1.6s
2025-10-21 09:03:59,318 - INFO - Epoch 45: train_loss=0.0592, train_acc=0.4523, dev_loss=0.0626, dev_acc=0.4101, time=1.5s
2025-10-21 09:04:00,997 - INFO - Epoch 46: train_loss=0.0600, train_acc=0.4585, dev_loss=0.0627, dev_acc=0.4009, time=1.7s
2025-10-21 09:04:02,599 - INFO - Epoch 47: train_loss=0.0602, train_acc=0.4692, dev_loss=0.0625, dev_acc=0.4194, time=1.6s
2025-10-21 09:04:04,209 - INFO - Epoch 48: train_loss=0.0596, train_acc=0.4754, dev_loss=0.0626, dev_acc=0.3963, time=1.6s
2025-10-21 09:04:05,905 - INFO - Epoch 49: train_loss=0.0589, train_acc=0.4662, dev_loss=0.0626, dev_acc=0.4055, time=1.7s
2025-10-21 09:04:07,596 - INFO - Epoch 50: train_loss=0.0595, train_acc=0.4815, dev_loss=0.0625, dev_acc=0.4101, time=1.7s
2025-10-21 09:04:09,196 - INFO - Epoch 51: train_loss=0.0602, train_acc=0.4646, dev_loss=0.0626, dev_acc=0.4101, time=1.6s
2025-10-21 09:04:10,773 - INFO - Epoch 52: train_loss=0.0596, train_acc=0.4738, dev_loss=0.0626, dev_acc=0.4147, time=1.6s
2025-10-21 09:04:12,359 - INFO - Epoch 53: train_loss=0.0594, train_acc=0.4615, dev_loss=0.0625, dev_acc=0.4101, time=1.6s
2025-10-21 09:04:13,937 - INFO - Epoch 54: train_loss=0.0599, train_acc=0.4492, dev_loss=0.0627, dev_acc=0.4055, time=1.6s
2025-10-21 09:04:15,531 - INFO - Epoch 55: train_loss=0.0598, train_acc=0.4615, dev_loss=0.0625, dev_acc=0.4009, time=1.6s
2025-10-21 09:04:17,202 - INFO - Epoch 56: train_loss=0.0596, train_acc=0.4708, dev_loss=0.0626, dev_acc=0.4101, time=1.7s
2025-10-21 09:04:18,870 - INFO - Epoch 57: train_loss=0.0590, train_acc=0.4892, dev_loss=0.0625, dev_acc=0.4147, time=1.7s
2025-10-21 09:04:20,552 - INFO - Epoch 58: train_loss=0.0596, train_acc=0.4569, dev_loss=0.0625, dev_acc=0.4101, time=1.7s
2025-10-21 09:04:22,086 - INFO - Epoch 59: train_loss=0.0595, train_acc=0.4677, dev_loss=0.0624, dev_acc=0.4147, time=1.5s
2025-10-21 09:04:23,640 - INFO - Epoch 60: train_loss=0.0591, train_acc=0.4738, dev_loss=0.0625, dev_acc=0.4009, time=1.6s
2025-10-21 09:04:25,273 - INFO - Epoch 61: train_loss=0.0591, train_acc=0.4600, dev_loss=0.0626, dev_acc=0.3963, time=1.6s
2025-10-21 09:04:26,909 - INFO - Epoch 62: train_loss=0.0599, train_acc=0.4600, dev_loss=0.0625, dev_acc=0.4101, time=1.6s
2025-10-21 09:04:28,641 - INFO - Epoch 63: train_loss=0.0600, train_acc=0.4738, dev_loss=0.0626, dev_acc=0.4055, time=1.7s
2025-10-21 09:04:30,352 - INFO - Epoch 64: train_loss=0.0589, train_acc=0.4692, dev_loss=0.0626, dev_acc=0.4009, time=1.7s
2025-10-21 09:04:32,146 - INFO - Epoch 65: train_loss=0.0585, train_acc=0.4569, dev_loss=0.0627, dev_acc=0.4009, time=1.8s
2025-10-21 09:04:34,068 - INFO - Epoch 66: train_loss=0.0594, train_acc=0.4631, dev_loss=0.0626, dev_acc=0.4055, time=1.9s
2025-10-21 09:04:36,104 - INFO - Epoch 67: train_loss=0.0589, train_acc=0.4692, dev_loss=0.0626, dev_acc=0.4009, time=2.0s
2025-10-21 09:04:38,000 - INFO - Epoch 68: train_loss=0.0589, train_acc=0.4723, dev_loss=0.0626, dev_acc=0.4101, time=1.9s
2025-10-21 09:04:39,908 - INFO - Epoch 69: train_loss=0.0592, train_acc=0.4800, dev_loss=0.0626, dev_acc=0.4055, time=1.9s
2025-10-21 09:04:41,959 - INFO - Epoch 70: train_loss=0.0602, train_acc=0.4600, dev_loss=0.0625, dev_acc=0.4101, time=2.1s
2025-10-21 09:04:43,998 - INFO - Epoch 71: train_loss=0.0600, train_acc=0.4585, dev_loss=0.0626, dev_acc=0.4009, time=2.0s
2025-10-21 09:04:45,976 - INFO - Epoch 72: train_loss=0.0590, train_acc=0.4785, dev_loss=0.0624, dev_acc=0.4147, time=2.0s
2025-10-21 09:04:47,928 - INFO - Epoch 73: train_loss=0.0592, train_acc=0.4754, dev_loss=0.0625, dev_acc=0.4101, time=2.0s
2025-10-21 09:04:49,777 - INFO - Epoch 74: train_loss=0.0589, train_acc=0.4738, dev_loss=0.0626, dev_acc=0.4147, time=1.8s
2025-10-21 09:04:51,655 - INFO - Epoch 75: train_loss=0.0596, train_acc=0.4523, dev_loss=0.0627, dev_acc=0.4055, time=1.9s
2025-10-21 09:04:53,662 - INFO - Epoch 76: train_loss=0.0584, train_acc=0.4723, dev_loss=0.0628, dev_acc=0.4009, time=2.0s
2025-10-21 09:04:55,651 - INFO - Epoch 77: train_loss=0.0594, train_acc=0.4600, dev_loss=0.0626, dev_acc=0.4009, time=2.0s
2025-10-21 09:04:57,607 - INFO - Epoch 78: train_loss=0.0599, train_acc=0.4631, dev_loss=0.0626, dev_acc=0.4009, time=2.0s
2025-10-21 09:04:59,434 - INFO - Epoch 79: train_loss=0.0603, train_acc=0.4708, dev_loss=0.0626, dev_acc=0.4055, time=1.8s
2025-10-21 09:05:01,339 - INFO - Epoch 80: train_loss=0.0600, train_acc=0.4646, dev_loss=0.0625, dev_acc=0.4147, time=1.9s
2025-10-21 09:05:03,198 - INFO - Epoch 81: train_loss=0.0594, train_acc=0.4846, dev_loss=0.0626, dev_acc=0.3963, time=1.9s
2025-10-21 09:05:05,320 - INFO - Epoch 82: train_loss=0.0594, train_acc=0.4508, dev_loss=0.0626, dev_acc=0.4147, time=2.1s
2025-10-21 09:05:07,613 - INFO - Epoch 83: train_loss=0.0594, train_acc=0.4600, dev_loss=0.0626, dev_acc=0.4009, time=2.3s
2025-10-21 09:05:09,724 - INFO - Epoch 84: train_loss=0.0585, train_acc=0.4769, dev_loss=0.0625, dev_acc=0.4009, time=2.1s
2025-10-21 09:05:11,876 - INFO - Epoch 85: train_loss=0.0605, train_acc=0.4662, dev_loss=0.0626, dev_acc=0.4009, time=2.2s
2025-10-21 09:05:13,771 - INFO - Epoch 86: train_loss=0.0590, train_acc=0.4723, dev_loss=0.0626, dev_acc=0.4055, time=1.9s
2025-10-21 09:05:15,998 - INFO - Epoch 87: train_loss=0.0605, train_acc=0.4492, dev_loss=0.0626, dev_acc=0.3963, time=2.2s
2025-10-21 09:05:18,299 - INFO - Epoch 88: train_loss=0.0591, train_acc=0.4662, dev_loss=0.0626, dev_acc=0.3963, time=2.3s
2025-10-21 09:05:20,421 - INFO - Epoch 89: train_loss=0.0590, train_acc=0.4708, dev_loss=0.0628, dev_acc=0.4009, time=2.1s
2025-10-21 09:05:22,519 - INFO - Epoch 90: train_loss=0.0598, train_acc=0.4631, dev_loss=0.0626, dev_acc=0.4055, time=2.1s
2025-10-21 09:05:24,666 - INFO - Epoch 91: train_loss=0.0600, train_acc=0.4569, dev_loss=0.0626, dev_acc=0.3963, time=2.1s
2025-10-21 09:05:27,108 - INFO - Epoch 92: train_loss=0.0590, train_acc=0.4523, dev_loss=0.0626, dev_acc=0.4147, time=2.4s
2025-10-21 09:05:29,325 - INFO - Epoch 93: train_loss=0.0600, train_acc=0.4585, dev_loss=0.0626, dev_acc=0.4101, time=2.2s
2025-10-21 09:05:31,389 - INFO - Epoch 94: train_loss=0.0609, train_acc=0.4492, dev_loss=0.0626, dev_acc=0.3963, time=2.1s
2025-10-21 09:05:33,353 - INFO - Epoch 95: train_loss=0.0589, train_acc=0.4800, dev_loss=0.0626, dev_acc=0.4055, time=2.0s
2025-10-21 09:05:35,413 - INFO - Epoch 96: train_loss=0.0592, train_acc=0.4831, dev_loss=0.0625, dev_acc=0.4055, time=2.1s
2025-10-21 09:05:37,739 - INFO - Epoch 97: train_loss=0.0586, train_acc=0.4554, dev_loss=0.0626, dev_acc=0.4009, time=2.3s
2025-10-21 09:05:39,916 - INFO - Epoch 98: train_loss=0.0590, train_acc=0.4662, dev_loss=0.0625, dev_acc=0.4009, time=2.2s
2025-10-21 09:05:42,004 - INFO - Epoch 99: train_loss=0.0590, train_acc=0.4631, dev_loss=0.0626, dev_acc=0.4147, time=2.1s
2025-10-21 09:05:43,868 - INFO - Epoch 100: train_loss=0.0585, train_acc=0.4646, dev_loss=0.0626, dev_acc=0.4055, time=1.9s
2025-10-21 09:05:46,081 - INFO - Epoch 101: train_loss=0.0592, train_acc=0.4646, dev_loss=0.0627, dev_acc=0.4009, time=2.2s
2025-10-21 09:05:48,355 - INFO - Epoch 102: train_loss=0.0594, train_acc=0.4677, dev_loss=0.0627, dev_acc=0.4009, time=2.3s
2025-10-21 09:05:50,549 - INFO - Epoch 103: train_loss=0.0587, train_acc=0.4538, dev_loss=0.0626, dev_acc=0.4055, time=2.2s
2025-10-21 09:05:52,748 - INFO - Epoch 104: train_loss=0.0593, train_acc=0.4492, dev_loss=0.0626, dev_acc=0.4055, time=2.2s
2025-10-21 09:05:55,619 - INFO - Epoch 105: train_loss=0.0597, train_acc=0.4554, dev_loss=0.0625, dev_acc=0.4009, time=2.9s
2025-10-21 09:05:58,551 - INFO - Epoch 106: train_loss=0.0590, train_acc=0.4631, dev_loss=0.0627, dev_acc=0.4009, time=2.9s
2025-10-21 09:06:01,039 - INFO - Epoch 107: train_loss=0.0589, train_acc=0.4754, dev_loss=0.0626, dev_acc=0.4009, time=2.5s
2025-10-21 09:06:03,257 - INFO - Epoch 108: train_loss=0.0590, train_acc=0.4754, dev_loss=0.0625, dev_acc=0.3917, time=2.2s
2025-10-21 09:06:05,421 - INFO - Epoch 109: train_loss=0.0604, train_acc=0.4692, dev_loss=0.0627, dev_acc=0.4009, time=2.2s
2025-10-21 09:06:07,311 - INFO - Epoch 110: train_loss=0.0594, train_acc=0.4677, dev_loss=0.0627, dev_acc=0.4009, time=1.9s
2025-10-21 09:06:09,407 - INFO - Epoch 111: train_loss=0.0590, train_acc=0.4692, dev_loss=0.0626, dev_acc=0.4101, time=2.1s
2025-10-21 09:06:11,897 - INFO - Epoch 112: train_loss=0.0596, train_acc=0.4769, dev_loss=0.0625, dev_acc=0.4101, time=2.5s
2025-10-21 09:06:14,000 - INFO - Epoch 113: train_loss=0.0588, train_acc=0.4738, dev_loss=0.0627, dev_acc=0.3963, time=2.1s
2025-10-21 09:06:16,127 - INFO - Epoch 114: train_loss=0.0592, train_acc=0.4692, dev_loss=0.0626, dev_acc=0.3963, time=2.1s
2025-10-21 09:06:18,106 - INFO - Epoch 115: train_loss=0.0588, train_acc=0.4877, dev_loss=0.0625, dev_acc=0.4101, time=2.0s
2025-10-21 09:06:20,572 - INFO - Epoch 116: train_loss=0.0596, train_acc=0.4569, dev_loss=0.0625, dev_acc=0.4055, time=2.5s
2025-10-21 09:06:22,659 - INFO - Epoch 117: train_loss=0.0589, train_acc=0.4723, dev_loss=0.0626, dev_acc=0.4009, time=2.1s
2025-10-21 09:06:24,582 - INFO - Epoch 118: train_loss=0.0594, train_acc=0.4738, dev_loss=0.0626, dev_acc=0.4147, time=1.9s
2025-10-21 09:06:26,536 - INFO - Epoch 119: train_loss=0.0580, train_acc=0.4877, dev_loss=0.0625, dev_acc=0.4055, time=2.0s
2025-10-21 09:06:28,447 - INFO - Epoch 120: train_loss=0.0590, train_acc=0.4662, dev_loss=0.0625, dev_acc=0.4055, time=1.9s
2025-10-21 09:06:30,359 - INFO - Epoch 121: train_loss=0.0590, train_acc=0.4800, dev_loss=0.0626, dev_acc=0.4009, time=1.9s
2025-10-21 09:06:32,553 - INFO - Epoch 122: train_loss=0.0597, train_acc=0.4831, dev_loss=0.0625, dev_acc=0.4101, time=2.2s
2025-10-21 09:06:34,575 - INFO - Epoch 123: train_loss=0.0595, train_acc=0.4662, dev_loss=0.0625, dev_acc=0.4055, time=2.0s
2025-10-21 09:06:36,507 - INFO - Epoch 124: train_loss=0.0595, train_acc=0.4600, dev_loss=0.0625, dev_acc=0.3963, time=1.9s
2025-10-21 09:06:38,418 - INFO - Epoch 125: train_loss=0.0595, train_acc=0.4723, dev_loss=0.0626, dev_acc=0.4101, time=1.9s
2025-10-21 09:06:40,290 - INFO - Epoch 126: train_loss=0.0602, train_acc=0.4646, dev_loss=0.0626, dev_acc=0.4055, time=1.9s
2025-10-21 09:06:42,192 - INFO - Epoch 127: train_loss=0.0584, train_acc=0.4554, dev_loss=0.0626, dev_acc=0.4101, time=1.9s
2025-10-21 09:06:44,312 - INFO - Epoch 128: train_loss=0.0588, train_acc=0.4646, dev_loss=0.0626, dev_acc=0.4009, time=2.1s
2025-10-21 09:06:46,358 - INFO - Epoch 129: train_loss=0.0592, train_acc=0.4677, dev_loss=0.0626, dev_acc=0.4147, time=2.0s
2025-10-21 09:06:48,270 - INFO - Epoch 130: train_loss=0.0598, train_acc=0.4600, dev_loss=0.0626, dev_acc=0.4009, time=1.9s
2025-10-21 09:06:50,239 - INFO - Epoch 131: train_loss=0.0589, train_acc=0.4815, dev_loss=0.0626, dev_acc=0.4101, time=2.0s
2025-10-21 09:06:52,163 - INFO - Epoch 132: train_loss=0.0584, train_acc=0.4723, dev_loss=0.0627, dev_acc=0.4147, time=1.9s
2025-10-21 09:06:54,092 - INFO - Epoch 133: train_loss=0.0593, train_acc=0.4738, dev_loss=0.0626, dev_acc=0.4101, time=1.9s
2025-10-21 09:06:56,320 - INFO - Epoch 134: train_loss=0.0600, train_acc=0.4692, dev_loss=0.0627, dev_acc=0.3963, time=2.2s
2025-10-21 09:06:58,415 - INFO - Epoch 135: train_loss=0.0591, train_acc=0.4662, dev_loss=0.0624, dev_acc=0.4009, time=2.1s
2025-10-21 09:07:00,352 - INFO - Epoch 136: train_loss=0.0595, train_acc=0.4631, dev_loss=0.0627, dev_acc=0.4009, time=1.9s
2025-10-21 09:07:02,341 - INFO - Epoch 137: train_loss=0.0598, train_acc=0.4738, dev_loss=0.0626, dev_acc=0.4055, time=2.0s
2025-10-21 09:07:04,218 - INFO - Epoch 138: train_loss=0.0596, train_acc=0.4554, dev_loss=0.0626, dev_acc=0.4055, time=1.9s
2025-10-21 09:07:06,193 - INFO - Epoch 139: train_loss=0.0593, train_acc=0.4785, dev_loss=0.0626, dev_acc=0.4147, time=2.0s
2025-10-21 09:07:08,348 - INFO - Epoch 140: train_loss=0.0586, train_acc=0.4815, dev_loss=0.0626, dev_acc=0.4147, time=2.2s
2025-10-21 09:07:10,410 - INFO - Epoch 141: train_loss=0.0595, train_acc=0.4538, dev_loss=0.0626, dev_acc=0.3963, time=2.1s
2025-10-21 09:07:12,280 - INFO - Epoch 142: train_loss=0.0590, train_acc=0.4585, dev_loss=0.0625, dev_acc=0.4101, time=1.9s
2025-10-21 09:07:14,252 - INFO - Epoch 143: train_loss=0.0593, train_acc=0.4723, dev_loss=0.0626, dev_acc=0.4009, time=2.0s
2025-10-21 09:07:16,160 - INFO - Epoch 144: train_loss=0.0612, train_acc=0.4646, dev_loss=0.0626, dev_acc=0.3963, time=1.9s
2025-10-21 09:07:18,082 - INFO - Epoch 145: train_loss=0.0594, train_acc=0.4615, dev_loss=0.0625, dev_acc=0.3963, time=1.9s
2025-10-21 09:07:20,199 - INFO - Epoch 146: train_loss=0.0597, train_acc=0.4708, dev_loss=0.0625, dev_acc=0.4147, time=2.1s
2025-10-21 09:07:22,221 - INFO - Epoch 147: train_loss=0.0591, train_acc=0.4815, dev_loss=0.0626, dev_acc=0.3963, time=2.0s
2025-10-21 09:07:22,222 - INFO - 早停触发: 最佳轮次=47, 最佳验证准确率=0.4194
2025-10-21 09:07:22,557 - INFO - 第 4 折测试: 损失=0.0589, 准确率=0.4793, F1=0.4098
2025-10-21 09:07:22,559 - INFO - 
----- 第 5/5 折 -----
2025-10-21 09:07:22,667 - INFO - 训练设备: cpu | 融合方法: pmdf | 模态组合: ['face', 'tongue']
2025-10-21 09:07:24,485 - INFO - Epoch 1: train_loss=0.0603, train_acc=0.4562, dev_loss=0.0611, dev_acc=0.4470, time=1.8s
2025-10-21 09:07:26,379 - INFO - Epoch 2: train_loss=0.0599, train_acc=0.4639, dev_loss=0.0611, dev_acc=0.4424, time=1.9s
2025-10-21 09:07:28,178 - INFO - Epoch 3: train_loss=0.0602, train_acc=0.4608, dev_loss=0.0613, dev_acc=0.4378, time=1.8s
2025-10-21 09:07:30,110 - INFO - Epoch 4: train_loss=0.0603, train_acc=0.4562, dev_loss=0.0610, dev_acc=0.4470, time=1.9s
2025-10-21 09:07:32,133 - INFO - Epoch 5: train_loss=0.0590, train_acc=0.4762, dev_loss=0.0613, dev_acc=0.4332, time=2.0s
2025-10-21 09:07:34,015 - INFO - Epoch 6: train_loss=0.0590, train_acc=0.4639, dev_loss=0.0611, dev_acc=0.4424, time=1.9s
2025-10-21 09:07:35,781 - INFO - Epoch 7: train_loss=0.0599, train_acc=0.4731, dev_loss=0.0613, dev_acc=0.4424, time=1.8s
2025-10-21 09:07:37,690 - INFO - Epoch 8: train_loss=0.0601, train_acc=0.4639, dev_loss=0.0612, dev_acc=0.4516, time=1.9s
2025-10-21 09:07:39,505 - INFO - Epoch 9: train_loss=0.0599, train_acc=0.4562, dev_loss=0.0610, dev_acc=0.4516, time=1.8s
2025-10-21 09:07:41,221 - INFO - Epoch 10: train_loss=0.0607, train_acc=0.4654, dev_loss=0.0611, dev_acc=0.4424, time=1.7s
2025-10-21 09:07:43,180 - INFO - Epoch 11: train_loss=0.0602, train_acc=0.4731, dev_loss=0.0612, dev_acc=0.4516, time=2.0s
2025-10-21 09:07:45,106 - INFO - Epoch 12: train_loss=0.0602, train_acc=0.4808, dev_loss=0.0611, dev_acc=0.4424, time=1.9s
2025-10-21 09:07:46,892 - INFO - Epoch 13: train_loss=0.0608, train_acc=0.4731, dev_loss=0.0611, dev_acc=0.4516, time=1.8s
2025-10-21 09:07:48,715 - INFO - Epoch 14: train_loss=0.0593, train_acc=0.4793, dev_loss=0.0614, dev_acc=0.4378, time=1.8s
2025-10-21 09:07:50,380 - INFO - Epoch 15: train_loss=0.0605, train_acc=0.4485, dev_loss=0.0615, dev_acc=0.4332, time=1.7s
2025-10-21 09:07:52,193 - INFO - Epoch 16: train_loss=0.0599, train_acc=0.4731, dev_loss=0.0614, dev_acc=0.4378, time=1.8s
2025-10-21 09:07:54,194 - INFO - Epoch 17: train_loss=0.0592, train_acc=0.4578, dev_loss=0.0614, dev_acc=0.4332, time=2.0s
2025-10-21 09:07:56,103 - INFO - Epoch 18: train_loss=0.0602, train_acc=0.4670, dev_loss=0.0616, dev_acc=0.4240, time=1.9s
2025-10-21 09:07:57,921 - INFO - Epoch 19: train_loss=0.0602, train_acc=0.4808, dev_loss=0.0611, dev_acc=0.4470, time=1.8s
2025-10-21 09:07:59,729 - INFO - Epoch 20: train_loss=0.0604, train_acc=0.4670, dev_loss=0.0611, dev_acc=0.4470, time=1.8s
2025-10-21 09:08:01,576 - INFO - Epoch 21: train_loss=0.0603, train_acc=0.4793, dev_loss=0.0612, dev_acc=0.4332, time=1.8s
2025-10-21 09:08:03,433 - INFO - Epoch 22: train_loss=0.0601, train_acc=0.4639, dev_loss=0.0611, dev_acc=0.4378, time=1.9s
2025-10-21 09:08:05,434 - INFO - Epoch 23: train_loss=0.0604, train_acc=0.4608, dev_loss=0.0612, dev_acc=0.4470, time=2.0s
2025-10-21 09:08:07,374 - INFO - Epoch 24: train_loss=0.0598, train_acc=0.4578, dev_loss=0.0611, dev_acc=0.4516, time=1.9s
2025-10-21 09:08:09,232 - INFO - Epoch 25: train_loss=0.0593, train_acc=0.4700, dev_loss=0.0612, dev_acc=0.4424, time=1.9s
2025-10-21 09:08:11,060 - INFO - Epoch 26: train_loss=0.0612, train_acc=0.4762, dev_loss=0.0615, dev_acc=0.4332, time=1.8s
2025-10-21 09:08:12,868 - INFO - Epoch 27: train_loss=0.0597, train_acc=0.4808, dev_loss=0.0612, dev_acc=0.4286, time=1.8s
2025-10-21 09:08:14,563 - INFO - Epoch 28: train_loss=0.0609, train_acc=0.4731, dev_loss=0.0611, dev_acc=0.4470, time=1.7s
2025-10-21 09:08:16,309 - INFO - Epoch 29: train_loss=0.0602, train_acc=0.4716, dev_loss=0.0612, dev_acc=0.4332, time=1.7s
2025-10-21 09:08:18,307 - INFO - Epoch 30: train_loss=0.0600, train_acc=0.4762, dev_loss=0.0614, dev_acc=0.4378, time=2.0s
2025-10-21 09:08:20,227 - INFO - Epoch 31: train_loss=0.0606, train_acc=0.4516, dev_loss=0.0612, dev_acc=0.4378, time=1.9s
2025-10-21 09:08:22,023 - INFO - Epoch 32: train_loss=0.0595, train_acc=0.4608, dev_loss=0.0612, dev_acc=0.4378, time=1.8s
2025-10-21 09:08:23,877 - INFO - Epoch 33: train_loss=0.0608, train_acc=0.4562, dev_loss=0.0613, dev_acc=0.4378, time=1.9s
2025-10-21 09:08:25,624 - INFO - Epoch 34: train_loss=0.0605, train_acc=0.4624, dev_loss=0.0612, dev_acc=0.4332, time=1.7s
2025-10-21 09:08:27,398 - INFO - Epoch 35: train_loss=0.0596, train_acc=0.4777, dev_loss=0.0613, dev_acc=0.4378, time=1.8s
2025-10-21 09:08:29,315 - INFO - Epoch 36: train_loss=0.0605, train_acc=0.4916, dev_loss=0.0612, dev_acc=0.4470, time=1.9s
2025-10-21 09:08:31,222 - INFO - Epoch 37: train_loss=0.0600, train_acc=0.4531, dev_loss=0.0610, dev_acc=0.4424, time=1.9s
2025-10-21 09:08:33,016 - INFO - Epoch 38: train_loss=0.0606, train_acc=0.4731, dev_loss=0.0612, dev_acc=0.4424, time=1.8s
2025-10-21 09:08:34,835 - INFO - Epoch 39: train_loss=0.0585, train_acc=0.4777, dev_loss=0.0615, dev_acc=0.4286, time=1.8s
2025-10-21 09:08:36,814 - INFO - Epoch 40: train_loss=0.0589, train_acc=0.4593, dev_loss=0.0613, dev_acc=0.4470, time=2.0s
2025-10-21 09:08:39,356 - INFO - Epoch 41: train_loss=0.0599, train_acc=0.4608, dev_loss=0.0612, dev_acc=0.4378, time=2.5s
2025-10-21 09:08:41,825 - INFO - Epoch 42: train_loss=0.0600, train_acc=0.4670, dev_loss=0.0614, dev_acc=0.4378, time=2.5s
2025-10-21 09:08:44,167 - INFO - Epoch 43: train_loss=0.0599, train_acc=0.4608, dev_loss=0.0612, dev_acc=0.4470, time=2.3s
2025-10-21 09:08:46,219 - INFO - Epoch 44: train_loss=0.0602, train_acc=0.4608, dev_loss=0.0611, dev_acc=0.4424, time=2.1s
2025-10-21 09:08:48,155 - INFO - Epoch 45: train_loss=0.0591, train_acc=0.4808, dev_loss=0.0611, dev_acc=0.4470, time=1.9s
2025-10-21 09:08:50,269 - INFO - Epoch 46: train_loss=0.0604, train_acc=0.4777, dev_loss=0.0611, dev_acc=0.4516, time=2.1s
2025-10-21 09:08:52,278 - INFO - Epoch 47: train_loss=0.0607, train_acc=0.4762, dev_loss=0.0612, dev_acc=0.4424, time=2.0s
2025-10-21 09:08:54,246 - INFO - Epoch 48: train_loss=0.0607, train_acc=0.4424, dev_loss=0.0612, dev_acc=0.4378, time=2.0s
2025-10-21 09:08:56,305 - INFO - Epoch 49: train_loss=0.0605, train_acc=0.4639, dev_loss=0.0613, dev_acc=0.4332, time=2.1s
2025-10-21 09:08:58,204 - INFO - Epoch 50: train_loss=0.0609, train_acc=0.4685, dev_loss=0.0611, dev_acc=0.4516, time=1.9s
2025-10-21 09:09:00,251 - INFO - Epoch 51: train_loss=0.0609, train_acc=0.4624, dev_loss=0.0610, dev_acc=0.4562, time=2.0s
2025-10-21 09:09:02,179 - INFO - Epoch 52: train_loss=0.0603, train_acc=0.4685, dev_loss=0.0613, dev_acc=0.4378, time=1.9s
2025-10-21 09:09:04,208 - INFO - Epoch 53: train_loss=0.0603, train_acc=0.4608, dev_loss=0.0612, dev_acc=0.4424, time=2.0s
2025-10-21 09:09:06,192 - INFO - Epoch 54: train_loss=0.0595, train_acc=0.4685, dev_loss=0.0614, dev_acc=0.4332, time=2.0s
2025-10-21 09:09:08,152 - INFO - Epoch 55: train_loss=0.0599, train_acc=0.4700, dev_loss=0.0614, dev_acc=0.4378, time=2.0s
2025-10-21 09:09:10,277 - INFO - Epoch 56: train_loss=0.0590, train_acc=0.4762, dev_loss=0.0617, dev_acc=0.4240, time=2.1s
2025-10-21 09:09:12,241 - INFO - Epoch 57: train_loss=0.0608, train_acc=0.4485, dev_loss=0.0612, dev_acc=0.4332, time=2.0s
2025-10-21 09:09:14,301 - INFO - Epoch 58: train_loss=0.0606, train_acc=0.4854, dev_loss=0.0612, dev_acc=0.4378, time=2.1s
2025-10-21 09:09:16,287 - INFO - Epoch 59: train_loss=0.0609, train_acc=0.4624, dev_loss=0.0612, dev_acc=0.4424, time=2.0s
2025-10-21 09:09:18,273 - INFO - Epoch 60: train_loss=0.0601, train_acc=0.4531, dev_loss=0.0612, dev_acc=0.4470, time=2.0s
2025-10-21 09:09:20,535 - INFO - Epoch 61: train_loss=0.0595, train_acc=0.4762, dev_loss=0.0613, dev_acc=0.4332, time=2.3s
2025-10-21 09:09:23,060 - INFO - Epoch 62: train_loss=0.0602, train_acc=0.4624, dev_loss=0.0614, dev_acc=0.4378, time=2.5s
2025-10-21 09:09:25,637 - INFO - Epoch 63: train_loss=0.0600, train_acc=0.4700, dev_loss=0.0612, dev_acc=0.4332, time=2.6s
2025-10-21 09:09:28,185 - INFO - Epoch 64: train_loss=0.0593, train_acc=0.4793, dev_loss=0.0612, dev_acc=0.4470, time=2.5s
2025-10-21 09:09:30,693 - INFO - Epoch 65: train_loss=0.0600, train_acc=0.4578, dev_loss=0.0612, dev_acc=0.4378, time=2.5s
2025-10-21 09:09:33,062 - INFO - Epoch 66: train_loss=0.0613, train_acc=0.4439, dev_loss=0.0612, dev_acc=0.4470, time=2.4s
2025-10-21 09:09:35,630 - INFO - Epoch 67: train_loss=0.0603, train_acc=0.4562, dev_loss=0.0616, dev_acc=0.4240, time=2.6s
2025-10-21 09:09:38,042 - INFO - Epoch 68: train_loss=0.0606, train_acc=0.4624, dev_loss=0.0613, dev_acc=0.4378, time=2.4s
2025-10-21 09:09:40,457 - INFO - Epoch 69: train_loss=0.0593, train_acc=0.4716, dev_loss=0.0613, dev_acc=0.4424, time=2.4s
2025-10-21 09:09:43,350 - INFO - Epoch 70: train_loss=0.0597, train_acc=0.4654, dev_loss=0.0613, dev_acc=0.4378, time=2.9s
2025-10-21 09:09:44,588 - INFO - Epoch 71: train_loss=0.0591, train_acc=0.4716, dev_loss=0.0614, dev_acc=0.4378, time=1.2s
2025-10-21 09:09:45,522 - INFO - Epoch 72: train_loss=0.0608, train_acc=0.4562, dev_loss=0.0612, dev_acc=0.4424, time=0.9s
2025-10-21 09:09:46,459 - INFO - Epoch 73: train_loss=0.0594, train_acc=0.4593, dev_loss=0.0612, dev_acc=0.4470, time=0.9s
2025-10-21 09:09:47,396 - INFO - Epoch 74: train_loss=0.0601, train_acc=0.4685, dev_loss=0.0613, dev_acc=0.4424, time=0.9s
2025-10-21 09:09:48,334 - INFO - Epoch 75: train_loss=0.0604, train_acc=0.4670, dev_loss=0.0614, dev_acc=0.4378, time=0.9s
2025-10-21 09:09:49,310 - INFO - Epoch 76: train_loss=0.0604, train_acc=0.4685, dev_loss=0.0614, dev_acc=0.4378, time=1.0s
2025-10-21 09:09:50,239 - INFO - Epoch 77: train_loss=0.0595, train_acc=0.4731, dev_loss=0.0613, dev_acc=0.4424, time=0.9s
2025-10-21 09:09:51,173 - INFO - Epoch 78: train_loss=0.0603, train_acc=0.4608, dev_loss=0.0612, dev_acc=0.4470, time=0.9s
2025-10-21 09:09:52,087 - INFO - Epoch 79: train_loss=0.0614, train_acc=0.4670, dev_loss=0.0615, dev_acc=0.4332, time=0.9s
2025-10-21 09:09:53,020 - INFO - Epoch 80: train_loss=0.0604, train_acc=0.4547, dev_loss=0.0612, dev_acc=0.4378, time=0.9s
2025-10-21 09:09:53,952 - INFO - Epoch 81: train_loss=0.0594, train_acc=0.4624, dev_loss=0.0615, dev_acc=0.4332, time=0.9s
2025-10-21 09:09:54,894 - INFO - Epoch 82: train_loss=0.0601, train_acc=0.4654, dev_loss=0.0614, dev_acc=0.4378, time=0.9s
2025-10-21 09:09:55,832 - INFO - Epoch 83: train_loss=0.0614, train_acc=0.4608, dev_loss=0.0611, dev_acc=0.4562, time=0.9s
2025-10-21 09:09:56,773 - INFO - Epoch 84: train_loss=0.0599, train_acc=0.4439, dev_loss=0.0613, dev_acc=0.4332, time=0.9s
2025-10-21 09:09:57,741 - INFO - Epoch 85: train_loss=0.0603, train_acc=0.4624, dev_loss=0.0613, dev_acc=0.4424, time=1.0s
2025-10-21 09:09:58,730 - INFO - Epoch 86: train_loss=0.0604, train_acc=0.4639, dev_loss=0.0612, dev_acc=0.4470, time=1.0s
2025-10-21 09:09:59,689 - INFO - Epoch 87: train_loss=0.0605, train_acc=0.4685, dev_loss=0.0611, dev_acc=0.4424, time=1.0s
2025-10-21 09:10:00,648 - INFO - Epoch 88: train_loss=0.0598, train_acc=0.4608, dev_loss=0.0612, dev_acc=0.4424, time=1.0s
2025-10-21 09:10:01,609 - INFO - Epoch 89: train_loss=0.0607, train_acc=0.4700, dev_loss=0.0612, dev_acc=0.4470, time=1.0s
2025-10-21 09:10:02,582 - INFO - Epoch 90: train_loss=0.0591, train_acc=0.4731, dev_loss=0.0611, dev_acc=0.4470, time=1.0s
2025-10-21 09:10:03,550 - INFO - Epoch 91: train_loss=0.0587, train_acc=0.4593, dev_loss=0.0611, dev_acc=0.4516, time=1.0s
2025-10-21 09:10:04,514 - INFO - Epoch 92: train_loss=0.0601, train_acc=0.4700, dev_loss=0.0611, dev_acc=0.4470, time=1.0s
2025-10-21 09:10:05,494 - INFO - Epoch 93: train_loss=0.0599, train_acc=0.4808, dev_loss=0.0612, dev_acc=0.4424, time=1.0s
2025-10-21 09:10:06,492 - INFO - Epoch 94: train_loss=0.0606, train_acc=0.4516, dev_loss=0.0613, dev_acc=0.4424, time=1.0s
2025-10-21 09:10:07,881 - INFO - Epoch 95: train_loss=0.0606, train_acc=0.4747, dev_loss=0.0611, dev_acc=0.4470, time=1.4s
2025-10-21 09:10:09,544 - INFO - Epoch 96: train_loss=0.0594, train_acc=0.4700, dev_loss=0.0612, dev_acc=0.4378, time=1.7s
2025-10-21 09:10:11,180 - INFO - Epoch 97: train_loss=0.0594, train_acc=0.4793, dev_loss=0.0613, dev_acc=0.4378, time=1.6s
2025-10-21 09:10:12,891 - INFO - Epoch 98: train_loss=0.0594, train_acc=0.4685, dev_loss=0.0614, dev_acc=0.4378, time=1.7s
2025-10-21 09:10:14,470 - INFO - Epoch 99: train_loss=0.0599, train_acc=0.4685, dev_loss=0.0612, dev_acc=0.4424, time=1.6s
2025-10-21 09:10:15,931 - INFO - Epoch 100: train_loss=0.0599, train_acc=0.4731, dev_loss=0.0612, dev_acc=0.4424, time=1.5s
2025-10-21 09:10:17,376 - INFO - Epoch 101: train_loss=0.0591, train_acc=0.4670, dev_loss=0.0610, dev_acc=0.4470, time=1.4s
2025-10-21 09:10:18,825 - INFO - Epoch 102: train_loss=0.0598, train_acc=0.4562, dev_loss=0.0611, dev_acc=0.4378, time=1.4s
2025-10-21 09:10:20,260 - INFO - Epoch 103: train_loss=0.0605, train_acc=0.4716, dev_loss=0.0613, dev_acc=0.4470, time=1.4s
2025-10-21 09:10:21,815 - INFO - Epoch 104: train_loss=0.0603, train_acc=0.4639, dev_loss=0.0614, dev_acc=0.4332, time=1.6s
2025-10-21 09:10:23,558 - INFO - Epoch 105: train_loss=0.0595, train_acc=0.4639, dev_loss=0.0611, dev_acc=0.4516, time=1.7s
2025-10-21 09:10:25,343 - INFO - Epoch 106: train_loss=0.0598, train_acc=0.4747, dev_loss=0.0613, dev_acc=0.4378, time=1.8s
2025-10-21 09:10:27,123 - INFO - Epoch 107: train_loss=0.0598, train_acc=0.4793, dev_loss=0.0612, dev_acc=0.4378, time=1.8s
2025-10-21 09:10:29,000 - INFO - Epoch 108: train_loss=0.0605, train_acc=0.4501, dev_loss=0.0612, dev_acc=0.4378, time=1.9s
2025-10-21 09:10:30,785 - INFO - Epoch 109: train_loss=0.0595, train_acc=0.4731, dev_loss=0.0613, dev_acc=0.4378, time=1.8s
2025-10-21 09:10:32,567 - INFO - Epoch 110: train_loss=0.0594, train_acc=0.4624, dev_loss=0.0613, dev_acc=0.4378, time=1.8s
2025-10-21 09:10:34,502 - INFO - Epoch 111: train_loss=0.0600, train_acc=0.4762, dev_loss=0.0614, dev_acc=0.4332, time=1.9s
2025-10-21 09:10:36,300 - INFO - Epoch 112: train_loss=0.0607, train_acc=0.4823, dev_loss=0.0612, dev_acc=0.4516, time=1.8s
2025-10-21 09:10:38,099 - INFO - Epoch 113: train_loss=0.0602, train_acc=0.4762, dev_loss=0.0614, dev_acc=0.4378, time=1.8s
2025-10-21 09:10:39,934 - INFO - Epoch 114: train_loss=0.0603, train_acc=0.4593, dev_loss=0.0615, dev_acc=0.4332, time=1.8s
2025-10-21 09:10:41,732 - INFO - Epoch 115: train_loss=0.0594, train_acc=0.4700, dev_loss=0.0611, dev_acc=0.4516, time=1.8s
2025-10-21 09:10:43,498 - INFO - Epoch 116: train_loss=0.0601, train_acc=0.4762, dev_loss=0.0611, dev_acc=0.4424, time=1.8s
2025-10-21 09:10:45,645 - INFO - Epoch 117: train_loss=0.0609, train_acc=0.4578, dev_loss=0.0610, dev_acc=0.4516, time=2.1s
2025-10-21 09:10:47,507 - INFO - Epoch 118: train_loss=0.0597, train_acc=0.4639, dev_loss=0.0613, dev_acc=0.4470, time=1.9s
2025-10-21 09:10:49,307 - INFO - Epoch 119: train_loss=0.0601, train_acc=0.4485, dev_loss=0.0613, dev_acc=0.4378, time=1.8s
2025-10-21 09:10:51,273 - INFO - Epoch 120: train_loss=0.0608, train_acc=0.4700, dev_loss=0.0611, dev_acc=0.4470, time=2.0s
2025-10-21 09:10:53,073 - INFO - Epoch 121: train_loss=0.0589, train_acc=0.4654, dev_loss=0.0613, dev_acc=0.4424, time=1.8s
2025-10-21 09:10:55,032 - INFO - Epoch 122: train_loss=0.0598, train_acc=0.4823, dev_loss=0.0612, dev_acc=0.4516, time=2.0s
2025-10-21 09:10:57,192 - INFO - Epoch 123: train_loss=0.0601, train_acc=0.4639, dev_loss=0.0612, dev_acc=0.4424, time=2.2s
2025-10-21 09:10:59,057 - INFO - Epoch 124: train_loss=0.0590, train_acc=0.4762, dev_loss=0.0612, dev_acc=0.4424, time=1.9s
2025-10-21 09:11:01,041 - INFO - Epoch 125: train_loss=0.0609, train_acc=0.4777, dev_loss=0.0613, dev_acc=0.4378, time=2.0s
2025-10-21 09:11:03,228 - INFO - Epoch 126: train_loss=0.0596, train_acc=0.4670, dev_loss=0.0612, dev_acc=0.4424, time=2.2s
2025-10-21 09:11:05,542 - INFO - Epoch 127: train_loss=0.0608, train_acc=0.4562, dev_loss=0.0612, dev_acc=0.4424, time=2.3s
2025-10-21 09:11:07,637 - INFO - Epoch 128: train_loss=0.0601, train_acc=0.4685, dev_loss=0.0612, dev_acc=0.4424, time=2.1s
2025-10-21 09:11:09,568 - INFO - Epoch 129: train_loss=0.0601, train_acc=0.4747, dev_loss=0.0613, dev_acc=0.4332, time=1.9s
2025-10-21 09:11:11,521 - INFO - Epoch 130: train_loss=0.0614, train_acc=0.4793, dev_loss=0.0611, dev_acc=0.4562, time=2.0s
2025-10-21 09:11:13,389 - INFO - Epoch 131: train_loss=0.0595, train_acc=0.4762, dev_loss=0.0610, dev_acc=0.4424, time=1.9s
2025-10-21 09:11:15,188 - INFO - Epoch 132: train_loss=0.0600, train_acc=0.4608, dev_loss=0.0612, dev_acc=0.4378, time=1.8s
2025-10-21 09:11:17,457 - INFO - Epoch 133: train_loss=0.0600, train_acc=0.4685, dev_loss=0.0611, dev_acc=0.4424, time=2.3s
2025-10-21 09:11:19,445 - INFO - Epoch 134: train_loss=0.0601, train_acc=0.4501, dev_loss=0.0612, dev_acc=0.4378, time=2.0s
2025-10-21 09:11:21,465 - INFO - Epoch 135: train_loss=0.0603, train_acc=0.4516, dev_loss=0.0611, dev_acc=0.4470, time=2.0s
2025-10-21 09:11:23,169 - INFO - Epoch 136: train_loss=0.0595, train_acc=0.4639, dev_loss=0.0612, dev_acc=0.4424, time=1.7s
2025-10-21 09:11:24,933 - INFO - Epoch 137: train_loss=0.0601, train_acc=0.4654, dev_loss=0.0615, dev_acc=0.4378, time=1.8s
2025-10-21 09:11:26,887 - INFO - Epoch 138: train_loss=0.0605, train_acc=0.4685, dev_loss=0.0611, dev_acc=0.4470, time=2.0s
2025-10-21 09:11:28,820 - INFO - Epoch 139: train_loss=0.0597, train_acc=0.4793, dev_loss=0.0611, dev_acc=0.4424, time=1.9s
2025-10-21 09:11:30,657 - INFO - Epoch 140: train_loss=0.0601, train_acc=0.4578, dev_loss=0.0612, dev_acc=0.4378, time=1.8s
2025-10-21 09:11:32,437 - INFO - Epoch 141: train_loss=0.0598, train_acc=0.4654, dev_loss=0.0611, dev_acc=0.4424, time=1.8s
2025-10-21 09:11:34,241 - INFO - Epoch 142: train_loss=0.0610, train_acc=0.4593, dev_loss=0.0612, dev_acc=0.4424, time=1.8s
2025-10-21 09:11:36,007 - INFO - Epoch 143: train_loss=0.0593, train_acc=0.4700, dev_loss=0.0614, dev_acc=0.4332, time=1.8s
2025-10-21 09:11:37,921 - INFO - Epoch 144: train_loss=0.0601, train_acc=0.4700, dev_loss=0.0615, dev_acc=0.4332, time=1.9s
2025-10-21 09:11:39,859 - INFO - Epoch 145: train_loss=0.0604, train_acc=0.4593, dev_loss=0.0615, dev_acc=0.4332, time=1.9s
2025-10-21 09:11:41,765 - INFO - Epoch 146: train_loss=0.0590, train_acc=0.4793, dev_loss=0.0615, dev_acc=0.4332, time=1.9s
2025-10-21 09:11:43,490 - INFO - Epoch 147: train_loss=0.0598, train_acc=0.4747, dev_loss=0.0612, dev_acc=0.4470, time=1.7s
2025-10-21 09:11:45,335 - INFO - Epoch 148: train_loss=0.0609, train_acc=0.4608, dev_loss=0.0614, dev_acc=0.4378, time=1.8s
2025-10-21 09:11:47,054 - INFO - Epoch 149: train_loss=0.0599, train_acc=0.4747, dev_loss=0.0613, dev_acc=0.4332, time=1.7s
2025-10-21 09:11:48,803 - INFO - Epoch 150: train_loss=0.0600, train_acc=0.4731, dev_loss=0.0612, dev_acc=0.4378, time=1.7s
2025-10-21 09:11:50,801 - INFO - Epoch 151: train_loss=0.0594, train_acc=0.4685, dev_loss=0.0612, dev_acc=0.4332, time=2.0s
2025-10-21 09:11:50,802 - INFO - 早停触发: 最佳轮次=51, 最佳验证准确率=0.4562
2025-10-21 09:11:51,149 - INFO - 第 5 折测试: 损失=0.0583, 准确率=0.4306, F1=0.3670
2025-10-21 09:11:51,150 - INFO - 
===== 交叉验证平均结果 =====
2025-10-21 09:11:51,151 - INFO - 平均准确率: 0.4631, 平均精确率: 0.5981
2025-10-21 09:11:51,151 - INFO - 平均召回率: 0.4631, 平均F1: 0.3717
2025-10-21 09:11:51,157 - INFO - 

==================== 开始实验: pmdf + ['ask', 'face', 'tongue'] ====================
