2025-10-21 07:35:37,408 - INFO - 
==================== 实验配置 ====================
2025-10-21 07:35:37,409 - INFO - 种子: 2023
2025-10-21 07:35:37,409 - INFO - 融合方法: pmdf
2025-10-21 07:35:37,410 - INFO - 模态组合: ['tongue']
2025-10-21 07:35:37,410 - INFO - 批次大小: 32
2025-10-21 07:35:37,410 - INFO - 训练轮数: 1000
2025-10-21 07:35:37,411 - INFO - 学习率: 0.001
2025-10-21 07:35:37,411 - INFO - 早停轮数: 100
2025-10-21 07:35:37,411 - INFO - K折交叉验证: 5
2025-10-21 07:35:37,412 - INFO - 损失函数: MultiClassFocalLossWithAlpha
2025-10-21 07:35:37,412 - INFO - 优化器: Adam (
Parameter Group 0
    amsgrad: False
    betas: (0.5, 0.999)
    capturable: False
    decoupled_weight_decay: False
    differentiable: False
    eps: 1e-08
    foreach: None
    fused: None
    lr: 0.001
    maximize: False
    weight_decay: 0
)
2025-10-21 07:35:37,413 - INFO - 设备: cpu
2025-10-21 07:35:37,413 - INFO - =================================================

2025-10-21 07:35:37,414 - INFO - 
----- 第 1/5 折 -----
2025-10-21 07:35:37,490 - INFO - 训练设备: cpu | 融合方法: pmdf | 模态组合: ['tongue']
2025-10-21 07:35:39,321 - INFO - Epoch 1: train_loss=0.0629, train_acc=0.4277, dev_loss=0.0644, dev_acc=0.3180, time=1.8s
2025-10-21 07:35:41,086 - INFO - Epoch 2: train_loss=0.0634, train_acc=0.4062, dev_loss=0.0641, dev_acc=0.3180, time=1.8s
2025-10-21 07:35:42,938 - INFO - Epoch 3: train_loss=0.0628, train_acc=0.4123, dev_loss=0.0629, dev_acc=0.4147, time=1.9s
2025-10-21 07:35:44,892 - INFO - Epoch 4: train_loss=0.0634, train_acc=0.4185, dev_loss=0.1448, dev_acc=0.3180, time=1.9s
2025-10-21 07:35:47,007 - INFO - Epoch 5: train_loss=0.0625, train_acc=0.4369, dev_loss=0.3602, dev_acc=0.4147, time=2.1s
2025-10-21 07:35:49,280 - INFO - Epoch 6: train_loss=0.0621, train_acc=0.4354, dev_loss=1.2629, dev_acc=0.3180, time=2.3s
2025-10-21 07:35:51,185 - INFO - Epoch 7: train_loss=0.0613, train_acc=0.4277, dev_loss=1.2555, dev_acc=0.4147, time=1.9s
2025-10-21 07:35:53,247 - INFO - Epoch 8: train_loss=0.0637, train_acc=0.4277, dev_loss=2.2046, dev_acc=0.2673, time=2.1s
2025-10-21 07:35:55,233 - INFO - Epoch 9: train_loss=0.0631, train_acc=0.3877, dev_loss=1.4375, dev_acc=0.2673, time=2.0s
2025-10-21 07:35:57,119 - INFO - Epoch 10: train_loss=0.0620, train_acc=0.4292, dev_loss=0.3950, dev_acc=0.3180, time=1.9s
2025-10-21 07:35:58,905 - INFO - Epoch 11: train_loss=0.0619, train_acc=0.4169, dev_loss=2.9414, dev_acc=0.4147, time=1.8s
2025-10-21 07:36:00,785 - INFO - Epoch 12: train_loss=0.0626, train_acc=0.4262, dev_loss=1.7011, dev_acc=0.4147, time=1.9s
2025-10-21 07:36:02,554 - INFO - Epoch 13: train_loss=0.0622, train_acc=0.4277, dev_loss=0.8493, dev_acc=0.2673, time=1.8s
2025-10-21 07:36:04,652 - INFO - Epoch 14: train_loss=0.0615, train_acc=0.4385, dev_loss=0.1016, dev_acc=0.4286, time=2.1s
2025-10-21 07:36:06,602 - INFO - Epoch 15: train_loss=0.0613, train_acc=0.4292, dev_loss=1.4549, dev_acc=0.4147, time=1.9s
2025-10-21 07:36:08,492 - INFO - Epoch 16: train_loss=0.0618, train_acc=0.4215, dev_loss=1.4470, dev_acc=0.4147, time=1.9s
2025-10-21 07:36:10,356 - INFO - Epoch 17: train_loss=0.0616, train_acc=0.4323, dev_loss=0.3096, dev_acc=0.3456, time=1.9s
2025-10-21 07:36:12,183 - INFO - Epoch 18: train_loss=0.0602, train_acc=0.4569, dev_loss=0.4241, dev_acc=0.3180, time=1.8s
2025-10-21 07:36:13,995 - INFO - Epoch 19: train_loss=0.0610, train_acc=0.4262, dev_loss=0.3524, dev_acc=0.4147, time=1.8s
2025-10-21 07:36:16,035 - INFO - Epoch 20: train_loss=0.0600, train_acc=0.4431, dev_loss=0.4080, dev_acc=0.3180, time=2.0s
2025-10-21 07:36:18,011 - INFO - Epoch 21: train_loss=0.0621, train_acc=0.4169, dev_loss=0.5203, dev_acc=0.4147, time=2.0s
2025-10-21 07:36:19,989 - INFO - Epoch 22: train_loss=0.0604, train_acc=0.4477, dev_loss=0.0935, dev_acc=0.2719, time=2.0s
2025-10-21 07:36:21,804 - INFO - Epoch 23: train_loss=0.0614, train_acc=0.4492, dev_loss=0.6721, dev_acc=0.4147, time=1.8s
2025-10-21 07:36:23,695 - INFO - Epoch 24: train_loss=0.0606, train_acc=0.4646, dev_loss=1.3915, dev_acc=0.4147, time=1.9s
2025-10-21 07:36:25,519 - INFO - Epoch 25: train_loss=0.0602, train_acc=0.4554, dev_loss=1.2680, dev_acc=0.4147, time=1.8s
2025-10-21 07:36:27,495 - INFO - Epoch 26: train_loss=0.0604, train_acc=0.4462, dev_loss=1.1764, dev_acc=0.4147, time=2.0s
2025-10-21 07:36:29,416 - INFO - Epoch 27: train_loss=0.0610, train_acc=0.4462, dev_loss=0.0857, dev_acc=0.3180, time=1.9s
2025-10-21 07:36:31,371 - INFO - Epoch 28: train_loss=0.0600, train_acc=0.4569, dev_loss=0.1725, dev_acc=0.4424, time=2.0s
2025-10-21 07:36:33,150 - INFO - Epoch 29: train_loss=0.0601, train_acc=0.4646, dev_loss=0.2467, dev_acc=0.4147, time=1.8s
2025-10-21 07:36:35,063 - INFO - Epoch 30: train_loss=0.0600, train_acc=0.4554, dev_loss=0.3305, dev_acc=0.3180, time=1.9s
2025-10-21 07:36:36,896 - INFO - Epoch 31: train_loss=0.0603, train_acc=0.4585, dev_loss=0.1551, dev_acc=0.3180, time=1.8s
2025-10-21 07:36:38,814 - INFO - Epoch 32: train_loss=0.0603, train_acc=0.4523, dev_loss=1.0698, dev_acc=0.4147, time=1.9s
2025-10-21 07:36:40,785 - INFO - Epoch 33: train_loss=0.0601, train_acc=0.4446, dev_loss=0.4005, dev_acc=0.3180, time=2.0s
2025-10-21 07:36:42,678 - INFO - Epoch 34: train_loss=0.0593, train_acc=0.4785, dev_loss=0.4139, dev_acc=0.4147, time=1.9s
2025-10-21 07:36:44,485 - INFO - Epoch 35: train_loss=0.0593, train_acc=0.4738, dev_loss=0.5845, dev_acc=0.4147, time=1.8s
2025-10-21 07:36:46,335 - INFO - Epoch 36: train_loss=0.0588, train_acc=0.4708, dev_loss=0.3378, dev_acc=0.4147, time=1.8s
2025-10-21 07:36:48,090 - INFO - Epoch 37: train_loss=0.0591, train_acc=0.4615, dev_loss=0.1216, dev_acc=0.3180, time=1.8s
2025-10-21 07:36:49,776 - INFO - Epoch 38: train_loss=0.0581, train_acc=0.4769, dev_loss=0.1320, dev_acc=0.4378, time=1.7s
2025-10-21 07:36:51,777 - INFO - Epoch 39: train_loss=0.0585, train_acc=0.4692, dev_loss=0.3574, dev_acc=0.4147, time=2.0s
2025-10-21 07:36:53,647 - INFO - Epoch 40: train_loss=0.0591, train_acc=0.4754, dev_loss=0.2939, dev_acc=0.2673, time=1.9s
2025-10-21 07:36:55,547 - INFO - Epoch 41: train_loss=0.0593, train_acc=0.4600, dev_loss=0.0810, dev_acc=0.3456, time=1.9s
2025-10-21 07:36:57,367 - INFO - Epoch 42: train_loss=0.0585, train_acc=0.4831, dev_loss=0.0815, dev_acc=0.3226, time=1.8s
2025-10-21 07:36:59,127 - INFO - Epoch 43: train_loss=0.0591, train_acc=0.4677, dev_loss=0.3001, dev_acc=0.3180, time=1.8s
2025-10-21 07:37:00,956 - INFO - Epoch 44: train_loss=0.0589, train_acc=0.4677, dev_loss=0.4179, dev_acc=0.4147, time=1.8s
2025-10-21 07:37:02,877 - INFO - Epoch 45: train_loss=0.0584, train_acc=0.4723, dev_loss=0.1696, dev_acc=0.3180, time=1.9s
2025-10-21 07:37:04,822 - INFO - Epoch 46: train_loss=0.0577, train_acc=0.4892, dev_loss=0.1886, dev_acc=0.4147, time=1.9s
2025-10-21 07:37:06,714 - INFO - Epoch 47: train_loss=0.0586, train_acc=0.4600, dev_loss=0.2013, dev_acc=0.4147, time=1.9s
2025-10-21 07:37:08,480 - INFO - Epoch 48: train_loss=0.0588, train_acc=0.4677, dev_loss=0.0815, dev_acc=0.4194, time=1.8s
2025-10-21 07:37:10,223 - INFO - Epoch 49: train_loss=0.0576, train_acc=0.4923, dev_loss=0.0941, dev_acc=0.4147, time=1.7s
2025-10-21 07:37:11,976 - INFO - Epoch 50: train_loss=0.0585, train_acc=0.4892, dev_loss=0.0718, dev_acc=0.3825, time=1.8s
2025-10-21 07:37:13,685 - INFO - Epoch 51: train_loss=0.0583, train_acc=0.4708, dev_loss=0.0777, dev_acc=0.3825, time=1.7s
2025-10-21 07:37:15,624 - INFO - Epoch 52: train_loss=0.0585, train_acc=0.4631, dev_loss=0.1406, dev_acc=0.3502, time=1.9s
2025-10-21 07:37:17,496 - INFO - Epoch 53: train_loss=0.0584, train_acc=0.4785, dev_loss=0.0826, dev_acc=0.4194, time=1.9s
2025-10-21 07:37:19,309 - INFO - Epoch 54: train_loss=0.0578, train_acc=0.4738, dev_loss=0.0918, dev_acc=0.4194, time=1.8s
2025-10-21 07:37:21,162 - INFO - Epoch 55: train_loss=0.0575, train_acc=0.4862, dev_loss=0.2668, dev_acc=0.4147, time=1.9s
2025-10-21 07:37:22,863 - INFO - Epoch 56: train_loss=0.0580, train_acc=0.4723, dev_loss=0.1691, dev_acc=0.2673, time=1.7s
2025-10-21 07:37:24,595 - INFO - Epoch 57: train_loss=0.0579, train_acc=0.4800, dev_loss=0.1375, dev_acc=0.4147, time=1.7s
2025-10-21 07:37:26,454 - INFO - Epoch 58: train_loss=0.0581, train_acc=0.4831, dev_loss=0.1348, dev_acc=0.4147, time=1.9s
2025-10-21 07:37:28,337 - INFO - Epoch 59: train_loss=0.0577, train_acc=0.4892, dev_loss=0.2139, dev_acc=0.4147, time=1.9s
2025-10-21 07:37:30,241 - INFO - Epoch 60: train_loss=0.0578, train_acc=0.4738, dev_loss=0.0699, dev_acc=0.4147, time=1.9s
2025-10-21 07:37:31,943 - INFO - Epoch 61: train_loss=0.0577, train_acc=0.4800, dev_loss=0.0704, dev_acc=0.3272, time=1.7s
2025-10-21 07:37:33,789 - INFO - Epoch 62: train_loss=0.0577, train_acc=0.4938, dev_loss=0.0613, dev_acc=0.4240, time=1.8s
2025-10-21 07:37:35,457 - INFO - Epoch 63: train_loss=0.0576, train_acc=0.4769, dev_loss=0.0687, dev_acc=0.4101, time=1.7s
2025-10-21 07:37:37,254 - INFO - Epoch 64: train_loss=0.0574, train_acc=0.5015, dev_loss=0.0675, dev_acc=0.4240, time=1.8s
2025-10-21 07:37:39,427 - INFO - Epoch 65: train_loss=0.0577, train_acc=0.4877, dev_loss=0.0700, dev_acc=0.3641, time=2.2s
2025-10-21 07:37:41,302 - INFO - Epoch 66: train_loss=0.0571, train_acc=0.4954, dev_loss=0.0759, dev_acc=0.2673, time=1.9s
2025-10-21 07:37:43,018 - INFO - Epoch 67: train_loss=0.0585, train_acc=0.4692, dev_loss=0.0704, dev_acc=0.3226, time=1.7s
2025-10-21 07:37:44,877 - INFO - Epoch 68: train_loss=0.0571, train_acc=0.4877, dev_loss=0.0797, dev_acc=0.4147, time=1.9s
2025-10-21 07:37:46,703 - INFO - Epoch 69: train_loss=0.0575, train_acc=0.4769, dev_loss=0.0903, dev_acc=0.4147, time=1.8s
2025-10-21 07:37:48,473 - INFO - Epoch 70: train_loss=0.0569, train_acc=0.4846, dev_loss=0.0676, dev_acc=0.3963, time=1.8s
2025-10-21 07:37:50,517 - INFO - Epoch 71: train_loss=0.0579, train_acc=0.4815, dev_loss=0.0781, dev_acc=0.4147, time=2.0s
2025-10-21 07:37:52,624 - INFO - Epoch 72: train_loss=0.0562, train_acc=0.4954, dev_loss=0.0867, dev_acc=0.4147, time=2.1s
2025-10-21 07:37:54,527 - INFO - Epoch 73: train_loss=0.0573, train_acc=0.5077, dev_loss=0.0678, dev_acc=0.4147, time=1.9s
2025-10-21 07:37:56,548 - INFO - Epoch 74: train_loss=0.0580, train_acc=0.4954, dev_loss=0.1302, dev_acc=0.4147, time=2.0s
2025-10-21 07:37:58,514 - INFO - Epoch 75: train_loss=0.0587, train_acc=0.4938, dev_loss=0.1226, dev_acc=0.4147, time=2.0s
2025-10-21 07:38:00,789 - INFO - Epoch 76: train_loss=0.0577, train_acc=0.4954, dev_loss=0.0678, dev_acc=0.3041, time=2.3s
2025-10-21 07:38:02,929 - INFO - Epoch 77: train_loss=0.0573, train_acc=0.4769, dev_loss=0.0812, dev_acc=0.4147, time=2.1s
2025-10-21 07:38:04,867 - INFO - Epoch 78: train_loss=0.0565, train_acc=0.4923, dev_loss=0.0707, dev_acc=0.3180, time=1.9s
2025-10-21 07:38:06,677 - INFO - Epoch 79: train_loss=0.0570, train_acc=0.5046, dev_loss=0.0662, dev_acc=0.3594, time=1.8s
2025-10-21 07:38:08,490 - INFO - Epoch 80: train_loss=0.0570, train_acc=0.4831, dev_loss=0.0633, dev_acc=0.4009, time=1.8s
2025-10-21 07:38:10,714 - INFO - Epoch 81: train_loss=0.0573, train_acc=0.5000, dev_loss=0.0671, dev_acc=0.4147, time=2.2s
2025-10-21 07:38:12,916 - INFO - Epoch 82: train_loss=0.0569, train_acc=0.5015, dev_loss=0.0749, dev_acc=0.4147, time=2.2s
2025-10-21 07:38:14,932 - INFO - Epoch 83: train_loss=0.0582, train_acc=0.5015, dev_loss=0.0838, dev_acc=0.4147, time=2.0s
2025-10-21 07:38:16,826 - INFO - Epoch 84: train_loss=0.0569, train_acc=0.4985, dev_loss=0.0786, dev_acc=0.4147, time=1.9s
2025-10-21 07:38:18,523 - INFO - Epoch 85: train_loss=0.0567, train_acc=0.4969, dev_loss=0.0609, dev_acc=0.4470, time=1.7s
2025-10-21 07:38:20,649 - INFO - Epoch 86: train_loss=0.0571, train_acc=0.5000, dev_loss=0.0635, dev_acc=0.3963, time=2.1s
2025-10-21 07:38:22,831 - INFO - Epoch 87: train_loss=0.0565, train_acc=0.4908, dev_loss=0.0636, dev_acc=0.4286, time=2.2s
2025-10-21 07:38:24,876 - INFO - Epoch 88: train_loss=0.0566, train_acc=0.4846, dev_loss=0.0637, dev_acc=0.4378, time=2.0s
2025-10-21 07:38:26,872 - INFO - Epoch 89: train_loss=0.0575, train_acc=0.4954, dev_loss=0.0639, dev_acc=0.3733, time=2.0s
2025-10-21 07:38:29,151 - INFO - Epoch 90: train_loss=0.0562, train_acc=0.5077, dev_loss=0.0630, dev_acc=0.4332, time=2.3s
2025-10-21 07:38:31,089 - INFO - Epoch 91: train_loss=0.0574, train_acc=0.4846, dev_loss=0.0607, dev_acc=0.4562, time=1.9s
2025-10-21 07:38:33,295 - INFO - Epoch 92: train_loss=0.0578, train_acc=0.4923, dev_loss=0.0626, dev_acc=0.4240, time=2.2s
2025-10-21 07:38:35,492 - INFO - Epoch 93: train_loss=0.0573, train_acc=0.5077, dev_loss=0.0618, dev_acc=0.4009, time=2.2s
2025-10-21 07:38:37,626 - INFO - Epoch 94: train_loss=0.0566, train_acc=0.4908, dev_loss=0.0624, dev_acc=0.4147, time=2.1s
2025-10-21 07:38:39,646 - INFO - Epoch 95: train_loss=0.0564, train_acc=0.4938, dev_loss=0.0609, dev_acc=0.4516, time=2.0s
2025-10-21 07:38:41,547 - INFO - Epoch 96: train_loss=0.0568, train_acc=0.5077, dev_loss=0.0620, dev_acc=0.4378, time=1.9s
2025-10-21 07:38:43,352 - INFO - Epoch 97: train_loss=0.0566, train_acc=0.4938, dev_loss=0.0631, dev_acc=0.4378, time=1.8s
2025-10-21 07:38:45,404 - INFO - Epoch 98: train_loss=0.0569, train_acc=0.5200, dev_loss=0.0630, dev_acc=0.4240, time=2.1s
2025-10-21 07:38:47,529 - INFO - Epoch 99: train_loss=0.0573, train_acc=0.5138, dev_loss=0.0625, dev_acc=0.4147, time=2.1s
2025-10-21 07:38:49,447 - INFO - Epoch 100: train_loss=0.0561, train_acc=0.4908, dev_loss=0.0618, dev_acc=0.4286, time=1.9s
2025-10-21 07:38:51,382 - INFO - Epoch 101: train_loss=0.0576, train_acc=0.4892, dev_loss=0.0619, dev_acc=0.4470, time=1.9s
2025-10-21 07:38:53,224 - INFO - Epoch 102: train_loss=0.0572, train_acc=0.5000, dev_loss=0.0616, dev_acc=0.4286, time=1.8s
2025-10-21 07:38:55,285 - INFO - Epoch 103: train_loss=0.0574, train_acc=0.4923, dev_loss=0.0625, dev_acc=0.4378, time=2.1s
2025-10-21 07:38:57,446 - INFO - Epoch 104: train_loss=0.0572, train_acc=0.4892, dev_loss=0.0614, dev_acc=0.4332, time=2.2s
2025-10-21 07:38:59,491 - INFO - Epoch 105: train_loss=0.0573, train_acc=0.4785, dev_loss=0.0636, dev_acc=0.4055, time=2.0s
2025-10-21 07:39:01,462 - INFO - Epoch 106: train_loss=0.0573, train_acc=0.4954, dev_loss=0.0612, dev_acc=0.4516, time=2.0s
2025-10-21 07:39:03,249 - INFO - Epoch 107: train_loss=0.0565, train_acc=0.5123, dev_loss=0.0618, dev_acc=0.4101, time=1.8s
2025-10-21 07:39:05,115 - INFO - Epoch 108: train_loss=0.0567, train_acc=0.5046, dev_loss=0.0621, dev_acc=0.4240, time=1.9s
2025-10-21 07:39:07,093 - INFO - Epoch 109: train_loss=0.0575, train_acc=0.5138, dev_loss=0.0624, dev_acc=0.4055, time=2.0s
2025-10-21 07:39:08,979 - INFO - Epoch 110: train_loss=0.0569, train_acc=0.4862, dev_loss=0.0623, dev_acc=0.4101, time=1.9s
2025-10-21 07:39:10,765 - INFO - Epoch 111: train_loss=0.0564, train_acc=0.5031, dev_loss=0.0623, dev_acc=0.3963, time=1.8s
2025-10-21 07:39:12,627 - INFO - Epoch 112: train_loss=0.0586, train_acc=0.4985, dev_loss=0.0619, dev_acc=0.4286, time=1.9s
2025-10-21 07:39:14,361 - INFO - Epoch 113: train_loss=0.0570, train_acc=0.4815, dev_loss=0.0620, dev_acc=0.4194, time=1.7s
2025-10-21 07:39:16,142 - INFO - Epoch 114: train_loss=0.0573, train_acc=0.4908, dev_loss=0.0619, dev_acc=0.4009, time=1.8s
2025-10-21 07:39:18,094 - INFO - Epoch 115: train_loss=0.0566, train_acc=0.4923, dev_loss=0.0618, dev_acc=0.4194, time=2.0s
2025-10-21 07:39:20,000 - INFO - Epoch 116: train_loss=0.0561, train_acc=0.5031, dev_loss=0.0619, dev_acc=0.4194, time=1.9s
2025-10-21 07:39:21,744 - INFO - Epoch 117: train_loss=0.0573, train_acc=0.4923, dev_loss=0.0622, dev_acc=0.4147, time=1.7s
2025-10-21 07:39:23,542 - INFO - Epoch 118: train_loss=0.0571, train_acc=0.5000, dev_loss=0.0621, dev_acc=0.4194, time=1.8s
2025-10-21 07:39:25,232 - INFO - Epoch 119: train_loss=0.0567, train_acc=0.4923, dev_loss=0.0622, dev_acc=0.4055, time=1.7s
2025-10-21 07:39:26,958 - INFO - Epoch 120: train_loss=0.0571, train_acc=0.4908, dev_loss=0.0622, dev_acc=0.4194, time=1.7s
2025-10-21 07:39:28,850 - INFO - Epoch 121: train_loss=0.0559, train_acc=0.5077, dev_loss=0.0622, dev_acc=0.4101, time=1.9s
2025-10-21 07:39:30,789 - INFO - Epoch 122: train_loss=0.0563, train_acc=0.5015, dev_loss=0.0621, dev_acc=0.4101, time=1.9s
2025-10-21 07:39:32,612 - INFO - Epoch 123: train_loss=0.0572, train_acc=0.4892, dev_loss=0.0622, dev_acc=0.4194, time=1.8s
2025-10-21 07:39:34,319 - INFO - Epoch 124: train_loss=0.0578, train_acc=0.4908, dev_loss=0.0622, dev_acc=0.4147, time=1.7s
2025-10-21 07:39:36,145 - INFO - Epoch 125: train_loss=0.0577, train_acc=0.4908, dev_loss=0.0620, dev_acc=0.4194, time=1.8s
2025-10-21 07:39:37,835 - INFO - Epoch 126: train_loss=0.0566, train_acc=0.4985, dev_loss=0.0621, dev_acc=0.4194, time=1.7s
2025-10-21 07:39:39,539 - INFO - Epoch 127: train_loss=0.0574, train_acc=0.4892, dev_loss=0.0619, dev_acc=0.4194, time=1.7s
2025-10-21 07:39:41,755 - INFO - Epoch 128: train_loss=0.0576, train_acc=0.4738, dev_loss=0.0621, dev_acc=0.4055, time=2.2s
2025-10-21 07:39:43,827 - INFO - Epoch 129: train_loss=0.0578, train_acc=0.5015, dev_loss=0.0622, dev_acc=0.4147, time=2.1s
2025-10-21 07:39:45,765 - INFO - Epoch 130: train_loss=0.0581, train_acc=0.4938, dev_loss=0.0622, dev_acc=0.4194, time=1.9s
2025-10-21 07:39:47,800 - INFO - Epoch 131: train_loss=0.0571, train_acc=0.4954, dev_loss=0.0621, dev_acc=0.4055, time=2.0s
2025-10-21 07:39:49,887 - INFO - Epoch 132: train_loss=0.0563, train_acc=0.5031, dev_loss=0.0621, dev_acc=0.4055, time=2.1s
2025-10-21 07:39:52,222 - INFO - Epoch 133: train_loss=0.0572, train_acc=0.4831, dev_loss=0.0623, dev_acc=0.4194, time=2.3s
2025-10-21 07:39:54,517 - INFO - Epoch 134: train_loss=0.0571, train_acc=0.4892, dev_loss=0.0623, dev_acc=0.4055, time=2.3s
2025-10-21 07:39:56,513 - INFO - Epoch 135: train_loss=0.0572, train_acc=0.5077, dev_loss=0.0620, dev_acc=0.4055, time=2.0s
2025-10-21 07:39:57,967 - INFO - Epoch 136: train_loss=0.0566, train_acc=0.5123, dev_loss=0.0620, dev_acc=0.4240, time=1.5s
2025-10-21 07:39:59,470 - INFO - Epoch 137: train_loss=0.0578, train_acc=0.4985, dev_loss=0.0619, dev_acc=0.4055, time=1.5s
2025-10-21 07:40:00,906 - INFO - Epoch 138: train_loss=0.0565, train_acc=0.4877, dev_loss=0.0619, dev_acc=0.4101, time=1.4s
2025-10-21 07:40:02,824 - INFO - Epoch 139: train_loss=0.0574, train_acc=0.4831, dev_loss=0.0621, dev_acc=0.4009, time=1.9s
2025-10-21 07:40:05,042 - INFO - Epoch 140: train_loss=0.0568, train_acc=0.5154, dev_loss=0.0621, dev_acc=0.4240, time=2.2s
2025-10-21 07:40:06,981 - INFO - Epoch 141: train_loss=0.0566, train_acc=0.4923, dev_loss=0.0620, dev_acc=0.4055, time=1.9s
2025-10-21 07:40:08,827 - INFO - Epoch 142: train_loss=0.0575, train_acc=0.5092, dev_loss=0.0622, dev_acc=0.4055, time=1.8s
2025-10-21 07:40:10,632 - INFO - Epoch 143: train_loss=0.0570, train_acc=0.4954, dev_loss=0.0620, dev_acc=0.4055, time=1.8s
2025-10-21 07:40:12,427 - INFO - Epoch 144: train_loss=0.0558, train_acc=0.5092, dev_loss=0.0622, dev_acc=0.4240, time=1.8s
2025-10-21 07:40:13,892 - INFO - Epoch 145: train_loss=0.0570, train_acc=0.4815, dev_loss=0.0620, dev_acc=0.4240, time=1.5s
2025-10-21 07:40:15,361 - INFO - Epoch 146: train_loss=0.0561, train_acc=0.5031, dev_loss=0.0621, dev_acc=0.4286, time=1.5s
2025-10-21 07:40:16,797 - INFO - Epoch 147: train_loss=0.0563, train_acc=0.4938, dev_loss=0.0621, dev_acc=0.4009, time=1.4s
2025-10-21 07:40:18,201 - INFO - Epoch 148: train_loss=0.0570, train_acc=0.4892, dev_loss=0.0623, dev_acc=0.4009, time=1.4s
2025-10-21 07:40:19,715 - INFO - Epoch 149: train_loss=0.0572, train_acc=0.5154, dev_loss=0.0620, dev_acc=0.4055, time=1.5s
2025-10-21 07:40:21,358 - INFO - Epoch 150: train_loss=0.0569, train_acc=0.5015, dev_loss=0.0620, dev_acc=0.4055, time=1.6s
2025-10-21 07:40:23,085 - INFO - Epoch 151: train_loss=0.0558, train_acc=0.5046, dev_loss=0.0622, dev_acc=0.4055, time=1.7s
2025-10-21 07:40:24,945 - INFO - Epoch 152: train_loss=0.0577, train_acc=0.5138, dev_loss=0.0622, dev_acc=0.4240, time=1.9s
2025-10-21 07:40:26,776 - INFO - Epoch 153: train_loss=0.0564, train_acc=0.4892, dev_loss=0.0618, dev_acc=0.4147, time=1.8s
2025-10-21 07:40:28,620 - INFO - Epoch 154: train_loss=0.0566, train_acc=0.4892, dev_loss=0.0620, dev_acc=0.4101, time=1.8s
2025-10-21 07:40:30,432 - INFO - Epoch 155: train_loss=0.0559, train_acc=0.4908, dev_loss=0.0623, dev_acc=0.4055, time=1.8s
2025-10-21 07:40:32,165 - INFO - Epoch 156: train_loss=0.0566, train_acc=0.4908, dev_loss=0.0622, dev_acc=0.4147, time=1.7s
2025-10-21 07:40:33,918 - INFO - Epoch 157: train_loss=0.0569, train_acc=0.4969, dev_loss=0.0620, dev_acc=0.4055, time=1.7s
2025-10-21 07:40:35,692 - INFO - Epoch 158: train_loss=0.0574, train_acc=0.4923, dev_loss=0.0622, dev_acc=0.4009, time=1.8s
2025-10-21 07:40:37,613 - INFO - Epoch 159: train_loss=0.0565, train_acc=0.4985, dev_loss=0.0621, dev_acc=0.4055, time=1.9s
2025-10-21 07:40:39,513 - INFO - Epoch 160: train_loss=0.0566, train_acc=0.5092, dev_loss=0.0621, dev_acc=0.4194, time=1.9s
2025-10-21 07:40:41,226 - INFO - Epoch 161: train_loss=0.0565, train_acc=0.5046, dev_loss=0.0622, dev_acc=0.4101, time=1.7s
2025-10-21 07:40:43,045 - INFO - Epoch 162: train_loss=0.0570, train_acc=0.4923, dev_loss=0.0620, dev_acc=0.4055, time=1.8s
2025-10-21 07:40:44,715 - INFO - Epoch 163: train_loss=0.0565, train_acc=0.4954, dev_loss=0.0619, dev_acc=0.4194, time=1.7s
2025-10-21 07:40:46,421 - INFO - Epoch 164: train_loss=0.0568, train_acc=0.4815, dev_loss=0.0620, dev_acc=0.4101, time=1.7s
2025-10-21 07:40:48,296 - INFO - Epoch 165: train_loss=0.0561, train_acc=0.5031, dev_loss=0.0620, dev_acc=0.4240, time=1.9s
2025-10-21 07:40:50,202 - INFO - Epoch 166: train_loss=0.0574, train_acc=0.4923, dev_loss=0.0622, dev_acc=0.4009, time=1.9s
2025-10-21 07:40:52,045 - INFO - Epoch 167: train_loss=0.0562, train_acc=0.5046, dev_loss=0.0622, dev_acc=0.4055, time=1.8s
2025-10-21 07:40:53,775 - INFO - Epoch 168: train_loss=0.0579, train_acc=0.4908, dev_loss=0.0620, dev_acc=0.4101, time=1.7s
2025-10-21 07:40:55,585 - INFO - Epoch 169: train_loss=0.0569, train_acc=0.4985, dev_loss=0.0620, dev_acc=0.4055, time=1.8s
2025-10-21 07:40:57,272 - INFO - Epoch 170: train_loss=0.0573, train_acc=0.4800, dev_loss=0.0621, dev_acc=0.4101, time=1.7s
2025-10-21 07:40:58,974 - INFO - Epoch 171: train_loss=0.0564, train_acc=0.4969, dev_loss=0.0620, dev_acc=0.4055, time=1.7s
2025-10-21 07:41:00,988 - INFO - Epoch 172: train_loss=0.0568, train_acc=0.4969, dev_loss=0.0619, dev_acc=0.4055, time=2.0s
2025-10-21 07:41:02,848 - INFO - Epoch 173: train_loss=0.0567, train_acc=0.5077, dev_loss=0.0621, dev_acc=0.4194, time=1.9s
2025-10-21 07:41:04,571 - INFO - Epoch 174: train_loss=0.0562, train_acc=0.5092, dev_loss=0.0621, dev_acc=0.4055, time=1.7s
2025-10-21 07:41:06,425 - INFO - Epoch 175: train_loss=0.0560, train_acc=0.5046, dev_loss=0.0624, dev_acc=0.4101, time=1.9s
2025-10-21 07:41:08,279 - INFO - Epoch 176: train_loss=0.0561, train_acc=0.4969, dev_loss=0.0622, dev_acc=0.4009, time=1.9s
2025-10-21 07:41:10,267 - INFO - Epoch 177: train_loss=0.0576, train_acc=0.4908, dev_loss=0.0623, dev_acc=0.4101, time=2.0s
2025-10-21 07:41:12,528 - INFO - Epoch 178: train_loss=0.0576, train_acc=0.4985, dev_loss=0.0621, dev_acc=0.4240, time=2.3s
2025-10-21 07:41:14,390 - INFO - Epoch 179: train_loss=0.0558, train_acc=0.5077, dev_loss=0.0621, dev_acc=0.4194, time=1.9s
2025-10-21 07:41:16,403 - INFO - Epoch 180: train_loss=0.0568, train_acc=0.4923, dev_loss=0.0621, dev_acc=0.4240, time=2.0s
2025-10-21 07:41:18,288 - INFO - Epoch 181: train_loss=0.0575, train_acc=0.4846, dev_loss=0.0622, dev_acc=0.4240, time=1.9s
2025-10-21 07:41:20,041 - INFO - Epoch 182: train_loss=0.0563, train_acc=0.5062, dev_loss=0.0623, dev_acc=0.4194, time=1.8s
2025-10-21 07:41:21,529 - INFO - Epoch 183: train_loss=0.0572, train_acc=0.4815, dev_loss=0.0622, dev_acc=0.4101, time=1.5s
2025-10-21 07:41:23,325 - INFO - Epoch 184: train_loss=0.0567, train_acc=0.4923, dev_loss=0.0621, dev_acc=0.4101, time=1.8s
2025-10-21 07:41:25,057 - INFO - Epoch 185: train_loss=0.0558, train_acc=0.4954, dev_loss=0.0621, dev_acc=0.4147, time=1.7s
2025-10-21 07:41:26,804 - INFO - Epoch 186: train_loss=0.0563, train_acc=0.5031, dev_loss=0.0621, dev_acc=0.4009, time=1.7s
2025-10-21 07:41:28,839 - INFO - Epoch 187: train_loss=0.0572, train_acc=0.4938, dev_loss=0.0622, dev_acc=0.4009, time=2.0s
2025-10-21 07:41:30,722 - INFO - Epoch 188: train_loss=0.0559, train_acc=0.5046, dev_loss=0.0619, dev_acc=0.4101, time=1.9s
2025-10-21 07:41:32,468 - INFO - Epoch 189: train_loss=0.0564, train_acc=0.5000, dev_loss=0.0620, dev_acc=0.4101, time=1.7s
2025-10-21 07:41:34,203 - INFO - Epoch 190: train_loss=0.0559, train_acc=0.4862, dev_loss=0.0619, dev_acc=0.4147, time=1.7s
2025-10-21 07:41:35,986 - INFO - Epoch 191: train_loss=0.0577, train_acc=0.4815, dev_loss=0.0621, dev_acc=0.4240, time=1.8s
2025-10-21 07:41:35,986 - INFO - 早停触发: 最佳轮次=91, 最佳验证准确率=0.4562
2025-10-21 07:41:36,283 - INFO - 第 1 折测试: 损失=0.0652, 准确率=0.4194, F1=0.3763
2025-10-21 07:41:36,286 - INFO - 
----- 第 2/5 折 -----
2025-10-21 07:41:36,355 - INFO - 训练设备: cpu | 融合方法: pmdf | 模态组合: ['tongue']
2025-10-21 07:41:38,171 - INFO - Epoch 1: train_loss=0.0598, train_acc=0.4585, dev_loss=0.0617, dev_acc=0.4700, time=1.8s
2025-10-21 07:41:40,195 - INFO - Epoch 2: train_loss=0.0619, train_acc=0.4446, dev_loss=0.0617, dev_acc=0.4562, time=2.0s
2025-10-21 07:41:42,254 - INFO - Epoch 3: train_loss=0.0604, train_acc=0.4615, dev_loss=0.0616, dev_acc=0.4654, time=2.1s
2025-10-21 07:41:44,298 - INFO - Epoch 4: train_loss=0.0610, train_acc=0.4554, dev_loss=0.0616, dev_acc=0.4562, time=2.0s
2025-10-21 07:41:46,373 - INFO - Epoch 5: train_loss=0.0595, train_acc=0.4492, dev_loss=0.0616, dev_acc=0.4608, time=2.1s
2025-10-21 07:41:48,152 - INFO - Epoch 6: train_loss=0.0608, train_acc=0.4523, dev_loss=0.0616, dev_acc=0.4654, time=1.8s
2025-10-21 07:41:50,063 - INFO - Epoch 7: train_loss=0.0602, train_acc=0.4754, dev_loss=0.0616, dev_acc=0.4608, time=1.9s
2025-10-21 07:41:52,206 - INFO - Epoch 8: train_loss=0.0598, train_acc=0.4738, dev_loss=0.0617, dev_acc=0.4608, time=2.1s
2025-10-21 07:41:54,156 - INFO - Epoch 9: train_loss=0.0603, train_acc=0.4646, dev_loss=0.0616, dev_acc=0.4562, time=1.9s
2025-10-21 07:41:55,968 - INFO - Epoch 10: train_loss=0.0601, train_acc=0.4615, dev_loss=0.0617, dev_acc=0.4654, time=1.8s
2025-10-21 07:41:57,897 - INFO - Epoch 11: train_loss=0.0588, train_acc=0.4677, dev_loss=0.0616, dev_acc=0.4608, time=1.9s
2025-10-21 07:41:59,683 - INFO - Epoch 12: train_loss=0.0609, train_acc=0.4554, dev_loss=0.0616, dev_acc=0.4608, time=1.8s
2025-10-21 07:42:01,529 - INFO - Epoch 13: train_loss=0.0594, train_acc=0.4569, dev_loss=0.0616, dev_acc=0.4608, time=1.8s
2025-10-21 07:42:03,516 - INFO - Epoch 14: train_loss=0.0590, train_acc=0.4800, dev_loss=0.0616, dev_acc=0.4608, time=2.0s
2025-10-21 07:42:05,487 - INFO - Epoch 15: train_loss=0.0609, train_acc=0.4523, dev_loss=0.0617, dev_acc=0.4608, time=2.0s
2025-10-21 07:42:07,311 - INFO - Epoch 16: train_loss=0.0606, train_acc=0.4477, dev_loss=0.0616, dev_acc=0.4562, time=1.8s
2025-10-21 07:42:09,161 - INFO - Epoch 17: train_loss=0.0600, train_acc=0.4769, dev_loss=0.0617, dev_acc=0.4654, time=1.8s
2025-10-21 07:42:10,976 - INFO - Epoch 18: train_loss=0.0603, train_acc=0.4646, dev_loss=0.0617, dev_acc=0.4608, time=1.8s
2025-10-21 07:42:12,744 - INFO - Epoch 19: train_loss=0.0598, train_acc=0.4538, dev_loss=0.0616, dev_acc=0.4562, time=1.8s
2025-10-21 07:42:14,767 - INFO - Epoch 20: train_loss=0.0595, train_acc=0.4738, dev_loss=0.0616, dev_acc=0.4516, time=2.0s
2025-10-21 07:42:16,730 - INFO - Epoch 21: train_loss=0.0608, train_acc=0.4492, dev_loss=0.0616, dev_acc=0.4654, time=2.0s
2025-10-21 07:42:18,593 - INFO - Epoch 22: train_loss=0.0607, train_acc=0.4585, dev_loss=0.0616, dev_acc=0.4608, time=1.9s
2025-10-21 07:42:20,459 - INFO - Epoch 23: train_loss=0.0607, train_acc=0.4323, dev_loss=0.0616, dev_acc=0.4516, time=1.9s
2025-10-21 07:42:22,360 - INFO - Epoch 24: train_loss=0.0597, train_acc=0.4585, dev_loss=0.0617, dev_acc=0.4516, time=1.9s
2025-10-21 07:42:24,262 - INFO - Epoch 25: train_loss=0.0600, train_acc=0.4523, dev_loss=0.0617, dev_acc=0.4516, time=1.9s
2025-10-21 07:42:26,438 - INFO - Epoch 26: train_loss=0.0605, train_acc=0.4415, dev_loss=0.0616, dev_acc=0.4608, time=2.2s
2025-10-21 07:42:28,412 - INFO - Epoch 27: train_loss=0.0603, train_acc=0.4631, dev_loss=0.0616, dev_acc=0.4562, time=2.0s
2025-10-21 07:42:30,261 - INFO - Epoch 28: train_loss=0.0610, train_acc=0.4692, dev_loss=0.0616, dev_acc=0.4608, time=1.8s
2025-10-21 07:42:32,085 - INFO - Epoch 29: train_loss=0.0600, train_acc=0.4585, dev_loss=0.0617, dev_acc=0.4608, time=1.8s
2025-10-21 07:42:33,908 - INFO - Epoch 30: train_loss=0.0595, train_acc=0.4462, dev_loss=0.0618, dev_acc=0.4608, time=1.8s
2025-10-21 07:42:35,729 - INFO - Epoch 31: train_loss=0.0608, train_acc=0.4508, dev_loss=0.0617, dev_acc=0.4516, time=1.8s
2025-10-21 07:42:37,755 - INFO - Epoch 32: train_loss=0.0606, train_acc=0.4462, dev_loss=0.0616, dev_acc=0.4608, time=2.0s
2025-10-21 07:42:39,584 - INFO - Epoch 33: train_loss=0.0596, train_acc=0.4769, dev_loss=0.0616, dev_acc=0.4516, time=1.8s
2025-10-21 07:42:41,406 - INFO - Epoch 34: train_loss=0.0599, train_acc=0.4631, dev_loss=0.0616, dev_acc=0.4608, time=1.8s
2025-10-21 07:42:43,167 - INFO - Epoch 35: train_loss=0.0612, train_acc=0.4431, dev_loss=0.0617, dev_acc=0.4654, time=1.8s
2025-10-21 07:42:44,993 - INFO - Epoch 36: train_loss=0.0608, train_acc=0.4554, dev_loss=0.0617, dev_acc=0.4562, time=1.8s
2025-10-21 07:42:46,796 - INFO - Epoch 37: train_loss=0.0599, train_acc=0.4508, dev_loss=0.0616, dev_acc=0.4516, time=1.8s
2025-10-21 07:42:48,560 - INFO - Epoch 38: train_loss=0.0603, train_acc=0.4600, dev_loss=0.0616, dev_acc=0.4516, time=1.8s
2025-10-21 07:42:50,605 - INFO - Epoch 39: train_loss=0.0604, train_acc=0.4646, dev_loss=0.0616, dev_acc=0.4654, time=2.0s
2025-10-21 07:42:52,505 - INFO - Epoch 40: train_loss=0.0605, train_acc=0.4492, dev_loss=0.0616, dev_acc=0.4654, time=1.9s
2025-10-21 07:42:54,353 - INFO - Epoch 41: train_loss=0.0593, train_acc=0.4692, dev_loss=0.0617, dev_acc=0.4654, time=1.8s
2025-10-21 07:42:56,245 - INFO - Epoch 42: train_loss=0.0598, train_acc=0.4600, dev_loss=0.0617, dev_acc=0.4608, time=1.9s
2025-10-21 07:42:57,998 - INFO - Epoch 43: train_loss=0.0602, train_acc=0.4615, dev_loss=0.0617, dev_acc=0.4654, time=1.8s
2025-10-21 07:42:59,864 - INFO - Epoch 44: train_loss=0.0603, train_acc=0.4800, dev_loss=0.0617, dev_acc=0.4562, time=1.9s
2025-10-21 07:43:01,800 - INFO - Epoch 45: train_loss=0.0605, train_acc=0.4538, dev_loss=0.0616, dev_acc=0.4654, time=1.9s
2025-10-21 07:43:03,708 - INFO - Epoch 46: train_loss=0.0602, train_acc=0.4800, dev_loss=0.0618, dev_acc=0.4608, time=1.9s
2025-10-21 07:43:05,598 - INFO - Epoch 47: train_loss=0.0597, train_acc=0.4415, dev_loss=0.0616, dev_acc=0.4516, time=1.9s
2025-10-21 07:43:07,395 - INFO - Epoch 48: train_loss=0.0599, train_acc=0.4477, dev_loss=0.0618, dev_acc=0.4470, time=1.8s
2025-10-21 07:43:09,214 - INFO - Epoch 49: train_loss=0.0600, train_acc=0.4631, dev_loss=0.0616, dev_acc=0.4654, time=1.8s
2025-10-21 07:43:10,965 - INFO - Epoch 50: train_loss=0.0600, train_acc=0.4677, dev_loss=0.0617, dev_acc=0.4516, time=1.7s
2025-10-21 07:43:13,013 - INFO - Epoch 51: train_loss=0.0600, train_acc=0.4800, dev_loss=0.0617, dev_acc=0.4608, time=2.0s
2025-10-21 07:43:14,951 - INFO - Epoch 52: train_loss=0.0606, train_acc=0.4415, dev_loss=0.0617, dev_acc=0.4562, time=1.9s
2025-10-21 07:43:16,912 - INFO - Epoch 53: train_loss=0.0600, train_acc=0.4615, dev_loss=0.0615, dev_acc=0.4562, time=2.0s
2025-10-21 07:43:18,640 - INFO - Epoch 54: train_loss=0.0603, train_acc=0.4446, dev_loss=0.0616, dev_acc=0.4608, time=1.7s
2025-10-21 07:43:20,543 - INFO - Epoch 55: train_loss=0.0604, train_acc=0.4738, dev_loss=0.0618, dev_acc=0.4608, time=1.9s
2025-10-21 07:43:22,298 - INFO - Epoch 56: train_loss=0.0609, train_acc=0.4554, dev_loss=0.0616, dev_acc=0.4608, time=1.8s
2025-10-21 07:43:24,102 - INFO - Epoch 57: train_loss=0.0602, train_acc=0.4538, dev_loss=0.0616, dev_acc=0.4562, time=1.8s
2025-10-21 07:43:26,202 - INFO - Epoch 58: train_loss=0.0596, train_acc=0.4692, dev_loss=0.0617, dev_acc=0.4654, time=2.1s
2025-10-21 07:43:28,083 - INFO - Epoch 59: train_loss=0.0599, train_acc=0.4708, dev_loss=0.0617, dev_acc=0.4516, time=1.9s
2025-10-21 07:43:29,864 - INFO - Epoch 60: train_loss=0.0590, train_acc=0.4785, dev_loss=0.0617, dev_acc=0.4654, time=1.8s
2025-10-21 07:43:31,739 - INFO - Epoch 61: train_loss=0.0598, train_acc=0.4631, dev_loss=0.0616, dev_acc=0.4654, time=1.9s
2025-10-21 07:43:33,501 - INFO - Epoch 62: train_loss=0.0594, train_acc=0.4615, dev_loss=0.0616, dev_acc=0.4562, time=1.8s
2025-10-21 07:43:35,459 - INFO - Epoch 63: train_loss=0.0602, train_acc=0.4354, dev_loss=0.0617, dev_acc=0.4608, time=2.0s
2025-10-21 07:43:37,506 - INFO - Epoch 64: train_loss=0.0603, train_acc=0.4585, dev_loss=0.0616, dev_acc=0.4516, time=2.0s
2025-10-21 07:43:39,395 - INFO - Epoch 65: train_loss=0.0604, train_acc=0.4415, dev_loss=0.0617, dev_acc=0.4516, time=1.9s
2025-10-21 07:43:41,203 - INFO - Epoch 66: train_loss=0.0598, train_acc=0.4754, dev_loss=0.0616, dev_acc=0.4470, time=1.8s
2025-10-21 07:43:42,991 - INFO - Epoch 67: train_loss=0.0594, train_acc=0.4538, dev_loss=0.0617, dev_acc=0.4608, time=1.8s
2025-10-21 07:43:44,776 - INFO - Epoch 68: train_loss=0.0611, train_acc=0.4431, dev_loss=0.0616, dev_acc=0.4608, time=1.8s
2025-10-21 07:43:46,719 - INFO - Epoch 69: train_loss=0.0616, train_acc=0.4508, dev_loss=0.0616, dev_acc=0.4608, time=1.9s
2025-10-21 07:43:48,837 - INFO - Epoch 70: train_loss=0.0601, train_acc=0.4723, dev_loss=0.0617, dev_acc=0.4654, time=2.1s
2025-10-21 07:43:50,870 - INFO - Epoch 71: train_loss=0.0601, train_acc=0.4600, dev_loss=0.0617, dev_acc=0.4654, time=2.0s
2025-10-21 07:43:52,649 - INFO - Epoch 72: train_loss=0.0604, train_acc=0.4600, dev_loss=0.0617, dev_acc=0.4562, time=1.8s
2025-10-21 07:43:54,571 - INFO - Epoch 73: train_loss=0.0601, train_acc=0.4754, dev_loss=0.0616, dev_acc=0.4608, time=1.9s
2025-10-21 07:43:56,456 - INFO - Epoch 74: train_loss=0.0603, train_acc=0.4554, dev_loss=0.0616, dev_acc=0.4608, time=1.9s
2025-10-21 07:43:58,624 - INFO - Epoch 75: train_loss=0.0610, train_acc=0.4615, dev_loss=0.0617, dev_acc=0.4608, time=2.2s
2025-10-21 07:44:00,790 - INFO - Epoch 76: train_loss=0.0605, train_acc=0.4569, dev_loss=0.0617, dev_acc=0.4654, time=2.2s
2025-10-21 07:44:02,774 - INFO - Epoch 77: train_loss=0.0608, train_acc=0.4415, dev_loss=0.0616, dev_acc=0.4562, time=2.0s
2025-10-21 07:44:04,884 - INFO - Epoch 78: train_loss=0.0598, train_acc=0.4369, dev_loss=0.0617, dev_acc=0.4654, time=2.1s
2025-10-21 07:44:06,855 - INFO - Epoch 79: train_loss=0.0609, train_acc=0.4585, dev_loss=0.0616, dev_acc=0.4516, time=2.0s
2025-10-21 07:44:08,757 - INFO - Epoch 80: train_loss=0.0617, train_acc=0.4415, dev_loss=0.0616, dev_acc=0.4562, time=1.9s
2025-10-21 07:44:10,570 - INFO - Epoch 81: train_loss=0.0611, train_acc=0.4738, dev_loss=0.0616, dev_acc=0.4608, time=1.8s
2025-10-21 07:44:12,434 - INFO - Epoch 82: train_loss=0.0596, train_acc=0.4677, dev_loss=0.0615, dev_acc=0.4654, time=1.9s
2025-10-21 07:44:14,266 - INFO - Epoch 83: train_loss=0.0595, train_acc=0.4492, dev_loss=0.0616, dev_acc=0.4608, time=1.8s
2025-10-21 07:44:16,182 - INFO - Epoch 84: train_loss=0.0605, train_acc=0.4569, dev_loss=0.0617, dev_acc=0.4516, time=1.9s
2025-10-21 07:44:18,196 - INFO - Epoch 85: train_loss=0.0600, train_acc=0.4538, dev_loss=0.0616, dev_acc=0.4654, time=2.0s
2025-10-21 07:44:20,136 - INFO - Epoch 86: train_loss=0.0606, train_acc=0.4646, dev_loss=0.0617, dev_acc=0.4654, time=1.9s
2025-10-21 07:44:21,921 - INFO - Epoch 87: train_loss=0.0607, train_acc=0.4600, dev_loss=0.0617, dev_acc=0.4608, time=1.8s
2025-10-21 07:44:23,828 - INFO - Epoch 88: train_loss=0.0601, train_acc=0.4554, dev_loss=0.0617, dev_acc=0.4654, time=1.9s
2025-10-21 07:44:25,634 - INFO - Epoch 89: train_loss=0.0595, train_acc=0.4800, dev_loss=0.0617, dev_acc=0.4608, time=1.8s
2025-10-21 07:44:27,544 - INFO - Epoch 90: train_loss=0.0598, train_acc=0.4708, dev_loss=0.0617, dev_acc=0.4562, time=1.9s
2025-10-21 07:44:29,649 - INFO - Epoch 91: train_loss=0.0593, train_acc=0.4600, dev_loss=0.0616, dev_acc=0.4516, time=2.1s
2025-10-21 07:44:31,619 - INFO - Epoch 92: train_loss=0.0606, train_acc=0.4462, dev_loss=0.0616, dev_acc=0.4608, time=2.0s
2025-10-21 07:44:33,422 - INFO - Epoch 93: train_loss=0.0597, train_acc=0.4569, dev_loss=0.0617, dev_acc=0.4608, time=1.8s
2025-10-21 07:44:35,352 - INFO - Epoch 94: train_loss=0.0602, train_acc=0.4600, dev_loss=0.0616, dev_acc=0.4562, time=1.9s
2025-10-21 07:44:37,247 - INFO - Epoch 95: train_loss=0.0603, train_acc=0.4569, dev_loss=0.0616, dev_acc=0.4562, time=1.9s
2025-10-21 07:44:39,300 - INFO - Epoch 96: train_loss=0.0612, train_acc=0.4508, dev_loss=0.0616, dev_acc=0.4608, time=2.1s
2025-10-21 07:44:41,364 - INFO - Epoch 97: train_loss=0.0599, train_acc=0.4569, dev_loss=0.0617, dev_acc=0.4654, time=2.1s
2025-10-21 07:44:43,312 - INFO - Epoch 98: train_loss=0.0599, train_acc=0.4738, dev_loss=0.0616, dev_acc=0.4516, time=1.9s
2025-10-21 07:44:45,106 - INFO - Epoch 99: train_loss=0.0603, train_acc=0.4523, dev_loss=0.0617, dev_acc=0.4562, time=1.8s
2025-10-21 07:44:47,034 - INFO - Epoch 100: train_loss=0.0597, train_acc=0.4769, dev_loss=0.0617, dev_acc=0.4608, time=1.9s
2025-10-21 07:44:48,859 - INFO - Epoch 101: train_loss=0.0605, train_acc=0.4662, dev_loss=0.0617, dev_acc=0.4562, time=1.8s
2025-10-21 07:44:48,861 - INFO - 早停触发: 最佳轮次=1, 最佳验证准确率=0.4700
2025-10-21 07:44:49,154 - INFO - 第 2 折测试: 损失=0.0551, 准确率=0.5207, F1=0.4783
2025-10-21 07:44:49,155 - INFO - 
----- 第 3/5 折 -----
2025-10-21 07:44:49,223 - INFO - 训练设备: cpu | 融合方法: pmdf | 模态组合: ['tongue']
2025-10-21 07:44:51,158 - INFO - Epoch 1: train_loss=0.0594, train_acc=0.4938, dev_loss=0.0618, dev_acc=0.4470, time=1.9s
2025-10-21 07:44:53,104 - INFO - Epoch 2: train_loss=0.0592, train_acc=0.4877, dev_loss=0.0618, dev_acc=0.4470, time=1.9s
2025-10-21 07:44:55,056 - INFO - Epoch 3: train_loss=0.0592, train_acc=0.4692, dev_loss=0.0617, dev_acc=0.4516, time=2.0s
2025-10-21 07:44:56,764 - INFO - Epoch 4: train_loss=0.0584, train_acc=0.4938, dev_loss=0.0616, dev_acc=0.4562, time=1.7s
2025-10-21 07:44:58,604 - INFO - Epoch 5: train_loss=0.0594, train_acc=0.4862, dev_loss=0.0618, dev_acc=0.4470, time=1.8s
2025-10-21 07:45:00,396 - INFO - Epoch 6: train_loss=0.0592, train_acc=0.4585, dev_loss=0.0618, dev_acc=0.4608, time=1.8s
2025-10-21 07:45:02,137 - INFO - Epoch 7: train_loss=0.0594, train_acc=0.4769, dev_loss=0.0617, dev_acc=0.4516, time=1.7s
2025-10-21 07:45:04,029 - INFO - Epoch 8: train_loss=0.0595, train_acc=0.4677, dev_loss=0.0616, dev_acc=0.4562, time=1.9s
2025-10-21 07:45:05,918 - INFO - Epoch 9: train_loss=0.0584, train_acc=0.4923, dev_loss=0.0617, dev_acc=0.4516, time=1.9s
2025-10-21 07:45:07,722 - INFO - Epoch 10: train_loss=0.0601, train_acc=0.4815, dev_loss=0.0617, dev_acc=0.4608, time=1.8s
2025-10-21 07:45:09,548 - INFO - Epoch 11: train_loss=0.0596, train_acc=0.4815, dev_loss=0.0617, dev_acc=0.4516, time=1.8s
2025-10-21 07:45:11,478 - INFO - Epoch 12: train_loss=0.0585, train_acc=0.4769, dev_loss=0.0616, dev_acc=0.4654, time=1.9s
2025-10-21 07:45:13,599 - INFO - Epoch 13: train_loss=0.0588, train_acc=0.4954, dev_loss=0.0617, dev_acc=0.4562, time=2.1s
2025-10-21 07:45:15,686 - INFO - Epoch 14: train_loss=0.0582, train_acc=0.4831, dev_loss=0.0616, dev_acc=0.4516, time=2.1s
2025-10-21 07:45:17,545 - INFO - Epoch 15: train_loss=0.0599, train_acc=0.4708, dev_loss=0.0616, dev_acc=0.4516, time=1.9s
2025-10-21 07:45:19,275 - INFO - Epoch 16: train_loss=0.0594, train_acc=0.4585, dev_loss=0.0617, dev_acc=0.4516, time=1.7s
2025-10-21 07:45:21,089 - INFO - Epoch 17: train_loss=0.0590, train_acc=0.4769, dev_loss=0.0617, dev_acc=0.4562, time=1.8s
2025-10-21 07:45:22,818 - INFO - Epoch 18: train_loss=0.0591, train_acc=0.4969, dev_loss=0.0618, dev_acc=0.4516, time=1.7s
2025-10-21 07:45:24,570 - INFO - Epoch 19: train_loss=0.0588, train_acc=0.4815, dev_loss=0.0618, dev_acc=0.4654, time=1.8s
2025-10-21 07:45:26,474 - INFO - Epoch 20: train_loss=0.0591, train_acc=0.4892, dev_loss=0.0616, dev_acc=0.4562, time=1.9s
2025-10-21 07:45:28,411 - INFO - Epoch 21: train_loss=0.0588, train_acc=0.4877, dev_loss=0.0617, dev_acc=0.4562, time=1.9s
2025-10-21 07:45:30,280 - INFO - Epoch 22: train_loss=0.0591, train_acc=0.4692, dev_loss=0.0617, dev_acc=0.4516, time=1.9s
2025-10-21 07:45:32,022 - INFO - Epoch 23: train_loss=0.0585, train_acc=0.4815, dev_loss=0.0617, dev_acc=0.4562, time=1.7s
2025-10-21 07:45:33,763 - INFO - Epoch 24: train_loss=0.0580, train_acc=0.4846, dev_loss=0.0617, dev_acc=0.4516, time=1.7s
2025-10-21 07:45:35,516 - INFO - Epoch 25: train_loss=0.0594, train_acc=0.4754, dev_loss=0.0615, dev_acc=0.4562, time=1.8s
2025-10-21 07:45:37,198 - INFO - Epoch 26: train_loss=0.0585, train_acc=0.5015, dev_loss=0.0618, dev_acc=0.4516, time=1.7s
2025-10-21 07:45:39,186 - INFO - Epoch 27: train_loss=0.0583, train_acc=0.4892, dev_loss=0.0618, dev_acc=0.4516, time=2.0s
2025-10-21 07:45:41,113 - INFO - Epoch 28: train_loss=0.0600, train_acc=0.4692, dev_loss=0.0617, dev_acc=0.4562, time=1.9s
2025-10-21 07:45:42,870 - INFO - Epoch 29: train_loss=0.0587, train_acc=0.4738, dev_loss=0.0617, dev_acc=0.4516, time=1.8s
2025-10-21 07:45:44,715 - INFO - Epoch 30: train_loss=0.0586, train_acc=0.4815, dev_loss=0.0617, dev_acc=0.4516, time=1.8s
2025-10-21 07:45:46,502 - INFO - Epoch 31: train_loss=0.0582, train_acc=0.4892, dev_loss=0.0617, dev_acc=0.4516, time=1.8s
2025-10-21 07:45:48,341 - INFO - Epoch 32: train_loss=0.0583, train_acc=0.4738, dev_loss=0.0617, dev_acc=0.4516, time=1.8s
2025-10-21 07:45:50,379 - INFO - Epoch 33: train_loss=0.0594, train_acc=0.4677, dev_loss=0.0616, dev_acc=0.4516, time=2.0s
2025-10-21 07:45:52,271 - INFO - Epoch 34: train_loss=0.0585, train_acc=0.4631, dev_loss=0.0617, dev_acc=0.4562, time=1.9s
2025-10-21 07:45:54,082 - INFO - Epoch 35: train_loss=0.0598, train_acc=0.4631, dev_loss=0.0619, dev_acc=0.4516, time=1.8s
2025-10-21 07:45:55,961 - INFO - Epoch 36: train_loss=0.0588, train_acc=0.4754, dev_loss=0.0617, dev_acc=0.4516, time=1.9s
2025-10-21 07:45:57,684 - INFO - Epoch 37: train_loss=0.0601, train_acc=0.4754, dev_loss=0.0618, dev_acc=0.4516, time=1.7s
2025-10-21 07:45:59,386 - INFO - Epoch 38: train_loss=0.0591, train_acc=0.4769, dev_loss=0.0617, dev_acc=0.4424, time=1.7s
2025-10-21 07:46:01,468 - INFO - Epoch 39: train_loss=0.0598, train_acc=0.4892, dev_loss=0.0617, dev_acc=0.4562, time=2.1s
2025-10-21 07:46:03,517 - INFO - Epoch 40: train_loss=0.0589, train_acc=0.4800, dev_loss=0.0617, dev_acc=0.4516, time=2.0s
2025-10-21 07:46:05,510 - INFO - Epoch 41: train_loss=0.0595, train_acc=0.4677, dev_loss=0.0617, dev_acc=0.4562, time=2.0s
2025-10-21 07:46:07,495 - INFO - Epoch 42: train_loss=0.0576, train_acc=0.4969, dev_loss=0.0617, dev_acc=0.4608, time=2.0s
2025-10-21 07:46:09,269 - INFO - Epoch 43: train_loss=0.0593, train_acc=0.4800, dev_loss=0.0619, dev_acc=0.4608, time=1.8s
2025-10-21 07:46:11,190 - INFO - Epoch 44: train_loss=0.0583, train_acc=0.4846, dev_loss=0.0616, dev_acc=0.4562, time=1.9s
2025-10-21 07:46:13,171 - INFO - Epoch 45: train_loss=0.0585, train_acc=0.4862, dev_loss=0.0617, dev_acc=0.4470, time=2.0s
2025-10-21 07:46:15,077 - INFO - Epoch 46: train_loss=0.0586, train_acc=0.5015, dev_loss=0.0618, dev_acc=0.4516, time=1.9s
2025-10-21 07:46:16,846 - INFO - Epoch 47: train_loss=0.0589, train_acc=0.4908, dev_loss=0.0618, dev_acc=0.4516, time=1.8s
2025-10-21 07:46:18,627 - INFO - Epoch 48: train_loss=0.0595, train_acc=0.4892, dev_loss=0.0619, dev_acc=0.4516, time=1.8s
2025-10-21 07:46:20,421 - INFO - Epoch 49: train_loss=0.0601, train_acc=0.4692, dev_loss=0.0617, dev_acc=0.4516, time=1.8s
2025-10-21 07:46:22,199 - INFO - Epoch 50: train_loss=0.0590, train_acc=0.4692, dev_loss=0.0617, dev_acc=0.4470, time=1.8s
2025-10-21 07:46:24,109 - INFO - Epoch 51: train_loss=0.0590, train_acc=0.4800, dev_loss=0.0618, dev_acc=0.4516, time=1.9s
2025-10-21 07:46:26,030 - INFO - Epoch 52: train_loss=0.0587, train_acc=0.4754, dev_loss=0.0617, dev_acc=0.4516, time=1.9s
2025-10-21 07:46:27,874 - INFO - Epoch 53: train_loss=0.0583, train_acc=0.4862, dev_loss=0.0618, dev_acc=0.4516, time=1.8s
2025-10-21 07:46:29,707 - INFO - Epoch 54: train_loss=0.0590, train_acc=0.4631, dev_loss=0.0617, dev_acc=0.4562, time=1.8s
2025-10-21 07:46:31,522 - INFO - Epoch 55: train_loss=0.0590, train_acc=0.4892, dev_loss=0.0616, dev_acc=0.4562, time=1.8s
2025-10-21 07:46:33,415 - INFO - Epoch 56: train_loss=0.0586, train_acc=0.4938, dev_loss=0.0617, dev_acc=0.4562, time=1.9s
2025-10-21 07:46:35,426 - INFO - Epoch 57: train_loss=0.0587, train_acc=0.4738, dev_loss=0.0618, dev_acc=0.4562, time=2.0s
2025-10-21 07:46:37,331 - INFO - Epoch 58: train_loss=0.0578, train_acc=0.5031, dev_loss=0.0617, dev_acc=0.4562, time=1.9s
2025-10-21 07:46:39,130 - INFO - Epoch 59: train_loss=0.0587, train_acc=0.4892, dev_loss=0.0616, dev_acc=0.4562, time=1.8s
2025-10-21 07:46:41,014 - INFO - Epoch 60: train_loss=0.0583, train_acc=0.4954, dev_loss=0.0617, dev_acc=0.4562, time=1.9s
2025-10-21 07:46:43,147 - INFO - Epoch 61: train_loss=0.0596, train_acc=0.4769, dev_loss=0.0616, dev_acc=0.4562, time=2.1s
2025-10-21 07:46:45,483 - INFO - Epoch 62: train_loss=0.0599, train_acc=0.4723, dev_loss=0.0617, dev_acc=0.4562, time=2.3s
2025-10-21 07:46:47,695 - INFO - Epoch 63: train_loss=0.0596, train_acc=0.4677, dev_loss=0.0617, dev_acc=0.4516, time=2.2s
2025-10-21 07:46:49,649 - INFO - Epoch 64: train_loss=0.0585, train_acc=0.4769, dev_loss=0.0618, dev_acc=0.4470, time=2.0s
2025-10-21 07:46:51,683 - INFO - Epoch 65: train_loss=0.0598, train_acc=0.4938, dev_loss=0.0617, dev_acc=0.4562, time=2.0s
2025-10-21 07:46:53,563 - INFO - Epoch 66: train_loss=0.0589, train_acc=0.4908, dev_loss=0.0617, dev_acc=0.4516, time=1.9s
2025-10-21 07:46:55,348 - INFO - Epoch 67: train_loss=0.0597, train_acc=0.4738, dev_loss=0.0616, dev_acc=0.4516, time=1.8s
2025-10-21 07:46:57,154 - INFO - Epoch 68: train_loss=0.0594, train_acc=0.4662, dev_loss=0.0617, dev_acc=0.4516, time=1.8s
2025-10-21 07:46:58,940 - INFO - Epoch 69: train_loss=0.0599, train_acc=0.4662, dev_loss=0.0616, dev_acc=0.4516, time=1.8s
2025-10-21 07:47:00,482 - INFO - Epoch 70: train_loss=0.0589, train_acc=0.4769, dev_loss=0.0617, dev_acc=0.4470, time=1.5s
2025-10-21 07:47:02,309 - INFO - Epoch 71: train_loss=0.0595, train_acc=0.4785, dev_loss=0.0618, dev_acc=0.4516, time=1.8s
2025-10-21 07:47:04,331 - INFO - Epoch 72: train_loss=0.0593, train_acc=0.4877, dev_loss=0.0617, dev_acc=0.4562, time=2.0s
2025-10-21 07:47:06,224 - INFO - Epoch 73: train_loss=0.0586, train_acc=0.4769, dev_loss=0.0617, dev_acc=0.4470, time=1.9s
2025-10-21 07:47:08,151 - INFO - Epoch 74: train_loss=0.0593, train_acc=0.4769, dev_loss=0.0617, dev_acc=0.4516, time=1.9s
2025-10-21 07:47:10,124 - INFO - Epoch 75: train_loss=0.0586, train_acc=0.4785, dev_loss=0.0617, dev_acc=0.4562, time=2.0s
2025-10-21 07:47:11,896 - INFO - Epoch 76: train_loss=0.0591, train_acc=0.4754, dev_loss=0.0617, dev_acc=0.4562, time=1.8s
2025-10-21 07:47:13,993 - INFO - Epoch 77: train_loss=0.0591, train_acc=0.4908, dev_loss=0.0617, dev_acc=0.4608, time=2.1s
2025-10-21 07:47:16,113 - INFO - Epoch 78: train_loss=0.0587, train_acc=0.4892, dev_loss=0.0617, dev_acc=0.4562, time=2.1s
2025-10-21 07:47:18,023 - INFO - Epoch 79: train_loss=0.0586, train_acc=0.4862, dev_loss=0.0618, dev_acc=0.4424, time=1.9s
2025-10-21 07:47:19,961 - INFO - Epoch 80: train_loss=0.0593, train_acc=0.4800, dev_loss=0.0617, dev_acc=0.4562, time=1.9s
2025-10-21 07:47:21,749 - INFO - Epoch 81: train_loss=0.0592, train_acc=0.4754, dev_loss=0.0618, dev_acc=0.4516, time=1.8s
2025-10-21 07:47:23,601 - INFO - Epoch 82: train_loss=0.0594, train_acc=0.4877, dev_loss=0.0617, dev_acc=0.4516, time=1.9s
2025-10-21 07:47:25,746 - INFO - Epoch 83: train_loss=0.0590, train_acc=0.4815, dev_loss=0.0618, dev_acc=0.4516, time=2.1s
2025-10-21 07:47:27,543 - INFO - Epoch 84: train_loss=0.0583, train_acc=0.4831, dev_loss=0.0617, dev_acc=0.4516, time=1.8s
2025-10-21 07:47:29,280 - INFO - Epoch 85: train_loss=0.0591, train_acc=0.4923, dev_loss=0.0617, dev_acc=0.4562, time=1.7s
2025-10-21 07:47:31,114 - INFO - Epoch 86: train_loss=0.0591, train_acc=0.4538, dev_loss=0.0617, dev_acc=0.4562, time=1.8s
2025-10-21 07:47:32,919 - INFO - Epoch 87: train_loss=0.0579, train_acc=0.5046, dev_loss=0.0618, dev_acc=0.4516, time=1.8s
2025-10-21 07:47:34,802 - INFO - Epoch 88: train_loss=0.0598, train_acc=0.4908, dev_loss=0.0616, dev_acc=0.4562, time=1.9s
2025-10-21 07:47:36,847 - INFO - Epoch 89: train_loss=0.0581, train_acc=0.4708, dev_loss=0.0618, dev_acc=0.4562, time=2.0s
2025-10-21 07:47:38,719 - INFO - Epoch 90: train_loss=0.0582, train_acc=0.4846, dev_loss=0.0617, dev_acc=0.4608, time=1.9s
2025-10-21 07:47:40,525 - INFO - Epoch 91: train_loss=0.0584, train_acc=0.4877, dev_loss=0.0619, dev_acc=0.4424, time=1.8s
2025-10-21 07:47:42,340 - INFO - Epoch 92: train_loss=0.0580, train_acc=0.4892, dev_loss=0.0618, dev_acc=0.4516, time=1.8s
2025-10-21 07:47:44,042 - INFO - Epoch 93: train_loss=0.0585, train_acc=0.4908, dev_loss=0.0618, dev_acc=0.4470, time=1.7s
2025-10-21 07:47:45,819 - INFO - Epoch 94: train_loss=0.0602, train_acc=0.4723, dev_loss=0.0617, dev_acc=0.4470, time=1.8s
2025-10-21 07:47:47,834 - INFO - Epoch 95: train_loss=0.0589, train_acc=0.4800, dev_loss=0.0618, dev_acc=0.4562, time=2.0s
2025-10-21 07:47:49,767 - INFO - Epoch 96: train_loss=0.0589, train_acc=0.4815, dev_loss=0.0618, dev_acc=0.4516, time=1.9s
2025-10-21 07:47:51,527 - INFO - Epoch 97: train_loss=0.0591, train_acc=0.4754, dev_loss=0.0618, dev_acc=0.4470, time=1.8s
2025-10-21 07:47:53,231 - INFO - Epoch 98: train_loss=0.0597, train_acc=0.4738, dev_loss=0.0617, dev_acc=0.4516, time=1.7s
2025-10-21 07:47:55,009 - INFO - Epoch 99: train_loss=0.0592, train_acc=0.4800, dev_loss=0.0618, dev_acc=0.4562, time=1.8s
2025-10-21 07:47:56,836 - INFO - Epoch 100: train_loss=0.0594, train_acc=0.4754, dev_loss=0.0617, dev_acc=0.4516, time=1.8s
2025-10-21 07:47:59,232 - INFO - Epoch 101: train_loss=0.0593, train_acc=0.4708, dev_loss=0.0617, dev_acc=0.4562, time=2.4s
2025-10-21 07:48:01,289 - INFO - Epoch 102: train_loss=0.0593, train_acc=0.4692, dev_loss=0.0616, dev_acc=0.4608, time=2.1s
2025-10-21 07:48:03,226 - INFO - Epoch 103: train_loss=0.0589, train_acc=0.4892, dev_loss=0.0617, dev_acc=0.4562, time=1.9s
2025-10-21 07:48:05,298 - INFO - Epoch 104: train_loss=0.0590, train_acc=0.4646, dev_loss=0.0617, dev_acc=0.4608, time=2.1s
2025-10-21 07:48:06,951 - INFO - Epoch 105: train_loss=0.0590, train_acc=0.4754, dev_loss=0.0618, dev_acc=0.4424, time=1.7s
2025-10-21 07:48:08,729 - INFO - Epoch 106: train_loss=0.0596, train_acc=0.4815, dev_loss=0.0617, dev_acc=0.4562, time=1.8s
2025-10-21 07:48:10,707 - INFO - Epoch 107: train_loss=0.0586, train_acc=0.4738, dev_loss=0.0618, dev_acc=0.4516, time=2.0s
2025-10-21 07:48:12,524 - INFO - Epoch 108: train_loss=0.0578, train_acc=0.4846, dev_loss=0.0618, dev_acc=0.4562, time=1.8s
2025-10-21 07:48:14,256 - INFO - Epoch 109: train_loss=0.0591, train_acc=0.4677, dev_loss=0.0617, dev_acc=0.4516, time=1.7s
2025-10-21 07:48:16,036 - INFO - Epoch 110: train_loss=0.0590, train_acc=0.4723, dev_loss=0.0617, dev_acc=0.4470, time=1.8s
2025-10-21 07:48:17,759 - INFO - Epoch 111: train_loss=0.0594, train_acc=0.4908, dev_loss=0.0617, dev_acc=0.4470, time=1.7s
2025-10-21 07:48:19,506 - INFO - Epoch 112: train_loss=0.0589, train_acc=0.4892, dev_loss=0.0617, dev_acc=0.4516, time=1.7s
2025-10-21 07:48:19,506 - INFO - 早停触发: 最佳轮次=12, 最佳验证准确率=0.4654
2025-10-21 07:48:19,845 - INFO - 第 3 折测试: 损失=0.0583, 准确率=0.4608, F1=0.4017
2025-10-21 07:48:19,846 - INFO - 
----- 第 4/5 折 -----
2025-10-21 07:48:19,935 - INFO - 训练设备: cpu | 融合方法: pmdf | 模态组合: ['tongue']
2025-10-21 07:48:22,026 - INFO - Epoch 1: train_loss=0.0593, train_acc=0.4846, dev_loss=0.0622, dev_acc=0.4240, time=2.1s
2025-10-21 07:48:23,911 - INFO - Epoch 2: train_loss=0.0598, train_acc=0.4769, dev_loss=0.0620, dev_acc=0.4240, time=1.9s
2025-10-21 07:48:25,713 - INFO - Epoch 3: train_loss=0.0595, train_acc=0.4677, dev_loss=0.0621, dev_acc=0.4286, time=1.8s
2025-10-21 07:48:27,575 - INFO - Epoch 4: train_loss=0.0590, train_acc=0.4646, dev_loss=0.0620, dev_acc=0.4240, time=1.9s
2025-10-21 07:48:29,289 - INFO - Epoch 5: train_loss=0.0584, train_acc=0.5000, dev_loss=0.0620, dev_acc=0.4286, time=1.7s
2025-10-21 07:48:31,298 - INFO - Epoch 6: train_loss=0.0591, train_acc=0.4754, dev_loss=0.0620, dev_acc=0.4240, time=2.0s
2025-10-21 07:48:33,512 - INFO - Epoch 7: train_loss=0.0597, train_acc=0.4615, dev_loss=0.0620, dev_acc=0.4378, time=2.2s
2025-10-21 07:48:35,407 - INFO - Epoch 8: train_loss=0.0590, train_acc=0.4877, dev_loss=0.0620, dev_acc=0.4286, time=1.9s
2025-10-21 07:48:37,200 - INFO - Epoch 9: train_loss=0.0591, train_acc=0.4754, dev_loss=0.0619, dev_acc=0.4286, time=1.8s
2025-10-21 07:48:39,021 - INFO - Epoch 10: train_loss=0.0596, train_acc=0.4738, dev_loss=0.0621, dev_acc=0.4286, time=1.8s
2025-10-21 07:48:40,730 - INFO - Epoch 11: train_loss=0.0594, train_acc=0.4600, dev_loss=0.0620, dev_acc=0.4378, time=1.7s
2025-10-21 07:48:42,509 - INFO - Epoch 12: train_loss=0.0593, train_acc=0.4938, dev_loss=0.0620, dev_acc=0.4332, time=1.8s
2025-10-21 07:48:44,649 - INFO - Epoch 13: train_loss=0.0600, train_acc=0.4677, dev_loss=0.0620, dev_acc=0.4378, time=2.1s
2025-10-21 07:48:46,603 - INFO - Epoch 14: train_loss=0.0592, train_acc=0.4831, dev_loss=0.0620, dev_acc=0.4332, time=2.0s
2025-10-21 07:48:48,454 - INFO - Epoch 15: train_loss=0.0592, train_acc=0.4908, dev_loss=0.0619, dev_acc=0.4194, time=1.8s
2025-10-21 07:48:50,335 - INFO - Epoch 16: train_loss=0.0585, train_acc=0.4631, dev_loss=0.0620, dev_acc=0.4286, time=1.9s
2025-10-21 07:48:52,170 - INFO - Epoch 17: train_loss=0.0592, train_acc=0.4877, dev_loss=0.0620, dev_acc=0.4286, time=1.8s
2025-10-21 07:48:53,900 - INFO - Epoch 18: train_loss=0.0593, train_acc=0.4892, dev_loss=0.0620, dev_acc=0.4286, time=1.7s
2025-10-21 07:48:55,916 - INFO - Epoch 19: train_loss=0.0605, train_acc=0.4708, dev_loss=0.0620, dev_acc=0.4286, time=2.0s
2025-10-21 07:48:57,885 - INFO - Epoch 20: train_loss=0.0584, train_acc=0.5000, dev_loss=0.0621, dev_acc=0.4194, time=2.0s
2025-10-21 07:48:59,791 - INFO - Epoch 21: train_loss=0.0591, train_acc=0.4738, dev_loss=0.0621, dev_acc=0.4378, time=1.9s
2025-10-21 07:49:01,551 - INFO - Epoch 22: train_loss=0.0585, train_acc=0.4877, dev_loss=0.0620, dev_acc=0.4516, time=1.8s
2025-10-21 07:49:03,407 - INFO - Epoch 23: train_loss=0.0607, train_acc=0.4738, dev_loss=0.0620, dev_acc=0.4378, time=1.8s
2025-10-21 07:49:05,160 - INFO - Epoch 24: train_loss=0.0594, train_acc=0.4569, dev_loss=0.0620, dev_acc=0.4286, time=1.8s
2025-10-21 07:49:07,091 - INFO - Epoch 25: train_loss=0.0584, train_acc=0.4800, dev_loss=0.0621, dev_acc=0.4240, time=1.9s
2025-10-21 07:49:09,066 - INFO - Epoch 26: train_loss=0.0588, train_acc=0.4785, dev_loss=0.0620, dev_acc=0.4286, time=2.0s
2025-10-21 07:49:11,040 - INFO - Epoch 27: train_loss=0.0589, train_acc=0.4754, dev_loss=0.0621, dev_acc=0.4286, time=2.0s
2025-10-21 07:49:12,839 - INFO - Epoch 28: train_loss=0.0598, train_acc=0.4615, dev_loss=0.0620, dev_acc=0.4240, time=1.8s
2025-10-21 07:49:14,766 - INFO - Epoch 29: train_loss=0.0596, train_acc=0.4800, dev_loss=0.0620, dev_acc=0.4286, time=1.9s
2025-10-21 07:49:16,940 - INFO - Epoch 30: train_loss=0.0596, train_acc=0.4831, dev_loss=0.0621, dev_acc=0.4286, time=2.2s
2025-10-21 07:49:19,388 - INFO - Epoch 31: train_loss=0.0593, train_acc=0.4600, dev_loss=0.0621, dev_acc=0.4286, time=2.4s
2025-10-21 07:49:21,746 - INFO - Epoch 32: train_loss=0.0585, train_acc=0.4723, dev_loss=0.0619, dev_acc=0.4194, time=2.4s
2025-10-21 07:49:23,863 - INFO - Epoch 33: train_loss=0.0597, train_acc=0.4769, dev_loss=0.0620, dev_acc=0.4378, time=2.1s
2025-10-21 07:49:26,318 - INFO - Epoch 34: train_loss=0.0589, train_acc=0.4877, dev_loss=0.0621, dev_acc=0.4286, time=2.5s
2025-10-21 07:49:29,596 - INFO - Epoch 35: train_loss=0.0589, train_acc=0.4754, dev_loss=0.0621, dev_acc=0.4240, time=3.3s
2025-10-21 07:49:31,979 - INFO - Epoch 36: train_loss=0.0591, train_acc=0.4938, dev_loss=0.0619, dev_acc=0.4240, time=2.4s
2025-10-21 07:49:34,266 - INFO - Epoch 37: train_loss=0.0587, train_acc=0.4908, dev_loss=0.0619, dev_acc=0.4332, time=2.3s
2025-10-21 07:49:36,427 - INFO - Epoch 38: train_loss=0.0592, train_acc=0.4969, dev_loss=0.0619, dev_acc=0.4286, time=2.2s
2025-10-21 07:49:38,391 - INFO - Epoch 39: train_loss=0.0603, train_acc=0.4477, dev_loss=0.0619, dev_acc=0.4240, time=2.0s
2025-10-21 07:49:40,213 - INFO - Epoch 40: train_loss=0.0597, train_acc=0.4754, dev_loss=0.0620, dev_acc=0.4286, time=1.8s
2025-10-21 07:49:42,209 - INFO - Epoch 41: train_loss=0.0592, train_acc=0.4677, dev_loss=0.0620, dev_acc=0.4194, time=2.0s
2025-10-21 07:49:44,242 - INFO - Epoch 42: train_loss=0.0602, train_acc=0.4738, dev_loss=0.0620, dev_acc=0.4332, time=2.0s
2025-10-21 07:49:45,824 - INFO - Epoch 43: train_loss=0.0594, train_acc=0.4615, dev_loss=0.0620, dev_acc=0.4378, time=1.6s
2025-10-21 07:49:47,315 - INFO - Epoch 44: train_loss=0.0596, train_acc=0.4938, dev_loss=0.0620, dev_acc=0.4332, time=1.5s
2025-10-21 07:49:49,076 - INFO - Epoch 45: train_loss=0.0586, train_acc=0.5046, dev_loss=0.0620, dev_acc=0.4332, time=1.8s
2025-10-21 07:49:50,857 - INFO - Epoch 46: train_loss=0.0593, train_acc=0.4723, dev_loss=0.0620, dev_acc=0.4240, time=1.8s
2025-10-21 07:49:52,721 - INFO - Epoch 47: train_loss=0.0593, train_acc=0.4646, dev_loss=0.0620, dev_acc=0.4286, time=1.9s
2025-10-21 07:49:54,880 - INFO - Epoch 48: train_loss=0.0593, train_acc=0.4662, dev_loss=0.0619, dev_acc=0.4286, time=2.2s
2025-10-21 07:49:56,843 - INFO - Epoch 49: train_loss=0.0592, train_acc=0.4862, dev_loss=0.0620, dev_acc=0.4332, time=2.0s
2025-10-21 07:49:58,663 - INFO - Epoch 50: train_loss=0.0597, train_acc=0.4708, dev_loss=0.0620, dev_acc=0.4424, time=1.8s
2025-10-21 07:50:00,582 - INFO - Epoch 51: train_loss=0.0596, train_acc=0.4785, dev_loss=0.0620, dev_acc=0.4194, time=1.9s
2025-10-21 07:50:02,380 - INFO - Epoch 52: train_loss=0.0607, train_acc=0.4662, dev_loss=0.0620, dev_acc=0.4240, time=1.8s
2025-10-21 07:50:04,126 - INFO - Epoch 53: train_loss=0.0597, train_acc=0.4646, dev_loss=0.0621, dev_acc=0.4378, time=1.7s
2025-10-21 07:50:06,158 - INFO - Epoch 54: train_loss=0.0600, train_acc=0.4785, dev_loss=0.0620, dev_acc=0.4378, time=2.0s
2025-10-21 07:50:08,166 - INFO - Epoch 55: train_loss=0.0597, train_acc=0.4892, dev_loss=0.0619, dev_acc=0.4286, time=2.0s
2025-10-21 07:50:10,055 - INFO - Epoch 56: train_loss=0.0600, train_acc=0.4723, dev_loss=0.0621, dev_acc=0.4240, time=1.9s
2025-10-21 07:50:11,889 - INFO - Epoch 57: train_loss=0.0595, train_acc=0.4862, dev_loss=0.0619, dev_acc=0.4240, time=1.8s
2025-10-21 07:50:13,697 - INFO - Epoch 58: train_loss=0.0589, train_acc=0.4738, dev_loss=0.0620, dev_acc=0.4332, time=1.8s
2025-10-21 07:50:15,581 - INFO - Epoch 59: train_loss=0.0593, train_acc=0.4862, dev_loss=0.0620, dev_acc=0.4378, time=1.9s
2025-10-21 07:50:17,712 - INFO - Epoch 60: train_loss=0.0601, train_acc=0.4708, dev_loss=0.0620, dev_acc=0.4332, time=2.1s
2025-10-21 07:50:19,677 - INFO - Epoch 61: train_loss=0.0592, train_acc=0.4631, dev_loss=0.0620, dev_acc=0.4194, time=2.0s
2025-10-21 07:50:21,505 - INFO - Epoch 62: train_loss=0.0606, train_acc=0.4677, dev_loss=0.0620, dev_acc=0.4240, time=1.8s
2025-10-21 07:50:23,321 - INFO - Epoch 63: train_loss=0.0584, train_acc=0.4938, dev_loss=0.0620, dev_acc=0.4286, time=1.8s
2025-10-21 07:50:25,124 - INFO - Epoch 64: train_loss=0.0595, train_acc=0.4754, dev_loss=0.0620, dev_acc=0.4286, time=1.8s
2025-10-21 07:50:26,868 - INFO - Epoch 65: train_loss=0.0586, train_acc=0.4908, dev_loss=0.0619, dev_acc=0.4378, time=1.7s
2025-10-21 07:50:28,899 - INFO - Epoch 66: train_loss=0.0592, train_acc=0.4846, dev_loss=0.0620, dev_acc=0.4286, time=2.0s
2025-10-21 07:50:30,895 - INFO - Epoch 67: train_loss=0.0594, train_acc=0.4923, dev_loss=0.0619, dev_acc=0.4286, time=2.0s
2025-10-21 07:50:32,802 - INFO - Epoch 68: train_loss=0.0603, train_acc=0.4754, dev_loss=0.0619, dev_acc=0.4286, time=1.9s
2025-10-21 07:50:34,583 - INFO - Epoch 69: train_loss=0.0593, train_acc=0.4769, dev_loss=0.0619, dev_acc=0.4286, time=1.8s
2025-10-21 07:50:36,443 - INFO - Epoch 70: train_loss=0.0596, train_acc=0.4738, dev_loss=0.0620, dev_acc=0.4378, time=1.9s
2025-10-21 07:50:38,341 - INFO - Epoch 71: train_loss=0.0582, train_acc=0.4769, dev_loss=0.0620, dev_acc=0.4286, time=1.9s
2025-10-21 07:50:40,367 - INFO - Epoch 72: train_loss=0.0593, train_acc=0.4877, dev_loss=0.0620, dev_acc=0.4286, time=2.0s
2025-10-21 07:50:42,368 - INFO - Epoch 73: train_loss=0.0595, train_acc=0.4831, dev_loss=0.0620, dev_acc=0.4240, time=2.0s
2025-10-21 07:50:44,229 - INFO - Epoch 74: train_loss=0.0593, train_acc=0.4785, dev_loss=0.0620, dev_acc=0.4286, time=1.9s
2025-10-21 07:50:46,036 - INFO - Epoch 75: train_loss=0.0584, train_acc=0.4908, dev_loss=0.0620, dev_acc=0.4240, time=1.8s
2025-10-21 07:50:47,876 - INFO - Epoch 76: train_loss=0.0588, train_acc=0.4692, dev_loss=0.0621, dev_acc=0.4240, time=1.8s
2025-10-21 07:50:49,660 - INFO - Epoch 77: train_loss=0.0596, train_acc=0.4769, dev_loss=0.0621, dev_acc=0.4240, time=1.8s
2025-10-21 07:50:51,430 - INFO - Epoch 78: train_loss=0.0589, train_acc=0.4969, dev_loss=0.0620, dev_acc=0.4286, time=1.8s
2025-10-21 07:50:53,474 - INFO - Epoch 79: train_loss=0.0584, train_acc=0.4923, dev_loss=0.0620, dev_acc=0.4286, time=2.0s
2025-10-21 07:50:55,450 - INFO - Epoch 80: train_loss=0.0586, train_acc=0.4892, dev_loss=0.0620, dev_acc=0.4194, time=2.0s
2025-10-21 07:50:57,248 - INFO - Epoch 81: train_loss=0.0585, train_acc=0.4831, dev_loss=0.0620, dev_acc=0.4240, time=1.8s
2025-10-21 07:50:59,136 - INFO - Epoch 82: train_loss=0.0582, train_acc=0.4892, dev_loss=0.0620, dev_acc=0.4332, time=1.9s
2025-10-21 07:51:00,939 - INFO - Epoch 83: train_loss=0.0592, train_acc=0.4677, dev_loss=0.0619, dev_acc=0.4378, time=1.8s
2025-10-21 07:51:02,708 - INFO - Epoch 84: train_loss=0.0586, train_acc=0.4785, dev_loss=0.0621, dev_acc=0.4194, time=1.8s
2025-10-21 07:51:04,696 - INFO - Epoch 85: train_loss=0.0603, train_acc=0.4708, dev_loss=0.0620, dev_acc=0.4378, time=2.0s
2025-10-21 07:51:06,644 - INFO - Epoch 86: train_loss=0.0592, train_acc=0.4785, dev_loss=0.0620, dev_acc=0.4332, time=1.9s
2025-10-21 07:51:08,487 - INFO - Epoch 87: train_loss=0.0597, train_acc=0.4692, dev_loss=0.0619, dev_acc=0.4240, time=1.8s
2025-10-21 07:51:10,362 - INFO - Epoch 88: train_loss=0.0585, train_acc=0.4785, dev_loss=0.0620, dev_acc=0.4286, time=1.9s
2025-10-21 07:51:12,176 - INFO - Epoch 89: train_loss=0.0593, train_acc=0.4831, dev_loss=0.0621, dev_acc=0.4332, time=1.8s
2025-10-21 07:51:13,939 - INFO - Epoch 90: train_loss=0.0589, train_acc=0.4877, dev_loss=0.0621, dev_acc=0.4286, time=1.8s
2025-10-21 07:51:15,891 - INFO - Epoch 91: train_loss=0.0587, train_acc=0.4631, dev_loss=0.0620, dev_acc=0.4332, time=2.0s
2025-10-21 07:51:17,798 - INFO - Epoch 92: train_loss=0.0592, train_acc=0.4769, dev_loss=0.0619, dev_acc=0.4194, time=1.9s
2025-10-21 07:51:19,730 - INFO - Epoch 93: train_loss=0.0591, train_acc=0.4754, dev_loss=0.0620, dev_acc=0.4332, time=1.9s
2025-10-21 07:51:21,498 - INFO - Epoch 94: train_loss=0.0593, train_acc=0.4738, dev_loss=0.0619, dev_acc=0.4332, time=1.8s
2025-10-21 07:51:23,362 - INFO - Epoch 95: train_loss=0.0601, train_acc=0.4738, dev_loss=0.0620, dev_acc=0.4286, time=1.9s
2025-10-21 07:51:25,091 - INFO - Epoch 96: train_loss=0.0597, train_acc=0.4554, dev_loss=0.0619, dev_acc=0.4470, time=1.7s
2025-10-21 07:51:26,896 - INFO - Epoch 97: train_loss=0.0595, train_acc=0.4800, dev_loss=0.0620, dev_acc=0.4378, time=1.8s
2025-10-21 07:51:28,859 - INFO - Epoch 98: train_loss=0.0591, train_acc=0.4862, dev_loss=0.0619, dev_acc=0.4240, time=2.0s
2025-10-21 07:51:30,834 - INFO - Epoch 99: train_loss=0.0589, train_acc=0.4708, dev_loss=0.0621, dev_acc=0.4332, time=2.0s
2025-10-21 07:51:32,600 - INFO - Epoch 100: train_loss=0.0583, train_acc=0.4938, dev_loss=0.0620, dev_acc=0.4240, time=1.8s
2025-10-21 07:51:34,506 - INFO - Epoch 101: train_loss=0.0600, train_acc=0.4708, dev_loss=0.0621, dev_acc=0.4286, time=1.9s
2025-10-21 07:51:36,244 - INFO - Epoch 102: train_loss=0.0595, train_acc=0.5062, dev_loss=0.0621, dev_acc=0.4240, time=1.7s
2025-10-21 07:51:38,000 - INFO - Epoch 103: train_loss=0.0588, train_acc=0.4846, dev_loss=0.0620, dev_acc=0.4286, time=1.8s
2025-10-21 07:51:39,962 - INFO - Epoch 104: train_loss=0.0598, train_acc=0.4723, dev_loss=0.0620, dev_acc=0.4378, time=2.0s
2025-10-21 07:51:41,822 - INFO - Epoch 105: train_loss=0.0597, train_acc=0.4923, dev_loss=0.0620, dev_acc=0.4286, time=1.9s
2025-10-21 07:51:43,736 - INFO - Epoch 106: train_loss=0.0586, train_acc=0.4800, dev_loss=0.0620, dev_acc=0.4286, time=1.9s
2025-10-21 07:51:45,577 - INFO - Epoch 107: train_loss=0.0601, train_acc=0.4723, dev_loss=0.0621, dev_acc=0.4240, time=1.8s
2025-10-21 07:51:47,546 - INFO - Epoch 108: train_loss=0.0595, train_acc=0.4769, dev_loss=0.0620, dev_acc=0.4332, time=2.0s
2025-10-21 07:51:49,781 - INFO - Epoch 109: train_loss=0.0595, train_acc=0.4923, dev_loss=0.0620, dev_acc=0.4240, time=2.2s
2025-10-21 07:51:52,066 - INFO - Epoch 110: train_loss=0.0581, train_acc=0.5077, dev_loss=0.0621, dev_acc=0.4240, time=2.3s
2025-10-21 07:51:54,238 - INFO - Epoch 111: train_loss=0.0585, train_acc=0.4846, dev_loss=0.0620, dev_acc=0.4286, time=2.2s
2025-10-21 07:51:56,250 - INFO - Epoch 112: train_loss=0.0586, train_acc=0.4923, dev_loss=0.0620, dev_acc=0.4240, time=2.0s
2025-10-21 07:51:58,166 - INFO - Epoch 113: train_loss=0.0593, train_acc=0.4738, dev_loss=0.0620, dev_acc=0.4240, time=1.9s
2025-10-21 07:52:00,127 - INFO - Epoch 114: train_loss=0.0585, train_acc=0.4754, dev_loss=0.0619, dev_acc=0.4378, time=2.0s
2025-10-21 07:52:02,508 - INFO - Epoch 115: train_loss=0.0599, train_acc=0.4800, dev_loss=0.0620, dev_acc=0.4378, time=2.4s
2025-10-21 07:52:04,590 - INFO - Epoch 116: train_loss=0.0589, train_acc=0.4723, dev_loss=0.0619, dev_acc=0.4240, time=2.1s
2025-10-21 07:52:06,747 - INFO - Epoch 117: train_loss=0.0594, train_acc=0.4631, dev_loss=0.0620, dev_acc=0.4240, time=2.2s
2025-10-21 07:52:09,611 - INFO - Epoch 118: train_loss=0.0597, train_acc=0.4677, dev_loss=0.0620, dev_acc=0.4286, time=2.9s
2025-10-21 07:52:12,424 - INFO - Epoch 119: train_loss=0.0596, train_acc=0.4677, dev_loss=0.0620, dev_acc=0.4332, time=2.8s
2025-10-21 07:52:14,948 - INFO - Epoch 120: train_loss=0.0590, train_acc=0.4800, dev_loss=0.0620, dev_acc=0.4332, time=2.5s
2025-10-21 07:52:17,166 - INFO - Epoch 121: train_loss=0.0597, train_acc=0.4815, dev_loss=0.0619, dev_acc=0.4286, time=2.2s
2025-10-21 07:52:19,225 - INFO - Epoch 122: train_loss=0.0597, train_acc=0.4692, dev_loss=0.0620, dev_acc=0.4424, time=2.1s
2025-10-21 07:52:19,226 - INFO - 早停触发: 最佳轮次=22, 最佳验证准确率=0.4516
2025-10-21 07:52:19,627 - INFO - 第 4 折测试: 损失=0.0573, 准确率=0.5115, F1=0.4737
2025-10-21 07:52:19,629 - INFO - 
----- 第 5/5 折 -----
2025-10-21 07:52:19,725 - INFO - 训练设备: cpu | 融合方法: pmdf | 模态组合: ['tongue']
2025-10-21 07:52:21,843 - INFO - Epoch 1: train_loss=0.0595, train_acc=0.4808, dev_loss=0.0608, dev_acc=0.4470, time=2.1s
2025-10-21 07:52:23,874 - INFO - Epoch 2: train_loss=0.0593, train_acc=0.4916, dev_loss=0.0608, dev_acc=0.4470, time=2.0s
2025-10-21 07:52:26,025 - INFO - Epoch 3: train_loss=0.0596, train_acc=0.4639, dev_loss=0.0608, dev_acc=0.4516, time=2.2s
2025-10-21 07:52:27,990 - INFO - Epoch 4: train_loss=0.0590, train_acc=0.4700, dev_loss=0.0608, dev_acc=0.4516, time=1.9s
2025-10-21 07:52:30,119 - INFO - Epoch 5: train_loss=0.0597, train_acc=0.4639, dev_loss=0.0608, dev_acc=0.4470, time=2.1s
2025-10-21 07:52:31,976 - INFO - Epoch 6: train_loss=0.0592, train_acc=0.4685, dev_loss=0.0608, dev_acc=0.4608, time=1.9s
2025-10-21 07:52:34,136 - INFO - Epoch 7: train_loss=0.0590, train_acc=0.4793, dev_loss=0.0609, dev_acc=0.4424, time=2.1s
2025-10-21 07:52:36,182 - INFO - Epoch 8: train_loss=0.0588, train_acc=0.4685, dev_loss=0.0609, dev_acc=0.4516, time=2.0s
2025-10-21 07:52:38,271 - INFO - Epoch 9: train_loss=0.0596, train_acc=0.4854, dev_loss=0.0609, dev_acc=0.4470, time=2.1s
2025-10-21 07:52:40,397 - INFO - Epoch 10: train_loss=0.0587, train_acc=0.4839, dev_loss=0.0609, dev_acc=0.4470, time=2.1s
2025-10-21 07:52:42,439 - INFO - Epoch 11: train_loss=0.0603, train_acc=0.4562, dev_loss=0.0608, dev_acc=0.4562, time=2.0s
2025-10-21 07:52:44,542 - INFO - Epoch 12: train_loss=0.0585, train_acc=0.4977, dev_loss=0.0608, dev_acc=0.4608, time=2.1s
2025-10-21 07:52:46,521 - INFO - Epoch 13: train_loss=0.0589, train_acc=0.4885, dev_loss=0.0608, dev_acc=0.4562, time=2.0s
2025-10-21 07:52:48,720 - INFO - Epoch 14: train_loss=0.0594, train_acc=0.4946, dev_loss=0.0608, dev_acc=0.4516, time=2.2s
2025-10-21 07:52:50,662 - INFO - Epoch 15: train_loss=0.0596, train_acc=0.4700, dev_loss=0.0609, dev_acc=0.4516, time=1.9s
2025-10-21 07:52:52,859 - INFO - Epoch 16: train_loss=0.0600, train_acc=0.4962, dev_loss=0.0608, dev_acc=0.4470, time=2.2s
2025-10-21 07:52:54,771 - INFO - Epoch 17: train_loss=0.0607, train_acc=0.4793, dev_loss=0.0608, dev_acc=0.4516, time=1.9s
2025-10-21 07:52:56,952 - INFO - Epoch 18: train_loss=0.0596, train_acc=0.4869, dev_loss=0.0609, dev_acc=0.4470, time=2.2s
2025-10-21 07:52:58,981 - INFO - Epoch 19: train_loss=0.0599, train_acc=0.4762, dev_loss=0.0608, dev_acc=0.4516, time=2.0s
2025-10-21 07:53:01,150 - INFO - Epoch 20: train_loss=0.0590, train_acc=0.4992, dev_loss=0.0608, dev_acc=0.4470, time=2.2s
2025-10-21 07:53:03,191 - INFO - Epoch 21: train_loss=0.0599, train_acc=0.4946, dev_loss=0.0608, dev_acc=0.4608, time=2.0s
2025-10-21 07:53:05,248 - INFO - Epoch 22: train_loss=0.0591, train_acc=0.4931, dev_loss=0.0608, dev_acc=0.4424, time=2.1s
2025-10-21 07:53:07,385 - INFO - Epoch 23: train_loss=0.0603, train_acc=0.4777, dev_loss=0.0608, dev_acc=0.4470, time=2.1s
2025-10-21 07:53:09,381 - INFO - Epoch 24: train_loss=0.0588, train_acc=0.4839, dev_loss=0.0608, dev_acc=0.4562, time=2.0s
2025-10-21 07:53:11,559 - INFO - Epoch 25: train_loss=0.0595, train_acc=0.4916, dev_loss=0.0608, dev_acc=0.4516, time=2.2s
2025-10-21 07:53:13,472 - INFO - Epoch 26: train_loss=0.0595, train_acc=0.4885, dev_loss=0.0608, dev_acc=0.4470, time=1.9s
2025-10-21 07:53:15,600 - INFO - Epoch 27: train_loss=0.0588, train_acc=0.4962, dev_loss=0.0607, dev_acc=0.4424, time=2.1s
2025-10-21 07:53:17,177 - INFO - Epoch 28: train_loss=0.0601, train_acc=0.4916, dev_loss=0.0608, dev_acc=0.4516, time=1.6s
2025-10-21 07:53:18,129 - INFO - Epoch 29: train_loss=0.0591, train_acc=0.4793, dev_loss=0.0608, dev_acc=0.4470, time=1.0s
2025-10-21 07:53:19,078 - INFO - Epoch 30: train_loss=0.0593, train_acc=0.4731, dev_loss=0.0609, dev_acc=0.4516, time=0.9s
2025-10-21 07:53:20,013 - INFO - Epoch 31: train_loss=0.0588, train_acc=0.4685, dev_loss=0.0608, dev_acc=0.4516, time=0.9s
2025-10-21 07:53:20,940 - INFO - Epoch 32: train_loss=0.0581, train_acc=0.4793, dev_loss=0.0609, dev_acc=0.4516, time=0.9s
2025-10-21 07:53:21,905 - INFO - Epoch 33: train_loss=0.0604, train_acc=0.4700, dev_loss=0.0608, dev_acc=0.4470, time=1.0s
2025-10-21 07:53:22,836 - INFO - Epoch 34: train_loss=0.0592, train_acc=0.4793, dev_loss=0.0609, dev_acc=0.4516, time=0.9s
2025-10-21 07:53:23,756 - INFO - Epoch 35: train_loss=0.0595, train_acc=0.4716, dev_loss=0.0610, dev_acc=0.4424, time=0.9s
2025-10-21 07:53:24,674 - INFO - Epoch 36: train_loss=0.0583, train_acc=0.4823, dev_loss=0.0609, dev_acc=0.4470, time=0.9s
2025-10-21 07:53:25,597 - INFO - Epoch 37: train_loss=0.0594, train_acc=0.4793, dev_loss=0.0608, dev_acc=0.4608, time=0.9s
2025-10-21 07:53:26,521 - INFO - Epoch 38: train_loss=0.0585, train_acc=0.5023, dev_loss=0.0608, dev_acc=0.4470, time=0.9s
2025-10-21 07:53:27,448 - INFO - Epoch 39: train_loss=0.0601, train_acc=0.4685, dev_loss=0.0609, dev_acc=0.4470, time=0.9s
2025-10-21 07:53:28,381 - INFO - Epoch 40: train_loss=0.0594, train_acc=0.4762, dev_loss=0.0608, dev_acc=0.4470, time=0.9s
2025-10-21 07:53:29,344 - INFO - Epoch 41: train_loss=0.0603, train_acc=0.4762, dev_loss=0.0609, dev_acc=0.4470, time=1.0s
2025-10-21 07:53:30,290 - INFO - Epoch 42: train_loss=0.0587, train_acc=0.4793, dev_loss=0.0609, dev_acc=0.4516, time=0.9s
2025-10-21 07:53:31,272 - INFO - Epoch 43: train_loss=0.0592, train_acc=0.4854, dev_loss=0.0609, dev_acc=0.4470, time=1.0s
2025-10-21 07:53:32,239 - INFO - Epoch 44: train_loss=0.0594, train_acc=0.4823, dev_loss=0.0609, dev_acc=0.4516, time=1.0s
2025-10-21 07:53:33,200 - INFO - Epoch 45: train_loss=0.0600, train_acc=0.4731, dev_loss=0.0609, dev_acc=0.4424, time=1.0s
2025-10-21 07:53:34,161 - INFO - Epoch 46: train_loss=0.0590, train_acc=0.4977, dev_loss=0.0609, dev_acc=0.4470, time=1.0s
2025-10-21 07:53:35,098 - INFO - Epoch 47: train_loss=0.0590, train_acc=0.4931, dev_loss=0.0608, dev_acc=0.4470, time=0.9s
2025-10-21 07:53:36,093 - INFO - Epoch 48: train_loss=0.0593, train_acc=0.5008, dev_loss=0.0608, dev_acc=0.4424, time=1.0s
2025-10-21 07:53:37,051 - INFO - Epoch 49: train_loss=0.0599, train_acc=0.4685, dev_loss=0.0608, dev_acc=0.4424, time=1.0s
2025-10-21 07:53:38,067 - INFO - Epoch 50: train_loss=0.0590, train_acc=0.4839, dev_loss=0.0609, dev_acc=0.4332, time=1.0s
2025-10-21 07:53:39,111 - INFO - Epoch 51: train_loss=0.0592, train_acc=0.4869, dev_loss=0.0609, dev_acc=0.4470, time=1.0s
2025-10-21 07:53:40,748 - INFO - Epoch 52: train_loss=0.0598, train_acc=0.4762, dev_loss=0.0608, dev_acc=0.4516, time=1.6s
2025-10-21 07:53:42,409 - INFO - Epoch 53: train_loss=0.0593, train_acc=0.4869, dev_loss=0.0609, dev_acc=0.4424, time=1.7s
2025-10-21 07:53:44,032 - INFO - Epoch 54: train_loss=0.0591, train_acc=0.5038, dev_loss=0.0609, dev_acc=0.4424, time=1.6s
2025-10-21 07:53:45,682 - INFO - Epoch 55: train_loss=0.0599, train_acc=0.4700, dev_loss=0.0609, dev_acc=0.4516, time=1.6s
2025-10-21 07:53:47,183 - INFO - Epoch 56: train_loss=0.0602, train_acc=0.4747, dev_loss=0.0609, dev_acc=0.4424, time=1.5s
2025-10-21 07:53:48,623 - INFO - Epoch 57: train_loss=0.0587, train_acc=0.4808, dev_loss=0.0608, dev_acc=0.4562, time=1.4s
2025-10-21 07:53:50,117 - INFO - Epoch 58: train_loss=0.0592, train_acc=0.4762, dev_loss=0.0609, dev_acc=0.4470, time=1.5s
2025-10-21 07:53:51,554 - INFO - Epoch 59: train_loss=0.0597, train_acc=0.4793, dev_loss=0.0610, dev_acc=0.4378, time=1.4s
2025-10-21 07:53:53,008 - INFO - Epoch 60: train_loss=0.0592, train_acc=0.4823, dev_loss=0.0609, dev_acc=0.4516, time=1.5s
2025-10-21 07:53:54,753 - INFO - Epoch 61: train_loss=0.0596, train_acc=0.4624, dev_loss=0.0609, dev_acc=0.4516, time=1.7s
2025-10-21 07:53:56,372 - INFO - Epoch 62: train_loss=0.0590, train_acc=0.5023, dev_loss=0.0609, dev_acc=0.4424, time=1.6s
2025-10-21 07:53:57,986 - INFO - Epoch 63: train_loss=0.0591, train_acc=0.4885, dev_loss=0.0608, dev_acc=0.4470, time=1.6s
2025-10-21 07:53:59,657 - INFO - Epoch 64: train_loss=0.0592, train_acc=0.4854, dev_loss=0.0609, dev_acc=0.4470, time=1.7s
2025-10-21 07:54:01,387 - INFO - Epoch 65: train_loss=0.0585, train_acc=0.4885, dev_loss=0.0608, dev_acc=0.4562, time=1.7s
2025-10-21 07:54:03,088 - INFO - Epoch 66: train_loss=0.0595, train_acc=0.4946, dev_loss=0.0608, dev_acc=0.4470, time=1.7s
2025-10-21 07:54:04,809 - INFO - Epoch 67: train_loss=0.0591, train_acc=0.4762, dev_loss=0.0607, dev_acc=0.4562, time=1.7s
2025-10-21 07:54:06,611 - INFO - Epoch 68: train_loss=0.0587, train_acc=0.4731, dev_loss=0.0608, dev_acc=0.4470, time=1.8s
2025-10-21 07:54:08,265 - INFO - Epoch 69: train_loss=0.0588, train_acc=0.4885, dev_loss=0.0608, dev_acc=0.4654, time=1.7s
2025-10-21 07:54:09,938 - INFO - Epoch 70: train_loss=0.0596, train_acc=0.4670, dev_loss=0.0609, dev_acc=0.4378, time=1.7s
2025-10-21 07:54:11,572 - INFO - Epoch 71: train_loss=0.0597, train_acc=0.4624, dev_loss=0.0609, dev_acc=0.4424, time=1.6s
2025-10-21 07:54:13,301 - INFO - Epoch 72: train_loss=0.0587, train_acc=0.4962, dev_loss=0.0608, dev_acc=0.4516, time=1.7s
2025-10-21 07:54:15,000 - INFO - Epoch 73: train_loss=0.0594, train_acc=0.4916, dev_loss=0.0608, dev_acc=0.4516, time=1.7s
2025-10-21 07:54:16,653 - INFO - Epoch 74: train_loss=0.0593, train_acc=0.4962, dev_loss=0.0609, dev_acc=0.4470, time=1.7s
2025-10-21 07:54:18,474 - INFO - Epoch 75: train_loss=0.0589, train_acc=0.5008, dev_loss=0.0609, dev_acc=0.4516, time=1.8s
2025-10-21 07:54:20,307 - INFO - Epoch 76: train_loss=0.0592, train_acc=0.4823, dev_loss=0.0608, dev_acc=0.4470, time=1.8s
2025-10-21 07:54:21,925 - INFO - Epoch 77: train_loss=0.0589, train_acc=0.4839, dev_loss=0.0608, dev_acc=0.4516, time=1.6s
2025-10-21 07:54:23,538 - INFO - Epoch 78: train_loss=0.0601, train_acc=0.4823, dev_loss=0.0609, dev_acc=0.4470, time=1.6s
2025-10-21 07:54:25,278 - INFO - Epoch 79: train_loss=0.0587, train_acc=0.4962, dev_loss=0.0609, dev_acc=0.4470, time=1.7s
2025-10-21 07:54:26,957 - INFO - Epoch 80: train_loss=0.0599, train_acc=0.4916, dev_loss=0.0608, dev_acc=0.4470, time=1.7s
2025-10-21 07:54:28,605 - INFO - Epoch 81: train_loss=0.0602, train_acc=0.4854, dev_loss=0.0609, dev_acc=0.4378, time=1.6s
2025-10-21 07:54:30,386 - INFO - Epoch 82: train_loss=0.0594, train_acc=0.4854, dev_loss=0.0608, dev_acc=0.4516, time=1.8s
2025-10-21 07:54:32,363 - INFO - Epoch 83: train_loss=0.0599, train_acc=0.4747, dev_loss=0.0609, dev_acc=0.4378, time=2.0s
2025-10-21 07:54:34,079 - INFO - Epoch 84: train_loss=0.0592, train_acc=0.4793, dev_loss=0.0609, dev_acc=0.4470, time=1.7s
2025-10-21 07:54:35,823 - INFO - Epoch 85: train_loss=0.0594, train_acc=0.4608, dev_loss=0.0608, dev_acc=0.4470, time=1.7s
2025-10-21 07:54:37,572 - INFO - Epoch 86: train_loss=0.0594, train_acc=0.4946, dev_loss=0.0608, dev_acc=0.4516, time=1.7s
2025-10-21 07:54:39,276 - INFO - Epoch 87: train_loss=0.0588, train_acc=0.4854, dev_loss=0.0610, dev_acc=0.4378, time=1.7s
2025-10-21 07:54:40,963 - INFO - Epoch 88: train_loss=0.0599, train_acc=0.4716, dev_loss=0.0609, dev_acc=0.4516, time=1.7s
2025-10-21 07:54:42,955 - INFO - Epoch 89: train_loss=0.0609, train_acc=0.4762, dev_loss=0.0609, dev_acc=0.4516, time=2.0s
2025-10-21 07:54:44,884 - INFO - Epoch 90: train_loss=0.0585, train_acc=0.4793, dev_loss=0.0608, dev_acc=0.4470, time=1.9s
2025-10-21 07:54:46,634 - INFO - Epoch 91: train_loss=0.0593, train_acc=0.4685, dev_loss=0.0608, dev_acc=0.4516, time=1.7s
2025-10-21 07:54:48,276 - INFO - Epoch 92: train_loss=0.0588, train_acc=0.5023, dev_loss=0.0608, dev_acc=0.4516, time=1.6s
2025-10-21 07:54:50,036 - INFO - Epoch 93: train_loss=0.0598, train_acc=0.4793, dev_loss=0.0609, dev_acc=0.4470, time=1.8s
2025-10-21 07:54:51,755 - INFO - Epoch 94: train_loss=0.0590, train_acc=0.4823, dev_loss=0.0609, dev_acc=0.4424, time=1.7s
2025-10-21 07:54:53,446 - INFO - Epoch 95: train_loss=0.0591, train_acc=0.4839, dev_loss=0.0608, dev_acc=0.4516, time=1.7s
2025-10-21 07:54:55,392 - INFO - Epoch 96: train_loss=0.0590, train_acc=0.5008, dev_loss=0.0608, dev_acc=0.4516, time=1.9s
2025-10-21 07:54:57,275 - INFO - Epoch 97: train_loss=0.0591, train_acc=0.4931, dev_loss=0.0610, dev_acc=0.4424, time=1.9s
2025-10-21 07:54:58,988 - INFO - Epoch 98: train_loss=0.0590, train_acc=0.4885, dev_loss=0.0608, dev_acc=0.4470, time=1.7s
2025-10-21 07:55:00,716 - INFO - Epoch 99: train_loss=0.0595, train_acc=0.4685, dev_loss=0.0608, dev_acc=0.4516, time=1.7s
2025-10-21 07:55:02,432 - INFO - Epoch 100: train_loss=0.0592, train_acc=0.4762, dev_loss=0.0608, dev_acc=0.4516, time=1.7s
2025-10-21 07:55:04,118 - INFO - Epoch 101: train_loss=0.0585, train_acc=0.4900, dev_loss=0.0608, dev_acc=0.4516, time=1.7s
2025-10-21 07:55:05,888 - INFO - Epoch 102: train_loss=0.0591, train_acc=0.4777, dev_loss=0.0608, dev_acc=0.4516, time=1.8s
2025-10-21 07:55:07,836 - INFO - Epoch 103: train_loss=0.0589, train_acc=0.4885, dev_loss=0.0609, dev_acc=0.4424, time=1.9s
2025-10-21 07:55:09,707 - INFO - Epoch 104: train_loss=0.0584, train_acc=0.4900, dev_loss=0.0610, dev_acc=0.4470, time=1.9s
2025-10-21 07:55:11,424 - INFO - Epoch 105: train_loss=0.0591, train_acc=0.4869, dev_loss=0.0608, dev_acc=0.4608, time=1.7s
2025-10-21 07:55:13,147 - INFO - Epoch 106: train_loss=0.0591, train_acc=0.4916, dev_loss=0.0608, dev_acc=0.4516, time=1.7s
2025-10-21 07:55:14,975 - INFO - Epoch 107: train_loss=0.0587, train_acc=0.4885, dev_loss=0.0609, dev_acc=0.4424, time=1.8s
2025-10-21 07:55:16,814 - INFO - Epoch 108: train_loss=0.0596, train_acc=0.4808, dev_loss=0.0609, dev_acc=0.4470, time=1.8s
2025-10-21 07:55:18,733 - INFO - Epoch 109: train_loss=0.0597, train_acc=0.4916, dev_loss=0.0607, dev_acc=0.4470, time=1.9s
2025-10-21 07:55:20,645 - INFO - Epoch 110: train_loss=0.0589, train_acc=0.4747, dev_loss=0.0608, dev_acc=0.4516, time=1.9s
2025-10-21 07:55:22,427 - INFO - Epoch 111: train_loss=0.0591, train_acc=0.4916, dev_loss=0.0608, dev_acc=0.4470, time=1.8s
2025-10-21 07:55:24,117 - INFO - Epoch 112: train_loss=0.0589, train_acc=0.4931, dev_loss=0.0609, dev_acc=0.4516, time=1.7s
2025-10-21 07:55:25,943 - INFO - Epoch 113: train_loss=0.0590, train_acc=0.4670, dev_loss=0.0608, dev_acc=0.4562, time=1.8s
2025-10-21 07:55:27,799 - INFO - Epoch 114: train_loss=0.0600, train_acc=0.4654, dev_loss=0.0609, dev_acc=0.4516, time=1.9s
2025-10-21 07:55:29,857 - INFO - Epoch 115: train_loss=0.0587, train_acc=0.4869, dev_loss=0.0609, dev_acc=0.4424, time=2.1s
2025-10-21 07:55:31,731 - INFO - Epoch 116: train_loss=0.0587, train_acc=0.4946, dev_loss=0.0609, dev_acc=0.4470, time=1.9s
2025-10-21 07:55:33,517 - INFO - Epoch 117: train_loss=0.0589, train_acc=0.4885, dev_loss=0.0608, dev_acc=0.4378, time=1.8s
2025-10-21 07:55:35,246 - INFO - Epoch 118: train_loss=0.0598, train_acc=0.4823, dev_loss=0.0609, dev_acc=0.4378, time=1.7s
2025-10-21 07:55:37,018 - INFO - Epoch 119: train_loss=0.0585, train_acc=0.4931, dev_loss=0.0609, dev_acc=0.4470, time=1.8s
2025-10-21 07:55:38,737 - INFO - Epoch 120: train_loss=0.0592, train_acc=0.4839, dev_loss=0.0609, dev_acc=0.4516, time=1.7s
2025-10-21 07:55:40,478 - INFO - Epoch 121: train_loss=0.0584, train_acc=0.5253, dev_loss=0.0608, dev_acc=0.4424, time=1.7s
2025-10-21 07:55:42,514 - INFO - Epoch 122: train_loss=0.0594, train_acc=0.4992, dev_loss=0.0609, dev_acc=0.4516, time=2.0s
2025-10-21 07:55:44,641 - INFO - Epoch 123: train_loss=0.0590, train_acc=0.4992, dev_loss=0.0609, dev_acc=0.4470, time=2.1s
2025-10-21 07:55:46,486 - INFO - Epoch 124: train_loss=0.0595, train_acc=0.4624, dev_loss=0.0608, dev_acc=0.4516, time=1.8s
2025-10-21 07:55:48,317 - INFO - Epoch 125: train_loss=0.0590, train_acc=0.4823, dev_loss=0.0608, dev_acc=0.4516, time=1.8s
2025-10-21 07:55:50,127 - INFO - Epoch 126: train_loss=0.0600, train_acc=0.4670, dev_loss=0.0609, dev_acc=0.4378, time=1.8s
2025-10-21 07:55:52,190 - INFO - Epoch 127: train_loss=0.0596, train_acc=0.4885, dev_loss=0.0609, dev_acc=0.4424, time=2.1s
2025-10-21 07:55:54,321 - INFO - Epoch 128: train_loss=0.0599, train_acc=0.4962, dev_loss=0.0608, dev_acc=0.4424, time=2.1s
2025-10-21 07:55:56,252 - INFO - Epoch 129: train_loss=0.0595, train_acc=0.4685, dev_loss=0.0609, dev_acc=0.4470, time=1.9s
2025-10-21 07:55:58,127 - INFO - Epoch 130: train_loss=0.0588, train_acc=0.4777, dev_loss=0.0609, dev_acc=0.4516, time=1.9s
2025-10-21 07:55:59,811 - INFO - Epoch 131: train_loss=0.0591, train_acc=0.4839, dev_loss=0.0610, dev_acc=0.4424, time=1.7s
2025-10-21 07:56:01,627 - INFO - Epoch 132: train_loss=0.0601, train_acc=0.4808, dev_loss=0.0608, dev_acc=0.4424, time=1.8s
2025-10-21 07:56:03,760 - INFO - Epoch 133: train_loss=0.0593, train_acc=0.4916, dev_loss=0.0609, dev_acc=0.4516, time=2.1s
2025-10-21 07:56:05,775 - INFO - Epoch 134: train_loss=0.0595, train_acc=0.4854, dev_loss=0.0609, dev_acc=0.4470, time=2.0s
2025-10-21 07:56:07,640 - INFO - Epoch 135: train_loss=0.0583, train_acc=0.5131, dev_loss=0.0609, dev_acc=0.4470, time=1.9s
2025-10-21 07:56:09,479 - INFO - Epoch 136: train_loss=0.0597, train_acc=0.4885, dev_loss=0.0609, dev_acc=0.4424, time=1.8s
2025-10-21 07:56:11,291 - INFO - Epoch 137: train_loss=0.0596, train_acc=0.4731, dev_loss=0.0608, dev_acc=0.4516, time=1.8s
2025-10-21 07:56:13,449 - INFO - Epoch 138: train_loss=0.0587, train_acc=0.5084, dev_loss=0.0609, dev_acc=0.4470, time=2.2s
2025-10-21 07:56:15,613 - INFO - Epoch 139: train_loss=0.0586, train_acc=0.5069, dev_loss=0.0609, dev_acc=0.4470, time=2.2s
2025-10-21 07:56:17,514 - INFO - Epoch 140: train_loss=0.0587, train_acc=0.4839, dev_loss=0.0609, dev_acc=0.4424, time=1.9s
2025-10-21 07:56:19,317 - INFO - Epoch 141: train_loss=0.0597, train_acc=0.4962, dev_loss=0.0608, dev_acc=0.4470, time=1.8s
2025-10-21 07:56:21,085 - INFO - Epoch 142: train_loss=0.0583, train_acc=0.4946, dev_loss=0.0609, dev_acc=0.4470, time=1.8s
2025-10-21 07:56:23,064 - INFO - Epoch 143: train_loss=0.0593, train_acc=0.4839, dev_loss=0.0608, dev_acc=0.4608, time=2.0s
2025-10-21 07:56:24,844 - INFO - Epoch 144: train_loss=0.0587, train_acc=0.4962, dev_loss=0.0610, dev_acc=0.4424, time=1.8s
2025-10-21 07:56:27,090 - INFO - Epoch 145: train_loss=0.0600, train_acc=0.4793, dev_loss=0.0609, dev_acc=0.4470, time=2.2s
2025-10-21 07:56:29,165 - INFO - Epoch 146: train_loss=0.0602, train_acc=0.4531, dev_loss=0.0609, dev_acc=0.4424, time=2.1s
2025-10-21 07:56:31,312 - INFO - Epoch 147: train_loss=0.0595, train_acc=0.4885, dev_loss=0.0608, dev_acc=0.4424, time=2.1s
2025-10-21 07:56:33,260 - INFO - Epoch 148: train_loss=0.0603, train_acc=0.4731, dev_loss=0.0609, dev_acc=0.4562, time=1.9s
2025-10-21 07:56:35,029 - INFO - Epoch 149: train_loss=0.0585, train_acc=0.4992, dev_loss=0.0608, dev_acc=0.4516, time=1.8s
2025-10-21 07:56:36,804 - INFO - Epoch 150: train_loss=0.0593, train_acc=0.4747, dev_loss=0.0609, dev_acc=0.4424, time=1.8s
2025-10-21 07:56:38,873 - INFO - Epoch 151: train_loss=0.0588, train_acc=0.4962, dev_loss=0.0608, dev_acc=0.4608, time=2.1s
2025-10-21 07:56:40,790 - INFO - Epoch 152: train_loss=0.0585, train_acc=0.4946, dev_loss=0.0608, dev_acc=0.4516, time=1.9s
2025-10-21 07:56:42,585 - INFO - Epoch 153: train_loss=0.0591, train_acc=0.4777, dev_loss=0.0608, dev_acc=0.4378, time=1.8s
2025-10-21 07:56:44,337 - INFO - Epoch 154: train_loss=0.0603, train_acc=0.4808, dev_loss=0.0609, dev_acc=0.4470, time=1.8s
2025-10-21 07:56:46,167 - INFO - Epoch 155: train_loss=0.0581, train_acc=0.4839, dev_loss=0.0608, dev_acc=0.4562, time=1.8s
2025-10-21 07:56:47,835 - INFO - Epoch 156: train_loss=0.0594, train_acc=0.4992, dev_loss=0.0608, dev_acc=0.4516, time=1.7s
2025-10-21 07:56:49,714 - INFO - Epoch 157: train_loss=0.0592, train_acc=0.5008, dev_loss=0.0608, dev_acc=0.4470, time=1.9s
2025-10-21 07:56:51,575 - INFO - Epoch 158: train_loss=0.0595, train_acc=0.4977, dev_loss=0.0609, dev_acc=0.4516, time=1.9s
2025-10-21 07:56:53,435 - INFO - Epoch 159: train_loss=0.0585, train_acc=0.4885, dev_loss=0.0608, dev_acc=0.4516, time=1.9s
2025-10-21 07:56:55,144 - INFO - Epoch 160: train_loss=0.0594, train_acc=0.4777, dev_loss=0.0609, dev_acc=0.4516, time=1.7s
2025-10-21 07:56:56,897 - INFO - Epoch 161: train_loss=0.0600, train_acc=0.4885, dev_loss=0.0609, dev_acc=0.4470, time=1.8s
2025-10-21 07:56:58,649 - INFO - Epoch 162: train_loss=0.0589, train_acc=0.4793, dev_loss=0.0609, dev_acc=0.4378, time=1.8s
2025-10-21 07:57:00,320 - INFO - Epoch 163: train_loss=0.0596, train_acc=0.4716, dev_loss=0.0609, dev_acc=0.4516, time=1.7s
2025-10-21 07:57:02,309 - INFO - Epoch 164: train_loss=0.0591, train_acc=0.4900, dev_loss=0.0610, dev_acc=0.4424, time=2.0s
2025-10-21 07:57:04,167 - INFO - Epoch 165: train_loss=0.0589, train_acc=0.4869, dev_loss=0.0608, dev_acc=0.4516, time=1.9s
2025-10-21 07:57:05,998 - INFO - Epoch 166: train_loss=0.0596, train_acc=0.4854, dev_loss=0.0609, dev_acc=0.4470, time=1.8s
2025-10-21 07:57:07,750 - INFO - Epoch 167: train_loss=0.0593, train_acc=0.4946, dev_loss=0.0609, dev_acc=0.4424, time=1.7s
2025-10-21 07:57:09,689 - INFO - Epoch 168: train_loss=0.0600, train_acc=0.4716, dev_loss=0.0608, dev_acc=0.4516, time=1.9s
2025-10-21 07:57:11,733 - INFO - Epoch 169: train_loss=0.0582, train_acc=0.4885, dev_loss=0.0609, dev_acc=0.4424, time=2.0s
2025-10-21 07:57:11,734 - INFO - 早停触发: 最佳轮次=69, 最佳验证准确率=0.4654
2025-10-21 07:57:12,138 - INFO - 第 5 折测试: 损失=0.0589, 准确率=0.4491, F1=0.3964
2025-10-21 07:57:12,140 - INFO - 
===== 交叉验证平均结果 =====
2025-10-21 07:57:12,141 - INFO - 平均准确率: 0.4723, 平均精确率: 0.4633
2025-10-21 07:57:12,142 - INFO - 平均召回率: 0.4723, 平均F1: 0.4253
2025-10-21 07:57:12,151 - INFO - 

==================== 开始实验: pmdf + ['ask', 'face'] ====================
